[CDROM] Opened disc: volume='SLUS_00067'
[CV-DISP-CB-R] READ addr=0x80032AB0 val=0x00000000 f0 ra=0x8001A184
[CV-DISP-CB-R] READ addr=0x80032AB0 val=0x00000000 f0 ra=0x8001A184
[CV-DISP-CB] WRITE addr=0x80032AB0 val=0x80032A00 f0 ra=0x8001A184
[CV-DISP-CB-R] READ addr=0x80032AB0 val=0x80032A00 f0 ra=0x8001A184
[CV-DISP-CB-R] READ addr=0x80032AB0 val=0x80032A00 f1 ra=0x8001A184
[CV-DISP-CB-R] READ addr=0x80032AB0 val=0x80032A00 f2 ra=0x8001A184
[CV-DISP-CB-R] READ addr=0x80032AB0 val=0x80032A00 f3 ra=0x8001A184
[CV-DISP-CB-R] READ addr=0x80032AB0 val=0x80032A00 f4 ra=0x8001A184
[CV-DISP-CB-R] READ addr=0x80032AB0 val=0x80032A00 f5 ra=0x8001A184
[CV-DISP-CB-R] READ addr=0x80032AB0 val=0x80032A00 f6 ra=0x8001A184
[CV-DISP-CB-R] READ addr=0x80032AB0 val=0x80032A00 f7 ra=0x8001A184
[CV-DISP-CB-R] READ addr=0x80032AB0 val=0x80032A00 f8 ra=0x8001A184
[CV-DISP-CB-R] READ addr=0x80032AB0 val=0x80032A00 f9 ra=0x8001A184
[CV-DISP-CB-R] READ addr=0x80032AB0 val=0x80032A00 f10 ra=0x8001A184
[CV-DISP-CB-R] READ addr=0x80032AB0 val=0x80032A00 f11 ra=0x8001A184
[CV-DISP-CB-R] READ addr=0x80032AB0 val=0x80032A00 f12 ra=0x8001A184
[CV-DISP-CB-R] READ addr=0x80032AB0 val=0x80032A00 f13 ra=0x8001A184
[CV-DISP-CB-R] READ addr=0x80032AB0 val=0x80032A00 f14 ra=0x8001A184
[CV-DISP-CB-R] READ addr=0x80032AB0 val=0x80032A00 f15 ra=0x8001A184
[CV-DISP-CB-R] READ addr=0x80032AB0 val=0x80032A00 f16 ra=0x8001A184
[CV-DISP-CB-R] READ addr=0x80032AB0 val=0x80032A00 f17 ra=0x8001A184
[CV-DISP-CB-R] READ addr=0x80032AB0 val=0x80032A00 f18 ra=0x8001A184
[CV-DISP-CB-R] READ addr=0x80032AB0 val=0x80032A00 f19 ra=0x8001A184
[CV-DISP-CB-R] READ addr=0x80032AB0 val=0x80032A00 f20 ra=0x8001A184
[CV-DISP-CB-R] READ addr=0x80032AB0 val=0x80032A00 f21 ra=0x8001A184
[CV-DISP-CB-R] READ addr=0x80032AB0 val=0x80032A00 f22 ra=0x8001A184
[CV-DISP-CB-R] READ addr=0x80032AB0 val=0x80032A00 f23 ra=0x8001A184
[CV-DISP-CB-R] READ addr=0x80032AB0 val=0x80032A00 f24 ra=0x8001A184
[CV-DISP-CB-R] READ addr=0x80032AB0 val=0x80032A00 f25 ra=0x8001A184
[CV-DISP-CB-R] READ addr=0x80032AB0 val=0x80032A00 f26 ra=0x8001A184
[CV-DISP-CB-R] READ addr=0x80032AB0 val=0x80032A00 f27 ra=0x8001A184
[CV-DISP-CB-R] READ addr=0x80032AB0 val=0x80032A00 f28 ra=0x8001A184
[CV-DISP-CB-R] READ addr=0x80032AB0 val=0x80032A00 f29 ra=0x8001A184
[CV-DISP-CB-R] READ addr=0x80032AB0 val=0x80032A00 f30 ra=0x8001A184
[CV-DISP-CB-R] READ addr=0x80032AB0 val=0x80032A00 f31 ra=0x8001A184
[CV-DISP-CB-R] READ addr=0x80032AB0 val=0x80032A00 f32 ra=0x8001A184
[CV-DISP-CB-R] READ addr=0x80032AB0 val=0x80032A00 f33 ra=0x8001A184
[CV-DISP-CB-R] READ addr=0x80032AB0 val=0x80032A00 f34 ra=0x8001A184
[CV-DISP-CB-R] READ addr=0x80032AB0 val=0x80032A00 f35 ra=0x8001A184
[CV-DISP-CB-R] READ addr=0x80032AB0 val=0x80032A00 f36 ra=0x8001A184
[CV-DISP-CB-R] READ addr=0x80032AB0 val=0x80032A00 f37 ra=0x8001A184
[CV-DISP-CB-R] READ addr=0x80032AB0 val=0x80032A00 f38 ra=0x8001A184
[CV-DISP-CB-R] READ addr=0x80032AB0 val=0x80032A00 f39 ra=0x8001A184
[CV-DISP-CB-R] READ addr=0x80032AB0 val=0x80032A00 f40 ra=0x8001A184
[CV-DISP-CB-R] READ addr=0x80032AB0 val=0x80032A00 f41 ra=0x8001A184
[CV-DISP-CB-R] READ addr=0x80032AB0 val=0x80032A00 f42 ra=0x8001A184
[CV-DISP-CB-R] READ addr=0x80032AB0 val=0x80032A00 f43 ra=0x8001A184
[CV-DISP-CB-R] READ addr=0x80032AB0 val=0x80032A00 f44 ra=0x8001A184
[CV-DISP-CB-R] READ addr=0x80032AB0 val=0x80032A00 f45 ra=0x8001A184
[CV-DISP-CB-R] READ addr=0x80032AB0 val=0x80032A00 f46 ra=0x8001A184
[CV-DISP-CB-R] READ addr=0x80032AB0 val=0x80032A00 f47 ra=0x8001A184
[CV-DISP-CB-R] READ addr=0x80032AB0 val=0x80032A00 f48 ra=0x8001A184
[CV-DISP-CB-R] READ addr=0x80032AB0 val=0x80032A00 f49 ra=0x8001A184
[CV-DISP-CB-R] READ addr=0x80032AB0 val=0x80032A00 f50 ra=0x8001A184
[CV-DISP-CB-R] READ addr=0x80032AB0 val=0x80032A00 f51 ra=0x8001A184
[CV-DISP-CB-R] READ addr=0x80032AB0 val=0x80032A00 f52 ra=0x8001A184
[CV-DISP-CB-R] READ addr=0x80032AB0 val=0x80032A00 f53 ra=0x8001A184
[CV-DISP-CB-R] READ addr=0x80032AB0 val=0x80032A00 f54 ra=0x8001A184
[CV-DISP-CB-R] READ addr=0x80032AB0 val=0x80032A00 f55 ra=0x8001A184
[CV-DISP-CB-R] READ addr=0x80032AB0 val=0x80032A00 f56 ra=0x8001A184
[CV-DISP-CB-R] READ addr=0x80032AB0 val=0x80032A00 f57 ra=0x8001A184
[CV-DISP-CB-R] READ addr=0x80032AB0 val=0x80032A00 f58 ra=0x8001A184
[CV-DISP-CB-R] READ addr=0x80032AB0 val=0x80032A00 f59 ra=0x8001A184
[CV-DISP-CB-R] READ addr=0x80032AB0 val=0x80032A00 f60 ra=0x8001A184
[CV-DISP-CB-R] READ addr=0x80032AB0 val=0x80032A00 f61 ra=0x8001A184
[CV-DISP-CB-R] READ addr=0x80032AB0 val=0x80032A00 f62 ra=0x8001A184
[CV-DISP-CB-R] READ addr=0x80032AB0 val=0x80032A00 f63 ra=0x8001A184
[CV-DISP-CB-R] READ addr=0x80032AB0 val=0x80032A00 f64 ra=0x8001A184
[CV-DISP-CB-R] READ addr=0x80032AB0 val=0x80032A00 f65 ra=0x8001A184
[CV-DISP-CB-R] READ addr=0x80032AB0 val=0x80032A00 f66 ra=0x8001A184
[CV-DISP-CB-R] READ addr=0x80032AB0 val=0x80032A00 f67 ra=0x8001A184
[CV-DISP-CB-R] READ addr=0x80032AB0 val=0x80032A00 f68 ra=0x8001A184
[CV-DISP-CB-R] READ addr=0x80032AB0 val=0x80032A00 f69 ra=0x8001A184
[CV-DISP-CB-R] READ addr=0x80032AB0 val=0x80032A00 f70 ra=0x8001A184
[CV-DISP-CB-R] READ addr=0x80032AB0 val=0x80032A00 f71 ra=0x8001A184
[CV-DISP-CB-R] READ addr=0x80032AB0 val=0x80032A00 f72 ra=0x8001A184
[CV-DISP-CB-R] READ addr=0x80032AB0 val=0x80032A00 f73 ra=0x8001A184
[CV-DISP-CB-R] READ addr=0x80032AB0 val=0x80032A00 f74 ra=0x8001A184
[CV-DISP-CB-R] READ addr=0x80032AB0 val=0x80032A00 f75 ra=0x8001A184
[CV-DISP-CB-R] READ addr=0x80032AB0 val=0x80032A00 f76 ra=0x8001A184
[CV-DISP-CB-R] READ addr=0x80032AB0 val=0x80032A00 f77 ra=0x8001A184
[CV-DISP-CB-R] READ addr=0x80032AB0 val=0x80032A00 f78 ra=0x8001A184
[CV-DISP-CB-R] READ addr=0x80032AB0 val=0x80032A00 f79 ra=0x8001A184
[CV-DISP-CB-R] READ addr=0x80032AB0 val=0x80032A00 f80 ra=0x8001A184
[CV-DISP-CB-R] READ addr=0x80032AB0 val=0x80032A00 f81 ra=0x8001A184
[CV-DISP-CB-R] READ addr=0x80032AB0 val=0x80032A00 f82 ra=0x8001A184
[CV-DISP-CB-R] READ addr=0x80032AB0 val=0x80032A00 f83 ra=0x8001A184
[CV-DISP-CB-R] READ addr=0x80032AB0 val=0x80032A00 f84 ra=0x8001A184
[CV-DISP-CB-R] READ addr=0x80032AB0 val=0x80032A00 f85 ra=0x8001A184
[CV-DISP-CB-R] READ addr=0x80032AB0 val=0x80032A00 f86 ra=0x8001A184
[CV-DISP-CB-R] READ addr=0x80032AB0 val=0x80032A00 f87 ra=0x8001A184
[CV-DISP-CB-R] READ addr=0x80032AB0 val=0x80032A00 f88 ra=0x8001A184
[CV-DISP-CB-R] READ addr=0x80032AB0 val=0x80032A00 f89 ra=0x8001A184
[CV-DISP-CB-R] READ addr=0x80032AB0 val=0x80032A00 f90 ra=0x8001A184
[CV-DISP-CB-R] READ addr=0x80032AB0 val=0x80032A00 f91 ra=0x8001A184
[CV-DISP-CB-R] READ addr=0x80032AB0 val=0x80032A00 f92 ra=0x8001A184
[CV-DISP-CB-R] READ addr=0x80032AB0 val=0x80032A00 f93 ra=0x8001A184
[CV-DISP-CB-R] READ addr=0x80032AB0 val=0x80032A00 f94 ra=0x8001A184
[CV-DISP-CB-R] READ addr=0x80032AB0 val=0x80032A00 f95 ra=0x8001A184
[CV-DISP-CB-R] READ addr=0x80032AB0 val=0x80032A00 f96 ra=0x8001A184
[CV-DISP-CB-R] READ addr=0x80032AB0 val=0x80032A00 f97 ra=0x8001A184
[CV-DISP-CB-R] READ addr=0x80032AB0 val=0x80032A00 f98 ra=0x8001A184
[CV-DISP-CB-R] READ addr=0x80032AB0 val=0x80032A00 f99 ra=0x8001A184
[CV-DISP-CB-R] READ addr=0x80032AB0 val=0x80032A00 f100 ra=0x8001A184
[CV-DISP-CB-R] READ addr=0x80032AB0 val=0x80032A00 f101 ra=0x8001A184
[CV-DISP-CB-R] READ addr=0x80032AB0 val=0x80032A00 f102 ra=0x8001A184
[CV-DISP-CB-R] READ addr=0x80032AB0 val=0x80032A00 f103 ra=0x8001A184
[CV-DISP-CB-R] READ addr=0x80032AB0 val=0x80032A00 f104 ra=0x8001A184
[CV-DISP-CB-R] READ addr=0x80032AB0 val=0x80032A00 f105 ra=0x8001A184
[CV-DISP-CB-R] READ addr=0x80032AB0 val=0x80032A00 f106 ra=0x8001A184
[CV-DISP-CB-R] READ addr=0x80032AB0 val=0x80032A00 f107 ra=0x8001A184
[CV-DISP-CB-R] READ addr=0x80032AB0 val=0x80032A00 f108 ra=0x8001A184
[CV-DISP-CB-R] READ addr=0x80032AB0 val=0x80032A00 f109 ra=0x8001A184
[CV-DISP-CB-R] READ addr=0x80032AB0 val=0x80032A00 f110 ra=0x8001A184
[CV-DISP-CB-R] READ addr=0x80032AB0 val=0x80032A00 f111 ra=0x8001A184
[CV-DISP-CB-R] READ addr=0x80032AB0 val=0x80032A00 f112 ra=0x8001A184
[CV-DISP-CB-R] READ addr=0x80032AB0 val=0x80032A00 f113 ra=0x8001A184
[CV-DISP-CB-R] READ addr=0x80032AB0 val=0x80032A00 f114 ra=0x8001A184
[CV-DISP-CB-R] READ addr=0x80032AB0 val=0x80032A00 f115 ra=0x8001A184
[CV-DISP-CB-R] READ addr=0x80032AB0 val=0x80032A00 f116 ra=0x8001A184
[CV-DISP-CB-R] READ addr=0x80032AB0 val=0x80032A00 f117 ra=0x8001A184
[CV-DISP-CB-R] READ addr=0x80032AB0 val=0x80032A00 f118 ra=0x8001A184
[CV-DISP-CB-R] READ addr=0x80032AB0 val=0x80032A00 f119 ra=0x8001A184
[CV-DISP-CB-R] READ addr=0x80032AB0 val=0x80032A00 f120 ra=0x8001A184
[CV-DISP-CB-R] READ addr=0x80032AB0 val=0x80032A00 f121 ra=0x8001A184
[CV-DISP-CB-R] READ addr=0x80032AB0 val=0x80032A00 f122 ra=0x8001A184
[CV-DISP-CB-R] READ addr=0x80032AB0 val=0x80032A00 f123 ra=0x8001A184
[CV-DISP-CB-R] READ addr=0x80032AB0 val=0x80032A00 f124 ra=0x8001A184
[CV-DISP-CB-R] READ addr=0x80032AB0 val=0x80032A00 f125 ra=0x8001A184
[CV-DISP-CB-R] READ addr=0x80032AB0 val=0x80032A00 f126 ra=0x8001A184
[CV-DISP-CB-R] READ addr=0x80032AB0 val=0x80032A00 f127 ra=0x8001A184
[CV-DISP-CB-R] READ addr=0x80032AB0 val=0x80032A00 f128 ra=0x8001A184
[CV-DISP-CB-R] READ addr=0x80032AB0 val=0x80032A00 f129 ra=0x8001A184
[CV-DISP-CB-R] READ addr=0x80032AB0 val=0x80032A00 f130 ra=0x8001A184
[CV-DISP-CB-R] READ addr=0x80032AB0 val=0x80032A00 f131 ra=0x8001A184
[CV-DISP-CB-R] READ addr=0x80032AB0 val=0x80032A00 f132 ra=0x8001A184
[CV-DISP-CB-R] READ addr=0x80032AB0 val=0x80032A00 f133 ra=0x8001A184
[CV-DISP-CB-R] READ addr=0x80032AB0 val=0x80032A00 f134 ra=0x8001A184
[CV-DISP-CB-R] READ addr=0x80032AB0 val=0x80032A00 f135 ra=0x8001A184
[CV-DISP-CB-R] READ addr=0x80032AB0 val=0x80032A00 f136 ra=0x8001A184
[CV-DISP-CB-R] READ addr=0x80032AB0 val=0x80032A00 f137 ra=0x8001A184
[CV-DISP-CB-R] READ addr=0x80032AB0 val=0x80032A00 f138 ra=0x8001A184
[CV-DISP-CB-R] READ addr=0x80032AB0 val=0x80032A00 f139 ra=0x8001A184
[CV-DISP-CB-R] READ addr=0x80032AB0 val=0x80032A00 f140 ra=0x8001A184
[CV-DISP-CB-R] READ addr=0x80032AB0 val=0x80032A00 f141 ra=0x8001A184
[CV-DISP-CB-R] READ addr=0x80032AB0 val=0x80032A00 f142 ra=0x8001A184
[CV-DISP-CB-R] READ addr=0x80032AB0 val=0x80032A00 f143 ra=0x8001A184
[CV-DISP-CB-R] READ addr=0x80032AB0 val=0x80032A00 f144 ra=0x8001A184
[CV-DISP-CB-R] READ addr=0x80032AB0 val=0x80032A00 f145 ra=0x8001A184
[CV-DISP-CB-R] READ addr=0x80032AB0 val=0x80032A00 f146 ra=0x8001A184
[CV-DISP-CB-R] READ addr=0x80032AB0 val=0x80032A00 f147 ra=0x8001A184
[CV-DISP-CB-R] READ addr=0x80032AB0 val=0x80032A00 f148 ra=0x8001A184
[CV-DISP-CB-R] READ addr=0x80032AB0 val=0x80032A00 f149 ra=0x8001A184
[CV-DISP-CB-R] READ addr=0x80032AB0 val=0x80032A00 f150 ra=0x8001A184
[CV-DISP-CB-R] READ addr=0x80032AB0 val=0x80032A00 f151 ra=0x8001A184
[CV-DISP-CB-R] READ addr=0x80032AB0 val=0x80032A00 f152 ra=0x8001A184
[CV-DISP-CB-R] READ addr=0x80032AB0 val=0x80032A00 f153 ra=0x8001A184
[CV-DISP-CB-R] READ addr=0x80032AB0 val=0x80032A00 f154 ra=0x8001A184
[CV-DISP-CB-R] READ addr=0x80032AB0 val=0x80032A00 f155 ra=0x8001A184
[CV-DISP-CB-R] READ addr=0x80032AB0 val=0x80032A00 f156 ra=0x8001A184
[CV-DISP-CB-R] READ addr=0x80032AB0 val=0x80032A00 f157 ra=0x8001A184
[CV-DISP-CB-R] READ addr=0x80032AB0 val=0x80032A00 f158 ra=0x8001A184
[CV-DISP-CB-R] READ addr=0x80032AB0 val=0x80032A00 f159 ra=0x8001A184
[CV-DISP-CB-R] READ addr=0x80032AB0 val=0x80032A00 f160 ra=0x8001A184
[CV-DISP-CB-R] READ addr=0x80032AB0 val=0x80032A00 f161 ra=0x8001A184
[CV-DISP-CB-R] READ addr=0x80032AB0 val=0x80032A00 f162 ra=0x8001A184
[CV-DISP-CB-R] READ addr=0x80032AB0 val=0x80032A00 f163 ra=0x8001A184
[CV-DISP-CB-R] READ addr=0x80032AB0 val=0x80032A00 f164 ra=0x8001A184
[CV-DISP-CB-R] READ addr=0x80032AB0 val=0x80032A00 f165 ra=0x8001A184
[CV-DISP-CB-R] READ addr=0x80032AB0 val=0x80032A00 f166 ra=0x8001A184
[CV-DISP-CB-R] READ addr=0x80032AB0 val=0x80032A00 f167 ra=0x8001A184
[CV-DISP-CB-R] READ addr=0x80032AB0 val=0x80032A00 f168 ra=0x8001A184
[CV-DISP-CB-R] READ addr=0x80032AB0 val=0x80032A00 f169 ra=0x8001A184
[CV-DISP-CB-R] READ addr=0x80032AB0 val=0x80032A00 f170 ra=0x8001A184
[CV-DISP-CB-R] READ addr=0x80032AB0 val=0x80032A00 f171 ra=0x8001A184
[CV-DISP-CB-R] READ addr=0x80032AB0 val=0x80032A00 f172 ra=0x8001A184
[CV-DISP-CB-R] READ addr=0x80032AB0 val=0x80032A00 f173 ra=0x8001A184
[CV-DISP-CB-R] READ addr=0x80032AB0 val=0x80032A00 f174 ra=0x8001A184
[CV-DISP-CB-R] READ addr=0x80032AB0 val=0x80032A00 f175 ra=0x8001A184
[CV-DISP-CB-R] READ addr=0x80032AB0 val=0x80032A00 f176 ra=0x8001A184
[CV-DISP-CB-R] READ addr=0x80032AB0 val=0x80032A00 f177 ra=0x8001A184
[CV-DISP-CB-R] READ addr=0x80032AB0 val=0x80032A00 f178 ra=0x8001A184
[CV-DISP-CB-R] READ addr=0x80032AB0 val=0x80032A00 f179 ra=0x8001A184
[CV-DISP-CB-R] READ addr=0x80032AB0 val=0x80032A00 f180 ra=0x8001A184
[CV-DISP-CB-R] READ addr=0x80032AB0 val=0x80032A00 f181 ra=0x8001A184
[CV-DISP-CB-R] READ addr=0x80032AB0 val=0x80032A00 f182 ra=0x8001A184
[CV-DISP-CB-R] READ addr=0x80032AB0 val=0x80032A00 f183 ra=0x8001A184
[CV-DISP-CB-R] READ addr=0x80032AB0 val=0x80032A00 f184 ra=0x8001A184
[CV-DISP-CB-R] READ addr=0x80032AB0 val=0x80032A00 f185 ra=0x8001A184
[CV-DISP-CB-R] READ addr=0x80032AB0 val=0x80032A00 f186 ra=0x8001A184
[CV-DISP-CB-R] READ addr=0x80032AB0 val=0x80032A00 f187 ra=0x8001A184
[CV-DISP-CB-R] READ addr=0x80032AB0 val=0x80032A00 f188 ra=0x8001A184
[CV-DISP-CB-R] READ addr=0x80032AB0 val=0x80032A00 f189 ra=0x8001A184
[CV-DISP-CB-R] READ addr=0x80032AB0 val=0x80032A00 f190 ra=0x8001A184
[CV-DISP-CB-R] READ addr=0x80032AB0 val=0x80032A00 f191 ra=0x8001A184
[CV-DISP-CB-R] READ addr=0x80032AB0 val=0x80032A00 f192 ra=0x8001A184
[CV-DISP-CB-R] READ addr=0x80032AB0 val=0x80032A00 f193 ra=0x8001A184
[CV-DISP-CB-R] READ addr=0x80032AB0 val=0x80032A00 f194 ra=0x8001A184
[CV-DISP-CB-R] READ addr=0x80032AB0 val=0x80032A00 f195 ra=0x8001A184
[CV-DISP-CB-R] READ addr=0x80032AB0 val=0x80032A00 f196 ra=0x8001A184
[CV-DISP-CB-R] READ addr=0x80032AB0 val=0x80032A00 f197 ra=0x8001A184
[CV-DISP-CB-R] READ addr=0x80032AB0 val=0x80032A00 f198 ra=0x8001A184
[CV-DISP-CB-R] READ addr=0x80032AB0 val=0x80032A00 f199 ra=0x8001A184
[CV-DISP-CB-R] READ addr=0x80032AB0 val=0x80032A00 f200 ra=0x8001A184
[CV-DISP-CB-R] READ addr=0x80032AB0 val=0x80032A00 f201 ra=0x8001A184
[CV-DISP-CB-R] READ addr=0x80032AB0 val=0x80032A00 f202 ra=0x8001A184
[CV-DISP-CB-R] READ addr=0x80032AB0 val=0x80032A00 f203 ra=0x8001A184
[CV-DISP-CB-R] READ addr=0x80032AB0 val=0x80032A00 f204 ra=0x8001A184
[CV-DISP-CB-R] READ addr=0x80032AB0 val=0x80032A00 f205 ra=0x8001A184
[CV-DISP-CB-R] READ addr=0x80032AB0 val=0x80032A00 f206 ra=0x8001A184
[CV-DISP-CB-R] READ addr=0x80032AB0 val=0x80032A00 f207 ra=0x8001A184
[CV-DISP-CB-R] READ addr=0x80032AB0 val=0x80032A00 f208 ra=0x8001A184
[CV-DISP-CB-R] READ addr=0x80032AB0 val=0x80032A00 f209 ra=0x8001A184
[CV-DISP-CB-R] READ addr=0x80032AB0 val=0x80032A00 f210 ra=0x8001A184
[CV-DISP-CB-R] READ addr=0x80032AB0 val=0x80032A00 f211 ra=0x8001A184
[CV-DISP-CB-R] READ addr=0x80032AB0 val=0x80032A00 f212 ra=0x8001A184
[CV-DISP-CB-R] READ addr=0x80032AB0 val=0x80032A00 f213 ra=0x8001A184
[CV-DISP-CB-R] READ addr=0x80032AB0 val=0x80032A00 f214 ra=0x8001A184
[CV-DISP-CB-R] READ addr=0x80032AB0 val=0x80032A00 f215 ra=0x8001A184
[CV-DISP-CB-R] READ addr=0x80032AB0 val=0x80032A00 f216 ra=0x8001A184
[CV-DISP-CB-R] READ addr=0x80032AB0 val=0x80032A00 f217 ra=0x8001A184
[CV-DISP-CB-R] READ addr=0x80032AB0 val=0x80032A00 f218 ra=0x8001A184
[CV-DISP-CB-R] READ addr=0x80032AB0 val=0x80032A00 f219 ra=0x8001A184
[CV-DISP-CB-R] READ addr=0x80032AB0 val=0x80032A00 f220 ra=0x8001A184
[CV-DISP-CB-R] READ addr=0x80032AB0 val=0x80032A00 f221 ra=0x8001A184
[CV-DISP-CB-R] READ addr=0x80032AB0 val=0x80032A00 f222 ra=0x8001A184
[CV-DISP-CB-R] READ addr=0x80032AB0 val=0x80032A00 f223 ra=0x8001A184
[CV-DISP-CB-R] READ addr=0x80032AB0 val=0x80032A00 f224 ra=0x8001A184
[CV-DISP-CB-R] READ addr=0x80032AB0 val=0x80032A00 f225 ra=0x8001A184
[CV-DISP-CB-R] READ addr=0x80032AB0 val=0x80032A00 f226 ra=0x8001A184
[CV-DISP-CB-R] READ addr=0x80032AB0 val=0x80032A00 f227 ra=0x8001A184
[CV-DISP-CB-R] READ addr=0x80032AB0 val=0x80032A00 f228 ra=0x8001A184
[CV-DISP-CB-R] READ addr=0x80032AB0 val=0x80032A00 f229 ra=0x8001A184
[CV-DISP-CB-R] READ addr=0x80032AB0 val=0x80032A00 f230 ra=0x8001A184
[CV-DISP-CB-R] READ addr=0x80032AB0 val=0x80032A00 f231 ra=0x8001A184
[CV-DISP-CB-R] READ addr=0x80032AB0 val=0x80032A00 f232 ra=0x8001A184
[CV-DISP-CB-R] READ addr=0x80032AB0 val=0x80032A00 f233 ra=0x8001A184
[CV-DISP-CB-R] READ addr=0x80032AB0 val=0x80032A00 f234 ra=0x8001A184
[CV-DISP-CB-R] READ addr=0x80032AB0 val=0x80032A00 f235 ra=0x8001A184
[CV-DISP-CB-R] READ addr=0x80032AB0 val=0x80032A00 f236 ra=0x8001A184
[CV-DISP-CB-R] READ addr=0x80032AB0 val=0x80032A00 f237 ra=0x8001A184
[CV-DISP-CB-R] READ addr=0x80032AB0 val=0x80032A00 f238 ra=0x8001A184
[CV-DISP-CB-R] READ addr=0x80032AB0 val=0x80032A00 f239 ra=0x8001A184
[CV-DISP-CB-R] READ addr=0x80032AB0 val=0x80032A00 f240 ra=0x8001A184
[CV-DISP-CB-R] READ addr=0x80032AB0 val=0x80032A00 f241 ra=0x8001A184
[CV-DISP-CB-R] READ addr=0x80032AB0 val=0x80032A00 f242 ra=0x8001A184
[CV-DISP-CB-R] READ addr=0x80032AB0 val=0x80032A00 f243 ra=0x8001A184
[CV-DISP-CB-R] READ addr=0x80032AB0 val=0x80032A00 f244 ra=0x8001A184
[CV-DISP-CB-R] READ addr=0x80032AB0 val=0x80032A00 f245 ra=0x8001A184
[CV-DISP-CB-R] READ addr=0x80032AB0 val=0x80032A00 f246 ra=0x8001A184
[CV-DISP-CB-R] READ addr=0x80032AB0 val=0x80032A00 f247 ra=0x8001A184
[CV-DISP-CB-R] READ addr=0x80032AB0 val=0x80032A00 f248 ra=0x8001A184
[CV-DISP-CB-R] READ addr=0x80032AB0 val=0x80032A00 f249 ra=0x8001A184
[CV-DISP-CB-R] READ addr=0x80032AB0 val=0x80032A00 f250 ra=0x8001A184
[CV-DISP-CB-R] READ addr=0x80032AB0 val=0x80032A00 f251 ra=0x8001A184
[CV-DISP-CB-R] READ addr=0x80032AB0 val=0x80032A00 f252 ra=0x8001A184
[CV-DISP-CB-R] READ addr=0x80032AB0 val=0x80032A00 f253 ra=0x8001A184
[CV-DISP-CB-R] READ addr=0x80032AB0 val=0x80032A00 f254 ra=0x8001A184
[CV-DISP-CB-R] READ addr=0x80032AB0 val=0x80032A00 f255 ra=0x8001A184
[CV-DISP-CB-R] READ addr=0x80032AB0 val=0x80032A00 f256 ra=0x8001A184
[CV-DISP-CB-R] READ addr=0x80032AB0 val=0x80032A00 f257 ra=0x8001A184
[CV-DISP-CB-R] READ addr=0x80032AB0 val=0x80032A00 f258 ra=0x8001A184
[CV-DISP-CB-R] READ addr=0x80032AB0 val=0x80032A00 f259 ra=0x8001A184
[CV-DISP-CB-R] READ addr=0x80032AB0 val=0x80032A00 f260 ra=0x8001A184
[CV-DISP-CB-R] READ addr=0x80032AB0 val=0x80032A00 f261 ra=0x8001A184
[CV-DISP-CB-R] READ addr=0x80032AB0 val=0x80032A00 f262 ra=0x8001A184
[CV-DISP-CB-R] READ addr=0x80032AB0 val=0x80032A00 f263 ra=0x8001A184
[CV-DISP-CB-R] READ addr=0x80032AB0 val=0x80032A00 f264 ra=0x8001A184
[CV-DISP-CB-R] READ addr=0x80032AB0 val=0x80032A00 f265 ra=0x8001A184
[CV-DISP-CB-R] READ addr=0x80032AB0 val=0x80032A00 f266 ra=0x8001A184
[CV-DISP-CB-R] READ addr=0x80032AB0 val=0x80032A00 f267 ra=0x8001A184
[CV-DISP-CB-R] READ addr=0x80032AB0 val=0x80032A00 f268 ra=0x8001A184
[CV-DISP-CB-R] READ addr=0x80032AB0 val=0x80032A00 f269 ra=0x8001A184
[CV-DISP-CB-R] READ addr=0x80032AB0 val=0x80032A00 f270 ra=0x8001A184
[CV-DISP-CB-R] READ addr=0x80032AB0 val=0x80032A00 f271 ra=0x8001A184
[CV-DISP-CB-R] READ addr=0x80032AB0 val=0x80032A00 f272 ra=0x8001A184
[CV-DISP-CB-R] READ addr=0x80032AB0 val=0x80032A00 f273 ra=0x8001A184
[CV-DISP-CB-R] READ addr=0x80032AB0 val=0x80032A00 f274 ra=0x8001A184
[CV-DISP-CB-R] READ addr=0x80032AB0 val=0x80032A00 f275 ra=0x8001A184
[CV-DISP-CB-R] READ addr=0x80032AB0 val=0x80032A00 f276 ra=0x8001A184
[CV-DISP-CB-R] READ addr=0x80032AB0 val=0x80032A00 f277 ra=0x8001A184
[CV-DISP-CB-R] READ addr=0x80032AB0 val=0x80032A00 f278 ra=0x8001A184
[CV-DISP-CB-R] READ addr=0x80032AB0 val=0x80032A00 f279 ra=0x8001A184
[CV-DISP-CB-R] READ addr=0x80032AB0 val=0x80032A00 f280 ra=0x8001A184
[CV-DISP-CB-R] READ addr=0x80032AB0 val=0x80032A00 f281 ra=0x8001A184
[CV-DISP-CB-R] READ addr=0x80032AB0 val=0x80032A00 f282 ra=0x8001A184
[CV-DISP-CB-R] READ addr=0x80032AB0 val=0x80032A00 f283 ra=0x8001A184
[CV-DISP-CB-R] READ addr=0x80032AB0 val=0x80032A00 f284 ra=0x8001A184
[CV-DISP-CB-R] READ addr=0x80032AB0 val=0x80032A00 f285 ra=0x8001A184
[CV-DISP-CB-R] READ addr=0x80032AB0 val=0x80032A00 f286 ra=0x8001A184
[CV-DISP-CB-R] READ addr=0x80032AB0 val=0x80032A00 f287 ra=0x8001A184
[CV-DISP-CB-R] READ addr=0x80032AB0 val=0x80032A00 f288 ra=0x8001A184
[CV-DISP-CB-R] READ addr=0x80032AB0 val=0x80032A00 f289 ra=0x8001A184
[CV-DISP-CB-R] READ addr=0x80032AB0 val=0x80032A00 f290 ra=0x8001A184
[CV-DISP-CB-R] READ addr=0x80032AB0 val=0x80032A00 f291 ra=0x8001A184
[CV-DISP-CB-R] READ addr=0x80032AB0 val=0x80032A00 f292 ra=0x8001A184
[CV-DISP-CB-R] READ addr=0x80032AB0 val=0x80032A00 f293 ra=0x8001A184
[CV-DISP-CB-R] READ addr=0x80032AB0 val=0x80032A00 f294 ra=0x8001A184
[CV-DISP-CB-R] READ addr=0x80032AB0 val=0x80032A00 f295 ra=0x8001A184
[CV-DISP-CB-R] READ addr=0x80032AB0 val=0x80032A00 f296 ra=0x8001A184
[CV-DISP-CB-R] READ addr=0x80032AB0 val=0x80032A00 f297 ra=0x8001A184
[CV-DISP-CB-R] READ addr=0x80032AB0 val=0x80032A00 f298 ra=0x8001A184
[CV-DISP-CB-R] READ addr=0x80032AB0 val=0x80032A00 f299 ra=0x8001A184
[CV-DISP-CB-R] READ addr=0x80032AB0 val=0x80032A00 f300 ra=0x8001A184
[CV-DISP-CB-R] READ addr=0x80032AB0 val=0x80032A00 f301 ra=0x8001A184
[CV-DISP-CB-R] READ addr=0x80032AB0 val=0x80032A00 f302 ra=0x8001A184
[CV-DISP-CB-R] READ addr=0x80032AB0 val=0x80032A00 f303 ra=0x8001A184
[CV-DISP-CB-R] READ addr=0x80032AB0 val=0x80032A00 f304 ra=0x8001A184
[CV-DISP-CB-R] READ addr=0x80032AB0 val=0x80032A00 f305 ra=0x8001A184
[CV-DISP-CB-R] READ addr=0x80032AB0 val=0x80032A00 f306 ra=0x8001A184
[CV-DISP-CB-R] READ addr=0x80032AB0 val=0x80032A00 f307 ra=0x8001A184
[CV-DISP-CB-R] READ addr=0x80032AB0 val=0x80032A00 f308 ra=0x8001A184
[CV-DISP-CB-R] READ addr=0x80032AB0 val=0x80032A00 f309 ra=0x8001A184
[CV-DISP-CB-R] READ addr=0x80032AB0 val=0x80032A00 f310 ra=0x8001A184
[CV-DISP-CB-R] READ addr=0x80032AB0 val=0x80032A00 f311 ra=0x8001A184
[CV-DISP-CB-R] READ addr=0x80032AB0 val=0x80032A00 f312 ra=0x8001A184
[CV-DISP-CB-R] READ addr=0x80032AB0 val=0x80032A00 f313 ra=0x8001A184
[CV-DISP-CB-R] READ addr=0x80032AB0 val=0x80032A00 f314 ra=0x8001A184
[CV-DISP-CB-R] READ addr=0x80032AB0 val=0x80032A00 f315 ra=0x8001A184
[CV-DISP-CB-R] READ addr=0x80032AB0 val=0x80032A00 f316 ra=0x8001A184
[CV-DISP-CB-R] READ addr=0x80032AB0 val=0x80032A00 f317 ra=0x8001A184
[CV-DISP-CB-R] READ addr=0x80032AB0 val=0x80032A00 f318 ra=0x8001A184
[CV-DISP-CB-R] READ addr=0x80032AB0 val=0x80032A00 f319 ra=0x8001A184
[CV-DISP-CB-R] READ addr=0x80032AB0 val=0x80032A00 f320 ra=0x8001A184
[CV-DISP-CB-R] READ addr=0x80032AB0 val=0x80032A00 f321 ra=0x8001A184
[CV-DISP-CB-R] READ addr=0x80032AB0 val=0x80032A00 f322 ra=0x8001A184
[CV-DISP-CB-R] READ addr=0x80032AB0 val=0x80032A00 f323 ra=0x8001A184
[CV-DISP-CB-R] READ addr=0x80032AB0 val=0x80032A00 f324 ra=0x8001A184
[CV-DISP-CB-R] READ addr=0x80032AB0 val=0x80032A00 f325 ra=0x8001A184
[CV-DISP-CB-R] READ addr=0x80032AB0 val=0x80032A00 f326 ra=0x8001A184
[CV-DISP-CB-R] READ addr=0x80032AB0 val=0x80032A00 f327 ra=0x8001A184
[CV-DISP-CB-R] READ addr=0x80032AB0 val=0x80032A00 f328 ra=0x8001A184
[CV-DISP-CB-R] READ addr=0x80032AB0 val=0x80032A00 f329 ra=0x8001A184
[CV-DISP-CB-R] READ addr=0x80032AB0 val=0x80032A00 f330 ra=0x8001A184
[CV-DISP-CB-R] READ addr=0x80032AB0 val=0x80032A00 f331 ra=0x8001A184
[CV-DISP-CB-R] READ addr=0x80032AB0 val=0x80032A00 f332 ra=0x8001A184
[CV-DISP-CB-R] READ addr=0x80032AB0 val=0x80032A00 f333 ra=0x8001A184
[CV-DISP-CB-R] READ addr=0x80032AB0 val=0x80032A00 f334 ra=0x8001A184
[CV-DISP-CB-R] READ addr=0x80032AB0 val=0x80032A00 f335 ra=0x8001A184
[CV-DISP-CB-R] READ addr=0x80032AB0 val=0x80032A00 f336 ra=0x8001A184
[CV-DISP-CB-R] READ addr=0x80032AB0 val=0x80032A00 f337 ra=0x8001A184
[CV-DISP-CB-R] READ addr=0x80032AB0 val=0x80032A00 f338 ra=0x8001A184
[CV-DISP-CB-R] READ addr=0x80032AB0 val=0x80032A00 f339 ra=0x8001A184
[CV-DISP-CB-R] READ addr=0x80032AB0 val=0x80032A00 f340 ra=0x8001A184
[CV-DISP-CB-R] READ addr=0x80032AB0 val=0x80032A00 f341 ra=0x8001A184
[CV-DISP-CB-R] READ addr=0x80032AB0 val=0x80032A00 f342 ra=0x8001A184
[CV-DISP-CB-R] READ addr=0x80032AB0 val=0x80032A00 f343 ra=0x8001A184
[CV-DISP-CB-R] READ addr=0x80032AB0 val=0x80032A00 f344 ra=0x8001A184
[CV-DISP-CB-R] READ addr=0x80032AB0 val=0x80032A00 f345 ra=0x8001A184
[CV-DISP-CB-R] READ addr=0x80032AB0 val=0x80032A00 f346 ra=0x8001A184
[CV-DISP-CB-R] READ addr=0x80032AB0 val=0x80032A00 f347 ra=0x8001A184
[CV-DISP-CB-R] READ addr=0x80032AB0 val=0x80032A00 f348 ra=0x8001A184
[CV-DISP-CB-R] READ addr=0x80032AB0 val=0x80032A00 f349 ra=0x8001A184
[CV-DISP-CB-R] READ addr=0x80032AB0 val=0x80032A00 f350 ra=0x8001A184
[CV-DISP-CB-R] READ addr=0x80032AB0 val=0x80032A00 f351 ra=0x8001A184
[CV-DISP-CB-R] READ addr=0x80032AB0 val=0x80032A00 f352 ra=0x8001A184
[CV-DISP-CB-R] READ addr=0x80032AB0 val=0x80032A00 f353 ra=0x8001A184
[CV-DISP-CB-R] READ addr=0x80032AB0 val=0x80032A00 f354 ra=0x8001A184
[CV-DISP-CB-R] READ addr=0x80032AB0 val=0x80032A00 f355 ra=0x8001A184
[CV-DISP-CB-R] READ addr=0x80032AB0 val=0x80032A00 f356 ra=0x8001A184
[CV-DISP-CB-R] READ addr=0x80032AB0 val=0x80032A00 f357 ra=0x8001A184
[CV-DISP-CB-R] READ addr=0x80032AB0 val=0x80032A00 f358 ra=0x8001A184
[CV-DISP-CB-R] READ addr=0x80032AB0 val=0x80032A00 f359 ra=0x8001A184
[CV-DISP-CB-R] READ addr=0x80032AB0 val=0x80032A00 f360 ra=0x8001A184
[CV-DISP-CB-R] READ addr=0x80032AB0 val=0x80032A00 f361 ra=0x8001A184
[CV-DISP-CB-R] READ addr=0x80032AB0 val=0x80032A00 f362 ra=0x8001A184
[CV-DISP-CB-R] READ addr=0x80032AB0 val=0x80032A00 f363 ra=0x8001A184
[CV-DISP-CB-R] READ addr=0x80032AB0 val=0x80032A00 f364 ra=0x8001A184
[CV-DISP-CB-R] READ addr=0x80032AB0 val=0x80032A00 f365 ra=0x8001A184
[CV-DISP-CB-R] READ addr=0x80032AB0 val=0x80032A00 f366 ra=0x8001A184
[CV-DISP-CB-R] READ addr=0x80032AB0 val=0x80032A00 f367 ra=0x8001A184
[CV-DISP-CB-R] READ addr=0x80032AB0 val=0x80032A00 f368 ra=0x8001A184
[CV-DISP-CB-R] READ addr=0x80032AB0 val=0x80032A00 f369 ra=0x8001A184
[CV-DISP-CB-R] READ addr=0x80032AB0 val=0x80032A00 f370 ra=0x8001A184
[CV-DISP-CB-R] READ addr=0x80032AB0 val=0x80032A00 f371 ra=0x8001A184
[CV-DISP-CB-R] READ addr=0x80032AB0 val=0x80032A00 f372 ra=0x8001A184
[CV-DISP-CB-R] READ addr=0x80032AB0 val=0x80032A00 f373 ra=0x8001A184
[CV-DISP-CB-R] READ addr=0x80032AB0 val=0x80032A00 f374 ra=0x8001A184
[CV-DISP-CB-R] READ addr=0x80032AB0 val=0x80032A00 f375 ra=0x8001A184
[CV-DISP-CB-R] READ addr=0x80032AB0 val=0x80032A00 f376 ra=0x8001A184
[CV-DISP-CB-R] READ addr=0x80032AB0 val=0x80032A00 f377 ra=0x8001A184
[CV-DISP-CB-R] READ addr=0x80032AB0 val=0x80032A00 f378 ra=0x8001A184
[CV-DISP-CB-R] READ addr=0x80032AB0 val=0x80032A00 f379 ra=0x8001A184
[CV-DISP-CB-R] READ addr=0x80032AB0 val=0x80032A00 f380 ra=0x8001A184
[CV-DISP-CB-R] READ addr=0x80032AB0 val=0x80032A00 f381 ra=0x8001A184
[CV-DISP-CB-R] READ addr=0x80032AB0 val=0x80032A00 f382 ra=0x8001A184
[CV-DISP-CB-R] READ addr=0x80032AB0 val=0x80032A00 f383 ra=0x8001A184
[CV-DISP-CB-R] READ addr=0x80032AB0 val=0x80032A00 f384 ra=0x8001A184
[CV-DISP-CB-R] READ addr=0x80032AB0 val=0x80032A00 f385 ra=0x8001A184
[CV-DISP-CB-R] READ addr=0x80032AB0 val=0x80032A00 f386 ra=0x8001A184
[CV-DISP-CB-R] READ addr=0x80032AB0 val=0x80032A00 f387 ra=0x8001A184
[CV-DISP-CB-R] READ addr=0x80032AB0 val=0x80032A00 f388 ra=0x8001A184
[CV-DISP-CB-R] READ addr=0x80032AB0 val=0x80032A00 f389 ra=0x8001A184
[CV-DISP-CB-R] READ addr=0x80032AB0 val=0x80032A00 f390 ra=0x8001A184
[CV-DISP-CB-R] READ addr=0x80032AB0 val=0x80032A00 f391 ra=0x8001A184
[CV-DISP-CB-R] READ addr=0x80032AB0 val=0x80032A00 f392 ra=0x8001A184
[CV-DISP-CB-R] READ addr=0x80032AB0 val=0x80032A00 f393 ra=0x8001A184
[CV-DISP-CB-R] READ addr=0x80032AB0 val=0x80032A00 f394 ra=0x8001A184
[CV-DISP-CB-R] READ addr=0x80032AB0 val=0x80032A00 f395 ra=0x8001A184
[CV-DISP-CB-R] READ addr=0x80032AB0 val=0x80032A00 f396 ra=0x8001A184
[CV-DISP-CB-R] READ addr=0x80032AB0 val=0x80032A00 f397 ra=0x8001A184
[CV-DISP-CB-R] READ addr=0x80032AB0 val=0x80032A00 f398 ra=0x8001A184
[CV-DISP-CB-R] READ addr=0x80032AB0 val=0x80032A00 f399 ra=0x8001A184
[CV-DISP-CB-R] READ addr=0x80032AB0 val=0x80032A00 f400 ra=0x8001A184
[CV-DISP-CB-R] READ addr=0x80032AB0 val=0x80032A00 f401 ra=0x8001A184
[CV-DISP-CB-R] READ addr=0x80032AB0 val=0x80032A00 f402 ra=0x8001A184
[CV-DISP-CB-R] READ addr=0x80032AB0 val=0x80032A00 f403 ra=0x8001A184
[CV-DISP-CB-R] READ addr=0x80032AB0 val=0x80032A00 f404 ra=0x8001A184
[CV-DISP-CB-R] READ addr=0x80032AB0 val=0x80032A00 f405 ra=0x8001A184
[CV-DISP-CB-R] READ addr=0x80032AB0 val=0x80032A00 f406 ra=0x8001A184
[CV-DISP-CB-R] READ addr=0x80032AB0 val=0x80032A00 f407 ra=0x8001A184
[CV-DISP-CB-R] READ addr=0x80032AB0 val=0x80032A00 f408 ra=0x8001A184
[CV-DISP-CB-R] READ addr=0x80032AB0 val=0x80032A00 f409 ra=0x8001A184
[CV-DISP-CB-R] READ addr=0x80032AB0 val=0x80032A00 f410 ra=0x8001A184
[CV-DISP-CB-R] READ addr=0x80032AB0 val=0x80032A00 f411 ra=0x8001A184
[CV-DISP-CB-R] READ addr=0x80032AB0 val=0x80032A00 f412 ra=0x8001A184
[CV-DISP-CB-R] READ addr=0x80032AB0 val=0x80032A00 f413 ra=0x8001A184
[CV-DISP-CB-R] READ addr=0x80032AB0 val=0x80032A00 f414 ra=0x8001A184
[CV-DISP-CB-R] READ addr=0x80032AB0 val=0x80032A00 f415 ra=0x8001A184
[CV-DISP-CB-R] READ addr=0x80032AB0 val=0x80032A00 f416 ra=0x8001A184
[CV-DISP-CB-R] READ addr=0x80032AB0 val=0x80032A00 f417 ra=0x8001A184
[CV-DISP-CB-R] READ addr=0x80032AB0 val=0x80032A00 f418 ra=0x8001A184
[CV-DISP-CB-R] READ addr=0x80032AB0 val=0x80032A00 f419 ra=0x8001A184
[CV-DISP-CB-R] READ addr=0x80032AB0 val=0x80032A00 f420 ra=0x8001A184
[CV-DISP-CB-R] READ addr=0x80032AB0 val=0x80032A00 f421 ra=0x8001A184
[CV-DISP-CB-R] READ addr=0x80032AB0 val=0x80032A00 f422 ra=0x8001A184
[CV-DISP-CB-R] READ addr=0x80032AB0 val=0x80032A00 f423 ra=0x8001A184
[CV-DISP-CB-R] READ addr=0x80032AB0 val=0x80032A00 f424 ra=0x8001A184
[CV-DISP-CB-R] READ addr=0x80032AB0 val=0x80032A00 f425 ra=0x8001A184
[CV-DISP-CB-R] READ addr=0x80032AB0 val=0x80032A00 f426 ra=0x8001A184
[CV-DISP-CB-R] READ addr=0x80032AB0 val=0x80032A00 f427 ra=0x8001A184
[CV-DISP-CB-R] READ addr=0x80032AB0 val=0x80032A00 f428 ra=0x8001A184
[CV-DISP-CB-R] READ addr=0x80032AB0 val=0x80032A00 f429 ra=0x8001A184
[CV-DISP-CB-R] READ addr=0x80032AB0 val=0x80032A00 f430 ra=0x8001A184
[CV-DISP-CB-R] READ addr=0x80032AB0 val=0x80032A00 f431 ra=0x8001A184
[CV-DISP-CB-R] READ addr=0x80032AB0 val=0x80032A00 f432 ra=0x8001A184
[CV-DISP-CB-R] READ addr=0x80032AB0 val=0x80032A00 f433 ra=0x8001A184
[CV-DISP-CB-R] READ addr=0x80032AB0 val=0x80032A00 f434 ra=0x8001A184
[CV-DISP-CB-R] READ addr=0x80032AB0 val=0x80032A00 f435 ra=0x8001A184
[CV-DISP-CB-R] READ addr=0x80032AB0 val=0x80032A00 f436 ra=0x8001A184
[CV-DISP-CB-R] READ addr=0x80032AB0 val=0x80032A00 f437 ra=0x8001A184
[CV-DISP-CB-R] READ addr=0x80032AB0 val=0x80032A00 f438 ra=0x8001A184
[CV-DISP-CB-R] READ addr=0x80032AB0 val=0x80032A00 f439 ra=0x8001A184
[CV-DISP-CB-R] READ addr=0x80032AB0 val=0x80032A00 f440 ra=0x8001A184
[CV-DISP-CB-R] READ addr=0x80032AB0 val=0x80032A00 f441 ra=0x8001A184
[CV-DISP-CB-R] READ addr=0x80032AB0 val=0x80032A00 f442 ra=0x8001A184
[CV-DISP-CB-R] READ addr=0x80032AB0 val=0x80032A00 f443 ra=0x8001A184
[CV-DISP-CB-R] READ addr=0x80032AB0 val=0x80032A00 f444 ra=0x8001A184
[CV-DISP-CB-R] READ addr=0x80032AB0 val=0x80032A00 f445 ra=0x8001A184
[CV-DISP-CB-R] READ addr=0x80032AB0 val=0x80032A00 f446 ra=0x8001A184
[CV-DISP-CB-R] READ addr=0x80032AB0 val=0x80032A00 f447 ra=0x8001A184
[CV-DISP-CB-R] READ addr=0x80032AB0 val=0x80032A00 f448 ra=0x8001A184
[CV-DISP-CB-R] READ addr=0x80032AB0 val=0x80032A00 f449 ra=0x8001A184
[CV-DISP-CB-R] READ addr=0x80032AB0 val=0x80032A00 f450 ra=0x8001A184
[CV-DISP-CB-R] READ addr=0x80032AB0 val=0x80032A00 f451 ra=0x8001A184
[CV-DISP-CB-R] READ addr=0x80032AB0 val=0x80032A00 f452 ra=0x8001A184
[CV-DISP-CB-R] READ addr=0x80032AB0 val=0x80032A00 f453 ra=0x8001A184
[CV-DISP-CB-R] READ addr=0x80032AB0 val=0x80032A00 f454 ra=0x8001A184
[CV-DISP-CB-R] READ addr=0x80032AB0 val=0x80032A00 f455 ra=0x8001A184
[CV-DISP-CB-R] READ addr=0x80032AB0 val=0x80032A00 f456 ra=0x8001A184
[CV-DISP-CB-R] READ addr=0x80032AB0 val=0x80032A00 f457 ra=0x8001A184
[CV-DISP-CB-R] READ addr=0x80032AB0 val=0x80032A00 f458 ra=0x8001A184
[CV-DISP-CB-R] READ addr=0x80032AB0 val=0x80032A00 f459 ra=0x8001A184
[CV-DISP-CB-R] READ addr=0x80032AB0 val=0x80032A00 f460 ra=0x8001A184
[CV-DISP-CB-R] READ addr=0x80032AB0 val=0x80032A00 f461 ra=0x8001A184
[CV-DISP-CB-R] READ addr=0x80032AB0 val=0x80032A00 f462 ra=0x8001A184
[CV-DISP-CB-R] READ addr=0x80032AB0 val=0x80032A00 f463 ra=0x8001A184
[CV-DISP-CB-R] READ addr=0x80032AB0 val=0x80032A00 f464 ra=0x8001A184
[CV-DISP-CB-R] READ addr=0x80032AB0 val=0x80032A00 f465 ra=0x8001A184
[CV-DISP-CB-R] READ addr=0x80032AB0 val=0x80032A00 f466 ra=0x8001A184
[CV-DISP-CB-R] READ addr=0x80032AB0 val=0x80032A00 f467 ra=0x8001A184
[CV-DISP-CB-R] READ addr=0x80032AB0 val=0x80032A00 f468 ra=0x8001A184
[CV-DISP-CB-R] READ addr=0x80032AB0 val=0x80032A00 f469 ra=0x8001A184
[CV-DISP-CB-R] READ addr=0x80032AB0 val=0x80032A00 f470 ra=0x8001A184
[CV-DISP-CB-R] READ addr=0x80032AB0 val=0x80032A00 f471 ra=0x8001A184
[CV-DISP-CB-R] READ addr=0x80032AB0 val=0x80032A00 f472 ra=0x8001A184
[CV-DISP-CB-R] READ addr=0x80032AB0 val=0x80032A00 f473 ra=0x8001A184
[CV-DISP-CB-R] READ addr=0x80032AB0 val=0x80032A00 f474 ra=0x8001A184
[CV-DISP-CB-R] READ addr=0x80032AB0 val=0x80032A00 f475 ra=0x8001A184
[CV-DISP-CB-R] READ addr=0x80032AB0 val=0x80032A00 f476 ra=0x8001A184
[CV-DISP-CB-R] READ addr=0x80032AB0 val=0x80032A00 f477 ra=0x8001A184
[CV-DISP-CB-R] READ addr=0x80032AB0 val=0x80032A00 f478 ra=0x8001A184
[CV-DISP-CB-R] READ addr=0x80032AB0 val=0x80032A00 f479 ra=0x8001A184
[CV-DISP-CB-R] READ addr=0x80032AB0 val=0x80032A00 f480 ra=0x8001A184
[CV-DISP-CB-R] READ addr=0x80032AB0 val=0x80032A00 f481 ra=0x8001A184
[CV-DISP-CB-R] READ addr=0x80032AB0 val=0x80032A00 f482 ra=0x8001A184
[CV-DISP-CB-R] READ addr=0x80032AB0 val=0x80032A00 f483 ra=0x8001A184
[CV-DISP-CB-R] READ addr=0x80032AB0 val=0x80032A00 f484 ra=0x8001A184
[CV-DISP-CB-R] READ addr=0x80032AB0 val=0x80032A00 f485 ra=0x8001A184
[CV-DISP-CB-R] READ addr=0x80032AB0 val=0x80032A00 f486 ra=0x8001A184
[CV-DISP-CB-R] READ addr=0x80032AB0 val=0x80032A00 f487 ra=0x8001A184
[CV-DISP-CB-R] READ addr=0x80032AB0 val=0x80032A00 f488 ra=0x8001A184
[CV-DISP-CB-R] READ addr=0x80032AB0 val=0x80032A00 f489 ra=0x8001A184
[CV-DISP-CB-R] READ addr=0x80032AB0 val=0x80032A00 f490 ra=0x8001A184
[CV-DISP-CB-R] READ addr=0x80032AB0 val=0x80032A00 f491 ra=0x8001A184
[CV-DISP-CB-R] READ addr=0x80032AB0 val=0x80032A00 f492 ra=0x8001A184
[CV-DISP-CB-R] READ addr=0x80032AB0 val=0x80032A00 f493 ra=0x8001A184
[CV-DISP-CB-R] READ addr=0x80032AB0 val=0x80032A00 f494 ra=0x8001A184
[CV-DISP-CB-R] READ addr=0x80032AB0 val=0x80032A00 f495 ra=0x8001A184
[CV-DISP-CB-R] READ addr=0x80032AB0 val=0x80032A00 f496 ra=0x8001A184
[CV-DISP-CB-R] READ addr=0x80032AB0 val=0x80032A00 f497 ra=0x8001A184
[CV-DISP-CB-R] READ addr=0x80032AB0 val=0x80032A00 f498 ra=0x8001A184
[CV-DISP-CB-R] READ addr=0x80032AB0 val=0x80032A00 f499 ra=0x8001A184
[CV-DISP-CB-R] READ addr=0x80032AB0 val=0x80032A00 f500 ra=0x8001A184
[CV-DISP-CB-R] READ addr=0x80032AB0 val=0x80032A00 f501 ra=0x8001A184
[CV-DISP-CB-R] READ addr=0x80032AB0 val=0x80032A00 f502 ra=0x8001A184
[CV-DISP-CB-R] READ addr=0x80032AB0 val=0x80032A00 f503 ra=0x8001A184
[CV-DISP-CB-R] READ addr=0x80032AB0 val=0x80032A00 f504 ra=0x8001A184
[CV-DISP-CB-R] READ addr=0x80032AB0 val=0x80032A00 f505 ra=0x8001A184
[CV-DISP-CB-R] READ addr=0x80032AB0 val=0x80032A00 f506 ra=0x8001A184
[CV-DISP-CB-R] READ addr=0x80032AB0 val=0x80032A00 f507 ra=0x8001A184
[CV-DISP-CB-R] READ addr=0x80032AB0 val=0x80032A00 f508 ra=0x8001A184
[CV-DISP-CB-R] READ addr=0x80032AB0 val=0x80032A00 f509 ra=0x8001A184
[CV-DISP-CB-R] READ addr=0x80032AB0 val=0x80032A00 f510 ra=0x8001A184
[CV-DISP-CB-R] READ addr=0x80032AB0 val=0x80032A00 f511 ra=0x8001A184
[CV-DISP-CB-R] READ addr=0x80032AB0 val=0x80032A00 f512 ra=0x8001A184
[CV-DISP-CB-R] READ addr=0x80032AB0 val=0x80032A00 f513 ra=0x8001A184
[CV-DISP-CB-R] READ addr=0x80032AB0 val=0x80032A00 f514 ra=0x8001A184
[CV-DISP-CB-R] READ addr=0x80032AB0 val=0x80032A00 f515 ra=0x8001A184
[CV-DISP-CB-R] READ addr=0x80032AB0 val=0x80032A00 f516 ra=0x8001A184
[CV-DISP-CB-R] READ addr=0x80032AB0 val=0x80032A00 f517 ra=0x8001A184
[CV-DISP-CB-R] READ addr=0x80032AB0 val=0x80032A00 f518 ra=0x8001A184
[CV-DISP-CB-R] READ addr=0x80032AB0 val=0x80032A00 f519 ra=0x8001A184
[CV-DISP-CB-R] READ addr=0x80032AB0 val=0x80032A00 f520 ra=0x8001A184
[CV-DISP-CB-R] READ addr=0x80032AB0 val=0x80032A00 f521 ra=0x8001A184
[CV-DISP-CB-R] READ addr=0x80032AB0 val=0x80032A00 f522 ra=0x8001A184
[CV-DISP-CB-R] READ addr=0x80032AB0 val=0x80032A00 f523 ra=0x8001A184
[CV-DISP-CB-R] READ addr=0x80032AB0 val=0x80032A00 f524 ra=0x8001A184
[CV-DISP-CB-R] READ addr=0x80032AB0 val=0x80032A00 f525 ra=0x8001A184
[CV-DISP-CB-R] READ addr=0x80032AB0 val=0x80032A00 f526 ra=0x8001A184
[CV-DISP-CB-R] READ addr=0x80032AB0 val=0x80032A00 f527 ra=0x8001A184
[CV-DISP-CB-R] READ addr=0x80032AB0 val=0x80032A00 f528 ra=0x8001A184
[CV-DISP-CB-R] READ addr=0x80032AB0 val=0x80032A00 f529 ra=0x8001A184
[CV-DISP-CB-R] READ addr=0x80032AB0 val=0x80032A00 f530 ra=0x8001A184
[CV-DISP-CB-R] READ addr=0x80032AB0 val=0x80032A00 f531 ra=0x8001A184
[CV-DISP-CB-R] READ addr=0x80032AB0 val=0x80032A00 f532 ra=0x8001A184
[CV-DISP-CB-R] READ addr=0x80032AB0 val=0x80032A00 f533 ra=0x8001A184
[CV-DISP-CB-R] READ addr=0x80032AB0 val=0x80032A00 f534 ra=0x8001A184
[CV-DISP-CB-R] READ addr=0x80032AB0 val=0x80032A00 f535 ra=0x8001A184
[CV-DISP-CB-R] READ addr=0x80032AB0 val=0x80032A00 f536 ra=0x8001A184
[CV-DISP-CB-R] READ addr=0x80032AB0 val=0x80032A00 f537 ra=0x8001A184
[CV-DISP-CB-R] READ addr=0x80032AB0 val=0x80032A00 f538 ra=0x8001A184
[CV-DISP-CB-R] READ addr=0x80032AB0 val=0x80032A00 f539 ra=0x8001A184
[CV-DISP-CB-R] READ addr=0x80032AB0 val=0x80032A00 f540 ra=0x8001A184
[CV-DISP-CB-R] READ addr=0x80032AB0 val=0x80032A00 f541 ra=0x8001A184
[CV-DISP-CB-R] READ addr=0x80032AB0 val=0x80032A00 f542 ra=0x8001A184
[CV-DISP-CB-R] READ addr=0x80032AB0 val=0x80032A00 f543 ra=0x8001A184
[CV-DISP-CB-R] READ addr=0x80032AB0 val=0x80032A00 f544 ra=0x8001A184
[CV-DISP-CB-R] READ addr=0x80032AB0 val=0x80032A00 f545 ra=0x8001A184
[CV-DISP-CB-R] READ addr=0x80032AB0 val=0x80032A00 f546 ra=0x8001A184
[CV-DISP-CB-R] READ addr=0x80032AB0 val=0x80032A00 f547 ra=0x8001A184
[CV-DISP-CB-R] READ addr=0x80032AB0 val=0x80032A00 f548 ra=0x8001A184
[CV-DISP-CB-R] READ addr=0x80032AB0 val=0x80032A00 f549 ra=0x8001A184
[CV-DISP-CB-R] READ addr=0x80032AB0 val=0x80032A00 f550 ra=0x8001A184
[CV-DISP-CB-R] READ addr=0x80032AB0 val=0x80032A00 f551 ra=0x8001A184
[CV-DISP-CB-R] READ addr=0x80032AB0 val=0x80032A00 f552 ra=0x8001A184
[CV-DISP-CB-R] READ addr=0x80032AB0 val=0x80032A00 f553 ra=0x8001A184
[CV-DISP-CB-R] READ addr=0x80032AB0 val=0x80032A00 f554 ra=0x8001A184
[CV-DISP-CB-R] READ addr=0x80032AB0 val=0x80032A00 f555 ra=0x8001A184
[CV-DISP-CB-R] READ addr=0x80032AB0 val=0x80032A00 f556 ra=0x8001A184
[CV-DISP-CB-R] READ addr=0x80032AB0 val=0x80032A00 f557 ra=0x8001A184
[CV-DISP-CB-R] READ addr=0x80032AB0 val=0x80032A00 f558 ra=0x8001A184
[CV-DISP-CB-R] READ addr=0x80032AB0 val=0x80032A00 f559 ra=0x8001A184
[CV-DISP-CB-R] READ addr=0x80032AB0 val=0x80032A00 f560 ra=0x8001A184
[CV-DISP-CB-R] READ addr=0x80032AB0 val=0x80032A00 f561 ra=0x8001A184
[CV-DISP-CB-R] READ addr=0x80032AB0 val=0x80032A00 f562 ra=0x8001A184
[CV-DISP-CB-R] READ addr=0x80032AB0 val=0x80032A00 f563 ra=0x8001A184
[CV-DISP-CB-R] READ addr=0x80032AB0 val=0x80032A00 f564 ra=0x8001A184
[CV-DISP-CB-R] READ addr=0x80032AB0 val=0x80032A00 f565 ra=0x8001A184
[CV-DISP-CB-R] READ addr=0x80032AB0 val=0x80032A00 f566 ra=0x8001A184
[CV-DISP-CB-R] READ addr=0x80032AB0 val=0x80032A00 f567 ra=0x8001A184
[CV-DISP-CB-R] READ addr=0x80032AB0 val=0x80032A00 f568 ra=0x8001A184
[CV-DISP-CB-R] READ addr=0x80032AB0 val=0x80032A00 f569 ra=0x8001A184
[CV-DISP-CB-R] READ addr=0x80032AB0 val=0x80032A00 f570 ra=0x8001A184
[CV-DISP-CB-R] READ addr=0x80032AB0 val=0x80032A00 f571 ra=0x8001A184
[CV-DISP-CB-R] READ addr=0x80032AB0 val=0x80032A00 f572 ra=0x8001A184
[CV-DISP-CB-R] READ addr=0x80032AB0 val=0x80032A00 f573 ra=0x8001A184
[CV-DISP-CB-R] READ addr=0x80032AB0 val=0x80032A00 f574 ra=0x8001A184
[CV-DISP-CB-R] READ addr=0x80032AB0 val=0x80032A00 f575 ra=0x8001A184
[CV-DISP-CB-R] READ addr=0x80032AB0 val=0x80032A00 f576 ra=0x8001A184
[CV-DISP-CB-R] READ addr=0x80032AB0 val=0x80032A00 f577 ra=0x8001A184
[CV-DISP-CB-R] READ addr=0x80032AB0 val=0x80032A00 f578 ra=0x8001A184
[CV-DISP-CB-R] READ addr=0x80032AB0 val=0x80032A00 f579 ra=0x8001A184
[CV-DISP-CB-R] READ addr=0x80032AB0 val=0x80032A00 f580 ra=0x8001A184
[CV-DISP-CB-R] READ addr=0x80032AB0 val=0x80032A00 f581 ra=0x8001A184
[CV-DISP-CB-R] READ addr=0x80032AB0 val=0x80032A00 f582 ra=0x8001A184
[CV-DISP-CB-R] READ addr=0x80032AB0 val=0x80032A00 f583 ra=0x8001A184
[CV-DISP-CB-R] READ addr=0x80032AB0 val=0x80032A00 f584 ra=0x8001A184
[CV-DISP-CB-R] READ addr=0x80032AB0 val=0x80032A00 f585 ra=0x8001A184
[CV-DISP-CB-R] READ addr=0x80032AB0 val=0x80032A00 f586 ra=0x8001A184
[CV-DISP-CB-R] READ addr=0x80032AB0 val=0x80032A00 f587 ra=0x8001A184
[CV-DISP-CB-R] READ addr=0x80032AB0 val=0x80032A00 f588 ra=0x8001A184
[CV-DISP-CB-R] READ addr=0x80032AB0 val=0x80032A00 f589 ra=0x8001A184
[CV-DISP-CB-R] READ addr=0x80032AB0 val=0x80032A00 f590 ra=0x8001A184
[CV-DISP-CB-R] READ addr=0x80032AB0 val=0x80032A00 f591 ra=0x8001A184
[CV-DISP-CB-R] READ addr=0x80032AB0 val=0x80032A00 f592 ra=0x8001A184
[CV-DISP-CB-R] READ addr=0x80032AB0 val=0x80032A00 f593 ra=0x8001A184
[CV-DISP-CB-R] READ addr=0x80032AB0 val=0x80032A00 f594 ra=0x8001A184
[CV-DISP-CB-R] READ addr=0x80032AB0 val=0x80032A00 f595 ra=0x8001A184
[CV-DISP-CB-R] READ addr=0x80032AB0 val=0x80032A00 f596 ra=0x8001A184
[CV-DISP-CB-R] READ addr=0x80032AB0 val=0x80032A00 f597 ra=0x8001A184
[CV-DISP-CB-R] READ addr=0x80032AB0 val=0x80032A00 f598 ra=0x8001A184
[CV-DISP-CB-R] READ addr=0x80032AB0 val=0x80032A00 f599 ra=0x8001A184
[CV-DISP-CB-R] READ addr=0x80032AB0 val=0x80032A00 f600 ra=0x8001A184
[CV-DISP-CB-R] READ addr=0x80032AB0 val=0x80032A00 f601 ra=0x8001A184
[CV-DISP-CB-R] READ addr=0x80032AB0 val=0x80032A00 f602 ra=0x8001A184
[CV-DISP-CB-R] READ addr=0x80032AB0 val=0x80032A00 f603 ra=0x8001A184
[CV-DISP-CB-R] READ addr=0x80032AB0 val=0x80032A00 f604 ra=0x8001A184
[CV-DISP-CB-R] READ addr=0x80032AB0 val=0x80032A00 f605 ra=0x8001A184
[CV-DISP-CB-R] READ addr=0x80032AB0 val=0x80032A00 f606 ra=0x8001A184
[CV-DISP-CB-R] READ addr=0x80032AB0 val=0x80032A00 f607 ra=0x8001A184
[CV-DISP-CB-R] READ addr=0x80032AB0 val=0x80032A00 f608 ra=0x8001A184
[CV-DISP-CB-R] READ addr=0x80032AB0 val=0x80032A00 f609 ra=0x8001A184
[CV-DISP-CB-R] READ addr=0x80032AB0 val=0x80032A00 f610 ra=0x8001A184
[CV-DISP-CB-R] READ addr=0x80032AB0 val=0x80032A00 f611 ra=0x8001A184
[CV-DISP-CB-R] READ addr=0x80032AB0 val=0x80032A00 f612 ra=0x8001A184
[CV-DISP-CB-R] READ addr=0x80032AB0 val=0x80032A00 f613 ra=0x8001A184
[CV-DISP-CB-R] READ addr=0x80032AB0 val=0x80032A00 f614 ra=0x8001A184
[CV-DISP-CB-R] READ addr=0x80032AB0 val=0x80032A00 f615 ra=0x8001A184
[CV-DISP-CB-R] READ addr=0x80032AB0 val=0x80032A00 f616 ra=0x8001A184
[CV-DISP-CB-R] READ addr=0x80032AB0 val=0x80032A00 f617 ra=0x8001A184
[CV-DISP-CB-R] READ addr=0x80032AB0 val=0x80032A00 f618 ra=0x8001A184
[CV-DISP-CB-R] READ addr=0x80032AB0 val=0x80032A00 f619 ra=0x8001A184
[CV-DISP-CB-R] READ addr=0x80032AB0 val=0x80032A00 f620 ra=0x8001A184
[CV-DISP-CB-R] READ addr=0x80032AB0 val=0x80032A00 f621 ra=0x8001A184
[CV-DISP-CB-R] READ addr=0x80032AB0 val=0x80032A00 f622 ra=0x8001A184
[CV-DISP-CB-R] READ addr=0x80032AB0 val=0x80032A00 f623 ra=0x8001A184
[CV-DISP-CB-R] READ addr=0x80032AB0 val=0x80032A00 f624 ra=0x8001A184
[CV-DISP-CB-R] READ addr=0x80032AB0 val=0x80032A00 f625 ra=0x8001A184
[CV-DISP-CB-R] READ addr=0x80032AB0 val=0x80032A00 f626 ra=0x8001A184
[CV-DISP-CB-R] READ addr=0x80032AB0 val=0x80032A00 f627 ra=0x8001A184
[CV-DISP-CB-R] READ addr=0x80032AB0 val=0x80032A00 f628 ra=0x8001A184
[CV-DISP-CB-R] READ addr=0x80032AB0 val=0x80032A00 f629 ra=0x8001A184
[CV-DISP-CB-R] READ addr=0x80032AB0 val=0x80032A00 f630 ra=0x8001A184
[CV-DISP-CB-R] READ addr=0x80032AB0 val=0x80032A00 f631 ra=0x8001A184
[CV-DISP-CB-R] READ addr=0x80032AB0 val=0x80032A00 f632 ra=0x8001A184
[CV-DISP-CB-R] READ addr=0x80032AB0 val=0x80032A00 f633 ra=0x8001A184
[CV-DISP-CB-R] READ addr=0x80032AB0 val=0x80032A00 f634 ra=0x8001A184
[CV-DISP-CB-R] READ addr=0x80032AB0 val=0x80032A00 f635 ra=0x8001A184
[CV-DISP-CB-R] READ addr=0x80032AB0 val=0x80032A00 f636 ra=0x8001A184
[CV-DISP-CB-R] READ addr=0x80032AB0 val=0x80032A00 f637 ra=0x8001A184
[CV-DISP-CB-R] READ addr=0x80032AB0 val=0x80032A00 f638 ra=0x8001A184
[CV-DISP-CB-R] READ addr=0x80032AB0 val=0x80032A00 f639 ra=0x8001A184
[CV-DISP-CB-R] READ addr=0x80032AB0 val=0x80032A00 f640 ra=0x8001A184
[CV-DISP-CB-R] READ addr=0x80032AB0 val=0x80032A00 f641 ra=0x8001A184
[CV-DISP-CB-R] READ addr=0x80032AB0 val=0x80032A00 f642 ra=0x8001A184
[CV-DISP-CB-R] READ addr=0x80032AB0 val=0x80032A00 f643 ra=0x8001A184
[CV-DISP-CB-R] READ addr=0x80032AB0 val=0x80032A00 f644 ra=0x8001A184
[CV-DISP-CB-R] READ addr=0x80032AB0 val=0x80032A00 f645 ra=0x8001A184
[CV-DISP-CB-R] READ addr=0x80032AB0 val=0x80032A00 f646 ra=0x8001A184
[CV-DISP-CB-R] READ addr=0x80032AB0 val=0x80032A00 f647 ra=0x8001A184
[CV-DISP-CB-R] READ addr=0x80032AB0 val=0x80032A00 f648 ra=0x8001A184
[CV-DISP-CB-R] READ addr=0x80032AB0 val=0x80032A00 f649 ra=0x8001A184
[CV-DISP-CB-R] READ addr=0x80032AB0 val=0x80032A00 f650 ra=0x8001A184
[CV-DISP-CB-R] READ addr=0x80032AB0 val=0x80032A00 f651 ra=0x8001A184
[CV-DISP-CB-R] READ addr=0x80032AB0 val=0x80032A00 f652 ra=0x8001A184
[CV-DISP-CB-R] READ addr=0x80032AB0 val=0x80032A00 f653 ra=0x8001A184
[CV-DISP-CB-R] READ addr=0x80032AB0 val=0x80032A00 f654 ra=0x8001A184
[CV-DISP-CB-R] READ addr=0x80032AB0 val=0x80032A00 f655 ra=0x8001A184
[CV-DISP-CB-R] READ addr=0x80032AB0 val=0x80032A00 f656 ra=0x8001A184
[CV-DISP-CB-R] READ addr=0x80032AB0 val=0x80032A00 f657 ra=0x8001A184
[CV-DISP-CB-R] READ addr=0x80032AB0 val=0x80032A00 f658 ra=0x8001A184
[CV-DISP-CB-R] READ addr=0x80032AB0 val=0x80032A00 f659 ra=0x8001A184
[CV-DISP-CB-R] READ addr=0x80032AB0 val=0x80032A00 f660 ra=0x8001A184
[CV-DISP-CB-R] READ addr=0x80032AB0 val=0x80032A00 f661 ra=0x8001A184
[CV-DISP-CB-R] READ addr=0x80032AB0 val=0x80032A00 f662 ra=0x8001A184
[CV-DISP-CB-R] READ addr=0x80032AB0 val=0x80032A00 f663 ra=0x8001A184
[CV-DISP-CB-R] READ addr=0x80032AB0 val=0x80032A00 f664 ra=0x8001A184
[CV-DISP-CB-R] READ addr=0x80032AB0 val=0x80032A00 f665 ra=0x8001A184
[CV-DISP-CB-R] READ addr=0x80032AB0 val=0x80032A00 f666 ra=0x8001A184
[CV-DISP-CB-R] READ addr=0x80032AB0 val=0x80032A00 f667 ra=0x8001A184
[CV-DISP-CB-R] READ addr=0x80032AB0 val=0x80032A00 f668 ra=0x8001A184
[CV-DISP-CB-R] READ addr=0x80032AB0 val=0x80032A00 f669 ra=0x8001A184
[CV-DISP-CB-R] READ addr=0x80032AB0 val=0x80032A00 f670 ra=0x8001A184
[CV-DISP-CB-R] READ addr=0x80032AB0 val=0x80032A00 f671 ra=0x8001A184
[CV-DISP-CB-R] READ addr=0x80032AB0 val=0x80032A00 f672 ra=0x8001A184
[CV-DISP-CB-R] READ addr=0x80032AB0 val=0x80032A00 f673 ra=0x8001A184
[CV-DISP-CB-R] READ addr=0x80032AB0 val=0x80032A00 f674 ra=0x8001A184
[CV-DISP-CB-R] READ addr=0x80032AB0 val=0x80032A00 f675 ra=0x8001A184
[CV-DISP-CB-R] READ addr=0x80032AB0 val=0x80032A00 f676 ra=0x8001A184
[CV-DISP-CB-R] READ addr=0x80032AB0 val=0x80032A00 f677 ra=0x8001A184
[CV-DISP-CB-R] READ addr=0x80032AB0 val=0x80032A00 f678 ra=0x8001A184
[CV-DISP-CB-R] READ addr=0x80032AB0 val=0x80032A00 f679 ra=0x8001A184
[CV-DISP-CB-R] READ addr=0x80032AB0 val=0x80032A00 f680 ra=0x8001A184
[CV-DISP-CB-R] READ addr=0x80032AB0 val=0x80032A00 f681 ra=0x8001A184
[CV-DISP-CB-R] READ addr=0x80032AB0 val=0x80032A00 f682 ra=0x8001A184
[CV-DISP-CB-R] READ addr=0x80032AB0 val=0x80032A00 f683 ra=0x8001A184
[CV-DISP-CB-R] READ addr=0x80032AB0 val=0x80032A00 f684 ra=0x8001A184
[CV-DISP-CB-R] READ addr=0x80032AB0 val=0x80032A00 f685 ra=0x8001A184
[CV-DISP-CB-R] READ addr=0x80032AB0 val=0x80032A00 f686 ra=0x8001A184
[CV-DISP-CB-R] READ addr=0x80032AB0 val=0x80032A00 f687 ra=0x8001A184
[CV-DISP-CB-R] READ addr=0x80032AB0 val=0x80032A00 f688 ra=0x8001A184
[CV-DISP-CB-R] READ addr=0x80032AB0 val=0x80032A00 f689 ra=0x8001A184
[CV-DISP-CB-R] READ addr=0x80032AB0 val=0x80032A00 f690 ra=0x8001A184
[CV-DISP-CB-R] READ addr=0x80032AB0 val=0x80032A00 f691 ra=0x8001A184
[CV-DISP-CB-R] READ addr=0x80032AB0 val=0x80032A00 f692 ra=0x8001A184
[CV-DISP-CB-R] READ addr=0x80032AB0 val=0x80032A00 f693 ra=0x8001A184
[CV-DISP-CB-R] READ addr=0x80032AB0 val=0x80032A00 f694 ra=0x8001A184
[CV-DISP-CB-R] READ addr=0x80032AB0 val=0x80032A00 f695 ra=0x8001A184
[CV-DISP-CB-R] READ addr=0x80032AB0 val=0x80032A00 f696 ra=0x8001A184
[CV-DISP-CB-R] READ addr=0x80032AB0 val=0x80032A00 f697 ra=0x8001A184
[CV-DISP-CB-R] READ addr=0x80032AB0 val=0x80032A00 f698 ra=0x8001A184
[CV-DISP-CB-R] READ addr=0x80032AB0 val=0x80032A00 f699 ra=0x8001A184
[CV-DISP-CB-R] READ addr=0x80032AB0 val=0x80032A00 f700 ra=0x8001A184
[CV-DISP-CB-R] READ addr=0x80032AB0 val=0x80032A00 f701 ra=0x8001A184
[CV-DISP-CB-R] READ addr=0x80032AB0 val=0x80032A00 f702 ra=0x8001A184
[CV-DISP-CB-R] READ addr=0x80032AB0 val=0x80032A00 f703 ra=0x8001A184
[CV-DISP-CB-R] READ addr=0x80032AB0 val=0x80032A00 f704 ra=0x8001A184
[CV-DISP-CB-R] READ addr=0x80032AB0 val=0x80032A00 f705 ra=0x8001A184
[CV-DISP-CB-R] READ addr=0x80032AB0 val=0x80032A00 f706 ra=0x8001A184
[CV-DISP-CB-R] READ addr=0x80032AB0 val=0x80032A00 f707 ra=0x8001A184
[CV-DISP-CB-R] READ addr=0x80032AB0 val=0x80032A00 f708 ra=0x8001A184
[CV-DISP-CB-R] READ addr=0x80032AB0 val=0x80032A00 f709 ra=0x8001A184
[CV-DISP-CB-R] READ addr=0x80032AB0 val=0x80032A00 f710 ra=0x8001A184
[CV-DISP-CB-R] READ addr=0x80032AB0 val=0x80032A00 f711 ra=0x8001A184
[CV-DISP-CB-R] READ addr=0x80032AB0 val=0x80032A00 f712 ra=0x8001A184
[CV-DISP-CB-R] READ addr=0x80032AB0 val=0x80032A00 f713 ra=0x8001A184
[CV-DISP-CB-R] READ addr=0x80032AB0 val=0x80032A00 f714 ra=0x8001A184
[CV-DISP-CB-R] READ addr=0x80032AB0 val=0x80032A00 f715 ra=0x8001A184
[CV-DISP-CB-R] READ addr=0x80032AB0 val=0x80032A00 f716 ra=0x8001A184
[CV-DISP-CB-R] READ addr=0x80032AB0 val=0x80032A00 f717 ra=0x8001A184
[CV-DISP-CB-R] READ addr=0x80032AB0 val=0x80032A00 f718 ra=0x8001A184
[CV-DISP-CB-R] READ addr=0x80032AB0 val=0x80032A00 f719 ra=0x8001A184
[CV-DISP-CB-R] READ addr=0x80032AB0 val=0x80032A00 f720 ra=0x8001A184
[CV-DISP-CB-R] READ addr=0x80032AB0 val=0x80032A00 f721 ra=0x8001A184
[CV-DISP-CB-R] READ addr=0x80032AB0 val=0x80032A00 f722 ra=0x8001A184
[CV-DISP-CB-R] READ addr=0x80032AB0 val=0x80032A00 f723 ra=0x8001A184
[CV-DISP-CB-R] READ addr=0x80032AB0 val=0x80032A00 f724 ra=0x8001A184
[CV-DISP-CB-R] READ addr=0x80032AB0 val=0x80032A00 f725 ra=0x8001A184
[CV-DISP-CB-R] READ addr=0x80032AB0 val=0x80032A00 f726 ra=0x8001A184
[CV-DISP-CB-R] READ addr=0x80032AB0 val=0x80032A00 f727 ra=0x8001A184
[CV-DISP-CB-R] READ addr=0x80032AB0 val=0x80032A00 f728 ra=0x8001A184
[CV-DISP-CB-R] READ addr=0x80032AB0 val=0x80032A00 f729 ra=0x8001A184
[CV-DISP-CB-R] READ addr=0x80032AB0 val=0x80032A00 f730 ra=0x8001A184
[CV-DISP-CB-R] READ addr=0x80032AB0 val=0x80032A00 f731 ra=0x8001A184
[CV-DISP-CB-R] READ addr=0x80032AB0 val=0x80032A00 f732 ra=0x8001A184
[CV-DISP-CB-R] READ addr=0x80032AB0 val=0x80032A00 f733 ra=0x8001A184
[CV-DISP-CB-R] READ addr=0x80032AB0 val=0x80032A00 f734 ra=0x8001A184
[CV-DISP-CB-R] READ addr=0x80032AB0 val=0x80032A00 f735 ra=0x8001A184
[CV-DISP-CB-R] READ addr=0x80032AB0 val=0x80032A00 f736 ra=0x8001A184
[CV-DISP-CB-R] READ addr=0x80032AB0 val=0x80032A00 f737 ra=0x8001A184
[CV-DISP-CB-R] READ addr=0x80032AB0 val=0x80032A00 f738 ra=0x8001A184
[CV-DISP-CB-R] READ addr=0x80032AB0 val=0x80032A00 f739 ra=0x8001A184
[CV-DISP-CB-R] READ addr=0x80032AB0 val=0x80032A00 f740 ra=0x8001A184
[CV-DISP-CB-R] READ addr=0x80032AB0 val=0x80032A00 f741 ra=0x8001A184
[CV-DISP-CB-R] READ addr=0x80032AB0 val=0x80032A00 f742 ra=0x8001A184
[CV-DISP-CB-R] READ addr=0x80032AB0 val=0x80032A00 f743 ra=0x8001A184
[CV-DISP-CB-R] READ addr=0x80032AB0 val=0x80032A00 f744 ra=0x8001A184
[CV-DISP-CB-R] READ addr=0x80032AB0 val=0x80032A00 f745 ra=0x8001A184
[CV-DISP-CB-R] READ addr=0x80032AB0 val=0x80032A00 f746 ra=0x8001A184
[CV-DISP-CB-R] READ addr=0x80032AB0 val=0x80032A00 f747 ra=0x8001A184
[CV-DISP-CB-R] READ addr=0x80032AB0 val=0x80032A00 f748 ra=0x8001A184
[CV-DISP-CB-R] READ addr=0x80032AB0 val=0x80032A00 f749 ra=0x8001A184
[CV-DISP-CB-R] READ addr=0x80032AB0 val=0x80032A00 f750 ra=0x8001A184
[CV-DISP-CB-R] READ addr=0x80032AB0 val=0x80032A00 f751 ra=0x8001A184
[CV-DISP-CB-R] READ addr=0x80032AB0 val=0x80032A00 f752 ra=0x8001A184
[CV-DISP-CB-R] READ addr=0x80032AB0 val=0x80032A00 f753 ra=0x8001A184
[CV-DISP-CB-R] READ addr=0x80032AB0 val=0x80032A00 f754 ra=0x8001A184
[CV-DISP-CB-R] READ addr=0x80032AB0 val=0x80032A00 f755 ra=0x8001A184
[CV-DISP-CB-R] READ addr=0x80032AB0 val=0x80032A00 f756 ra=0x8001A184
[CV-DISP-CB-R] READ addr=0x80032AB0 val=0x80032A00 f757 ra=0x8001A184
[CV-DISP-CB-R] READ addr=0x80032AB0 val=0x80032A00 f758 ra=0x8001A184
[CV-DISP-CB-R] READ addr=0x80032AB0 val=0x80032A00 f759 ra=0x8001A184
[CV-DISP-CB-R] READ addr=0x80032AB0 val=0x80032A00 f760 ra=0x8001A184
[CV-DISP-CB-R] READ addr=0x80032AB0 val=0x80032A00 f761 ra=0x8001A184
[CV-DISP-CB-R] READ addr=0x80032AB0 val=0x80032A00 f762 ra=0x8001A184
[CV-DISP-CB-R] READ addr=0x80032AB0 val=0x80032A00 f763 ra=0x8001A184
[CV-DISP-CB-R] READ addr=0x80032AB0 val=0x80032A00 f764 ra=0x8001A184
[CV-DISP-CB-R] READ addr=0x80032AB0 val=0x80032A00 f765 ra=0x8001A184
[CV-DISP-CB-R] READ addr=0x80032AB0 val=0x80032A00 f766 ra=0x8001A184
[CV-DISP-CB-R] READ addr=0x80032AB0 val=0x80032A00 f767 ra=0x8001A184
[CV-DISP-CB-R] READ addr=0x80032AB0 val=0x80032A00 f768 ra=0x8001A184
[CV-DISP-CB-R] READ addr=0x80032AB0 val=0x80032A00 f769 ra=0x8001A184
[CV-DISP-CB-R] READ addr=0x80032AB0 val=0x80032A00 f770 ra=0x8001A184
[CV-DISP-CB-R] READ addr=0x80032AB0 val=0x80032A00 f771 ra=0x8001A184
[CV-DISP-CB-R] READ addr=0x80032AB0 val=0x80032A00 f772 ra=0x8001A184
[CV-DISP-CB-R] READ addr=0x80032AB0 val=0x80032A00 f773 ra=0x8001A184
[CV-DISP-CB-R] READ addr=0x80032AB0 val=0x80032A00 f774 ra=0x8001A184
[CV-DISP-CB-R] READ addr=0x80032AB0 val=0x80032A00 f775 ra=0x8001A184
[CV-DISP-CB-R] READ addr=0x80032AB0 val=0x80032A00 f776 ra=0x8001A184
[CV-DISP-CB-R] READ addr=0x80032AB0 val=0x80032A00 f777 ra=0x8001A184
[CV-DISP-CB-R] READ addr=0x80032AB0 val=0x80032A00 f778 ra=0x8001A184
[CV-DISP-CB-R] READ addr=0x80032AB0 val=0x80032A00 f779 ra=0x8001A184
[CV-DISP-CB-R] READ addr=0x80032AB0 val=0x80032A00 f780 ra=0x8001A184
[CV-DISP-CB-R] READ addr=0x80032AB0 val=0x80032A00 f781 ra=0x8001A184
[CV-DISP-CB-R] READ addr=0x80032AB0 val=0x80032A00 f782 ra=0x8001A184
[CV-DISP-CB-R] READ addr=0x80032AB0 val=0x80032A00 f783 ra=0x8001A184
[CV-DISP-CB-R] READ addr=0x80032AB0 val=0x80032A00 f784 ra=0x8001A184
[CV-DISP-CB-R] READ addr=0x80032AB0 val=0x80032A00 f785 ra=0x8001A184
[CV-DISP-CB-R] READ addr=0x80032AB0 val=0x80032A00 f786 ra=0x8001A184
[CV-DISP-CB-R] READ addr=0x80032AB0 val=0x80032A00 f787 ra=0x8001A184
[CV-DISP-CB-R] READ addr=0x80032AB0 val=0x80032A00 f788 ra=0x8001A184
[CV-DISP-CB-R] READ addr=0x80032AB0 val=0x80032A00 f789 ra=0x8001A184
[CV-DISP-CB-R] READ addr=0x80032AB0 val=0x80032A00 f790 ra=0x8001A184
[CV-DISP-CB-R] READ addr=0x80032AB0 val=0x80032A00 f791 ra=0x8001A184
[CV-DISP-CB-R] READ addr=0x80032AB0 val=0x80032A00 f792 ra=0x8001A184
[CV-DISP-CB-R] READ addr=0x80032AB0 val=0x80032A00 f793 ra=0x8001A184
[CV-DISP-CB-R] READ addr=0x80032AB0 val=0x80032A00 f794 ra=0x8001A184
[CV-DISP-CB-R] READ addr=0x80032AB0 val=0x80032A00 f795 ra=0x8001A184
[CV-DISP-CB-R] READ addr=0x80032AB0 val=0x80032A00 f796 ra=0x8001A184
[CV-DISP-CB-R] READ addr=0x80032AB0 val=0x80032A00 f797 ra=0x8001A184
[CV-DISP-CB-R] READ addr=0x80032AB0 val=0x80032A00 f798 ra=0x8001A184
[CV-DISP-CB-R] READ addr=0x80032AB0 val=0x80032A00 f799 ra=0x8001A184
[CV-DISP-CB-R] READ addr=0x80032AB0 val=0x80032A00 f800 ra=0x8001A184
[CV-DISP-CB-R] READ addr=0x80032AB0 val=0x80032A00 f801 ra=0x8001A184
[CV-DISP-CB-R] READ addr=0x80032AB0 val=0x80032A00 f802 ra=0x8001A184
[CV-DISP-CB-R] READ addr=0x80032AB0 val=0x80032A00 f803 ra=0x8001A184
[CV-DISP-CB-R] READ addr=0x80032AB0 val=0x80032A00 f804 ra=0x8001A184
[CV-DISP-CB-R] READ addr=0x80032AB0 val=0x80032A00 f805 ra=0x8001A184
[CV-DISP-CB-R] READ addr=0x80032AB0 val=0x80032A00 f806 ra=0x8001A184
[CV-DISP-CB-R] READ addr=0x80032AB0 val=0x80032A00 f807 ra=0x8001A184
[CV-DISP-CB-R] READ addr=0x80032AB0 val=0x80032A00 f808 ra=0x8001A184
[CV-DISP-CB-R] READ addr=0x80032AB0 val=0x80032A00 f809 ra=0x8001A184
[CV-DISP-CB-R] READ addr=0x80032AB0 val=0x80032A00 f810 ra=0x8001A184
[CV-DISP-CB-R] READ addr=0x80032AB0 val=0x80032A00 f811 ra=0x8001A184
[CV-DISP-CB-R] READ addr=0x80032AB0 val=0x80032A00 f812 ra=0x8001A184
[CV-DISP-CB-R] READ addr=0x80032AB0 val=0x80032A00 f813 ra=0x8001A184
[CV-DISP-CB-R] READ addr=0x80032AB0 val=0x80032A00 f814 ra=0x8001A184
[CV-DISP-CB-R] READ addr=0x80032AB0 val=0x80032A00 f815 ra=0x8001A184
[CV-DISP-CB-R] READ addr=0x80032AB0 val=0x80032A00 f816 ra=0x8001A184
[CV-DISP-CB-R] READ addr=0x80032AB0 val=0x80032A00 f817 ra=0x8001A184
[CV-DISP-CB-R] READ addr=0x80032AB0 val=0x80032A00 f818 ra=0x8001A184
[CV-DISP-CB-R] READ addr=0x80032AB0 val=0x80032A00 f819 ra=0x8001A184
[CV-DISP-CB-R] READ addr=0x80032AB0 val=0x80032A00 f820 ra=0x8001A184
[CV-DISP-CB-R] READ addr=0x80032AB0 val=0x80032A00 f821 ra=0x8001A184
[CV-DISP-CB-R] READ addr=0x80032AB0 val=0x80032A00 f822 ra=0x8001A184
[CV-DISP-CB-R] READ addr=0x80032AB0 val=0x80032A00 f823 ra=0x8001A184
[CV-DISP-CB-R] READ addr=0x80032AB0 val=0x80032A00 f824 ra=0x8001A184
[CV-DISP-CB-R] READ addr=0x80032AB0 val=0x80032A00 f825 ra=0x8001A184
[CV-DISP-CB-R] READ addr=0x80032AB0 val=0x80032A00 f826 ra=0x8001A184
[CV-DISP-CB-R] READ addr=0x80032AB0 val=0x80032A00 f827 ra=0x8001A184
[CV-DISP-CB-R] READ addr=0x80032AB0 val=0x80032A00 f828 ra=0x8001A184
[CV-DISP-CB-R] READ addr=0x80032AB0 val=0x80032A00 f829 ra=0x8001A184
[CV-DISP-CB-R] READ addr=0x80032AB0 val=0x80032A00 f830 ra=0x8001A184
[CV-DISP-CB-R] READ addr=0x80032AB0 val=0x80032A00 f831 ra=0x8001A184
[CV-DISP-CB-R] READ addr=0x80032AB0 val=0x80032A00 f832 ra=0x8001A184
[CV-DISP-CB-R] READ addr=0x80032AB0 val=0x80032A00 f833 ra=0x8001A184
[CV-DISP-CB-R] READ addr=0x80032AB0 val=0x80032A00 f834 ra=0x8001A184
[CV-DISP-CB-R] READ addr=0x80032AB0 val=0x80032A00 f835 ra=0x8001A184
[CV-DISP-CB-R] READ addr=0x80032AB0 val=0x80032A00 f836 ra=0x8001A184
[CV-DISP-CB-R] READ addr=0x80032AB0 val=0x80032A00 f837 ra=0x8001A184
[CV-DISP-CB-R] READ addr=0x80032AB0 val=0x80032A00 f838 ra=0x8001A184
[CV-DISP-CB-R] READ addr=0x80032AB0 val=0x80032A00 f839 ra=0x8001A184
[CV-DISP-CB-R] READ addr=0x80032AB0 val=0x80032A00 f840 ra=0x8001A184
[CV-DISP-CB-R] READ addr=0x80032AB0 val=0x80032A00 f841 ra=0x8001A184
[CV-DISP-CB-R] READ addr=0x80032AB0 val=0x80032A00 f842 ra=0x8001A184
[CV-DISP-CB-R] READ addr=0x80032AB0 val=0x80032A00 f843 ra=0x8001A184
[CV-DISP-CB-R] READ addr=0x80032AB0 val=0x80032A00 f844 ra=0x8001A184
[CV-DISP-CB-R] READ addr=0x80032AB0 val=0x80032A00 f845 ra=0x8001A184
[CV-DISP-CB-R] READ addr=0x80032AB0 val=0x80032A00 f846 ra=0x8001A184
[CV-DISP-CB-R] READ addr=0x80032AB0 val=0x80032A00 f847 ra=0x8001A184
[CV-DISP-CB-R] READ addr=0x80032AB0 val=0x80032A00 f848 ra=0x8001A184
[CV-DISP-CB-R] READ addr=0x80032AB0 val=0x80032A00 f849 ra=0x8001A184
[CV-DISP-CB-R] READ addr=0x80032AB0 val=0x80032A00 f850 ra=0x8001A184
[CV-DISP-CB-R] READ addr=0x80032AB0 val=0x80032A00 f851 ra=0x8001A184
[CV-DISP-CB-R] READ addr=0x80032AB0 val=0x80032A00 f852 ra=0x8001A184
[CV-DISP-CB-R] READ addr=0x80032AB0 val=0x80032A00 f853 ra=0x8001A184
[CV-DISP-CB-R] READ addr=0x80032AB0 val=0x80032A00 f854 ra=0x8001A184
[CV-DISP-CB-R] READ addr=0x80032AB0 val=0x80032A00 f855 ra=0x8001A184
[CV-DISP-CB-R] READ addr=0x80032AB0 val=0x80032A00 f856 ra=0x8001A184
[CV-DISP-CB-R] READ addr=0x80032AB0 val=0x80032A00 f857 ra=0x8001A184
[CV-DISP-CB-R] READ addr=0x80032AB0 val=0x80032A00 f858 ra=0x8001A184
[CV-DISP-CB-R] READ addr=0x80032AB0 val=0x80032A00 f859 ra=0x8001A184
[CV-DISP-CB-R] READ addr=0x80032AB0 val=0x80032A00 f860 ra=0x8001A184
[CV-DISP-CB-R] READ addr=0x80032AB0 val=0x80032A00 f861 ra=0x8001A184
[CV-DISP-CB-R] READ addr=0x80032AB0 val=0x80032A00 f862 ra=0x8001A184
[CV-DISP-CB-R] READ addr=0x80032AB0 val=0x80032A00 f863 ra=0x8001A184
[CV-DISP-CB-R] READ addr=0x80032AB0 val=0x80032A00 f864 ra=0x8001A184
[CV-DISP-CB-R] READ addr=0x80032AB0 val=0x80032A00 f865 ra=0x8001A184
[CV-DISP-CB-R] READ addr=0x80032AB0 val=0x80032A00 f866 ra=0x8001A184
[CV-DISP-CB-R] READ addr=0x80032AB0 val=0x80032A00 f867 ra=0x8001A184
[CV-DISP-CB-R] READ addr=0x80032AB0 val=0x80032A00 f868 ra=0x8001A184
[CV-DISP-CB-R] READ addr=0x80032AB0 val=0x80032A00 f869 ra=0x8001A184
[CV-DISP-CB-R] READ addr=0x80032AB0 val=0x80032A00 f870 ra=0x8001A184
[CV-DISP-CB-R] READ addr=0x80032AB0 val=0x80032A00 f871 ra=0x8001A184
[CV-DISP-CB-R] READ addr=0x80032AB0 val=0x80032A00 f872 ra=0x8001A184
[CV-DISP-CB-R] READ addr=0x80032AB0 val=0x80032A00 f873 ra=0x8001A184
[CV-DISP-CB-R] READ addr=0x80032AB0 val=0x80032A00 f874 ra=0x8001A184
[CV-DISP-CB-R] READ addr=0x80032AB0 val=0x80032A00 f875 ra=0x8001A184
[CV-DISP-CB-R] READ addr=0x80032AB0 val=0x80032A00 f876 ra=0x8001A184
[CV-DISP-CB-R] READ addr=0x80032AB0 val=0x80032A00 f877 ra=0x8001A184
[CV-DISP-CB-R] READ addr=0x80032AB0 val=0x80032A00 f878 ra=0x8001A184
[CV-DISP-CB-R] READ addr=0x80032AB0 val=0x80032A00 f879 ra=0x8001A184
[CV-DISP-CB-R] READ addr=0x80032AB0 val=0x80032A00 f880 ra=0x8001A184
[CV-DISP-CB-R] READ addr=0x80032AB0 val=0x80032A00 f881 ra=0x8001A184
[CV-DISP-CB-R] READ addr=0x80032AB0 val=0x80032A00 f882 ra=0x8001A184
[CV-DISP-CB-R] READ addr=0x80032AB0 val=0x80032A00 f883 ra=0x8001A184
[CV-DISP-CB-R] READ addr=0x80032AB0 val=0x80032A00 f884 ra=0x8001A184
[CV-DISP-CB-R] READ addr=0x80032AB0 val=0x80032A00 f885 ra=0x8001A184
[CV-DISP-CB-R] READ addr=0x80032AB0 val=0x80032A00 f886 ra=0x8001A184
[CV-DISP-CB-R] READ addr=0x80032AB0 val=0x80032A00 f887 ra=0x8001A184
[CV-DISP-CB-R] READ addr=0x80032AB0 val=0x80032A00 f888 ra=0x8001A184
[CV-DISP-CB-R] READ addr=0x80032AB0 val=0x80032A00 f889 ra=0x8001A184
[CV-DISP-CB-R] READ addr=0x80032AB0 val=0x80032A00 f890 ra=0x8001A184
[CV-DISP-CB-R] READ addr=0x80032AB0 val=0x80032A00 f891 ra=0x8001A184
[CV-DISP-CB-R] READ addr=0x80032AB0 val=0x80032A00 f892 ra=0x8001A184
[CV-DISP-CB-R] READ addr=0x80032AB0 val=0x80032A00 f893 ra=0x8001A184
[CV-DISP-CB-R] READ addr=0x80032AB0 val=0x80032A00 f894 ra=0x8001A184
[CV-DISP-CB-R] READ addr=0x80032AB0 val=0x80032A00 f895 ra=0x8001A184
[CV-DISP-CB-R] READ addr=0x80032AB0 val=0x80032A00 f896 ra=0x8001A184
[CV-DISP-CB-R] READ addr=0x80032AB0 val=0x80032A00 f897 ra=0x8001A184
[CV-DISP-CB-R] READ addr=0x80032AB0 val=0x80032A00 f898 ra=0x8001A184
[CV-DISP-CB-R] READ addr=0x80032AB0 val=0x80032A00 f899 ra=0x8001A184
[CV-DISP-CB-R] READ addr=0x80032AB0 val=0x80032A00 f900 ra=0x8001A184
[CV-DISP-CB-R] READ addr=0x80032AB0 val=0x80032A00 f901 ra=0x8001A184
[CV-DISP-CB-R] READ addr=0x80032AB0 val=0x80032A00 f902 ra=0x8001A184
[CV-DISP-CB-R] READ addr=0x80032AB0 val=0x80032A00 f903 ra=0x8001A184
[CV-DISP-CB-R] READ addr=0x80032AB0 val=0x80032A00 f904 ra=0x8001A184
[CV-DISP-CB-R] READ addr=0x80032AB0 val=0x80032A00 f905 ra=0x8001A184
[CV-DISP-CB-R] READ addr=0x80032AB0 val=0x80032A00 f906 ra=0x8001A184
[CV-DISP-CB-R] READ addr=0x80032AB0 val=0x80032A00 f907 ra=0x8001A184
[CV-DISP-CB-R] READ addr=0x80032AB0 val=0x80032A00 f908 ra=0x8001A184
[CV-DISP-CB-R] READ addr=0x80032AB0 val=0x80032A00 f909 ra=0x8001A184
[CV-DISP-CB-R] READ addr=0x80032AB0 val=0x80032A00 f910 ra=0x8001A184
[CV-DISP-CB-R] READ addr=0x80032AB0 val=0x80032A00 f911 ra=0x8001A184
[CV-DISP-CB-R] READ addr=0x80032AB0 val=0x80032A00 f912 ra=0x8001A184
[CV-DISP-CB-R] READ addr=0x80032AB0 val=0x80032A00 f913 ra=0x8001A184
[CV-DISP-CB-R] READ addr=0x80032AB0 val=0x80032A00 f914 ra=0x8001A184
[CV-DISP-CB-R] READ addr=0x80032AB0 val=0x80032A00 f915 ra=0x8001A184
[CV-DISP-CB-R] READ addr=0x80032AB0 val=0x80032A00 f916 ra=0x8001A184
[CV-DISP-CB-R] READ addr=0x80032AB0 val=0x80032A00 f917 ra=0x8001A184
[CV-DISP-CB-R] READ addr=0x80032AB0 val=0x80032A00 f918 ra=0x8001A184
[CV-DISP-CB-R] READ addr=0x80032AB0 val=0x80032A00 f919 ra=0x8001A184
[CV-DISP-CB-R] READ addr=0x80032AB0 val=0x80032A00 f920 ra=0x8001A184
[CV-DISP-CB-R] READ addr=0x80032AB0 val=0x80032A00 f921 ra=0x8001A184
[CV-DISP-CB-R] READ addr=0x80032AB0 val=0x80032A00 f922 ra=0x8001A184
[CV-DISP-CB-R] READ addr=0x80032AB0 val=0x80032A00 f923 ra=0x8001A184
[CV-DISP-CB-R] READ addr=0x80032AB0 val=0x80032A00 f924 ra=0x8001A184
[CV-DISP-CB-R] READ addr=0x80032AB0 val=0x80032A00 f925 ra=0x8001A184
[CV-DISP-CB-R] READ addr=0x80032AB0 val=0x80032A00 f926 ra=0x8001A184
[CV-DISP-CB-R] READ addr=0x80032AB0 val=0x80032A00 f927 ra=0x8001A184
[CV-DISP-CB-R] READ addr=0x80032AB0 val=0x80032A00 f928 ra=0x8001A184
[CV-DISP-CB-R] READ addr=0x80032AB0 val=0x80032A00 f929 ra=0x8001A184
[CV-DISP-CB-R] READ addr=0x80032AB0 val=0x80032A00 f930 ra=0x8001A184
[CV-DISP-CB-R] READ addr=0x80032AB0 val=0x80032A00 f931 ra=0x8001A184
[CV-DISP-CB-R] READ addr=0x80032AB0 val=0x80032A00 f932 ra=0x8001A184
[CV-DISP-CB-R] READ addr=0x80032AB0 val=0x80032A00 f933 ra=0x8001A184
[CV-DISP-CB-R] READ addr=0x80032AB0 val=0x80032A00 f934 ra=0x8001A184
[CV-DISP-CB-R] READ addr=0x80032AB0 val=0x80032A00 f935 ra=0x8001A184
[CV-DISP-CB-R] READ addr=0x80032AB0 val=0x80032A00 f936 ra=0x8001A184
[CV-DISP-CB-R] READ addr=0x80032AB0 val=0x80032A00 f937 ra=0x8001A184
[CV-DISP-CB-R] READ addr=0x80032AB0 val=0x80032A00 f938 ra=0x8001A184
[CV-DISP-CB-R] READ addr=0x80032AB0 val=0x80032A00 f939 ra=0x8001A184
[CV-DISP-CB-R] READ addr=0x80032AB0 val=0x80032A00 f940 ra=0x8001A184
[CV-DISP-CB-R] READ addr=0x80032AB0 val=0x80032A00 f941 ra=0x8001A184
[CV-DISP-CB-R] READ addr=0x80032AB0 val=0x80032A00 f942 ra=0x8001A184
[CV-DISP-CB-R] READ addr=0x80032AB0 val=0x80032A00 f943 ra=0x8001A184
[CV-DISP-CB-R] READ addr=0x80032AB0 val=0x80032A00 f944 ra=0x8001A184
[CV-DISP-CB-R] READ addr=0x80032AB0 val=0x80032A00 f945 ra=0x8001A184
[CV-DISP-CB-R] READ addr=0x80032AB0 val=0x80032A00 f946 ra=0x8001A184
[CV-DISP-CB-R] READ addr=0x80032AB0 val=0x80032A00 f947 ra=0x8001A184
[CV-DISP-CB-R] READ addr=0x80032AB0 val=0x80032A00 f948 ra=0x8001A184
[CV-DISP-CB-R] READ addr=0x80032AB0 val=0x80032A00 f949 ra=0x8001A184
[CV-DISP-CB-R] READ addr=0x80032AB0 val=0x80032A00 f950 ra=0x8001A184
[CV-DISP-CB-R] READ addr=0x80032AB0 val=0x80032A00 f951 ra=0x8001A184
[CV-DISP-CB-R] READ addr=0x80032AB0 val=0x80032A00 f952 ra=0x8001A184
[CV-DISP-CB-R] READ addr=0x80032AB0 val=0x80032A00 f953 ra=0x8001A184
[CV-DISP-CB-R] READ addr=0x80032AB0 val=0x80032A00 f954 ra=0x8001A184
[CV-DISP-CB-R] READ addr=0x80032AB0 val=0x80032A00 f955 ra=0x8001A184
[CV-DISP-CB-R] READ addr=0x80032AB0 val=0x80032A00 f956 ra=0x8001A184
[CV-DISP-CB-R] READ addr=0x80032AB0 val=0x80032A00 f957 ra=0x8001A184
[CV-DISP-CB-R] READ addr=0x80032AB0 val=0x80032A00 f958 ra=0x8001A184
[CV-DISP-CB-R] READ addr=0x80032AB0 val=0x80032A00 f959 ra=0x8001A184
[CV-DISP-CB-R] READ addr=0x80032AB0 val=0x80032A00 f960 ra=0x8001A184
[CV-DISP-CB-R] READ addr=0x80032AB0 val=0x80032A00 f961 ra=0x8001A184
[CV-DISP-CB-R] READ addr=0x80032AB0 val=0x80032A00 f962 ra=0x8001A184
[CV-DISP-CB-R] READ addr=0x80032AB0 val=0x80032A00 f963 ra=0x8001A184
[CV-DISP-CB-R] READ addr=0x80032AB0 val=0x80032A00 f964 ra=0x8001A184
[CV-DISP-CB-R] READ addr=0x80032AB0 val=0x80032A00 f965 ra=0x8001A184
[CV-DISP-CB-R] READ addr=0x80032AB0 val=0x80032A00 f966 ra=0x8001A184
[CV-DISP-CB-R] READ addr=0x80032AB0 val=0x80032A00 f967 ra=0x8001A184
[CV-DISP-CB-R] READ addr=0x80032AB0 val=0x80032A00 f968 ra=0x8001A184
[CV-DISP-CB-R] READ addr=0x80032AB0 val=0x80032A00 f969 ra=0x8001A184
[CV-DISP-CB-R] READ addr=0x80032AB0 val=0x80032A00 f970 ra=0x8001A184
[CV-DISP-CB-R] READ addr=0x80032AB0 val=0x80032A00 f971 ra=0x8001A184
[CV-DISP-CB-R] READ addr=0x80032AB0 val=0x80032A00 f972 ra=0x8001A184
[CV-DISP-CB-R] READ addr=0x80032AB0 val=0x80032A00 f973 ra=0x8001A184
[CV-DISP-CB-R] READ addr=0x80032AB0 val=0x80032A00 f974 ra=0x8001A184
[CV-DISP-CB-R] READ addr=0x80032AB0 val=0x80032A00 f975 ra=0x8001A184
[CV-DISP-CB-R] READ addr=0x80032AB0 val=0x80032A00 f976 ra=0x8001A184
[CV-DISP-CB-R] READ addr=0x80032AB0 val=0x80032A00 f977 ra=0x8001A184
[CV-DISP-CB-R] READ addr=0x80032AB0 val=0x80032A00 f978 ra=0x8001A184
[CV-DISP-CB-R] READ addr=0x80032AB0 val=0x80032A00 f979 ra=0x8001A184
[CV-DISP-CB-R] READ addr=0x80032AB0 val=0x80032A00 f980 ra=0x8001A184
[CV-DISP-CB-R] READ addr=0x80032AB0 val=0x80032A00 f981 ra=0x8001A184
[CV-DISP-CB-R] READ addr=0x80032AB0 val=0x80032A00 f982 ra=0x8001A184
[CV-DISP-CB-R] READ addr=0x80032AB0 val=0x80032A00 f983 ra=0x8001A184
[CV-DISP-CB-R] READ addr=0x80032AB0 val=0x80032A00 f984 ra=0x8001A184
[CV-DISP-CB-R] READ addr=0x80032AB0 val=0x80032A00 f985 ra=0x8001A184
[CV-DISP-CB-R] READ addr=0x80032AB0 val=0x80032A00 f986 ra=0x8001A184
[CV-DISP-CB-R] READ addr=0x80032AB0 val=0x80032A00 f987 ra=0x8001A184
[CV-DISP-CB-R] READ addr=0x80032AB0 val=0x80032A00 f988 ra=0x8001A184
[CV-DISP-CB-R] READ addr=0x80032AB0 val=0x80032A00 f989 ra=0x8001A184
[CV-DISP-CB-R] READ addr=0x80032AB0 val=0x80032A00 f990 ra=0x8001A184
[CV-DISP-CB-R] READ addr=0x80032AB0 val=0x80032A00 f991 ra=0x8001A184
[CV-DISP-CB-R] READ addr=0x80032AB0 val=0x80032A00 f992 ra=0x8001A184
[CV-DISP-CB-R] READ addr=0x80032AB0 val=0x80032A00 f993 ra=0x8001A184
[CV-DISP-CB-R] READ addr=0x80032AB0 val=0x80032A00 f994 ra=0x8001A184
[CV-DISP-CB-R] READ addr=0x80032AB0 val=0x80032A00 f995 ra=0x8001A184
[CV-DISP-CB-R] READ addr=0x80032AB0 val=0x80032A00 f996 ra=0x8001A184
[CV-DISP-CB-R] READ addr=0x80032AB0 val=0x80032A00 f997 ra=0x8001A184
[CV-DISP-CB-R] READ addr=0x80032AB0 val=0x80032A00 f998 ra=0x8001A184
[CV-DISP-CB-R] READ addr=0x80032AB0 val=0x80032A00 f999 ra=0x8001A184
[CV-DISP-CB-R] READ addr=0x80032AB0 val=0x80032A00 f1000 ra=0x8001A184
[CV-DISP-CB-R] READ addr=0x80032AB0 val=0x80032A00 f1001 ra=0x8001A184
[CV-DISP-CB-R] READ addr=0x80032AB0 val=0x80032A00 f1002 ra=0x8001A184
[CV-DISP-CB-R] READ addr=0x80032AB0 val=0x80032A00 f1003 ra=0x8001A184
[CV-DISP-CB-R] READ addr=0x80032AB0 val=0x80032A00 f1004 ra=0x8001A184
[CV-DISP-CB-R] READ addr=0x80032AB0 val=0x80032A00 f1005 ra=0x8001A184
[CV-DISP-CB-R] READ addr=0x80032AB0 val=0x80032A00 f1006 ra=0x8001A184
[CV-DISP-CB-R] READ addr=0x80032AB0 val=0x80032A00 f1007 ra=0x8001A184
[CV-DISP-CB-R] READ addr=0x80032AB0 val=0x80032A00 f1008 ra=0x8001A184
[CV-DISP-CB-R] READ addr=0x80032AB0 val=0x80032A00 f1009 ra=0x8001A184
[CV-DISP-CB-R] READ addr=0x80032AB0 val=0x80032A00 f1010 ra=0x8001A184
[CV-DISP-CB-R] READ addr=0x80032AB0 val=0x80032A00 f1011 ra=0x8001A184
[CV-DISP-CB-R] READ addr=0x80032AB0 val=0x80032A00 f1012 ra=0x8001A184
[CV-DISP-CB-R] READ addr=0x80032AB0 val=0x80032A00 f1013 ra=0x8001A184
[CV-DISP-CB-R] READ addr=0x80032AB0 val=0x80032A00 f1014 ra=0x8001A184
[CV-DISP-CB-R] READ addr=0x80032AB0 val=0x80032A00 f1015 ra=0x8001A184
[CV-DISP-CB-R] READ addr=0x80032AB0 val=0x80032A00 f1016 ra=0x8001A184
[CV-DISP-CB-R] READ addr=0x80032AB0 val=0x80032A00 f1017 ra=0x8001A184
[CV-DISP-CB-R] READ addr=0x80032AB0 val=0x80032A00 f1018 ra=0x8001A184
[CV-DISP-CB-R] READ addr=0x80032AB0 val=0x80032A00 f1019 ra=0x8001A184
[CV-DISP-CB-R] READ addr=0x80032AB0 val=0x80032A00 f1020 ra=0x8001A184
[CV-DISP-CB-R] READ addr=0x80032AB0 val=0x80032A00 f1021 ra=0x8001A184
[CV-DISP-CB-R] READ addr=0x80032AB0 val=0x80032A00 f1022 ra=0x8001A184
[CV-DISP-CB-R] READ addr=0x80032AB0 val=0x80032A00 f1023 ra=0x8001A184
[CV-DISP-CB-R] READ addr=0x80032AB0 val=0x80032A00 f1024 ra=0x8001A184
[CV-DISP-CB-R] READ addr=0x80032AB0 val=0x80032A00 f1025 ra=0x8001A184
[CV-DISP-CB-R] READ addr=0x80032AB0 val=0x80032A00 f1026 ra=0x8001A184
[CV-DISP-CB-R] READ addr=0x80032AB0 val=0x80032A00 f1027 ra=0x8001A184
[CV-DISP-CB-R] READ addr=0x80032AB0 val=0x80032A00 f1028 ra=0x8001A184
[CV-DISP-CB-R] READ addr=0x80032AB0 val=0x80032A00 f1029 ra=0x8001A184
[CV-DISP-CB-R] READ addr=0x80032AB0 val=0x80032A00 f1030 ra=0x8001A184
[CV-DISP-CB-R] READ addr=0x80032AB0 val=0x80032A00 f1031 ra=0x8001A184
[CV-DISP-CB-R] READ addr=0x80032AB0 val=0x80032A00 f1032 ra=0x8001A184
[CV-DISP-CB-R] READ addr=0x80032AB0 val=0x80032A00 f1033 ra=0x8001A184
[CV-DISP-CB-R] READ addr=0x80032AB0 val=0x80032A00 f1034 ra=0x8001A184
[CV-DISP-CB-R] READ addr=0x80032AB0 val=0x80032A00 f1035 ra=0x8001A184
[CV-DISP-CB-R] READ addr=0x80032AB0 val=0x80032A00 f1036 ra=0x8001A184
[CV-DISP-CB-R] READ addr=0x80032AB0 val=0x80032A00 f1037 ra=0x8001A184
[CV-DISP-CB-R] READ addr=0x80032AB0 val=0x80032A00 f1038 ra=0x8001A184
[CV-DISP-CB-R] READ addr=0x80032AB0 val=0x80032A00 f1039 ra=0x8001A184
[CV-DISP-CB-R] READ addr=0x80032AB0 val=0x80032A00 f1040 ra=0x8001A184
[CV-DISP-CB-R] READ addr=0x80032AB0 val=0x80032A00 f1041 ra=0x8001A184
[CV-DISP-CB-R] READ addr=0x80032AB0 val=0x80032A00 f1042 ra=0x8001A184
[CV-DISP-CB-R] READ addr=0x80032AB0 val=0x80032A00 f1043 ra=0x8001A184
[CV-DISP-CB-R] READ addr=0x80032AB0 val=0x80032A00 f1044 ra=0x8001A184
[CV-DISP-CB-R] READ addr=0x80032AB0 val=0x80032A00 f1045 ra=0x8001A184
[CV-DISP-CB-R] READ addr=0x80032AB0 val=0x80032A00 f1046 ra=0x8001A184
[CV-DISP-CB-R] READ addr=0x80032AB0 val=0x80032A00 f1047 ra=0x8001A184
[CV-DISP-CB-R] READ addr=0x80032AB0 val=0x80032A00 f1048 ra=0x8001A184
[CV-DISP-CB-R] READ addr=0x80032AB0 val=0x80032A00 f1049 ra=0x8001A184
[CV-DISP-CB-R] READ addr=0x80032AB0 val=0x80032A00 f1050 ra=0x8001A184
[CV-DISP-CB-R] READ addr=0x80032AB0 val=0x80032A00 f1051 ra=0x8001A184
[CV-DISP-CB-R] READ addr=0x80032AB0 val=0x80032A00 f1052 ra=0x8001A184
[CV-DISP-CB-R] READ addr=0x80032AB0 val=0x80032A00 f1053 ra=0x8001A184
[CV-DISP-CB-R] READ addr=0x80032AB0 val=0x80032A00 f1054 ra=0x8001A184
[CV-DISP-CB-R] READ addr=0x80032AB0 val=0x80032A00 f1055 ra=0x8001A184
[CV-DISP-CB-R] READ addr=0x80032AB0 val=0x80032A00 f1056 ra=0x8001A184
[CV-DISP-CB-R] READ addr=0x80032AB0 val=0x80032A00 f1057 ra=0x8001A184
[CV-DISP-CB-R] READ addr=0x80032AB0 val=0x80032A00 f1058 ra=0x8001A184
[CV-DISP-CB-R] READ addr=0x80032AB0 val=0x80032A00 f1059 ra=0x8001A184
[CV-DISP-CB-R] READ addr=0x80032AB0 val=0x80032A00 f1060 ra=0x8001A184
[CV-DISP-CB-R] READ addr=0x80032AB0 val=0x80032A00 f1061 ra=0x8001A184
[CV-DISP-CB-R] READ addr=0x80032AB0 val=0x80032A00 f1062 ra=0x8001A184
[CV-DISP-CB-R] READ addr=0x80032AB0 val=0x80032A00 f1063 ra=0x8001A184
[CV-DISP-CB-R] READ addr=0x80032AB0 val=0x80032A00 f1064 ra=0x8001A184
[CV-DISP-CB-R] READ addr=0x80032AB0 val=0x80032A00 f1065 ra=0x8001A184
[CV-DISP-CB-R] READ addr=0x80032AB0 val=0x80032A00 f1066 ra=0x8001A184
[CV-DISP-CB-R] READ addr=0x80032AB0 val=0x80032A00 f1067 ra=0x8001A184
[CV-DISP-CB-R] READ addr=0x80032AB0 val=0x80032A00 f1068 ra=0x8001A184
[CV-DISP-CB-R] READ addr=0x80032AB0 val=0x80032A00 f1069 ra=0x8001A184
[CV-DISP-CB-R] READ addr=0x80032AB0 val=0x80032A00 f1070 ra=0x8001A184
[CV-DISP-CB-R] READ addr=0x80032AB0 val=0x80032A00 f1071 ra=0x8001A184
[CV-DISP-CB-R] READ addr=0x80032AB0 val=0x80032A00 f1072 ra=0x8001A184
[CV-DISP-CB-R] READ addr=0x80032AB0 val=0x80032A00 f1073 ra=0x8001A184
[CV-DISP-CB-R] READ addr=0x80032AB0 val=0x80032A00 f1074 ra=0x8001A184
[CV-DISP-CB-R] READ addr=0x80032AB0 val=0x80032A00 f1075 ra=0x8001A184
[CV-DISP-CB-R] READ addr=0x80032AB0 val=0x80032A00 f1076 ra=0x8001A184
[CV-DISP-CB-R] READ addr=0x80032AB0 val=0x80032A00 f1077 ra=0x8001A184
[CV-DISP-CB-R] READ addr=0x80032AB0 val=0x80032A00 f1078 ra=0x8001A184
