[Launcher] Disc: C:\Users\Leona\Documents\GitHub\psxrecomp\CastlevaniaRecomp\isos\Castlevania - Symphony of the Night (USA).cue
=== PSXRecomp v2 ===
EXE: C:\Users\Leona\Documents\GitHub\psxrecomp\CastlevaniaRecomp\isos\SLUS_000.67
CUE: C:\Users\Leona\Documents\GitHub\psxrecomp\CastlevaniaRecomp\isos\Castlevania - Symphony of the Night (USA).cue

[KeyConfig] Loading from C:/Users/Leona/Documents/GitHub/psxrecomp/CastlevaniaRecomp/build/keyconfig.ini
[XA] Volume set to 50%
[KeyConfig] UP=265 DOWN=264 CROSS=83 START=257
[XA] Opened C:\Users\Leona\Documents\GitHub\psxrecomp\CastlevaniaRecomp\isos\Castlevania - Symphony of the Night (USA) (Track 1).bin
[XA] WAV capture: C:/temp/xa_capture.wav (up to 30s)
[XA] Audio ready (decode 37800 Hz → waveOut 44100 Hz)
[FMV] Opened C:\Users\Leona\Documents\GitHub\psxrecomp\CastlevaniaRecomp\isos\Castlevania - Symphony of the Night (USA) (Track 1).bin
[SPU] Initialised — 24 voices, 44100 Hz stereo
Detected PS-X header, skipping 2048 bytes
Loaded 561152 bytes
[RUNTIME] PSX_FORCE_INTERP_8006=1 (force interp for 0x80060000-0x80097FFF)
[RUNTIME] PSX_FORCE_INTERP_DISPLAY_LOOP=1 (interp for 0x80019844/0x8001A110)
[RUNTIME] PSX_FORCE_CV_DISP_CB=1 (seed RAM[0x80032AB0]=0x8001A664 when null)
[RUNTIME] PSX_TRACE_CALL_CHAIN=1
[RUNTIME] PSX_TRACE_GPU_PATH=1
Loaded into PS1 RAM at 0x80010000
[OpenGLRenderer] Initialize() called
[OpenGLRenderer] InitializeWindow() - Creating GLFW window...
[OpenGLRenderer] GLFW window created successfully (960x720)
[OpenGLRenderer] InitializeOpenGL() - Loading OpenGL functions...
[OpenGLRenderer] OpenGL initialized successfully!
[OpenGLRenderer]   Version:  3.3.0 - Build 31.0.101.5522
[OpenGLRenderer]   Renderer: Intel(R) Iris(R) Xe Graphics
[OpenGLRenderer]   Vendor:   Intel
[OpenGLRenderer] OpenGL 3.3 Core Profile ready
[OpenGLRenderer] InitializeShaders() - Compiling shaders...
[OpenGLRenderer]   - Primitive shader compiled (program ID: 3)
[OpenGLRenderer]   - Textured shader compiled (program ID: 4)
[OpenGLRenderer]   - Fill shader compiled (program ID: 5)
[OpenGLRenderer]   - Copy shader compiled (program ID: 6)
[OpenGLRenderer] All 4 shaders compiled successfully!
[OpenGLRenderer] InitializeBuffers() - Creating VAO and VBO...
[OpenGLRenderer] VAO and VBO created (max 4096 vertices per batch)
[OpenGLRenderer] InitializeVRAM() - Creating VRAM texture and FBO...
[OpenGLRenderer] VRAM texture created (1024x512, RGB5A1, 1024 KB)
[OpenGLRenderer] VRAM FBO created and verified (complete)
[OpenGLRenderer] Initialization complete!
Renderer ready

Calling entry point 0x80010DF4...
[CALL-CHAIN] #1 f0 addr=0x80010DF4 ra=0x00000000 sp=0x801FFF00 a0=0x00000000
[CALLEE-FIX] #1 f0 call_by_address(0x80010DF4) sp:801FFF00->80200000 s0:00000000->00000000 s1:00000000->00000000 — restoring
Entry point returned.
[BLACKSCREEN] Manual display bootstrap disabled by env PSX_BLACKSCREEN_MANUAL_DISPLAY_ENTRY=off
[BLACKSCREEN] Skipping bootstrap entry 0x80010DFC (set PSX_TRY_REAL_ENTRY=1 to enable)
[BLACKSCREEN] Enabling display pump fallback at 0x80019844
[CALL-CHAIN] #2 f0 addr=0x80019844 ra=0x80010EA4 sp=0x801FFF00 a0=0x800988A4
[FORCE-INTERP-DISPLAY] #1 f0 addr=0x80019844 w0=0x27BDFFD0 ra=0x80010EA4 a0=0x800988A4 cb=0x00000000
[RAM-19844] 98D0=0x1220000B 98E0=0x10400007 98E4=0x34040002 98F0=0x0C006997 98F8=0x1440000A
[RAM-19844-JALR] none in 0x19844-0x19987
[CALL-CHAIN] #3 f0 addr=0x800198D0 ra=0x80010EA4 sp=0x801FFED0 a0=0x00000001
[CALL-CHAIN] #4 f0 addr=0x8001A65C ra=0x800198F8 sp=0x801FFED0 a0=0x00000002
[CALL-CHAIN] #5 f0 addr=0x8001A65C ra=0x8001991C sp=0x801FFED0 a0=0x000000A4
[CALL-CHAIN] #6 f0 addr=0x8001993C ra=0x8001991C sp=0x801FFED0 a0=0x000000A4
[CALL-CHAIN] #7 f0 addr=0x8001A110 ra=0x8001994C sp=0x801FFED0 a0=0x00000000
[FORCE-CV-DISP-CB] f0 seeded cb=0x8001A664
[FORCE-INTERP-DISPLAY] #2 f0 addr=0x8001A110 w0=0x27BDFFC8 ra=0x8001994C a0=0x00000000 cb=0x8001A664
[CALL-CHAIN] #8 f0 addr=0x80015308 ra=0x8001A144 sp=0x801FFE98 a0=0xFFFFFFFF
[CALL-CHAIN] #9 f0 addr=0x80015308 ra=0x8001A184 sp=0x801FFE98 a0=0xFFFFFFFF
[CALL-CHAIN] #10 f0 addr=0x8001A238 ra=0x8001A184 sp=0x801FFE98 a0=0xFFFFFFFF
[SKIP-A110-RECURSE] #1 f0 addr=0x8001A238 ra=0x8001A184 a0=0xFFFFFFFF
[CALLEE-FIX] #2 f0 call_by_address(0x8001A110) sp:801FFED0->801FFE98 s0:00000003->00000003 s1:0015F760->0015F760 — restoring
[CALL-CHAIN] #11 f0 addr=0x8001995C ra=0x8001A184 sp=0x801FFED0 a0=0xFFFFFFFF
[BLACKSCREEN][RendererPresent] present=1 f=1 disp=(0,0 320x240) vis=320x240 uv=(0.000,0.000)-(1.000,1.000)
[frame 1]
[CALL-CHAIN] #12 f1 addr=0x80019844 ra=0x80010EA4 sp=0x801FFF00 a0=0xFFFFFFFF
[FORCE-INTERP-DISPLAY] #3 f1 addr=0x80019844 w0=0x27BDFFD0 ra=0x80010EA4 a0=0xFFFFFFFF cb=0x8001A664
[CALL-CHAIN] #13 f1 addr=0x800198D0 ra=0x80010EA4 sp=0x801FFED0 a0=0x00000001
[CALL-CHAIN] #14 f1 addr=0x80019900 ra=0x80010EA4 sp=0x801FFED0 a0=0x00000001
[CALL-CHAIN] #15 f1 addr=0x8001A65C ra=0x8001991C sp=0x801FFED0 a0=0x000000FF
[CALL-CHAIN] #16 f1 addr=0x80019894 ra=0x8001991C sp=0x801FFED0 a0=0x000000FF
[CALL-CHAIN] #17 f1 addr=0x800198D0 ra=0x8001991C sp=0x801FFED0 a0=0x00000001
[CALL-CHAIN] #18 f1 addr=0x80019900 ra=0x8001991C sp=0x801FFED0 a0=0x00000001
[CALL-CHAIN] #19 f1 addr=0x8001A65C ra=0x8001991C sp=0x801FFED0 a0=0x000000FF
[CALL-CHAIN] #20 f1 addr=0x80019894 ra=0x8001991C sp=0x801FFED0 a0=0x000000FF
[CALL-CHAIN] #21 f1 addr=0x800198D0 ra=0x8001991C sp=0x801FFED0 a0=0x00000001
[CALL-CHAIN] #22 f1 addr=0x80019900 ra=0x8001991C sp=0x801FFED0 a0=0x00000001
[CALL-CHAIN] #23 f1 addr=0x8001A65C ra=0x8001991C sp=0x801FFED0 a0=0x000000FF
[CALL-CHAIN] #24 f1 addr=0x80019894 ra=0x8001991C sp=0x801FFED0 a0=0x000000FF
[CALL-CHAIN] #25 f1 addr=0x800198D0 ra=0x8001991C sp=0x801FFED0 a0=0x00000001
[CALL-CHAIN] #26 f1 addr=0x80019900 ra=0x8001991C sp=0x801FFED0 a0=0x00000001
[CALL-CHAIN] #27 f1 addr=0x8001A65C ra=0x8001991C sp=0x801FFED0 a0=0x000000FF
[CALL-CHAIN] #28 f1 addr=0x80019958 ra=0x8001991C sp=0x801FFED0 a0=0x00000000
[BLACKSCREEN][RendererPresent] present=2 f=2 disp=(0,0 320x240) vis=320x240 uv=(0.000,0.000)-(1.000,1.000)
[frame 2]
[CALL-CHAIN] #29 f2 addr=0x80019844 ra=0x80010EA4 sp=0x801FFF00 a0=0x00000000
[FORCE-INTERP-DISPLAY] #4 f2 addr=0x80019844 w0=0x27BDFFD0 ra=0x80010EA4 a0=0x00000000 cb=0x8001A664
[CALL-CHAIN] #30 f2 addr=0x800198D0 ra=0x80010EA4 sp=0x801FFED0 a0=0x00000001
[CALL-CHAIN] #31 f2 addr=0x80019900 ra=0x80010EA4 sp=0x801FFED0 a0=0x00000001
[CALL-CHAIN] #32 f2 addr=0x8001A65C ra=0x8001991C sp=0x801FFED0 a0=0x00000000
[CALL-CHAIN] #33 f2 addr=0x80019894 ra=0x8001991C sp=0x801FFED0 a0=0x00000000
[CALL-CHAIN] #34 f2 addr=0x800198D0 ra=0x8001991C sp=0x801FFED0 a0=0x00000001
[CALL-CHAIN] #35 f2 addr=0x80019900 ra=0x8001991C sp=0x801FFED0 a0=0x00000001
[CALL-CHAIN] #36 f2 addr=0x8001A65C ra=0x8001991C sp=0x801FFED0 a0=0x00000000
[CALL-CHAIN] #37 f2 addr=0x80019894 ra=0x8001991C sp=0x801FFED0 a0=0x00000000
[CALL-CHAIN] #38 f2 addr=0x800198D0 ra=0x8001991C sp=0x801FFED0 a0=0x00000001
[CALL-CHAIN] #39 f2 addr=0x80019900 ra=0x8001991C sp=0x801FFED0 a0=0x00000001
[CALL-CHAIN] #40 f2 addr=0x8001A65C ra=0x8001991C sp=0x801FFED0 a0=0x00000000
[CALL-CHAIN] #41 f2 addr=0x80019894 ra=0x8001991C sp=0x801FFED0 a0=0x00000000
[CALL-CHAIN] #42 f2 addr=0x800198D0 ra=0x8001991C sp=0x801FFED0 a0=0x00000001
[CALL-CHAIN] #43 f2 addr=0x80019900 ra=0x8001991C sp=0x801FFED0 a0=0x00000001
[CALL-CHAIN] #44 f2 addr=0x8001A65C ra=0x8001991C sp=0x801FFED0 a0=0x00000000
[CALL-CHAIN] #45 f2 addr=0x80019958 ra=0x8001991C sp=0x801FFED0 a0=0x00000000
[BLACKSCREEN][RendererPresent] present=3 f=3 disp=(0,0 320x240) vis=320x240 uv=(0.000,0.000)-(1.000,1.000)
[frame 3]
[CALL-CHAIN] #46 f3 addr=0x80019844 ra=0x80010EA4 sp=0x801FFF00 a0=0x00000000
[FORCE-INTERP-DISPLAY] #5 f3 addr=0x80019844 w0=0x27BDFFD0 ra=0x80010EA4 a0=0x00000000 cb=0x8001A664
[CALL-CHAIN] #47 f3 addr=0x800198D0 ra=0x80010EA4 sp=0x801FFED0 a0=0x00000001
[CALL-CHAIN] #48 f3 addr=0x80019900 ra=0x80010EA4 sp=0x801FFED0 a0=0x00000001
[CALL-CHAIN] #49 f3 addr=0x8001A65C ra=0x8001991C sp=0x801FFED0 a0=0x00000000
[CALL-CHAIN] #50 f3 addr=0x80019894 ra=0x8001991C sp=0x801FFED0 a0=0x00000000
[CALL-CHAIN] #51 f3 addr=0x800198D0 ra=0x8001991C sp=0x801FFED0 a0=0x00000001
[CALL-CHAIN] #52 f3 addr=0x80019900 ra=0x8001991C sp=0x801FFED0 a0=0x00000001
[CALL-CHAIN] #53 f3 addr=0x8001A65C ra=0x8001991C sp=0x801FFED0 a0=0x00000000
[CALL-CHAIN] #54 f3 addr=0x80019894 ra=0x8001991C sp=0x801FFED0 a0=0x00000000
[CALL-CHAIN] #55 f3 addr=0x800198D0 ra=0x8001991C sp=0x801FFED0 a0=0x00000001
[CALL-CHAIN] #56 f3 addr=0x80019900 ra=0x8001991C sp=0x801FFED0 a0=0x00000001
[CALL-CHAIN] #57 f3 addr=0x8001A65C ra=0x8001991C sp=0x801FFED0 a0=0x00000000
[CALL-CHAIN] #58 f3 addr=0x80019894 ra=0x8001991C sp=0x801FFED0 a0=0x00000000
[CALL-CHAIN] #59 f3 addr=0x800198D0 ra=0x8001991C sp=0x801FFED0 a0=0x00000001
[CALL-CHAIN] #60 f3 addr=0x80019900 ra=0x8001991C sp=0x801FFED0 a0=0x00000001
[CALL-CHAIN] #61 f3 addr=0x8001A65C ra=0x8001991C sp=0x801FFED0 a0=0x00000000
[CALL-CHAIN] #62 f3 addr=0x80019958 ra=0x8001991C sp=0x801FFED0 a0=0x00000000
[BLACKSCREEN][RendererPresent] present=4 f=4 disp=(0,0 320x240) vis=320x240 uv=(0.000,0.000)-(1.000,1.000)
[frame 4]
[CALL-CHAIN] #63 f4 addr=0x80019844 ra=0x80010EA4 sp=0x801FFF00 a0=0x00000000
[FORCE-INTERP-DISPLAY] #6 f4 addr=0x80019844 w0=0x27BDFFD0 ra=0x80010EA4 a0=0x00000000 cb=0x8001A664
[CALL-CHAIN] #64 f4 addr=0x800198D0 ra=0x80010EA4 sp=0x801FFED0 a0=0x00000001
[CALL-CHAIN] #65 f4 addr=0x80019900 ra=0x80010EA4 sp=0x801FFED0 a0=0x00000001
[CALL-CHAIN] #66 f4 addr=0x8001A65C ra=0x8001991C sp=0x801FFED0 a0=0x00000000
[CALL-CHAIN] #67 f4 addr=0x80019894 ra=0x8001991C sp=0x801FFED0 a0=0x00000000
[CALL-CHAIN] #68 f4 addr=0x800198D0 ra=0x8001991C sp=0x801FFED0 a0=0x00000001
[CALL-CHAIN] #69 f4 addr=0x80019900 ra=0x8001991C sp=0x801FFED0 a0=0x00000001
[CALL-CHAIN] #70 f4 addr=0x8001A65C ra=0x8001991C sp=0x801FFED0 a0=0x00000000
[CALL-CHAIN] #71 f4 addr=0x80019894 ra=0x8001991C sp=0x801FFED0 a0=0x00000000
[CALL-CHAIN] #72 f4 addr=0x800198D0 ra=0x8001991C sp=0x801FFED0 a0=0x00000001
[CALL-CHAIN] #73 f4 addr=0x80019900 ra=0x8001991C sp=0x801FFED0 a0=0x00000001
[CALL-CHAIN] #74 f4 addr=0x8001A65C ra=0x8001991C sp=0x801FFED0 a0=0x00000000
[CALL-CHAIN] #75 f4 addr=0x80019894 ra=0x8001991C sp=0x801FFED0 a0=0x00000000
[CALL-CHAIN] #76 f4 addr=0x800198D0 ra=0x8001991C sp=0x801FFED0 a0=0x00000001
[CALL-CHAIN] #77 f4 addr=0x80019900 ra=0x8001991C sp=0x801FFED0 a0=0x00000001
[CALL-CHAIN] #78 f4 addr=0x8001A65C ra=0x8001991C sp=0x801FFED0 a0=0x00000000
[CALL-CHAIN] #79 f4 addr=0x80019958 ra=0x8001991C sp=0x801FFED0 a0=0x00000000
[BLACKSCREEN][RendererPresent] present=5 f=5 disp=(0,0 320x240) vis=320x240 uv=(0.000,0.000)-(1.000,1.000)
[frame 5]
[CALL-CHAIN] #80 f5 addr=0x80019844 ra=0x80010EA4 sp=0x801FFF00 a0=0x00000000
[FORCE-INTERP-DISPLAY] #7 f5 addr=0x80019844 w0=0x27BDFFD0 ra=0x80010EA4 a0=0x00000000 cb=0x8001A664
[CALL-CHAIN] #81 f5 addr=0x800198D0 ra=0x80010EA4 sp=0x801FFED0 a0=0x00000001
[CALL-CHAIN] #82 f5 addr=0x80019900 ra=0x80010EA4 sp=0x801FFED0 a0=0x00000001
[CALL-CHAIN] #83 f5 addr=0x8001A65C ra=0x8001991C sp=0x801FFED0 a0=0x00000000
[CALL-CHAIN] #84 f5 addr=0x80019894 ra=0x8001991C sp=0x801FFED0 a0=0x00000000
[CALL-CHAIN] #85 f5 addr=0x800198D0 ra=0x8001991C sp=0x801FFED0 a0=0x00000001
[CALL-CHAIN] #86 f5 addr=0x80019900 ra=0x8001991C sp=0x801FFED0 a0=0x00000001
[CALL-CHAIN] #87 f5 addr=0x8001A65C ra=0x8001991C sp=0x801FFED0 a0=0x00000000
[CALL-CHAIN] #88 f5 addr=0x80019894 ra=0x8001991C sp=0x801FFED0 a0=0x00000000
[CALL-CHAIN] #89 f5 addr=0x800198D0 ra=0x8001991C sp=0x801FFED0 a0=0x00000001
[CALL-CHAIN] #90 f5 addr=0x80019900 ra=0x8001991C sp=0x801FFED0 a0=0x00000001
[CALL-CHAIN] #91 f5 addr=0x8001A65C ra=0x8001991C sp=0x801FFED0 a0=0x00000000
[CALL-CHAIN] #92 f5 addr=0x80019894 ra=0x8001991C sp=0x801FFED0 a0=0x00000000
[CALL-CHAIN] #93 f5 addr=0x800198D0 ra=0x8001991C sp=0x801FFED0 a0=0x00000001
[CALL-CHAIN] #94 f5 addr=0x80019900 ra=0x8001991C sp=0x801FFED0 a0=0x00000001
[CALL-CHAIN] #95 f5 addr=0x8001A65C ra=0x8001991C sp=0x801FFED0 a0=0x00000000
[CALL-CHAIN] #96 f5 addr=0x80019958 ra=0x8001991C sp=0x801FFED0 a0=0x00000000
[BLACKSCREEN][RendererPresent] present=6 f=6 disp=(0,0 320x240) vis=320x240 uv=(0.000,0.000)-(1.000,1.000)
[CALL-CHAIN] #97 f6 addr=0x80019844 ra=0x80010EA4 sp=0x801FFF00 a0=0x00000000
[FORCE-INTERP-DISPLAY] #8 f6 addr=0x80019844 w0=0x27BDFFD0 ra=0x80010EA4 a0=0x00000000 cb=0x8001A664
[CALL-CHAIN] #98 f6 addr=0x800198D0 ra=0x80010EA4 sp=0x801FFED0 a0=0x00000001
[CALL-CHAIN] #99 f6 addr=0x80019900 ra=0x80010EA4 sp=0x801FFED0 a0=0x00000001
[CALL-CHAIN] #100 f6 addr=0x8001A65C ra=0x8001991C sp=0x801FFED0 a0=0x00000000
[CALL-CHAIN] #101 f6 addr=0x80019894 ra=0x8001991C sp=0x801FFED0 a0=0x00000000
[CALL-CHAIN] #102 f6 addr=0x800198D0 ra=0x8001991C sp=0x801FFED0 a0=0x00000001
[CALL-CHAIN] #103 f6 addr=0x80019900 ra=0x8001991C sp=0x801FFED0 a0=0x00000001
[CALL-CHAIN] #104 f6 addr=0x8001A65C ra=0x8001991C sp=0x801FFED0 a0=0x00000000
[CALL-CHAIN] #105 f6 addr=0x80019894 ra=0x8001991C sp=0x801FFED0 a0=0x00000000
[CALL-CHAIN] #106 f6 addr=0x800198D0 ra=0x8001991C sp=0x801FFED0 a0=0x00000001
[CALL-CHAIN] #107 f6 addr=0x80019900 ra=0x8001991C sp=0x801FFED0 a0=0x00000001
[CALL-CHAIN] #108 f6 addr=0x8001A65C ra=0x8001991C sp=0x801FFED0 a0=0x00000000
[CALL-CHAIN] #109 f6 addr=0x80019894 ra=0x8001991C sp=0x801FFED0 a0=0x00000000
[CALL-CHAIN] #110 f6 addr=0x800198D0 ra=0x8001991C sp=0x801FFED0 a0=0x00000001
[CALL-CHAIN] #111 f6 addr=0x80019900 ra=0x8001991C sp=0x801FFED0 a0=0x00000001
[CALL-CHAIN] #112 f6 addr=0x8001A65C ra=0x8001991C sp=0x801FFED0 a0=0x00000000
[CALL-CHAIN] #113 f6 addr=0x80019958 ra=0x8001991C sp=0x801FFED0 a0=0x00000000
[BLACKSCREEN][RendererPresent] present=7 f=7 disp=(0,0 320x240) vis=320x240 uv=(0.000,0.000)-(1.000,1.000)
[CALL-CHAIN] #114 f7 addr=0x80019844 ra=0x80010EA4 sp=0x801FFF00 a0=0x00000000
[FORCE-INTERP-DISPLAY] #9 f7 addr=0x80019844 w0=0x27BDFFD0 ra=0x80010EA4 a0=0x00000000 cb=0x8001A664
[CALL-CHAIN] #115 f7 addr=0x800198D0 ra=0x80010EA4 sp=0x801FFED0 a0=0x00000001
[CALL-CHAIN] #116 f7 addr=0x80019900 ra=0x80010EA4 sp=0x801FFED0 a0=0x00000001
[CALL-CHAIN] #117 f7 addr=0x8001A65C ra=0x8001991C sp=0x801FFED0 a0=0x00000000
[CALL-CHAIN] #118 f7 addr=0x80019894 ra=0x8001991C sp=0x801FFED0 a0=0x00000000
[CALL-CHAIN] #119 f7 addr=0x800198D0 ra=0x8001991C sp=0x801FFED0 a0=0x00000001
[CALL-CHAIN] #120 f7 addr=0x80019900 ra=0x8001991C sp=0x801FFED0 a0=0x00000001
[CALL-CHAIN] #121 f7 addr=0x8001A65C ra=0x8001991C sp=0x801FFED0 a0=0x00000000
[CALL-CHAIN] #122 f7 addr=0x80019894 ra=0x8001991C sp=0x801FFED0 a0=0x00000000
[CALL-CHAIN] #123 f7 addr=0x800198D0 ra=0x8001991C sp=0x801FFED0 a0=0x00000001
[CALL-CHAIN] #124 f7 addr=0x80019900 ra=0x8001991C sp=0x801FFED0 a0=0x00000001
[CALL-CHAIN] #125 f7 addr=0x8001A65C ra=0x8001991C sp=0x801FFED0 a0=0x00000000
[CALL-CHAIN] #126 f7 addr=0x80019894 ra=0x8001991C sp=0x801FFED0 a0=0x00000000
[CALL-CHAIN] #127 f7 addr=0x800198D0 ra=0x8001991C sp=0x801FFED0 a0=0x00000001
[CALL-CHAIN] #128 f7 addr=0x80019900 ra=0x8001991C sp=0x801FFED0 a0=0x00000001
[CALL-CHAIN] #129 f7 addr=0x8001A65C ra=0x8001991C sp=0x801FFED0 a0=0x00000000
[CALL-CHAIN] #130 f7 addr=0x80019958 ra=0x8001991C sp=0x801FFED0 a0=0x00000000
[BLACKSCREEN][RendererPresent] present=8 f=8 disp=(0,0 320x240) vis=320x240 uv=(0.000,0.000)-(1.000,1.000)
[CALL-CHAIN] #131 f8 addr=0x80019844 ra=0x80010EA4 sp=0x801FFF00 a0=0x00000000
[FORCE-INTERP-DISPLAY] #10 f8 addr=0x80019844 w0=0x27BDFFD0 ra=0x80010EA4 a0=0x00000000 cb=0x8001A664
[CALL-CHAIN] #132 f8 addr=0x800198D0 ra=0x80010EA4 sp=0x801FFED0 a0=0x00000001
[CALL-CHAIN] #133 f8 addr=0x80019900 ra=0x80010EA4 sp=0x801FFED0 a0=0x00000001
[CALL-CHAIN] #134 f8 addr=0x8001A65C ra=0x8001991C sp=0x801FFED0 a0=0x00000000
[CALL-CHAIN] #135 f8 addr=0x80019894 ra=0x8001991C sp=0x801FFED0 a0=0x00000000
[CALL-CHAIN] #136 f8 addr=0x800198D0 ra=0x8001991C sp=0x801FFED0 a0=0x00000001
[CALL-CHAIN] #137 f8 addr=0x80019900 ra=0x8001991C sp=0x801FFED0 a0=0x00000001
[CALL-CHAIN] #138 f8 addr=0x8001A65C ra=0x8001991C sp=0x801FFED0 a0=0x00000000
[CALL-CHAIN] #139 f8 addr=0x80019894 ra=0x8001991C sp=0x801FFED0 a0=0x00000000
[CALL-CHAIN] #140 f8 addr=0x800198D0 ra=0x8001991C sp=0x801FFED0 a0=0x00000001
[CALL-CHAIN] #141 f8 addr=0x80019900 ra=0x8001991C sp=0x801FFED0 a0=0x00000001
[CALL-CHAIN] #142 f8 addr=0x8001A65C ra=0x8001991C sp=0x801FFED0 a0=0x00000000
[CALL-CHAIN] #143 f8 addr=0x80019894 ra=0x8001991C sp=0x801FFED0 a0=0x00000000
[CALL-CHAIN] #144 f8 addr=0x800198D0 ra=0x8001991C sp=0x801FFED0 a0=0x00000001
[CALL-CHAIN] #145 f8 addr=0x80019900 ra=0x8001991C sp=0x801FFED0 a0=0x00000001
[CALL-CHAIN] #146 f8 addr=0x8001A65C ra=0x8001991C sp=0x801FFED0 a0=0x00000000
[CALL-CHAIN] #147 f8 addr=0x80019958 ra=0x8001991C sp=0x801FFED0 a0=0x00000000
[BLACKSCREEN][RendererPresent] present=9 f=9 disp=(0,0 320x240) vis=320x240 uv=(0.000,0.000)-(1.000,1.000)
[CALL-CHAIN] #148 f9 addr=0x80019844 ra=0x80010EA4 sp=0x801FFF00 a0=0x00000000
[FORCE-INTERP-DISPLAY] #11 f9 addr=0x80019844 w0=0x27BDFFD0 ra=0x80010EA4 a0=0x00000000 cb=0x8001A664
[CALL-CHAIN] #149 f9 addr=0x800198D0 ra=0x80010EA4 sp=0x801FFED0 a0=0x00000001
[CALL-CHAIN] #150 f9 addr=0x80019900 ra=0x80010EA4 sp=0x801FFED0 a0=0x00000001
[CALL-CHAIN] #151 f9 addr=0x8001A65C ra=0x8001991C sp=0x801FFED0 a0=0x00000000
[CALL-CHAIN] #152 f9 addr=0x80019894 ra=0x8001991C sp=0x801FFED0 a0=0x00000000
[CALL-CHAIN] #153 f9 addr=0x800198D0 ra=0x8001991C sp=0x801FFED0 a0=0x00000001
[CALL-CHAIN] #154 f9 addr=0x80019900 ra=0x8001991C sp=0x801FFED0 a0=0x00000001
[CALL-CHAIN] #155 f9 addr=0x8001A65C ra=0x8001991C sp=0x801FFED0 a0=0x00000000
[CALL-CHAIN] #156 f9 addr=0x80019894 ra=0x8001991C sp=0x801FFED0 a0=0x00000000
[CALL-CHAIN] #157 f9 addr=0x800198D0 ra=0x8001991C sp=0x801FFED0 a0=0x00000001
[CALL-CHAIN] #158 f9 addr=0x80019900 ra=0x8001991C sp=0x801FFED0 a0=0x00000001
[CALL-CHAIN] #159 f9 addr=0x8001A65C ra=0x8001991C sp=0x801FFED0 a0=0x00000000
[CALL-CHAIN] #160 f9 addr=0x80019894 ra=0x8001991C sp=0x801FFED0 a0=0x00000000
[CALL-CHAIN] #161 f9 addr=0x800198D0 ra=0x8001991C sp=0x801FFED0 a0=0x00000001
[CALL-CHAIN] #162 f9 addr=0x80019900 ra=0x8001991C sp=0x801FFED0 a0=0x00000001
[CALL-CHAIN] #163 f9 addr=0x8001A65C ra=0x8001991C sp=0x801FFED0 a0=0x00000000
[CALL-CHAIN] #164 f9 addr=0x80019958 ra=0x8001991C sp=0x801FFED0 a0=0x00000000
[BLACKSCREEN][RendererPresent] present=10 f=10 disp=(0,0 320x240) vis=320x240 uv=(0.000,0.000)-(1.000,1.000)
[CALL-CHAIN] #165 f10 addr=0x80019844 ra=0x80010EA4 sp=0x801FFF00 a0=0x00000000
[FORCE-INTERP-DISPLAY] #12 f10 addr=0x80019844 w0=0x27BDFFD0 ra=0x80010EA4 a0=0x00000000 cb=0x8001A664
[CALL-CHAIN] #166 f10 addr=0x800198D0 ra=0x80010EA4 sp=0x801FFED0 a0=0x00000001
[CALL-CHAIN] #167 f10 addr=0x80019900 ra=0x80010EA4 sp=0x801FFED0 a0=0x00000001
[CALL-CHAIN] #168 f10 addr=0x8001A65C ra=0x8001991C sp=0x801FFED0 a0=0x00000000
[CALL-CHAIN] #169 f10 addr=0x80019894 ra=0x8001991C sp=0x801FFED0 a0=0x00000000
[CALL-CHAIN] #170 f10 addr=0x800198D0 ra=0x8001991C sp=0x801FFED0 a0=0x00000001
[CALL-CHAIN] #171 f10 addr=0x80019900 ra=0x8001991C sp=0x801FFED0 a0=0x00000001
[CALL-CHAIN] #172 f10 addr=0x8001A65C ra=0x8001991C sp=0x801FFED0 a0=0x00000000
[CALL-CHAIN] #173 f10 addr=0x80019894 ra=0x8001991C sp=0x801FFED0 a0=0x00000000
[CALL-CHAIN] #174 f10 addr=0x800198D0 ra=0x8001991C sp=0x801FFED0 a0=0x00000001
[CALL-CHAIN] #175 f10 addr=0x80019900 ra=0x8001991C sp=0x801FFED0 a0=0x00000001
[CALL-CHAIN] #176 f10 addr=0x8001A65C ra=0x8001991C sp=0x801FFED0 a0=0x00000000
[CALL-CHAIN] #177 f10 addr=0x80019894 ra=0x8001991C sp=0x801FFED0 a0=0x00000000
[CALL-CHAIN] #178 f10 addr=0x800198D0 ra=0x8001991C sp=0x801FFED0 a0=0x00000001
[CALL-CHAIN] #179 f10 addr=0x80019900 ra=0x8001991C sp=0x801FFED0 a0=0x00000001
[CALL-CHAIN] #180 f10 addr=0x8001A65C ra=0x8001991C sp=0x801FFED0 a0=0x00000000
[CALL-CHAIN] #181 f10 addr=0x80019958 ra=0x8001991C sp=0x801FFED0 a0=0x00000000
[BLACKSCREEN][RendererPresent] present=11 f=11 disp=(0,0 320x240) vis=320x240 uv=(0.000,0.000)-(1.000,1.000)
[CALL-CHAIN] #182 f11 addr=0x80019844 ra=0x80010EA4 sp=0x801FFF00 a0=0x00000000
[FORCE-INTERP-DISPLAY] #13 f11 addr=0x80019844 w0=0x27BDFFD0 ra=0x80010EA4 a0=0x00000000 cb=0x8001A664
[CALL-CHAIN] #183 f11 addr=0x800198D0 ra=0x80010EA4 sp=0x801FFED0 a0=0x00000001
[CALL-CHAIN] #184 f11 addr=0x80019900 ra=0x80010EA4 sp=0x801FFED0 a0=0x00000001
[CALL-CHAIN] #185 f11 addr=0x8001A65C ra=0x8001991C sp=0x801FFED0 a0=0x00000000
[CALL-CHAIN] #186 f11 addr=0x80019894 ra=0x8001991C sp=0x801FFED0 a0=0x00000000
[CALL-CHAIN] #187 f11 addr=0x800198D0 ra=0x8001991C sp=0x801FFED0 a0=0x00000001
[CALL-CHAIN] #188 f11 addr=0x80019900 ra=0x8001991C sp=0x801FFED0 a0=0x00000001
[CALL-CHAIN] #189 f11 addr=0x8001A65C ra=0x8001991C sp=0x801FFED0 a0=0x00000000
[CALL-CHAIN] #190 f11 addr=0x80019894 ra=0x8001991C sp=0x801FFED0 a0=0x00000000
[CALL-CHAIN] #191 f11 addr=0x800198D0 ra=0x8001991C sp=0x801FFED0 a0=0x00000001
[CALL-CHAIN] #192 f11 addr=0x80019900 ra=0x8001991C sp=0x801FFED0 a0=0x00000001
[CALL-CHAIN] #193 f11 addr=0x8001A65C ra=0x8001991C sp=0x801FFED0 a0=0x00000000
[CALL-CHAIN] #194 f11 addr=0x80019894 ra=0x8001991C sp=0x801FFED0 a0=0x00000000
[CALL-CHAIN] #195 f11 addr=0x800198D0 ra=0x8001991C sp=0x801FFED0 a0=0x00000001
[CALL-CHAIN] #196 f11 addr=0x80019900 ra=0x8001991C sp=0x801FFED0 a0=0x00000001
[CALL-CHAIN] #197 f11 addr=0x8001A65C ra=0x8001991C sp=0x801FFED0 a0=0x00000000
[CALL-CHAIN] #198 f11 addr=0x80019958 ra=0x8001991C sp=0x801FFED0 a0=0x00000000
[BLACKSCREEN][RendererPresent] present=12 f=12 disp=(0,0 320x240) vis=320x240 uv=(0.000,0.000)-(1.000,1.000)
[CALL-CHAIN] #199 f12 addr=0x80019844 ra=0x80010EA4 sp=0x801FFF00 a0=0x00000000
[FORCE-INTERP-DISPLAY] #14 f12 addr=0x80019844 w0=0x27BDFFD0 ra=0x80010EA4 a0=0x00000000 cb=0x8001A664
[CALL-CHAIN] #200 f12 addr=0x800198D0 ra=0x80010EA4 sp=0x801FFED0 a0=0x00000001
[CALL-CHAIN] #201 f12 addr=0x80019900 ra=0x80010EA4 sp=0x801FFED0 a0=0x00000001
[CALL-CHAIN] #202 f12 addr=0x8001A65C ra=0x8001991C sp=0x801FFED0 a0=0x00000000
[CALL-CHAIN] #203 f12 addr=0x80019894 ra=0x8001991C sp=0x801FFED0 a0=0x00000000
[CALL-CHAIN] #204 f12 addr=0x800198D0 ra=0x8001991C sp=0x801FFED0 a0=0x00000001
[CALL-CHAIN] #205 f12 addr=0x80019900 ra=0x8001991C sp=0x801FFED0 a0=0x00000001
[CALL-CHAIN] #206 f12 addr=0x8001A65C ra=0x8001991C sp=0x801FFED0 a0=0x00000000
[CALL-CHAIN] #207 f12 addr=0x80019894 ra=0x8001991C sp=0x801FFED0 a0=0x00000000
[CALL-CHAIN] #208 f12 addr=0x800198D0 ra=0x8001991C sp=0x801FFED0 a0=0x00000001
[CALL-CHAIN] #209 f12 addr=0x80019900 ra=0x8001991C sp=0x801FFED0 a0=0x00000001
[CALL-CHAIN] #210 f12 addr=0x8001A65C ra=0x8001991C sp=0x801FFED0 a0=0x00000000
[CALL-CHAIN] #211 f12 addr=0x80019894 ra=0x8001991C sp=0x801FFED0 a0=0x00000000
[CALL-CHAIN] #212 f12 addr=0x800198D0 ra=0x8001991C sp=0x801FFED0 a0=0x00000001
[CALL-CHAIN] #213 f12 addr=0x80019900 ra=0x8001991C sp=0x801FFED0 a0=0x00000001
[CALL-CHAIN] #214 f12 addr=0x8001A65C ra=0x8001991C sp=0x801FFED0 a0=0x00000000
[CALL-CHAIN] #215 f12 addr=0x80019958 ra=0x8001991C sp=0x801FFED0 a0=0x00000000
[BLACKSCREEN][RendererPresent] present=13 f=13 disp=(0,0 320x240) vis=320x240 uv=(0.000,0.000)-(1.000,1.000)
[CALL-CHAIN] #216 f13 addr=0x80019844 ra=0x80010EA4 sp=0x801FFF00 a0=0x00000000
[FORCE-INTERP-DISPLAY] #15 f13 addr=0x80019844 w0=0x27BDFFD0 ra=0x80010EA4 a0=0x00000000 cb=0x8001A664
[CALL-CHAIN] #217 f13 addr=0x800198D0 ra=0x80010EA4 sp=0x801FFED0 a0=0x00000001
[CALL-CHAIN] #218 f13 addr=0x80019900 ra=0x80010EA4 sp=0x801FFED0 a0=0x00000001
[CALL-CHAIN] #219 f13 addr=0x8001A65C ra=0x8001991C sp=0x801FFED0 a0=0x00000000
[CALL-CHAIN] #220 f13 addr=0x80019894 ra=0x8001991C sp=0x801FFED0 a0=0x00000000
[CALL-CHAIN] #221 f13 addr=0x800198D0 ra=0x8001991C sp=0x801FFED0 a0=0x00000001
[CALL-CHAIN] #222 f13 addr=0x80019900 ra=0x8001991C sp=0x801FFED0 a0=0x00000001
[CALL-CHAIN] #223 f13 addr=0x8001A65C ra=0x8001991C sp=0x801FFED0 a0=0x00000000
[CALL-CHAIN] #224 f13 addr=0x80019894 ra=0x8001991C sp=0x801FFED0 a0=0x00000000
[CALL-CHAIN] #225 f13 addr=0x800198D0 ra=0x8001991C sp=0x801FFED0 a0=0x00000001
[CALL-CHAIN] #226 f13 addr=0x80019900 ra=0x8001991C sp=0x801FFED0 a0=0x00000001
[CALL-CHAIN] #227 f13 addr=0x8001A65C ra=0x8001991C sp=0x801FFED0 a0=0x00000000
[CALL-CHAIN] #228 f13 addr=0x80019894 ra=0x8001991C sp=0x801FFED0 a0=0x00000000
[CALL-CHAIN] #229 f13 addr=0x800198D0 ra=0x8001991C sp=0x801FFED0 a0=0x00000001
[CALL-CHAIN] #230 f13 addr=0x80019900 ra=0x8001991C sp=0x801FFED0 a0=0x00000001
[CALL-CHAIN] #231 f13 addr=0x8001A65C ra=0x8001991C sp=0x801FFED0 a0=0x00000000
[CALL-CHAIN] #232 f13 addr=0x80019958 ra=0x8001991C sp=0x801FFED0 a0=0x00000000
[BLACKSCREEN][RendererPresent] present=14 f=14 disp=(0,0 320x240) vis=320x240 uv=(0.000,0.000)-(1.000,1.000)
[CALL-CHAIN] #233 f14 addr=0x80019844 ra=0x80010EA4 sp=0x801FFF00 a0=0x00000000
[FORCE-INTERP-DISPLAY] #16 f14 addr=0x80019844 w0=0x27BDFFD0 ra=0x80010EA4 a0=0x00000000 cb=0x8001A664
[CALL-CHAIN] #234 f14 addr=0x800198D0 ra=0x80010EA4 sp=0x801FFED0 a0=0x00000001
[CALL-CHAIN] #235 f14 addr=0x80019900 ra=0x80010EA4 sp=0x801FFED0 a0=0x00000001
[CALL-CHAIN] #236 f14 addr=0x8001A65C ra=0x8001991C sp=0x801FFED0 a0=0x00000000
[CALL-CHAIN] #237 f14 addr=0x80019894 ra=0x8001991C sp=0x801FFED0 a0=0x00000000
[CALL-CHAIN] #238 f14 addr=0x800198D0 ra=0x8001991C sp=0x801FFED0 a0=0x00000001
[CALL-CHAIN] #239 f14 addr=0x80019900 ra=0x8001991C sp=0x801FFED0 a0=0x00000001
[CALL-CHAIN] #240 f14 addr=0x8001A65C ra=0x8001991C sp=0x801FFED0 a0=0x00000000
[CALL-CHAIN] #241 f14 addr=0x80019894 ra=0x8001991C sp=0x801FFED0 a0=0x00000000
[CALL-CHAIN] #242 f14 addr=0x800198D0 ra=0x8001991C sp=0x801FFED0 a0=0x00000001
[CALL-CHAIN] #243 f14 addr=0x80019900 ra=0x8001991C sp=0x801FFED0 a0=0x00000001
[CALL-CHAIN] #244 f14 addr=0x8001A65C ra=0x8001991C sp=0x801FFED0 a0=0x00000000
[CALL-CHAIN] #245 f14 addr=0x80019894 ra=0x8001991C sp=0x801FFED0 a0=0x00000000
[CALL-CHAIN] #246 f14 addr=0x800198D0 ra=0x8001991C sp=0x801FFED0 a0=0x00000001
[CALL-CHAIN] #247 f14 addr=0x80019900 ra=0x8001991C sp=0x801FFED0 a0=0x00000001
[CALL-CHAIN] #248 f14 addr=0x8001A65C ra=0x8001991C sp=0x801FFED0 a0=0x00000000
[CALL-CHAIN] #249 f14 addr=0x80019958 ra=0x8001991C sp=0x801FFED0 a0=0x00000000
[BLACKSCREEN][RendererPresent] present=15 f=15 disp=(0,0 320x240) vis=320x240 uv=(0.000,0.000)-(1.000,1.000)
[CALL-CHAIN] #250 f15 addr=0x80019844 ra=0x80010EA4 sp=0x801FFF00 a0=0x00000000
[FORCE-INTERP-DISPLAY] #17 f15 addr=0x80019844 w0=0x27BDFFD0 ra=0x80010EA4 a0=0x00000000 cb=0x8001A664
[CALL-CHAIN] #251 f15 addr=0x800198D0 ra=0x80010EA4 sp=0x801FFED0 a0=0x00000001
[CALL-CHAIN] #252 f15 addr=0x80019900 ra=0x80010EA4 sp=0x801FFED0 a0=0x00000001
[CALL-CHAIN] #253 f15 addr=0x8001A65C ra=0x8001991C sp=0x801FFED0 a0=0x00000000
[CALL-CHAIN] #254 f15 addr=0x80019894 ra=0x8001991C sp=0x801FFED0 a0=0x00000000
[CALL-CHAIN] #255 f15 addr=0x800198D0 ra=0x8001991C sp=0x801FFED0 a0=0x00000001
[CALL-CHAIN] #256 f15 addr=0x80019900 ra=0x8001991C sp=0x801FFED0 a0=0x00000001
[CALL-CHAIN] #257 f15 addr=0x8001A65C ra=0x8001991C sp=0x801FFED0 a0=0x00000000
[CALL-CHAIN] #258 f15 addr=0x80019894 ra=0x8001991C sp=0x801FFED0 a0=0x00000000
[CALL-CHAIN] #259 f15 addr=0x800198D0 ra=0x8001991C sp=0x801FFED0 a0=0x00000001
[CALL-CHAIN] #260 f15 addr=0x80019900 ra=0x8001991C sp=0x801FFED0 a0=0x00000001
[CALL-CHAIN] #261 f15 addr=0x8001A65C ra=0x8001991C sp=0x801FFED0 a0=0x00000000
[CALL-CHAIN] #262 f15 addr=0x80019894 ra=0x8001991C sp=0x801FFED0 a0=0x00000000
[CALL-CHAIN] #263 f15 addr=0x800198D0 ra=0x8001991C sp=0x801FFED0 a0=0x00000001
[CALL-CHAIN] #264 f15 addr=0x80019900 ra=0x8001991C sp=0x801FFED0 a0=0x00000001
[CALL-CHAIN] #265 f15 addr=0x8001A65C ra=0x8001991C sp=0x801FFED0 a0=0x00000000
[CALL-CHAIN] #266 f15 addr=0x80019958 ra=0x8001991C sp=0x801FFED0 a0=0x00000000
[BLACKSCREEN][RendererPresent] present=16 f=16 disp=(0,0 320x240) vis=320x240 uv=(0.000,0.000)-(1.000,1.000)
[CALL-CHAIN] #267 f16 addr=0x80019844 ra=0x80010EA4 sp=0x801FFF00 a0=0x00000000
[FORCE-INTERP-DISPLAY] #18 f16 addr=0x80019844 w0=0x27BDFFD0 ra=0x80010EA4 a0=0x00000000 cb=0x8001A664
[CALL-CHAIN] #268 f16 addr=0x800198D0 ra=0x80010EA4 sp=0x801FFED0 a0=0x00000001
[CALL-CHAIN] #269 f16 addr=0x80019900 ra=0x80010EA4 sp=0x801FFED0 a0=0x00000001
[CALL-CHAIN] #270 f16 addr=0x8001A65C ra=0x8001991C sp=0x801FFED0 a0=0x00000000
[CALL-CHAIN] #271 f16 addr=0x80019894 ra=0x8001991C sp=0x801FFED0 a0=0x00000000
[CALL-CHAIN] #272 f16 addr=0x800198D0 ra=0x8001991C sp=0x801FFED0 a0=0x00000001
[CALL-CHAIN] #273 f16 addr=0x80019900 ra=0x8001991C sp=0x801FFED0 a0=0x00000001
[CALL-CHAIN] #274 f16 addr=0x8001A65C ra=0x8001991C sp=0x801FFED0 a0=0x00000000
[CALL-CHAIN] #275 f16 addr=0x80019894 ra=0x8001991C sp=0x801FFED0 a0=0x00000000
[CALL-CHAIN] #276 f16 addr=0x800198D0 ra=0x8001991C sp=0x801FFED0 a0=0x00000001
[CALL-CHAIN] #277 f16 addr=0x80019900 ra=0x8001991C sp=0x801FFED0 a0=0x00000001
[CALL-CHAIN] #278 f16 addr=0x8001A65C ra=0x8001991C sp=0x801FFED0 a0=0x00000000
[CALL-CHAIN] #279 f16 addr=0x80019894 ra=0x8001991C sp=0x801FFED0 a0=0x00000000
[CALL-CHAIN] #280 f16 addr=0x800198D0 ra=0x8001991C sp=0x801FFED0 a0=0x00000001
[CALL-CHAIN] #281 f16 addr=0x80019900 ra=0x8001991C sp=0x801FFED0 a0=0x00000001
[CALL-CHAIN] #282 f16 addr=0x8001A65C ra=0x8001991C sp=0x801FFED0 a0=0x00000000
[CALL-CHAIN] #283 f16 addr=0x80019958 ra=0x8001991C sp=0x801FFED0 a0=0x00000000
[BLACKSCREEN][RendererPresent] present=17 f=17 disp=(0,0 320x240) vis=320x240 uv=(0.000,0.000)-(1.000,1.000)
[CALL-CHAIN] #284 f17 addr=0x80019844 ra=0x80010EA4 sp=0x801FFF00 a0=0x00000000
[FORCE-INTERP-DISPLAY] #19 f17 addr=0x80019844 w0=0x27BDFFD0 ra=0x80010EA4 a0=0x00000000 cb=0x8001A664
[CALL-CHAIN] #285 f17 addr=0x800198D0 ra=0x80010EA4 sp=0x801FFED0 a0=0x00000001
[CALL-CHAIN] #286 f17 addr=0x80019900 ra=0x80010EA4 sp=0x801FFED0 a0=0x00000001
[CALL-CHAIN] #287 f17 addr=0x8001A65C ra=0x8001991C sp=0x801FFED0 a0=0x00000000
[CALL-CHAIN] #288 f17 addr=0x80019894 ra=0x8001991C sp=0x801FFED0 a0=0x00000000
[CALL-CHAIN] #289 f17 addr=0x800198D0 ra=0x8001991C sp=0x801FFED0 a0=0x00000001
[CALL-CHAIN] #290 f17 addr=0x80019900 ra=0x8001991C sp=0x801FFED0 a0=0x00000001
[CALL-CHAIN] #291 f17 addr=0x8001A65C ra=0x8001991C sp=0x801FFED0 a0=0x00000000
[CALL-CHAIN] #292 f17 addr=0x80019894 ra=0x8001991C sp=0x801FFED0 a0=0x00000000
[CALL-CHAIN] #293 f17 addr=0x800198D0 ra=0x8001991C sp=0x801FFED0 a0=0x00000001
[CALL-CHAIN] #294 f17 addr=0x80019900 ra=0x8001991C sp=0x801FFED0 a0=0x00000001
[CALL-CHAIN] #295 f17 addr=0x8001A65C ra=0x8001991C sp=0x801FFED0 a0=0x00000000
[CALL-CHAIN] #296 f17 addr=0x80019894 ra=0x8001991C sp=0x801FFED0 a0=0x00000000
[CALL-CHAIN] #297 f17 addr=0x800198D0 ra=0x8001991C sp=0x801FFED0 a0=0x00000001
[CALL-CHAIN] #298 f17 addr=0x80019900 ra=0x8001991C sp=0x801FFED0 a0=0x00000001
[CALL-CHAIN] #299 f17 addr=0x8001A65C ra=0x8001991C sp=0x801FFED0 a0=0x00000000
[CALL-CHAIN] #300 f17 addr=0x80019958 ra=0x8001991C sp=0x801FFED0 a0=0x00000000
[BLACKSCREEN][RendererPresent] present=18 f=18 disp=(0,0 320x240) vis=320x240 uv=(0.000,0.000)-(1.000,1.000)
[CALL-CHAIN] #301 f18 addr=0x80019844 ra=0x80010EA4 sp=0x801FFF00 a0=0x00000000
[FORCE-INTERP-DISPLAY] #20 f18 addr=0x80019844 w0=0x27BDFFD0 ra=0x80010EA4 a0=0x00000000 cb=0x8001A664
[CALL-CHAIN] #302 f18 addr=0x8001A65C ra=0x8001991C sp=0x801FFED0 a0=0x00000000
[CALL-CHAIN] #303 f18 addr=0x8001A65C ra=0x8001991C sp=0x801FFED0 a0=0x00000000
[CALL-CHAIN] #304 f18 addr=0x8001A65C ra=0x8001991C sp=0x801FFED0 a0=0x00000000
[CALL-CHAIN] #305 f18 addr=0x8001A65C ra=0x8001991C sp=0x801FFED0 a0=0x00000000
[BLACKSCREEN][RendererPresent] present=19 f=19 disp=(0,0 320x240) vis=320x240 uv=(0.000,0.000)-(1.000,1.000)
[CALL-CHAIN] #306 f19 addr=0x80019844 ra=0x80010EA4 sp=0x801FFF00 a0=0x00000000
[CALL-CHAIN] #307 f19 addr=0x8001A65C ra=0x8001991C sp=0x801FFED0 a0=0x00000000
[CALL-CHAIN] #308 f19 addr=0x8001A65C ra=0x8001991C sp=0x801FFED0 a0=0x00000000
[CALL-CHAIN] #309 f19 addr=0x8001A65C ra=0x8001991C sp=0x801FFED0 a0=0x00000000
[CALL-CHAIN] #310 f19 addr=0x8001A65C ra=0x8001991C sp=0x801FFED0 a0=0x00000000
[BLACKSCREEN][RendererPresent] present=20 f=20 disp=(0,0 320x240) vis=320x240 uv=(0.000,0.000)-(1.000,1.000)
[CALL-CHAIN] #311 f20 addr=0x80019844 ra=0x80010EA4 sp=0x801FFF00 a0=0x00000000
[CALL-CHAIN] #312 f20 addr=0x8001A65C ra=0x8001991C sp=0x801FFED0 a0=0x00000000
[CALL-CHAIN] #313 f20 addr=0x8001A65C ra=0x8001991C sp=0x801FFED0 a0=0x00000000
[CALL-CHAIN] #314 f20 addr=0x8001A65C ra=0x8001991C sp=0x801FFED0 a0=0x00000000
[CALL-CHAIN] #315 f20 addr=0x8001A65C ra=0x8001991C sp=0x801FFED0 a0=0x00000000
[CALL-CHAIN] #316 f21 addr=0x80019844 ra=0x80010EA4 sp=0x801FFF00 a0=0x00000000
[CALL-CHAIN] #317 f21 addr=0x8001A65C ra=0x8001991C sp=0x801FFED0 a0=0x00000000
[CALL-CHAIN] #318 f21 addr=0x8001A65C ra=0x8001991C sp=0x801FFED0 a0=0x00000000
[CALL-CHAIN] #319 f21 addr=0x8001A65C ra=0x8001991C sp=0x801FFED0 a0=0x00000000
[CALL-CHAIN] #320 f21 addr=0x8001A65C ra=0x8001991C sp=0x801FFED0 a0=0x00000000
[CALL-CHAIN] #321 f22 addr=0x80019844 ra=0x80010EA4 sp=0x801FFF00 a0=0x00000000
[CALL-CHAIN] #322 f22 addr=0x8001A65C ra=0x8001991C sp=0x801FFED0 a0=0x00000000
[CALL-CHAIN] #323 f22 addr=0x8001A65C ra=0x8001991C sp=0x801FFED0 a0=0x00000000
[CALL-CHAIN] #324 f22 addr=0x8001A65C ra=0x8001991C sp=0x801FFED0 a0=0x00000000
[CALL-CHAIN] #325 f22 addr=0x8001A65C ra=0x8001991C sp=0x801FFED0 a0=0x00000000
[CALL-CHAIN] #326 f23 addr=0x80019844 ra=0x80010EA4 sp=0x801FFF00 a0=0x00000000
[CALL-CHAIN] #327 f23 addr=0x8001A65C ra=0x8001991C sp=0x801FFED0 a0=0x00000000
[CALL-CHAIN] #328 f23 addr=0x8001A65C ra=0x8001991C sp=0x801FFED0 a0=0x00000000
[CALL-CHAIN] #329 f23 addr=0x8001A65C ra=0x8001991C sp=0x801FFED0 a0=0x00000000
[CALL-CHAIN] #330 f23 addr=0x8001A65C ra=0x8001991C sp=0x801FFED0 a0=0x00000000
[CALL-CHAIN] #331 f24 addr=0x80019844 ra=0x80010EA4 sp=0x801FFF00 a0=0x00000000
[CALL-CHAIN] #332 f24 addr=0x8001A65C ra=0x8001991C sp=0x801FFED0 a0=0x00000000
[CALL-CHAIN] #333 f24 addr=0x8001A65C ra=0x8001991C sp=0x801FFED0 a0=0x00000000
[CALL-CHAIN] #334 f24 addr=0x8001A65C ra=0x8001991C sp=0x801FFED0 a0=0x00000000
[CALL-CHAIN] #335 f24 addr=0x8001A65C ra=0x8001991C sp=0x801FFED0 a0=0x00000000
[CALL-CHAIN] #336 f25 addr=0x80019844 ra=0x80010EA4 sp=0x801FFF00 a0=0x00000000
[CALL-CHAIN] #337 f25 addr=0x8001A65C ra=0x8001991C sp=0x801FFED0 a0=0x00000000
[CALL-CHAIN] #338 f25 addr=0x8001A65C ra=0x8001991C sp=0x801FFED0 a0=0x00000000
[CALL-CHAIN] #339 f25 addr=0x8001A65C ra=0x8001991C sp=0x801FFED0 a0=0x00000000
[CALL-CHAIN] #340 f25 addr=0x8001A65C ra=0x8001991C sp=0x801FFED0 a0=0x00000000
[CALL-CHAIN] #341 f26 addr=0x80019844 ra=0x80010EA4 sp=0x801FFF00 a0=0x00000000
[CALL-CHAIN] #342 f26 addr=0x8001A65C ra=0x8001991C sp=0x801FFED0 a0=0x00000000
[CALL-CHAIN] #343 f26 addr=0x8001A65C ra=0x8001991C sp=0x801FFED0 a0=0x00000000
[CALL-CHAIN] #344 f26 addr=0x8001A65C ra=0x8001991C sp=0x801FFED0 a0=0x00000000
[CALL-CHAIN] #345 f26 addr=0x8001A65C ra=0x8001991C sp=0x801FFED0 a0=0x00000000
[CALL-CHAIN] #346 f27 addr=0x80019844 ra=0x80010EA4 sp=0x801FFF00 a0=0x00000000
[CALL-CHAIN] #347 f27 addr=0x8001A65C ra=0x8001991C sp=0x801FFED0 a0=0x00000000
[CALL-CHAIN] #348 f27 addr=0x8001A65C ra=0x8001991C sp=0x801FFED0 a0=0x00000000
[CALL-CHAIN] #349 f27 addr=0x8001A65C ra=0x8001991C sp=0x801FFED0 a0=0x00000000
[CALL-CHAIN] #350 f27 addr=0x8001A65C ra=0x8001991C sp=0x801FFED0 a0=0x00000000
[CALL-CHAIN] #351 f28 addr=0x80019844 ra=0x80010EA4 sp=0x801FFF00 a0=0x00000000
[CALL-CHAIN] #352 f28 addr=0x8001A65C ra=0x8001991C sp=0x801FFED0 a0=0x00000000
[CALL-CHAIN] #353 f28 addr=0x8001A65C ra=0x8001991C sp=0x801FFED0 a0=0x00000000
[CALL-CHAIN] #354 f28 addr=0x8001A65C ra=0x8001991C sp=0x801FFED0 a0=0x00000000
[CALL-CHAIN] #355 f28 addr=0x8001A65C ra=0x8001991C sp=0x801FFED0 a0=0x00000000
[CALL-CHAIN] #356 f29 addr=0x80019844 ra=0x80010EA4 sp=0x801FFF00 a0=0x00000000
[CALL-CHAIN] #357 f29 addr=0x8001A65C ra=0x8001991C sp=0x801FFED0 a0=0x00000000
[CALL-CHAIN] #358 f29 addr=0x8001A65C ra=0x8001991C sp=0x801FFED0 a0=0x00000000
[CALL-CHAIN] #359 f29 addr=0x8001A65C ra=0x8001991C sp=0x801FFED0 a0=0x00000000
[CALL-CHAIN] #360 f29 addr=0x8001A65C ra=0x8001991C sp=0x801FFED0 a0=0x00000000
[CALL-CHAIN] #361 f30 addr=0x80019844 ra=0x80010EA4 sp=0x801FFF00 a0=0x00000000
[CALL-CHAIN] #362 f30 addr=0x8001A65C ra=0x8001991C sp=0x801FFED0 a0=0x00000000
[CALL-CHAIN] #363 f30 addr=0x8001A65C ra=0x8001991C sp=0x801FFED0 a0=0x00000000
[CALL-CHAIN] #364 f30 addr=0x8001A65C ra=0x8001991C sp=0x801FFED0 a0=0x00000000
[CALL-CHAIN] #365 f30 addr=0x8001A65C ra=0x8001991C sp=0x801FFED0 a0=0x00000000
[CALL-CHAIN] #366 f31 addr=0x80019844 ra=0x80010EA4 sp=0x801FFF00 a0=0x00000000
[CALL-CHAIN] #367 f31 addr=0x8001A65C ra=0x8001991C sp=0x801FFED0 a0=0x00000000
[CALL-CHAIN] #368 f31 addr=0x8001A65C ra=0x8001991C sp=0x801FFED0 a0=0x00000000
[CALL-CHAIN] #369 f31 addr=0x8001A65C ra=0x8001991C sp=0x801FFED0 a0=0x00000000
[CALL-CHAIN] #370 f31 addr=0x8001A65C ra=0x8001991C sp=0x801FFED0 a0=0x00000000
[CALL-CHAIN] #371 f32 addr=0x80019844 ra=0x80010EA4 sp=0x801FFF00 a0=0x00000000
[CALL-CHAIN] #372 f32 addr=0x8001A65C ra=0x8001991C sp=0x801FFED0 a0=0x00000000
[CALL-CHAIN] #373 f32 addr=0x8001A65C ra=0x8001991C sp=0x801FFED0 a0=0x00000000
[CALL-CHAIN] #374 f32 addr=0x8001A65C ra=0x8001991C sp=0x801FFED0 a0=0x00000000
[CALL-CHAIN] #375 f32 addr=0x8001A65C ra=0x8001991C sp=0x801FFED0 a0=0x00000000
[CALL-CHAIN] #376 f33 addr=0x80019844 ra=0x80010EA4 sp=0x801FFF00 a0=0x00000000
[CALL-CHAIN] #377 f33 addr=0x8001A65C ra=0x8001991C sp=0x801FFED0 a0=0x00000000
[CALL-CHAIN] #378 f33 addr=0x8001A65C ra=0x8001991C sp=0x801FFED0 a0=0x00000000
[CALL-CHAIN] #379 f33 addr=0x8001A65C ra=0x8001991C sp=0x801FFED0 a0=0x00000000
[CALL-CHAIN] #380 f33 addr=0x8001A65C ra=0x8001991C sp=0x801FFED0 a0=0x00000000
[CALL-CHAIN] #381 f34 addr=0x80019844 ra=0x80010EA4 sp=0x801FFF00 a0=0x00000000
[CALL-CHAIN] #382 f34 addr=0x8001A65C ra=0x8001991C sp=0x801FFED0 a0=0x00000000
[CALL-CHAIN] #383 f34 addr=0x8001A65C ra=0x8001991C sp=0x801FFED0 a0=0x00000000
[CALL-CHAIN] #384 f34 addr=0x8001A65C ra=0x8001991C sp=0x801FFED0 a0=0x00000000
[CALL-CHAIN] #385 f34 addr=0x8001A65C ra=0x8001991C sp=0x801FFED0 a0=0x00000000
[CALL-CHAIN] #386 f35 addr=0x80019844 ra=0x80010EA4 sp=0x801FFF00 a0=0x00000000
[CALL-CHAIN] #387 f35 addr=0x8001A65C ra=0x8001991C sp=0x801FFED0 a0=0x00000000
[CALL-CHAIN] #388 f35 addr=0x8001A65C ra=0x8001991C sp=0x801FFED0 a0=0x00000000
[CALL-CHAIN] #389 f35 addr=0x8001A65C ra=0x8001991C sp=0x801FFED0 a0=0x00000000
[CALL-CHAIN] #390 f35 addr=0x8001A65C ra=0x8001991C sp=0x801FFED0 a0=0x00000000
[CALL-CHAIN] #391 f36 addr=0x80019844 ra=0x80010EA4 sp=0x801FFF00 a0=0x00000000
[CALL-CHAIN] #392 f36 addr=0x8001A65C ra=0x8001991C sp=0x801FFED0 a0=0x00000000
[CALL-CHAIN] #393 f36 addr=0x8001A65C ra=0x8001991C sp=0x801FFED0 a0=0x00000000
[CALL-CHAIN] #394 f36 addr=0x8001A65C ra=0x8001991C sp=0x801FFED0 a0=0x00000000
[CALL-CHAIN] #395 f36 addr=0x8001A65C ra=0x8001991C sp=0x801FFED0 a0=0x00000000
[CALL-CHAIN] #396 f37 addr=0x80019844 ra=0x80010EA4 sp=0x801FFF00 a0=0x00000000
[CALL-CHAIN] #397 f37 addr=0x8001A65C ra=0x8001991C sp=0x801FFED0 a0=0x00000000
[CALL-CHAIN] #398 f37 addr=0x8001A65C ra=0x8001991C sp=0x801FFED0 a0=0x00000000
[CALL-CHAIN] #399 f37 addr=0x8001A65C ra=0x8001991C sp=0x801FFED0 a0=0x00000000
[CALL-CHAIN] #400 f37 addr=0x8001A65C ra=0x8001991C sp=0x801FFED0 a0=0x00000000
[CALL-CHAIN] #401 f38 addr=0x80019844 ra=0x80010EA4 sp=0x801FFF00 a0=0x00000000
[CALL-CHAIN] #402 f38 addr=0x8001A65C ra=0x8001991C sp=0x801FFED0 a0=0x00000000
[CALL-CHAIN] #403 f38 addr=0x8001A65C ra=0x8001991C sp=0x801FFED0 a0=0x00000000
[CALL-CHAIN] #404 f38 addr=0x8001A65C ra=0x8001991C sp=0x801FFED0 a0=0x00000000
[CALL-CHAIN] #405 f38 addr=0x8001A65C ra=0x8001991C sp=0x801FFED0 a0=0x00000000
[CALL-CHAIN] #406 f39 addr=0x80019844 ra=0x80010EA4 sp=0x801FFF00 a0=0x00000000
[CALL-CHAIN] #407 f39 addr=0x8001A65C ra=0x8001991C sp=0x801FFED0 a0=0x00000000
[CALL-CHAIN] #408 f39 addr=0x8001A65C ra=0x8001991C sp=0x801FFED0 a0=0x00000000
[CALL-CHAIN] #409 f39 addr=0x8001A65C ra=0x8001991C sp=0x801FFED0 a0=0x00000000
[CALL-CHAIN] #410 f39 addr=0x8001A65C ra=0x8001991C sp=0x801FFED0 a0=0x00000000
[CALL-CHAIN] #411 f40 addr=0x80019844 ra=0x80010EA4 sp=0x801FFF00 a0=0x00000000
[CALL-CHAIN] #412 f40 addr=0x8001A65C ra=0x8001991C sp=0x801FFED0 a0=0x00000000
[CALL-CHAIN] #413 f40 addr=0x8001A65C ra=0x8001991C sp=0x801FFED0 a0=0x00000000
[CALL-CHAIN] #414 f40 addr=0x8001A65C ra=0x8001991C sp=0x801FFED0 a0=0x00000000
[CALL-CHAIN] #415 f40 addr=0x8001A65C ra=0x8001991C sp=0x801FFED0 a0=0x00000000
[CALL-CHAIN] #416 f41 addr=0x80019844 ra=0x80010EA4 sp=0x801FFF00 a0=0x00000000
[CALL-CHAIN] #417 f41 addr=0x8001A65C ra=0x8001991C sp=0x801FFED0 a0=0x00000000
[CALL-CHAIN] #418 f41 addr=0x8001A65C ra=0x8001991C sp=0x801FFED0 a0=0x00000000
[CALL-CHAIN] #419 f41 addr=0x8001A65C ra=0x8001991C sp=0x801FFED0 a0=0x00000000
[CALL-CHAIN] #420 f41 addr=0x8001A65C ra=0x8001991C sp=0x801FFED0 a0=0x00000000
[CALL-CHAIN] #421 f42 addr=0x80019844 ra=0x80010EA4 sp=0x801FFF00 a0=0x00000000
[CALL-CHAIN] #422 f42 addr=0x8001A65C ra=0x8001991C sp=0x801FFED0 a0=0x00000000
[CALL-CHAIN] #423 f42 addr=0x8001A65C ra=0x8001991C sp=0x801FFED0 a0=0x00000000
[CALL-CHAIN] #424 f42 addr=0x8001A65C ra=0x8001991C sp=0x801FFED0 a0=0x00000000
[CALL-CHAIN] #425 f42 addr=0x8001A65C ra=0x8001991C sp=0x801FFED0 a0=0x00000000
[CALL-CHAIN] #426 f43 addr=0x80019844 ra=0x80010EA4 sp=0x801FFF00 a0=0x00000000
[CALL-CHAIN] #427 f43 addr=0x8001A65C ra=0x8001991C sp=0x801FFED0 a0=0x00000000
[CALL-CHAIN] #428 f43 addr=0x8001A65C ra=0x8001991C sp=0x801FFED0 a0=0x00000000
[CALL-CHAIN] #429 f43 addr=0x8001A65C ra=0x8001991C sp=0x801FFED0 a0=0x00000000
[CALL-CHAIN] #430 f43 addr=0x8001A65C ra=0x8001991C sp=0x801FFED0 a0=0x00000000
[CALL-CHAIN] #431 f44 addr=0x80019844 ra=0x80010EA4 sp=0x801FFF00 a0=0x00000000
[CALL-CHAIN] #432 f44 addr=0x8001A65C ra=0x8001991C sp=0x801FFED0 a0=0x00000000
[CALL-CHAIN] #433 f44 addr=0x8001A65C ra=0x8001991C sp=0x801FFED0 a0=0x00000000
[CALL-CHAIN] #434 f44 addr=0x8001A65C ra=0x8001991C sp=0x801FFED0 a0=0x00000000
[CALL-CHAIN] #435 f44 addr=0x8001A65C ra=0x8001991C sp=0x801FFED0 a0=0x00000000
[CALL-CHAIN] #436 f45 addr=0x80019844 ra=0x80010EA4 sp=0x801FFF00 a0=0x00000000
[CALL-CHAIN] #437 f45 addr=0x8001A65C ra=0x8001991C sp=0x801FFED0 a0=0x00000000
[CALL-CHAIN] #438 f45 addr=0x8001A65C ra=0x8001991C sp=0x801FFED0 a0=0x00000000
[CALL-CHAIN] #439 f45 addr=0x8001A65C ra=0x8001991C sp=0x801FFED0 a0=0x00000000
[CALL-CHAIN] #440 f45 addr=0x8001A65C ra=0x8001991C sp=0x801FFED0 a0=0x00000000
[CALL-CHAIN] #441 f46 addr=0x80019844 ra=0x80010EA4 sp=0x801FFF00 a0=0x00000000
[CALL-CHAIN] #442 f46 addr=0x8001A65C ra=0x8001991C sp=0x801FFED0 a0=0x00000000
[CALL-CHAIN] #443 f46 addr=0x8001A65C ra=0x8001991C sp=0x801FFED0 a0=0x00000000
[CALL-CHAIN] #444 f46 addr=0x8001A65C ra=0x8001991C sp=0x801FFED0 a0=0x00000000
[CALL-CHAIN] #445 f46 addr=0x8001A65C ra=0x8001991C sp=0x801FFED0 a0=0x00000000
[CALL-CHAIN] #446 f47 addr=0x80019844 ra=0x80010EA4 sp=0x801FFF00 a0=0x00000000
[CALL-CHAIN] #447 f47 addr=0x8001A65C ra=0x8001991C sp=0x801FFED0 a0=0x00000000
[CALL-CHAIN] #448 f47 addr=0x8001A65C ra=0x8001991C sp=0x801FFED0 a0=0x00000000
[CALL-CHAIN] #449 f47 addr=0x8001A65C ra=0x8001991C sp=0x801FFED0 a0=0x00000000
[CALL-CHAIN] #450 f47 addr=0x8001A65C ra=0x8001991C sp=0x801FFED0 a0=0x00000000
[CALL-CHAIN] #451 f48 addr=0x80019844 ra=0x80010EA4 sp=0x801FFF00 a0=0x00000000
[CALL-CHAIN] #452 f48 addr=0x8001A65C ra=0x8001991C sp=0x801FFED0 a0=0x00000000
[CALL-CHAIN] #453 f48 addr=0x8001A65C ra=0x8001991C sp=0x801FFED0 a0=0x00000000
[CALL-CHAIN] #454 f48 addr=0x8001A65C ra=0x8001991C sp=0x801FFED0 a0=0x00000000
[CALL-CHAIN] #455 f48 addr=0x8001A65C ra=0x8001991C sp=0x801FFED0 a0=0x00000000
[CALL-CHAIN] #456 f49 addr=0x80019844 ra=0x80010EA4 sp=0x801FFF00 a0=0x00000000
[CALL-CHAIN] #457 f49 addr=0x8001A65C ra=0x8001991C sp=0x801FFED0 a0=0x00000000
[CALL-CHAIN] #458 f49 addr=0x8001A65C ra=0x8001991C sp=0x801FFED0 a0=0x00000000
[CALL-CHAIN] #459 f49 addr=0x8001A65C ra=0x8001991C sp=0x801FFED0 a0=0x00000000
[CALL-CHAIN] #460 f49 addr=0x8001A65C ra=0x8001991C sp=0x801FFED0 a0=0x00000000
[CALL-CHAIN] #461 f50 addr=0x80019844 ra=0x80010EA4 sp=0x801FFF00 a0=0x00000000
[CALL-CHAIN] #462 f50 addr=0x8001A65C ra=0x8001991C sp=0x801FFED0 a0=0x00000000
[CALL-CHAIN] #463 f50 addr=0x8001A65C ra=0x8001991C sp=0x801FFED0 a0=0x00000000
[CALL-CHAIN] #464 f50 addr=0x8001A65C ra=0x8001991C sp=0x801FFED0 a0=0x00000000
[CALL-CHAIN] #465 f50 addr=0x8001A65C ra=0x8001991C sp=0x801FFED0 a0=0x00000000
[CALL-CHAIN] #466 f51 addr=0x80019844 ra=0x80010EA4 sp=0x801FFF00 a0=0x00000000
[CALL-CHAIN] #467 f51 addr=0x8001A65C ra=0x8001991C sp=0x801FFED0 a0=0x00000000
[CALL-CHAIN] #468 f51 addr=0x8001A65C ra=0x8001991C sp=0x801FFED0 a0=0x00000000
[CALL-CHAIN] #469 f51 addr=0x8001A65C ra=0x8001991C sp=0x801FFED0 a0=0x00000000
[CALL-CHAIN] #470 f51 addr=0x8001A65C ra=0x8001991C sp=0x801FFED0 a0=0x00000000
[CALL-CHAIN] #471 f52 addr=0x80019844 ra=0x80010EA4 sp=0x801FFF00 a0=0x00000000
[CALL-CHAIN] #472 f52 addr=0x8001A65C ra=0x8001991C sp=0x801FFED0 a0=0x00000000
[CALL-CHAIN] #473 f52 a