[Launcher] Disc: C:\Users\Leona\Documents\GitHub\psxrecomp\CastlevaniaRecomp\isos\Castlevania - Symphony of the Night (USA).cue
=== PSXRecomp v2 ===
EXE: C:\Users\Leona\Documents\GitHub\psxrecomp\CastlevaniaRecomp\isos\SLUS_000.67
CUE: C:\Users\Leona\Documents\GitHub\psxrecomp\CastlevaniaRecomp\isos\Castlevania - Symphony of the Night (USA).cue

[KeyConfig] Loading from C:/Users/Leona/Documents/GitHub/psxrecomp/CastlevaniaRecomp/build/keyconfig.ini
[XA] Volume set to 50%
[KeyConfig] UP=265 DOWN=264 CROSS=83 START=257
[XA] Opened C:\Users\Leona\Documents\GitHub\psxrecomp\CastlevaniaRecomp\isos\Castlevania - Symphony of the Night (USA) (Track 1).bin
[XA] WAV capture: C:/temp/xa_capture.wav (up to 30s)
[XA] Audio ready (decode 37800 Hz → waveOut 44100 Hz)
[FMV] Opened C:\Users\Leona\Documents\GitHub\psxrecomp\CastlevaniaRecomp\isos\Castlevania - Symphony of the Night (USA) (Track 1).bin
[SPU] Initialised — 24 voices, 44100 Hz stereo
Detected PS-X header, skipping 2048 bytes
Loaded 561152 bytes
[RUNTIME] PSX_FORCE_INTERP_8006=1 (force interp for 0x80060000-0x80097FFF)
[RUNTIME] PSX_FORCE_INTERP_DISPLAY_LOOP=1 (interp for 0x80019844/0x8001A110)
[RUNTIME] PSX_FORCE_CV_DISP_CB=1 (seed RAM[0x80032AB0]=0x8001A664 when null)
[RUNTIME] PSX_FORCE_CV_DIRECT_CB=1 (direct callback from 0x80019844)
[RUNTIME] PSX_FORCE_INTERP_DISPLAY_CLUSTER=1 (interp 0x8001A664..0x8001AB3F)
[RUNTIME] PSX_TRACE_CALL_CHAIN=1
[RUNTIME] PSX_TRACE_GPU_PATH=1
Loaded into PS1 RAM at 0x80010000
[OpenGLRenderer] Initialize() called
[OpenGLRenderer] InitializeWindow() - Creating GLFW window...
[OpenGLRenderer] GLFW window created successfully (960x720)
[OpenGLRenderer] InitializeOpenGL() - Loading OpenGL functions...
[OpenGLRenderer] OpenGL initialized successfully!
[OpenGLRenderer]   Version:  3.3.0 - Build 31.0.101.5522
[OpenGLRenderer]   Renderer: Intel(R) Iris(R) Xe Graphics
[OpenGLRenderer]   Vendor:   Intel
[OpenGLRenderer] OpenGL 3.3 Core Profile ready
[OpenGLRenderer] InitializeShaders() - Compiling shaders...
[OpenGLRenderer]   - Primitive shader compiled (program ID: 3)
[OpenGLRenderer]   - Textured shader compiled (program ID: 4)
[OpenGLRenderer]   - Fill shader compiled (program ID: 5)
[OpenGLRenderer]   - Copy shader compiled (program ID: 6)
[OpenGLRenderer] All 4 shaders compiled successfully!
[OpenGLRenderer] InitializeBuffers() - Creating VAO and VBO...
[OpenGLRenderer] VAO and VBO created (max 4096 vertices per batch)
[OpenGLRenderer] InitializeVRAM() - Creating VRAM texture and FBO...
[OpenGLRenderer] VRAM texture created (1024x512, RGB5A1, 1024 KB)
[OpenGLRenderer] VRAM FBO created and verified (complete)
[OpenGLRenderer] Initialization complete!
Renderer ready

Calling entry point 0x80010DF4...
[CALL-CHAIN] #1 f0 addr=0x80010DF4 ra=0x00000000 sp=0x801FFF00 a0=0x00000000
[CALLEE-FIX] #1 f0 call_by_address(0x80010DF4) sp:801FFF00->80200000 s0:00000000->00000000 s1:00000000->00000000 — restoring
Entry point returned.
[BLACKSCREEN] Manual display bootstrap disabled by env PSX_BLACKSCREEN_MANUAL_DISPLAY_ENTRY=off
[BLACKSCREEN] Skipping bootstrap entry 0x80010DFC (set PSX_TRY_REAL_ENTRY=1 to enable)
[BLACKSCREEN] Enabling display pump fallback at 0x80019844
[CALL-CHAIN] #2 f0 addr=0x80019844 ra=0x80010EA4 sp=0x801FFF00 a0=0x800988A4
[FORCE-INTERP-DISPLAY] #1 f0 addr=0x80019844 w0=0x27BDFFD0 ra=0x80010EA4 a0=0x800988A4 cb=0x00000000
[RAM-19844] 98D0=0x1220000B 98E0=0x10400007 98E4=0x34040002 98F0=0x0C006997 98F8=0x1440000A
[RAM-19844-JALR] none in 0x19844-0x19987
[CALL-CHAIN] #3 f0 addr=0x800198D0 ra=0x80010EA4 sp=0x801FFED0 a0=0x00000001
[CALL-CHAIN] #4 f0 addr=0x8001A65C ra=0x800198F8 sp=0x801FFED0 a0=0x00000002
[CALL-CHAIN] #5 f0 addr=0x8001A65C ra=0x8001991C sp=0x801FFED0 a0=0x000000A4
[CALL-CHAIN] #6 f0 addr=0x8001993C ra=0x8001991C sp=0x801FFED0 a0=0x000000A4
[CALL-CHAIN] #7 f0 addr=0x8001A110 ra=0x8001994C sp=0x801FFED0 a0=0x00000000
[FORCE-CV-DISP-CB] f0 seeded cb=0x8001A664
[FORCE-INTERP-DISPLAY] #2 f0 addr=0x8001A110 w0=0x27BDFFC8 ra=0x8001994C a0=0x00000000 cb=0x8001A664
[CALL-CHAIN] #8 f0 addr=0x80015308 ra=0x8001A144 sp=0x801FFE98 a0=0xFFFFFFFF
[CALL-CHAIN] #9 f0 addr=0x80015308 ra=0x8001A184 sp=0x801FFE98 a0=0xFFFFFFFF
[CALL-CHAIN] #10 f0 addr=0x8001A238 ra=0x8001A184 sp=0x801FFE98 a0=0xFFFFFFFF
[SKIP-A110-RECURSE] #1 f0 addr=0x8001A238 ra=0x8001A184 a0=0xFFFFFFFF
[CALLEE-FIX] #2 f0 call_by_address(0x8001A110) sp:801FFED0->801FFE98 s0:00000003->00000003 s1:0015F760->0015F760 — restoring
[CALL-CHAIN] #11 f0 addr=0x8001995C ra=0x8001A184 sp=0x801FFED0 a0=0xFFFFFFFF
[FORCE-CV-DIRECT-CB] #1 f0 cb=0x8001A664 in_a0=0x800988A4 in_a1=0x0015F760 in_a2=0x00000000
[CALL-CHAIN] #12 f0 addr=0x8001A664 ra=0x80010EA4 sp=0x801FFF00 a0=0x00000001
[FORCE-INTERP-DISPLAY] #3 f0 addr=0x8001A664 w0=0x27BDFFB0 ra=0x80010EA4 a0=0x00000001 cb=0x8001A664
[CALL-CHAIN] #13 f0 addr=0x8001A6C8 ra=0x80010EA4 sp=0x801FFEB0 a0=0x00000001
[FORCE-INTERP-DISP-CLUSTER] #1 f0 addr=0x8001A6C8 w0=0x326200FF ra=0x80010EA4
[CALL-CHAIN] #14 f0 addr=0x8001A728 ra=0x80010EA4 sp=0x801FFEB0 a0=0x00000000
[FORCE-INTERP-DISP-CLUSTER] #2 f0 addr=0x8001A728 w0=0x0C006844 ra=0x80010EA4
[CALL-CHAIN] #15 f0 addr=0x8001A110 ra=0x8001A730 sp=0x801FFEB0 a0=0x00000000
[FORCE-INTERP-DISPLAY] #4 f0 addr=0x8001A110 w0=0x27BDFFC8 ra=0x8001A730 a0=0x00000000 cb=0x8001A664
[CALL-CHAIN] #16 f0 addr=0x80015308 ra=0x8001A144 sp=0x801FFE78 a0=0xFFFFFFFF
[CALL-CHAIN] #17 f0 addr=0x80015308 ra=0x8001A184 sp=0x801FFE78 a0=0xFFFFFFFF
[CALL-CHAIN] #18 f0 addr=0x8001A238 ra=0x8001A184 sp=0x801FFE78 a0=0xFFFFFFFF
[SKIP-A110-RECURSE] #2 f0 addr=0x8001A238 ra=0x8001A184 a0=0xFFFFFFFF
[CALLEE-FIX] #3 f0 call_by_address(0x8001A110) sp:801FFEB0->801FFE78 s0:00000000->00000000 s1:00000000->00000000 — restoring
[CALL-CHAIN] #19 f0 addr=0x8001A764 ra=0x8001A184 sp=0x801FFEB0 a0=0x00000000
[FORCE-INTERP-DISP-CLUSTER] #3 f0 addr=0x8001A764 w0=0x3C028003 ra=0x8001A184
[CALL-CHAIN] #20 f0 addr=0x8001A79C ra=0x8001A184 sp=0x801FFEB0 a0=0x00000004
[FORCE-INTERP-DISP-CLUSTER] #4 f0 addr=0x8001A79C w0=0x3C028003 ra=0x8001A184
[CALL-CHAIN] #21 f0 addr=0x8001A7F4 ra=0x8001A184 sp=0x801FFEB0 a0=0x00000000
[FORCE-INTERP-DISP-CLUSTER] #5 f0 addr=0x8001A7F4 w0=0x3C028003 ra=0x8001A184
[CALL-CHAIN] #22 f0 addr=0x80015308 ra=0x8001A818 sp=0x801FFEB0 a0=0xFFFFFFFF
[CALL-CHAIN] #23 f0 addr=0x80015308 ra=0x8001A868 sp=0x801FFEB0 a0=0xFFFFFFFF
[CALL-CHAIN] #24 f0 addr=0x8001A91C ra=0x8001A868 sp=0x801FFEB0 a0=0xFFFFFFFF
[FORCE-INTERP-DISP-CLUSTER] #6 f0 addr=0x8001A91C w0=0x00001021 ra=0x8001A868
[CALL-CHAIN] #25 f0 addr=0x80015650 ra=0x8001A930 sp=0x801FFEB0 a0=0xFFFFFFFF
[CALL-CHAIN] #26 f0 addr=0x8001A9E0 ra=0x8001A930 sp=0x801FFEB0 a0=0xFFFFFFFF
[FORCE-INTERP-DISP-CLUSTER] #7 f0 addr=0x8001A9E0 w0=0x92420000 ra=0x8001A930
[CALL-CHAIN] #27 f0 addr=0x8001A860 ra=0x8001A930 sp=0x801FFEB0 a0=0xFFFFFFFF
[FORCE-INTERP-DISP-CLUSTER] #8 f0 addr=0x8001A860 w0=0x0C0054C2 ra=0x8001A930
[CALL-CHAIN] #28 f0 addr=0x80015308 ra=0x8001A868 sp=0x801FFEB0 a0=0xFFFFFFFF
[CALL-CHAIN] #29 f0 addr=0x8001A91C ra=0x8001A868 sp=0x801FFEB0 a0=0xFFFFFFFF
[FORCE-INTERP-DISP-CLUSTER] #9 f0 addr=0x8001A91C w0=0x00001021 ra=0x8001A868
[CALL-CHAIN] #30 f0 addr=0x80015650 ra=0x8001A930 sp=0x801FFEB0 a0=0xFFFFFFFF
[CALL-CHAIN] #31 f0 addr=0x8001A9E0 ra=0x8001A930 sp=0x801FFEB0 a0=0xFFFFFFFF
[FORCE-INTERP-DISP-CLUSTER] #10 f0 addr=0x8001A9E0 w0=0x92420000 ra=0x8001A930
[CALL-CHAIN] #32 f0 addr=0x8001A860 ra=0x8001A930 sp=0x801FFEB0 a0=0xFFFFFFFF
[FORCE-INTERP-DISP-CLUSTER] #11 f0 addr=0x8001A860 w0=0x0C0054C2 ra=0x8001A930
[CALL-CHAIN] #33 f0 addr=0x80015308 ra=0x8001A868 sp=0x801FFEB0 a0=0xFFFFFFFF
[CALL-CHAIN] #34 f0 addr=0x8001A91C ra=0x8001A868 sp=0x801FFEB0 a0=0xFFFFFFFF
[FORCE-INTERP-DISP-CLUSTER] #12 f0 addr=0x8001A91C w0=0x00001021 ra=0x8001A868
[CALL-CHAIN] #35 f0 addr=0x80015650 ra=0x8001A930 sp=0x801FFEB0 a0=0xFFFFFFFF
[CALL-CHAIN] #36 f0 addr=0x8001A9E0 ra=0x8001A930 sp=0x801FFEB0 a0=0xFFFFFFFF
[FORCE-INTERP-DISP-CLUSTER] #13 f0 addr=0x8001A9E0 w0=0x92420000 ra=0x8001A930
[CALL-CHAIN] #37 f0 addr=0x8001A860 ra=0x8001A930 sp=0x801FFEB0 a0=0xFFFFFFFF
[FORCE-INTERP-DISP-CLUSTER] #14 f0 addr=0x8001A860 w0=0x0C0054C2 ra=0x8001A930
[CALL-CHAIN] #38 f0 addr=0x80015308 ra=0x8001A868 sp=0x801FFEB0 a0=0xFFFFFFFF
[CALL-CHAIN] #39 f0 addr=0x8001A91C ra=0x8001A868 sp=0x801FFEB0 a0=0xFFFFFFFF
[FORCE-INTERP-DISP-CLUSTER] #15 f0 addr=0x8001A91C w0=0x00001021 ra=0x8001A868
[CALL-CHAIN] #40 f0 addr=0x80015650 ra=0x8001A930 sp=0x801FFEB0 a0=0xFFFFFFFF
[CALL-CHAIN] #41 f0 addr=0x8001A9E0 ra=0x8001A930 sp=0x801FFEB0 a0=0xFFFFFFFF
[FORCE-INTERP-DISP-CLUSTER] #16 f0 addr=0x8001A9E0 w0=0x92420000 ra=0x8001A930
[CALL-CHAIN] #42 f0 addr=0x8001A860 ra=0x8001A930 sp=0x801FFEB0 a0=0xFFFFFFFF
[FORCE-INTERP-DISP-CLUSTER] #17 f0 addr=0x8001A860 w0=0x0C0054C2 ra=0x8001A930
[CALL-CHAIN] #43 f0 addr=0x80015308 ra=0x8001A868 sp=0x801FFEB0 a0=0xFFFFFFFF
[CALL-CHAIN] #44 f0 addr=0x8001A91C ra=0x8001A868 sp=0x801FFEB0 a0=0xFFFFFFFF
[FORCE-INTERP-DISP-CLUSTER] #18 f0 addr=0x8001A91C w0=0x00001021 ra=0x8001A868
[CALL-CHAIN] #45 f0 addr=0x80015650 ra=0x8001A930 sp=0x801FFEB0 a0=0xFFFFFFFF
[CALL-CHAIN] #46 f0 addr=0x8001A9E0 ra=0x8001A930 sp=0x801FFEB0 a0=0xFFFFFFFF
[FORCE-INTERP-DISP-CLUSTER] #19 f0 addr=0x8001A9E0 w0=0x92420000 ra=0x8001A930
[CALL-CHAIN] #47 f0 addr=0x8001A860 ra=0x8001A930 sp=0x801FFEB0 a0=0xFFFFFFFF
[FORCE-INTERP-DISP-CLUSTER] #20 f0 addr=0x8001A860 w0=0x0C0054C2 ra=0x8001A930
[CALL-CHAIN] #48 f0 addr=0x80015308 ra=0x8001A868 sp=0x801FFEB0 a0=0xFFFFFFFF
[CALL-CHAIN] #49 f0 addr=0x8001A91C ra=0x8001A868 sp=0x801FFEB0 a0=0xFFFFFFFF
[FORCE-INTERP-DISP-CLUSTER] #21 f0 addr=0x8001A91C w0=0x00001021 ra=0x8001A868
[CALL-CHAIN] #50 f0 addr=0x80015650 ra=0x8001A930 sp=0x801FFEB0 a0=0xFFFFFFFF
[CALL-CHAIN] #51 f0 addr=0x8001A9E0 ra=0x8001A930 sp=0x801FFEB0 a0=0xFFFFFFFF
[FORCE-INTERP-DISP-CLUSTER] #22 f0 addr=0x8001A9E0 w0=0x92420000 ra=0x8001A930
[CALL-CHAIN] #52 f0 addr=0x8001A860 ra=0x8001A930 sp=0x801FFEB0 a0=0xFFFFFFFF
[FORCE-INTERP-DISP-CLUSTER] #23 f0 addr=0x8001A860 w0=0x0C0054C2 ra=0x8001A930
[CALL-CHAIN] #53 f0 addr=0x80015308 ra=0x8001A868 sp=0x801FFEB0 a0=0xFFFFFFFF
[CALL-CHAIN] #54 f0 addr=0x8001A91C ra=0x8001A868 sp=0x801FFEB0 a0=0xFFFFFFFF
[FORCE-INTERP-DISP-CLUSTER] #24 f0 addr=0x8001A91C w0=0x00001021 ra=0x8001A868
[CALL-CHAIN] #55 f0 addr=0x80015650 ra=0x8001A930 sp=0x801FFEB0 a0=0xFFFFFFFF
[CALL-CHAIN] #56 f0 addr=0x8001A9E0 ra=0x8001A930 sp=0x801FFEB0 a0=0xFFFFFFFF
[FORCE-INTERP-DISP-CLUSTER] #25 f0 addr=0x8001A9E0 w0=0x92420000 ra=0x8001A930
[CALL-CHAIN] #57 f0 addr=0x8001A860 ra=0x8001A930 sp=0x801FFEB0 a0=0xFFFFFFFF
[FORCE-INTERP-DISP-CLUSTER] #26 f0 addr=0x8001A860 w0=0x0C0054C2 ra=0x8001A930
[CALL-CHAIN] #58 f0 addr=0x80015308 ra=0x8001A868 sp=0x801FFEB0 a0=0xFFFFFFFF
[CALL-CHAIN] #59 f0 addr=0x8001A91C ra=0x8001A868 sp=0x801FFEB0 a0=0xFFFFFFFF
[FORCE-INTERP-DISP-CLUSTER] #27 f0 addr=0x8001A91C w0=0x00001021 ra=0x8001A868
[CALL-CHAIN] #60 f0 addr=0x80015650 ra=0x8001A930 sp=0x801FFEB0 a0=0xFFFFFFFF
[CALL-CHAIN] #61 f0 addr=0x8001A9E0 ra=0x8001A930 sp=0x801FFEB0 a0=0xFFFFFFFF
[FORCE-INTERP-DISP-CLUSTER] #28 f0 addr=0x8001A9E0 w0=0x92420000 ra=0x8001A930
[CALL-CHAIN] #62 f0 addr=0x8001A860 ra=0x8001A930 sp=0x801FFEB0 a0=0xFFFFFFFF
[FORCE-INTERP-DISP-CLUSTER] #29 f0 addr=0x8001A860 w0=0x0C0054C2 ra=0x8001A930
[CALL-CHAIN] #63 f0 addr=0x80015308 ra=0x8001A868 sp=0x801FFEB0 a0=0xFFFFFFFF
[CALL-CHAIN] #64 f0 addr=0x8001A91C ra=0x8001A868 sp=0x801FFEB0 a0=0xFFFFFFFF
[FORCE-INTERP-DISP-CLUSTER] #30 f0 addr=0x8001A91C w0=0x00001021 ra=0x8001A868
[CALL-CHAIN] #65 f0 addr=0x80015650 ra=0x8001A930 sp=0x801FFEB0 a0=0xFFFFFFFF
[CALL-CHAIN] #66 f0 addr=0x8001A9E0 ra=0x8001A930 sp=0x801FFEB0 a0=0xFFFFFFFF
[CALL-CHAIN] #67 f0 addr=0x8001A860 ra=0x8001A930 sp=0x801FFEB0 a0=0xFFFFFFFF
[CALL-CHAIN] #68 f0 addr=0x80015308 ra=0x8001A868 sp=0x801FFEB0 a0=0xFFFFFFFF
[CALL-CHAIN] #69 f0 addr=0x8001A91C ra=0x8001A868 sp=0x801FFEB0 a0=0xFFFFFFFF
[CALL-CHAIN] #70 f0 addr=0x80015650 ra=0x8001A930 sp=0x801FFEB0 a0=0xFFFFFFFF
[CALL-CHAIN] #71 f0 addr=0x8001A9E0 ra=0x8001A930 sp=0x801FFEB0 a0=0xFFFFFFFF
[CALL-CHAIN] #72 f0 addr=0x8001A860 ra=0x8001A930 sp=0x801FFEB0 a0=0xFFFFFFFF
[CALL-CHAIN] #73 f0 addr=0x80015308 ra=0x8001A868 sp=0x801FFEB0 a0=0xFFFFFFFF
[CALL-CHAIN] #74 f0 addr=0x8001A91C ra=0x8001A868 sp=0x801FFEB0 a0=0xFFFFFFFF
[CALL-CHAIN] #75 f0 addr=0x80015650 ra=0x8001A930 sp=0x801FFEB0 a0=0xFFFFFFFF
[CALL-CHAIN] #76 f0 addr=0x8001A9E0 ra=0x8001A930 sp=0x801FFEB0 a0=0xFFFFFFFF
[CALL-CHAIN] #77 f0 addr=0x8001A860 ra=0x8001A930 sp=0x801FFEB0 a0=0xFFFFFFFF
[CALL-CHAIN] #78 f0 addr=0x80015308 ra=0x8001A868 sp=0x801FFEB0 a0=0xFFFFFFFF
[CALL-CHAIN] #79 f0 addr=0x8001A91C ra=0x8001A868 sp=0x801FFEB0 a0=0xFFFFFFFF
[CALL-CHAIN] #80 f0 addr=0x80015650 ra=0x8001A930 sp=0x801FFEB0 a0=0xFFFFFFFF
[CALL-CHAIN] #81 f0 addr=0x8001A9E0 ra=0x8001A930 sp=0x801FFEB0 a0=0xFFFFFFFF
[CALL-CHAIN] #82 f0 addr=0x8001A860 ra=0x8001A930 sp=0x801FFEB0 a0=0xFFFFFFFF
[CALL-CHAIN] #83 f0 addr=0x80015308 ra=0x8001A868 sp=0x801FFEB0 a0=0xFFFFFFFF
[CALL-CHAIN] #84 f0 addr=0x8001A91C ra=0x8001A868 sp=0x801FFEB0 a0=0xFFFFFFFF
[CALL-CHAIN] #85 f0 addr=0x80015650 ra=0x8001A930 sp=0x801FFEB0 a0=0xFFFFFFFF
[CALL-CHAIN] #86 f0 addr=0x8001A9E0 ra=0x8001A930 sp=0x801FFEB0 a0=0xFFFFFFFF
[CALL-CHAIN] #87 f0 addr=0x8001A860 ra=0x8001A930 sp=0x801FFEB0 a0=0xFFFFFFFF
[CALL-CHAIN] #88 f0 addr=0x80015308 ra=0x8001A868 sp=0x801FFEB0 a0=0xFFFFFFFF
[CALL-CHAIN] #89 f0 addr=0x8001A91C ra=0x8001A868 sp=0x801FFEB0 a0=0xFFFFFFFF
[CALL-CHAIN] #90 f0 addr=0x80015650 ra=0x8001A930 sp=0x801FFEB0 a0=0xFFFFFFFF
[CALL-CHAIN] #91 f0 addr=0x8001A9E0 ra=0x8001A930 sp=0x801FFEB0 a0=0xFFFFFFFF
[CALL-CHAIN] #92 f0 addr=0x8001A860 ra=0x8001A930 sp=0x801FFEB0 a0=0xFFFFFFFF
[CALL-CHAIN] #93 f0 addr=0x80015308 ra=0x8001A868 sp=0x801FFEB0 a0=0xFFFFFFFF
[CALL-CHAIN] #94 f0 addr=0x8001A91C ra=0x8001A868 sp=0x801FFEB0 a0=0xFFFFFFFF
[CALL-CHAIN] #95 f0 addr=0x80015650 ra=0x8001A930 sp=0x801FFEB0 a0=0xFFFFFFFF
[CALL-CHAIN] #96 f0 addr=0x8001A9E0 ra=0x8001A930 sp=0x801FFEB0 a0=0xFFFFFFFF
[CALL-CHAIN] #97 f0 addr=0x8001A860 ra=0x8001A930 sp=0x801FFEB0 a0=0xFFFFFFFF
[CALL-CHAIN] #98 f0 addr=0x80015308 ra=0x8001A868 sp=0x801FFEB0 a0=0xFFFFFFFF
[CALL-CHAIN] #99 f0 addr=0x8001A91C ra=0x8001A868 sp=0x801FFEB0 a0=0xFFFFFFFF
[CALL-CHAIN] #100 f0 addr=0x80015650 ra=0x8001A930 sp=0x801FFEB0 a0=0xFFFFFFFF
[CALL-CHAIN] #101 f0 addr=0x8001A9E0 ra=0x8001A930 sp=0x801FFEB0 a0=0xFFFFFFFF
[CALL-CHAIN] #102 f0 addr=0x8001A860 ra=0x8001A930 sp=0x801FFEB0 a0=0xFFFFFFFF
[CALL-CHAIN] #103 f0 addr=0x80015308 ra=0x8001A868 sp=0x801FFEB0 a0=0xFFFFFFFF
[CALL-CHAIN] #104 f0 addr=0x8001A91C ra=0x8001A868 sp=0x801FFEB0 a0=0xFFFFFFFF
[CALL-CHAIN] #105 f0 addr=0x80015650 ra=0x8001A930 sp=0x801FFEB0 a0=0xFFFFFFFF
[CALL-CHAIN] #106 f0 addr=0x8001A9E0 ra=0x8001A930 sp=0x801FFEB0 a0=0xFFFFFFFF
[CALL-CHAIN] #107 f0 addr=0x8001A860 ra=0x8001A930 sp=0x801FFEB0 a0=0xFFFFFFFF
[CALL-CHAIN] #108 f0 addr=0x80015308 ra=0x8001A868 sp=0x801FFEB0 a0=0xFFFFFFFF
[CALL-CHAIN] #109 f0 addr=0x8001A91C ra=0x8001A868 sp=0x801FFEB0 a0=0xFFFFFFFF
[CALL-CHAIN] #110 f0 addr=0x80015650 ra=0x8001A930 sp=0x801FFEB0 a0=0xFFFFFFFF
[CALL-CHAIN] #111 f0 addr=0x8001A9E0 ra=0x8001A930 sp=0x801FFEB0 a0=0xFFFFFFFF
[CALL-CHAIN] #112 f0 addr=0x8001A860 ra=0x8001A930 sp=0x801FFEB0 a0=0xFFFFFFFF
[CALL-CHAIN] #113 f0 addr=0x80015308 ra=0x8001A868 sp=0x801FFEB0 a0=0xFFFFFFFF
[CALL-CHAIN] #114 f0 addr=0x8001A91C ra=0x8001A868 sp=0x801FFEB0 a0=0xFFFFFFFF
[CALL-CHAIN] #115 f0 addr=0x80015650 ra=0x8001A930 sp=0x801FFEB0 a0=0xFFFFFFFF
[CALL-CHAIN] #116 f0 addr=0x8001A9E0 ra=0x8001A930 sp=0x801FFEB0 a0=0xFFFFFFFF
[CALL-CHAIN] #117 f0 addr=0x8001A860 ra=0x8001A930 sp=0x801FFEB0 a0=0xFFFFFFFF
[CALL-CHAIN] #118 f0 addr=0x80015308 ra=0x8001A868 sp=0x801FFEB0 a0=0xFFFFFFFF
[CALL-CHAIN] #119 f0 addr=0x8001A91C ra=0x8001A868 sp=0x801FFEB0 a0=0xFFFFFFFF
[CALL-CHAIN] #120 f0 addr=0x80015650 ra=0x8001A930 sp=0x801FFEB0 a0=0xFFFFFFFF
[CALL-CHAIN] #121 f0 addr=0x8001A9E0 ra=0x8001A930 sp=0x801FFEB0 a0=0xFFFFFFFF
[CALL-CHAIN] #122 f0 addr=0x8001A860 ra=0x8001A930 sp=0x801FFEB0 a0=0xFFFFFFFF
[CALL-CHAIN] #123 f0 addr=0x80015308 ra=0x8001A868 sp=0x801FFEB0 a0=0xFFFFFFFF
[CALL-CHAIN] #124 f0 addr=0x8001A91C ra=0x8001A868 sp=0x801FFEB0 a0=0xFFFFFFFF
[CALL-CHAIN] #125 f0 addr=0x80015650 ra=0x8001A930 sp=0x801FFEB0 a0=0xFFFFFFFF
[CALL-CHAIN] #126 f0 addr=0x8001A9E0 ra=0x8001A930 sp=0x801FFEB0 a0=0xFFFFFFFF
[CALL-CHAIN] #127 f0 addr=0x8001A860 ra=0x8001A930 sp=0x801FFEB0 a0=0xFFFFFFFF
[CALL-CHAIN] #128 f0 addr=0x80015308 ra=0x8001A868 sp=0x801FFEB0 a0=0xFFFFFFFF
[CALL-CHAIN] #129 f0 addr=0x8001A91C ra=0x8001A868 sp=0x801FFEB0 a0=0xFFFFFFFF
[CALL-CHAIN] #130 f0 addr=0x80015650 ra=0x8001A930 sp=0x801FFEB0 a0=0xFFFFFFFF
[CALL-CHAIN] #131 f0 addr=0x8001A9E0 ra=0x8001A930 sp=0x801FFEB0 a0=0xFFFFFFFF
[CALL-CHAIN] #132 f0 addr=0x8001A860 ra=0x8001A930 sp=0x801FFEB0 a0=0xFFFFFFFF
[CALL-CHAIN] #133 f0 addr=0x80015308 ra=0x8001A868 sp=0x801FFEB0 a0=0xFFFFFFFF
[CALL-CHAIN] #134 f0 addr=0x8001A91C ra=0x8001A868 sp=0x801FFEB0 a0=0xFFFFFFFF
[CALL-CHAIN] #135 f0 addr=0x80015650 ra=0x8001A930 sp=0x801FFEB0 a0=0xFFFFFFFF
[CALL-CHAIN] #136 f0 addr=0x8001A9E0 ra=0x8001A930 sp=0x801FFEB0 a0=0xFFFFFFFF
[CALL-CHAIN] #137 f0 addr=0x8001A860 ra=0x8001A930 sp=0x801FFEB0 a0=0xFFFFFFFF
[CALL-CHAIN] #138 f0 addr=0x80015308 ra=0x8001A868 sp=0x801FFEB0 a0=0xFFFFFFFF
[CALL-CHAIN] #139 f0 addr=0x8001A91C ra=0x8001A868 sp=0x801FFEB0 a0=0xFFFFFFFF
[CALL-CHAIN] #140 f0 addr=0x80015650 ra=0x8001A930 sp=0x801FFEB0 a0=0xFFFFFFFF
[CALL-CHAIN] #141 f0 addr=0x8001A9E0 ra=0x8001A930 sp=0x801FFEB0 a0=0xFFFFFFFF
[CALL-CHAIN] #142 f0 addr=0x8001A860 ra=0x8001A930 sp=0x801FFEB0 a0=0xFFFFFFFF
[CALL-CHAIN] #143 f0 addr=0x80015308 ra=0x8001A868 sp=0x801FFEB0 a0=0xFFFFFFFF
[CALL-CHAIN] #144 f0 addr=0x8001A91C ra=0x8001A868 sp=0x801FFEB0 a0=0xFFFFFFFF
[CALL-CHAIN] #145 f0 addr=0x80015650 ra=0x8001A930 sp=0x801FFEB0 a0=0xFFFFFFFF
[CALL-CHAIN] #146 f0 addr=0x8001A9E0 ra=0x8001A930 sp=0x801FFEB0 a0=0xFFFFFFFF
[CALL-CHAIN] #147 f0 addr=0x8001A860 ra=0x8001A930 sp=0x801FFEB0 a0=0xFFFFFFFF
[CALL-CHAIN] #148 f0 addr=0x80015308 ra=0x8001A868 sp=0x801FFEB0 a0=0xFFFFFFFF
[CALL-CHAIN] #149 f0 addr=0x8001A91C ra=0x8001A868 sp=0x801FFEB0 a0=0xFFFFFFFF
[CALL-CHAIN] #150 f0 addr=0x80015650 ra=0x8001A930 sp=0x801FFEB0 a0=0xFFFFFFFF
[CALL-CHAIN] #151 f0 addr=0x8001A9E0 ra=0x8001A930 sp=0x801FFEB0 a0=0xFFFFFFFF
[CALL-CHAIN] #152 f0 addr=0x8001A860 ra=0x8001A930 sp=0x801FFEB0 a0=0xFFFFFFFF
[CALL-CHAIN] #153 f0 addr=0x80015308 ra=0x8001A868 sp=0x801FFEB0 a0=0xFFFFFFFF
[CALL-CHAIN] #154 f0 addr=0x8001A91C ra=0x8001A868 sp=0x801FFEB0 a0=0xFFFFFFFF
[CALL-CHAIN] #155 f0 addr=0x80015650 ra=0x8001A930 sp=0x801FFEB0 a0=0xFFFFFFFF
[CALL-CHAIN] #156 f0 addr=0x8001A9E0 ra=0x8001A930 sp=0x801FFEB0 a0=0xFFFFFFFF
[CALL-CHAIN] #157 f0 addr=0x8001A860 ra=0x8001A930 sp=0x801FFEB0 a0=0xFFFFFFFF
[CALL-CHAIN] #158 f0 addr=0x80015308 ra=0x8001A868 sp=0x801FFEB0 a0=0xFFFFFFFF
[CALL-CHAIN] #159 f0 addr=0x8001A91C ra=0x8001A868 sp=0x801FFEB0 a0=0xFFFFFFFF
[CALL-CHAIN] #160 f0 addr=0x80015650 ra=0x8001A930 sp=0x801FFEB0 a0=0xFFFFFFFF
[CALL-CHAIN] #161 f0 addr=0x8001A9E0 ra=0x8001A930 sp=0x801FFEB0 a0=0xFFFFFFFF
[CALL-CHAIN] #162 f0 addr=0x8001A860 ra=0x8001A930 sp=0x801FFEB0 a0=0xFFFFFFFF
[CALL-CHAIN] #163 f0 addr=0x80015308 ra=0x8001A868 sp=0x801FFEB0 a0=0xFFFFFFFF
[CALL-CHAIN] #164 f0 addr=0x8001A91C ra=0x8001A868 sp=0x801FFEB0 a0=0xFFFFFFFF
[CALL-CHAIN] #165 f0 addr=0x80015650 ra=0x8001A930 sp=0x801FFEB0 a0=0xFFFFFFFF
[CALL-CHAIN] #166 f0 addr=0x8001A9E0 ra=0x8001A930 sp=0x801FFEB0 a0=0xFFFFFFFF
[CALL-CHAIN] #167 f0 addr=0x8001A860 ra=0x8001A930 sp=0x801FFEB0 a0=0xFFFFFFFF
[CALL-CHAIN] #168 f0 addr=0x80015308 ra=0x8001A868 sp=0x801FFEB0 a0=0xFFFFFFFF
[CALL-CHAIN] #169 f0 addr=0x8001A91C ra=0x8001A868 sp=0x801FFEB0 a0=0xFFFFFFFF
[CALL-CHAIN] #170 f0 addr=0x80015650 ra=0x8001A930 sp=0x801FFEB0 a0=0xFFFFFFFF
[CALL-CHAIN] #171 f0 addr=0x8001A9E0 ra=0x8001A930 sp=0x801FFEB0 a0=0xFFFFFFFF
[CALL-CHAIN] #172 f0 addr=0x8001A860 ra=0x8001A930 sp=0x801FFEB0 a0=0xFFFFFFFF
[CALL-CHAIN] #173 f0 addr=0x80015308 ra=0x8001A868 sp=0x801FFEB0 a0=0xFFFFFFFF
[CALL-CHAIN] #174 f0 addr=0x8001A91C ra=0x8001A868 sp=0x801FFEB0 a0=0xFFFFFFFF
[CALL-CHAIN] #175 f0 addr=0x80015650 ra=0x8001A930 sp=0x801FFEB0 a0=0xFFFFFFFF
[CALL-CHAIN] #176 f0 addr=0x8001A9E0 ra=0x8001A930 sp=0x801FFEB0 a0=0xFFFFFFFF
[CALL-CHAIN] #177 f0 addr=0x8001A860 ra=0x8001A930 sp=0x801FFEB0 a0=0xFFFFFFFF
[CALL-CHAIN] #178 f0 addr=0x80015308 ra=0x8001A868 sp=0x801FFEB0 a0=0xFFFFFFFF
[CALL-CHAIN] #179 f0 addr=0x8001A91C ra=0x8001A868 sp=0x801FFEB0 a0=0xFFFFFFFF
[CALL-CHAIN] #180 f0 addr=0x80015650 ra=0x8001A930 sp=0x801FFEB0 a0=0xFFFFFFFF
[CALL-CHAIN] #181 f0 addr=0x8001A9E0 ra=0x8001A930 sp=0x801FFEB0 a0=0xFFFFFFFF
[CALL-CHAIN] #182 f0 addr=0x8001A860 ra=0x8001A930 sp=0x801FFEB0 a0=0xFFFFFFFF
[CALL-CHAIN] #183 f0 addr=0x80015308 ra=0x8001A868 sp=0x801FFEB0 a0=0xFFFFFFFF
[CALL-CHAIN] #184 f0 addr=0x8001A91C ra=0x8001A868 sp=0x801FFEB0 a0=0xFFFFFFFF
[CALL-CHAIN] #185 f0 addr=0x80015650 ra=0x8001A930 sp=0x801FFEB0 a0=0xFFFFFFFF
[CALL-CHAIN] #186 f0 addr=0x8001A9E0 ra=0x8001A930 sp=0x801FFEB0 a0=0xFFFFFFFF
[CALL-CHAIN] #187 f0 addr=0x8001A860 ra=0x8001A930 sp=0x801FFEB0 a0=0xFFFFFFFF
[CALL-CHAIN] #188 f0 addr=0x80015308 ra=0x8001A868 sp=0x801FFEB0 a0=0xFFFFFFFF
[CALL-CHAIN] #189 f0 addr=0x8001A91C ra=0x8001A868 sp=0x801FFEB0 a0=0xFFFFFFFF
[CALL-CHAIN] #190 f0 addr=0x80015650 ra=0x8001A930 sp=0x801FFEB0 a0=0xFFFFFFFF
[CALL-CHAIN] #191 f0 addr=0x8001A9E0 ra=0x8001A930 sp=0x801FFEB0 a0=0xFFFFFFFF
[CALL-CHAIN] #192 f0 addr=0x8001A860 ra=0x8001A930 sp=0x801FFEB0 a0=0xFFFFFFFF
[CALL-CHAIN] #193 f0 addr=0x80015308 ra=0x8001A868 sp=0x801FFEB0 a0=0xFFFFFFFF
[CALL-CHAIN] #194 f0 addr=0x8001A91C ra=0x8001A868 sp=0x801FFEB0 a0=0xFFFFFFFF
[CALL-CHAIN] #195 f0 addr=0x80015650 ra=0x8001A930 sp=0x801FFEB0 a0=0xFFFFFFFF
[CALL-CHAIN] #196 f0 addr=0x8001A9E0 ra=0x8001A930 sp=0x801FFEB0 a0=0xFFFFFFFF
[CALL-CHAIN] #197 f0 addr=0x8001A860 ra=0x8001A930 sp=0x801FFEB0 a0=0xFFFFFFFF
[CALL-CHAIN] #198 f0 addr=0x80015308 ra=0x8001A868 sp=0x801FFEB0 a0=0xFFFFFFFF
[CALL-CHAIN] #199 f0 addr=0x8001A91C ra=0x8001A868 sp=0x801FFEB0 a0=0xFFFFFFFF
[CALL-CHAIN] #200 f0 addr=0x80015650 ra=0x8001A930 sp=0x801FFEB0 a0=0xFFFFFFFF
[CALL-CHAIN] #201 f0 addr=0x8001A9E0 ra=0x8001A930 sp=0x801FFEB0 a0=0xFFFFFFFF
[CALL-CHAIN] #202 f0 addr=0x8001A860 ra=0x8001A930 sp=0x801FFEB0 a0=0xFFFFFFFF
[CALL-CHAIN] #203 f0 addr=0x80015308 ra=0x8001A868 sp=0x801FFEB0 a0=0xFFFFFFFF
[CALL-CHAIN] #204 f0 addr=0x8001A91C ra=0x8001A868 sp=0x801FFEB0 a0=0xFFFFFFFF
[CALL-CHAIN] #205 f0 addr=0x80015650 ra=0x8001A930 sp=0x801FFEB0 a0=0xFFFFFFFF
[CALL-CHAIN] #206 f0 addr=0x8001A9E0 ra=0x8001A930 sp=0x801FFEB0 a0=0xFFFFFFFF
[CALL-CHAIN] #207 f0 addr=0x8001A860 ra=0x8001A930 sp=0x801FFEB0 a0=0xFFFFFFFF
[CALL-CHAIN] #208 f0 addr=0x80015308 ra=0x8001A868 sp=0x801FFEB0 a0=0xFFFFFFFF
[CALL-CHAIN] #209 f0 addr=0x8001A91C ra=0x8001A868 sp=0x801FFEB0 a0=0xFFFFFFFF
[CALL-CHAIN] #210 f0 addr=0x80015650 ra=0x8001A930 sp=0x801FFEB0 a0=0xFFFFFFFF
[CALL-CHAIN] #211 f0 addr=0x8001A9E0 ra=0x8001A930 sp=0x801FFEB0 a0=0xFFFFFFFF
[CALL-CHAIN] #212 f0 addr=0x8001A860 ra=0x8001A930 sp=0x801FFEB0 a0=0xFFFFFFFF
[CALL-CHAIN] #213 f0 addr=0x80015308 ra=0x8001A868 sp=0x801FFEB0 a0=0xFFFFFFFF
[CALL-CHAIN] #214 f0 addr=0x8001A91C ra=0x8001A868 sp=0x801FFEB0 a0=0xFFFFFFFF
[CALL-CHAIN] #215 f0 addr=0x80015650 ra=0x8001A930 sp=0x801FFEB0 a0=0xFFFFFFFF
[CALL-CHAIN] #216 f0 addr=0x8001A9E0 ra=0x8001A930 sp=0x801FFEB0 a0=0xFFFFFFFF
[CALL-CHAIN] #217 f0 addr=0x8001A860 ra=0x8001A930 sp=0x801FFEB0 a0=0xFFFFFFFF
[CALL-CHAIN] #218 f0 addr=0x80015308 ra=0x8001A868 sp=0x801FFEB0 a0=0xFFFFFFFF
[CALL-CHAIN] #219 f0 addr=0x8001A91C ra=0x8001A868 sp=0x801FFEB0 a0=0xFFFFFFFF
[CALL-CHAIN] #220 f0 addr=0x80015650 ra=0x8001A930 sp=0x801FFEB0 a0=0xFFFFFFFF
[CALL-CHAIN] #221 f0 addr=0x8001A9E0 ra=0x8001A930 sp=0x801FFEB0 a0=0xFFFFFFFF
[CALL-CHAIN] #222 f0 addr=0x8001A860 ra=0x8001A930 sp=0x801FFEB0 a0=0xFFFFFFFF
[CALL-CHAIN] #223 f0 addr=0x80015308 ra=0x8001A868 sp=0x801FFEB0 a0=0xFFFFFFFF
[CALL-CHAIN] #224 f0 addr=0x8001A91C ra=0x8001A868 sp=0x801FFEB0 a0=0xFFFFFFFF
[CALL-CHAIN] #225 f0 addr=0x80015650 ra=0x8001A930 sp=0x801FFEB0 a0=0xFFFFFFFF
[CALL-CHAIN] #226 f0 addr=0x8001A9E0 ra=0x8001A930 sp=0x801FFEB0 a0=0xFFFFFFFF
[CALL-CHAIN] #227 f0 addr=0x8001A860 ra=0x8001A930 sp=0x801FFEB0 a0=0xFFFFFFFF
[CALL-CHAIN] #228 f0 addr=0x80015308 ra=0x8001A868 sp=0x801FFEB0 a0=0xFFFFFFFF
[CALL-CHAIN] #229 f0 addr=0x8001A91C ra=0x8001A868 sp=0x801FFEB0 a0=0xFFFFFFFF
[CALL-CHAIN] #230 f0 addr=0x80015650 ra=0x8001A930 sp=0x801FFEB0 a0=0xFFFFFFFF
[CALL-CHAIN] #231 f0 addr=0x8001A9E0 ra=0x8001A930 sp=0x801FFEB0 a0=0xFFFFFFFF
[CALL-CHAIN] #232 f0 addr=0x8001A860 ra=0x8001A930 sp=0x801FFEB0 a0=0xFFFFFFFF
[CALL-CHAIN] #233 f0 addr=0x80015308 ra=0x8001A868 sp=0x801FFEB0 a0=0xFFFFFFFF
[CALL-CHAIN] #234 f0 addr=0x8001A91C ra=0x8001A868 sp=0x801FFEB0 a0=0xFFFFFFFF
[CALL-CHAIN] #235 f0 addr=0x80015650 ra=0x8001A930 sp=0x801FFEB0 a0=0xFFFFFFFF
[CALL-CHAIN] #236 f0 addr=0x8001A9E0 ra=0x8001A930 sp=0x801FFEB0 a0=0xFFFFFFFF
[CALL-CHAIN] #237 f0 addr=0x8001A860 ra=0x8001A930 sp=0x801FFEB0 a0=0xFFFFFFFF
[CALL-CHAIN] #238 f0 addr=0x80015308 ra=0x8001A868 sp=0x801FFEB0 a0=0xFFFFFFFF
[CALL-CHAIN] #239 f0 addr=0x8001A91C ra=0x8001A868 sp=0x801FFEB0 a0=0xFFFFFFFF
[CALL-CHAIN] #240 f0 addr=0x80015650 ra=0x8001A930 sp=0x801FFEB0 a0=0xFFFFFFFF
[CALL-CHAIN] #241 f0 addr=0x8001A9E0 ra=0x8001A930 sp=0x801FFEB0 a0=0xFFFFFFFF
[CALL-CHAIN] #242 f0 addr=0x8001A860 ra=0x8001A930 sp=0x801FFEB0 a0=0xFFFFFFFF
[CALL-CHAIN] #243 f0 addr=0x80015308 ra=0x8001A868 sp=0x801FFEB0 a0=0xFFFFFFFF
[CALL-CHAIN] #244 f0 addr=0x8001A91C ra=0x8001A868 sp=0x801FFEB0 a0=0xFFFFFFFF
[CALL-CHAIN] #245 f0 addr=0x80015650 ra=0x8001A930 sp=0x801FFEB0 a0=0xFFFFFFFF
[CALL-CHAIN] #246 f0 addr=0x8001A9E0 ra=0x8001A930 sp=0x801FFEB0 a0=0xFFFFFFFF
[CALL-CHAIN] #247 f0 addr=0x8001A860 ra=0x8001A930 sp=0x801FFEB0 a0=0xFFFFFFFF
[CALL-CHAIN] #248 f0 addr=0x80015308 ra=0x8001A868 sp=0x801FFEB0 a0=0xFFFFFFFF
[CALL-CHAIN] #249 f0 addr=0x8001A91C ra=0x8001A868 sp=0x801FFEB0 a0=0xFFFFFFFF
[CALL-CHAIN] #250 f0 addr=0x80015650 ra=0x8001A930 sp=0x801FFEB0 a0=0xFFFFFFFF
[CALL-CHAIN] #251 f0 addr=0x8001A9E0 ra=0x8001A930 sp=0x801FFEB0 a0=0xFFFFFFFF
[CALL-CHAIN] #252 f0 addr=0x8001A860 ra=0x8001A930 sp=0x801FFEB0 a0=0xFFFFFFFF
[CALL-CHAIN] #253 f0 addr=0x80015308 ra=0x8001A868 sp=0x801FFEB0 a0=0xFFFFFFFF
[CALL-CHAIN] #254 f0 addr=0x8001A91C ra=0x8001A868 sp=0x801FFEB0 a0=0xFFFFFFFF
[CALL-CHAIN] #255 f0 addr=0x80015650 ra=0x8001A930 sp=0x801FFEB0 a0=0xFFFFFFFF
[CALL-CHAIN] #256 f0 addr=0x8001A9E0 ra=0x8001A930 sp=0x801FFEB0 a0=0xFFFFFFFF
[CALL-CHAIN] #257 f0 addr=0x8001A860 ra=0x8001A930 sp=0x801FFEB0 a0=0xFFFFFFFF
[CALL-CHAIN] #258 f0 addr=0x80015308 ra=0x8001A868 sp=0x801FFEB0 a0=0xFFFFFFFF
[CALL-CHAIN] #259 f0 addr=0x8001A91C ra=0x8001A868 sp=0x801FFEB0 a0=0xFFFFFFFF
[CALL-CHAIN] #260 f0 addr=0x80015650 ra=0x8001A930 sp=0x801FFEB0 a0=0xFFFFFFFF
[CALL-CHAIN] #261 f0 addr=0x8001A9E0 ra=0x8001A930 sp=0x801FFEB0 a0=0xFFFFFFFF
[CALL-CHAIN] #262 f0 addr=0x8001A860 ra=0x8001A930 sp=0x801FFEB0 a0=0xFFFFFFFF
[CALL-CHAIN] #263 f0 addr=0x80015308 ra=0x8001A868 sp=0x801FFEB0 a0=0xFFFFFFFF
[CALL-CHAIN] #264 f0 addr=0x8001A91C ra=0x8001A868 sp=0x801FFEB0 a0=0xFFFFFFFF
[CALL-CHAIN] #265 f0 addr=0x80015650 ra=0x8001A930 sp=0x801FFEB0 a0=0xFFFFFFFF
[CALL-CHAIN] #266 f0 addr=0x8001A9E0 ra=0x8001A930 sp=0x801FFEB0 a0=0xFFFFFFFF
[CALL-CHAIN] #267 f0 addr=0x8001A860 ra=0x8001A930 sp=0x801FFEB0 a0=0xFFFFFFFF
[CALL-CHAIN] #268 f0 addr=0x80015308 ra=0x8001A868 sp=0x801FFEB0 a0=0xFFFFFFFF
[CALL-CHAIN] #269 f0 addr=0x8001A91C ra=0x8001A868 sp=0x801FFEB0 a0=0xFFFFFFFF
[CALL-CHAIN] #270 f0 addr=0x80015650 ra=0x8001A930 sp=0x801FFEB0 a0=0xFFFFFFFF
[CALL-CHAIN] #271 f0 addr=0x8001A9E0 ra=0x8001A930 sp=0x801FFEB0 a0=0xFFFFFFFF
[CALL-CHAIN] #272 f0 addr=0x8001A860 ra=0x8001A930 sp=0x801FFEB0 a0=0xFFFFFFFF
[CALL-CHAIN] #273 f0 addr=0x80015308 ra=0x8001A868 sp=0x801FFEB0 a0=0xFFFFFFFF
[CALL-CHAIN] #274 f0 addr=0x8001A91C ra=0x8001A868 sp=0x801FFEB0 a0=0xFFFFFFFF
[CALL-CHAIN] #275 f0 addr=0x80015650 ra=0x8001A930 sp=0x801FFEB0 a0=0xFFFFFFFF
[CALL-CHAIN] #276 f0 addr=0x8001A9E0 ra=0x8001A930 sp=0x801FFEB0 a0=0xFFFFFFFF
[CALL-CHAIN] #277 f0 addr=0x8001A860 ra=0x8001A930 sp=0x801FFEB0 a0=0xFFFFFFFF
[CALL-CHAIN] #278 f0 addr=0x80015308 ra=0x8001A868 sp=0x801FFEB0 a0=0xFFFFFFFF
[CALL-CHAIN] #279 f0 addr=0x8001A91C ra=0x8001A868 sp=0x801FFEB0 a0=0xFFFFFFFF
[CALL-CHAIN] #280 f0 addr=0x80015650 ra=0x8001A930 sp=0x801FFEB0 a0=0xFFFFFFFF
[CALL-CHAIN] #281 f0 addr=0x8001A9E0 ra=0x8001A930 sp=0x801FFEB0 a0=0xFFFFFFFF
[CALL-CHAIN] #282 f0 addr=0x8001A860 ra=0x8001A930 sp=0x801FFEB0 a0=0xFFFFFFFF
[CALL-CHAIN] #283 f0 addr=0x80015308 ra=0x8001A868 sp=0x801FFEB0 a0=0xFFFFFFFF
[CALL-CHAIN] #284 f0 addr=0x8001A91C ra=0x8001A868 sp=0x801FFEB0 a0=0xFFFFFFFF
[CALL-CHAIN] #285 f0 addr=0x80015650 ra=0x8001A930 sp=0x801FFEB0 a0=0xFFFFFFFF
[CALL-CHAIN] #286 f0 addr=0x8001A9E0 ra=0x8001A930 sp=0x801FFEB0 a0=0xFFFFFFFF
[CALL-CHAIN] #287 f0 addr=0x8001A860 ra=0x8001A930 sp=0x801FFEB0 a0=0xFFFFFFFF
[CALL-CHAIN] #288 f0 addr=0x80015308 ra=0x8001A868 sp=0x801FFEB0 a0=0xFFFFFFFF
[CALL-CHAIN] #289 f0 addr=0x8001A91C ra=0x8001A868 sp=0x801FFEB0 a0=0xFFFFFFFF
[CALL-CHAIN] #290 f0 addr=0x80015650 ra=0x8001A930 sp=0x801FFEB0 a0=0xFFFFFFFF
[CALL-CHAIN] #291 f0 addr=0x8001A9E0 ra=0x8001A930 sp=0x801FFEB0 a0=0xFFFFFFFF
[CALL-CHAIN] #292 f0 addr=0x8001A860 ra=0x8001A930 sp=0x801FFEB0 a0=0xFFFFFFFF
[CALL-CHAIN] #293 f0 addr=0x80015308 ra=0x8001A868 sp=0x801FFEB0 a0=0xFFFFFFFF
[CALL-CHAIN] #294 f0 addr=0x8001A91C ra=0x8001A868 sp=0x801FFEB0 a0=0xFFFFFFFF
[CALL-CHAIN] #295 f0 addr=0x80015650 ra=0x8001A930 sp=0x801FFEB0 a0=0xFFFFFFFF
[CALL-CHAIN] #296 f0 addr=0x8001A9E0 ra=0x8001A930 sp=0x801FFEB0 a0=0xFFFFFFFF
[CALL-CHAIN] #297 f0 addr=0x8001A860 ra=0x8001A930 sp=0x801FFEB0 a0=0xFFFFFFFF
[CALL-CHAIN] #298 f0 addr=0x80015308 ra=0x8001A868 sp=0x801FFEB0 a0=0xFFFFFFFF
[CALL-CHAIN] #299 f0 addr=0x8001A91C ra=0x8001A868 sp=0x801FFEB0 a0=0xFFFFFFFF
[CALL-CHAIN] #300 f0 addr=0x80015650 ra=0x8001A930 sp=0x801FFEB0 a0=0xFFFFFFFF
[CALL-CHAIN] #301 f0 addr=0x8001A9E0 ra=0x8001A930 sp=0x801FFEB0 a0=0xFFFFFFFF
[CALL-CHAIN] #302 f0 addr=0x8001A860 ra=0x8001A930 sp=0x801FFEB0 a0=0xFFFFFFFF
[CALL-CHAIN] #303 f0 addr=0x8001A91C ra=0x8001A868 sp=0x801FFEB0 a0=0xFFFFFFFF
[CALL-CHAIN] #304 f0 addr=0x8001A9E0 ra=0x8001A930 sp=0x801FFEB0 a0=0xFFFFFFFF
[CALL-CHAIN] #305 f0 addr=0x8001A860 ra=0x8001A930 sp=0x801FFEB0 a0=0xFFFFFFFF
[CALL-CHAIN] #306 f0 addr=0x8001A91C ra=0x8001A868 sp=0x801FFEB0 a0=0xFFFFFFFF
[CALL-CHAIN] #307 f0 addr=0x8001A9E0 ra=0x8001A930 sp=0x801FFEB0 a0=0xFFFFFFFF
[CALL-CHAIN] #308 f0 addr=0x8001A860 ra=0x8001A930 sp=0x801FFEB0 a0=0xFFFFFFFF
[CALL-CHAIN] #309 f0 addr=0x8001A91C ra=0x8001A868 sp=0x801FFEB0 a0=0xFFFFFFFF
[CALL-CHAIN] #310 f0 addr=0x8001A9E0 ra=0x8001A930 sp=0x801FFEB0 a0=0xFFFFFFFF
[CALL-CHAIN] #311 f0 addr=0x8001A860 ra=0x8001A930 sp=0x801FFEB0 a0=0xFFFFFFFF
[CALL-CHAIN] #312 f0 addr=0x8001A91C ra=0x8001A868 sp=0x801FFEB0 a0=0xFFFFFFFF
[CALL-CHAIN] #313 f0 addr=0x8001A9E0 ra=0x8001A930 sp=0x801FFEB0 a0=0xFFFFFFFF
[CALL-CHAIN] #314 f0 addr=0x8001A860 ra=0x8001A930 sp=0x801FFEB0 a0=0xFFFFFFFF
[CALL-CHAIN] #315 f0 addr=0x8001A91C ra=0x8001A868 sp=0x801FFEB0 a0=0xFFFFFFFF
[CALL-CHAIN] #316 f0 addr=0x8001A9E0 ra=0x8001A930 sp=0x801FFEB0 a0=0xFFFFFFFF
[CALL-CHAIN] #317 f0 addr=0x8001A860 ra=0x8001A930 sp=0x801FFEB0 a0=0xFFFFFFFF
[CALL-CHAIN] #318 f0 addr=0x8001A91C ra=0x8001A868 sp=0x801FFEB0 a0=0xFFFFFFFF
[CALL-CHAIN] #319 f0 addr=0x8001A9E0 ra=0x8001A930 sp=0x801FFEB0 a0=0xFFFFFFFF
[CALL-CHAIN] #320 f0 addr=0x8001A860 ra=0x8001A930 sp=0x801FFEB0 a0=0xFFFFFFFF
[CALL-CHAIN] #321 f0 addr=0x8001A91C ra=0x8001A868 sp=0x801FFEB0 a0=0xFFFFFFFF
[CALL-CHAIN] #322 f0 addr=0x8001A9E0 ra=0x8001A930 sp=0x801FFEB0 a0=0xFFFFFFFF
[CALL-CHAIN] #323 f0 addr=0x8001A860 ra=0x8001A930 sp=0x801FFEB0 a0=0xFFFFFFFF
[CALL-CHAIN] #324 f0 addr=0x8001A91C ra=0x8001A868 sp=0x801FFEB0 a0=0xFFFFFFFF
[CALL-CHAIN] #325 f0 addr=0x8001A9E0 ra=0x8001A930 sp=0x801FFEB0 a0=0xFFFFFFFF
[CALL-CHAIN] #326 f0 addr=0x8001A860 ra=0x8001A930 sp=0x801FFEB0 a0=0xFFFFFFFF
[CALL-CHAIN] #327 f0 addr=0x8001A91C ra=0x8001A868 sp=0x801FFEB0 a0=0xFFFFFFFF
[CALL-CHAIN] #328 f0 addr=0x8001A9E0 ra=0x8001A930 sp=0x801FFEB0 a0=0xFFFFFFFF
[CALL-CHAIN] #329 f0 addr=0x8001A860 ra=0x8001A930 sp=0x801FFEB0 a0=0xFFFFFFFF
[CALL-CHAIN] #330 f0 addr=0x8001A91C ra=0x8001A868 sp=0x801FFEB0 a0=0xFFFFFFFF
[CALL-CHAIN] #331 f0 addr=0x8001A9E0 ra=0x8001A930 sp=0x801FFEB0 a0=0xFFFFFFFF
[CALL-CHAIN] #332 f0 addr=0x8001A860 ra=0x8001A930 sp=0x801FFEB0 a0=0xFFFFFFFF
[CALL-CHAIN] #333 f0 addr=0x8001A91C ra=0x8001A868 sp=0x801FFEB0 a0=0xFFFFFFFF
[CALL-CHAIN] #334 f0 addr=0x8001A9E0 ra=0x8001A930 sp=0x801FFEB0 a0=0xFFFFFFFF
[CALL-CHAIN] #335 f0 addr=0x8001A860 ra=0x8001A930 sp=0x801FFEB0 a0=0xFFFFFFFF
[CALL-CHAIN] #336 f0 addr=0x8001A91C ra=0x8001A868 sp=0x801FFEB0 a0=0xFFFFFFFF
[CALL-CHAIN] #337 f0 addr=0x8001A9E0 ra=0x8001A930 sp=0x801FFEB0 a0=0xFFFFFFFF
[CALL-CHAIN] #338 f0 addr=0x8001A860 ra=0x8001A930 sp=0x801FFEB0 a0=0xFFFFFFFF
[CALL-CHAIN] #339 f0 addr=0x8001A91C ra=0x8001A868 sp=0x801FFEB0 a0=0xFFFFFFFF
[CALL-CHAIN] #340 f0 addr=0x8001A9E0 ra=0x8001A930 sp=0x801FFEB0 a0=0xFFFFFFFF
[CALL-CHAIN] #341 f0 addr=0x8001A860 ra=0x8001A930 sp=0x801FFEB0 a0=0xFFFFFFFF
[CALL-CHAIN] #342 f0 addr=0x8001A91C ra=0x8001A868 sp=0x801FFEB0 a0=0xFFFFFFFF
[CALL-CHAIN] #343 f0 addr=0x8001A9E0 ra=0x8001A930 sp=0x801FFEB0 a0=0xFFFFFFFF
[CALL-CHAIN] #344 f0 addr=0x8001A860 ra=0x8001A930 sp=0x801FFEB0 a0=0xFFFFFFFF
[CALL-CHAIN] #345 f0 addr=0x8001A91C ra=0x8001A868 sp=0x801FFEB0 a0=0xFFFFFFFF
[CALL-CHAIN] #346 f0 addr=0x8001A9E0 ra=0x8001A930 sp=0x801FFEB0 a0=0xFFFFFFFF
[CALL-CHAIN] #347 f0 addr=0x8001A860 ra=0x8001A930 sp=0x801FFEB0 a0=0xFFFFFFFF
[CALL-CHAIN] #348 f0 addr=0x8001A91C ra=0x8001A868 sp=0x801FFEB0 a0=0xFFFFFFFF
[CALL-CHAIN] #349 f0 addr=0x8001A9E0 ra=0x8001A930 sp=0x801FFEB0 a0=0xFFFFFFFF
[CALL-CHAIN] #350 f0 addr=0x8001A860 ra=0x8001A930 sp=0x801FFEB0 a0=0xFFFFFFFF
[CALL-CHAIN] #351 f0 addr=0x8001A91C ra=0x8001A868 sp=0x801FFEB0 a0=0xFFFFFFFF
[CALL-CHAIN] #352 f0 addr=0x8001A9E0 ra=0x8001A930 sp=0x801FFEB0 a0=0xFFFFFFFF
[CALL-CHAIN] #353 f0 addr=0x8001A860 ra=0x8001A930 sp=0x801FFEB0 a0=0xFFFFFFFF
[CALL-CHAIN] #354 f0 addr=0x8001A91C ra=0x8001A868 sp=0x801FFEB0 a0=0xFFFFFFFF
[CALL-CHAIN] #355 f0 addr=0x8001A9E0 ra=0x8001A930 sp=0x801FFEB0 a0=0xFFFFFFFF
[CALL-CHAIN] #356 f0 addr=0x8001A860 ra=0x8001A930 sp=0x801FFEB0 a0=0xFFFFFFFF
[CALL-CHAIN] #357 f0 addr=0x8001A91C ra=0x8001A868 sp=0x801FFEB0 a0=0xFFFFFFFF
[CALL-CHAIN] #358 f0 addr=0x8001A9E0 ra=0x8001A930 sp=0x801FFEB0 a0=0xFFFFFFFF
[CALL-CHAIN] #359 f0 addr=0x8001A860 ra=0x8001A930 sp=0x801FFEB0 a0=0xFFFFFFFF
[CALL-CHAIN] #360 f0 addr=0x8001A91C ra=0x8001A868 sp=0x801FFEB0 a0=0xFFFFFFFF
[CALL-CHAIN] #361 f0 addr=0x8001A9E0 ra=0x8001A930 sp=0x801FFEB0 a0=0xFFFFFFFF
[CALL-CHAIN] #362 f0 addr=0x8001A860 ra=0x8001A930 sp=0x801FFEB0 a0=0xFFFFFFFF
[CALL-CHAIN] #363 f0 addr=0x8001A91C ra=0x8001A868 sp=0x801FFEB0 a0=0xFFFFFFFF
[CALL-CHAIN] #364 f0 addr=0x8001A9E0 ra=0x8001A930 sp=0x801FFEB0 a0=0xFFFFFFFF
[CALL-CHAIN] #365 f0 addr=0x8001A860 ra=0x8001A930 sp=0x801FFEB0 a0=0xFFFFFFFF
[CALL-CHAIN] #366 f0 addr=0x8001A91C ra=0x8001A868 sp=0x801FFEB0 a0=0xFFFFFFFF
[CALL-CHAIN] #367 f0 addr=0x8001A9E0 ra=0x8001A930 sp=0x801FFEB0 a0=0xFFFFFFFF
[CALL-CHAIN] #368 f0 addr=0x8001A860 ra=0x8001A930 sp=0x801FFEB0 a0=0xFFFFFFFF
[CALL-CHAIN] #369 f0 addr=0x8001A91C ra=0x8001A868 sp=0x801FFEB0 a0=0xFFFFFFFF
[CALL-CHAIN] #370 f0 addr=0x8001A9E0 ra=0x8001A930 sp=0x801FFEB0 a0=0xFFFFFFFF
[CALL-CHAIN] #371 f0 addr=0x8001A860 ra=0x8001A930 sp=0x801FFEB0 a0=0xFFFFFFFF
[CALL-CHAIN] #372 f0 addr=0x8001A91C ra=0x8001A868 sp=0x801FFEB0 a0=0xFFFFFFFF
[CALL-CHAIN] #373 f0 addr=0x8001A9E0 ra=0x8001A930 sp=0x801FFEB0 a0=0xFFFFFFFF
[CALL-CHAIN] #374 f0 addr=0x8001A860 ra=0x8001A930 sp=0x801FFEB0 a0=0xFFFFFFFF
[CALL-CHAIN] #375 f0 addr=0x8001A91C ra=0x8001A868 sp=0x801FFEB0 a0=0xFFFFFFFF
[CALL-CHAIN] #376 f0 addr=0x8001A9E0 ra=0x8001A930 sp=0x801FFEB0 a0=0xFFFFFFFF
[CALL-CHAIN] #377 f0 addr=0x8001A860 ra=0x8001A930 sp=0x801FFEB0 a0=0xFFFFFFFF
[CALL-CHAIN] #378 f0 addr=0x8001A91C ra=0x8001A868 sp=0x801FFEB0 a0=0xFFFFFFFF
[CALL-CHAIN] #379 f0 addr=0x8001A9E0 ra=0x8001A930 sp=0x801FFEB0 a0=0xFFFFFFFF
[CALL-CHAIN] #380 f0 addr=0x8001A860 ra=0x8001A930 sp=0x801FFEB0 a0=0xFFFFFFFF
[CALL-CHAIN] #381 f0 addr=0x8001A91C ra=0x8001A868 sp=0x801FFEB0 a0=0xFFFFFFFF
[CALL-CHAIN] #382 f0 addr=0x8001A9E0 ra=0x8001A930 sp=0x801FFEB0 a0=0xFFFFFFFF
[CALL-CHAIN] #383 f0 addr=0x8001A860 ra=0x8001A930 sp=0x801FFEB0 a0=0xFFFFFFFF
[CALL-CHAIN] #384 f0 addr=0x8001A91C ra=0x8001A868 sp=0x801FFEB0 a0=0xFFFFFFFF
[CALL-CHAIN] #385 f0 addr=0x8001A9E0 ra=0x8001A930 sp=0x801FFEB0 a0=0xFFFFFFFF
[CALL-CHAIN] #386 f0 addr=0x8001A860 ra=0x8001A930 sp=0x801FFEB0 a0=0xFFFFFFFF
[CALL-CHAIN] #387 f0 addr=0x8001A91C ra=0x8001A868 sp=0x801FFEB0 a0=0xFFFFFFFF
[CALL-CHAIN] #388 f0 addr=0x8001A9E0 ra=0x8001A930 sp=0x801FFEB0 a0=0xFFFFFFFF
[CALL-CHAIN] #389 f0 addr=0x8001A860 ra=0x8001A930 sp=0x801FFEB0 a0=0xFFFFFFFF
[CALL-CHAIN] #390 f0 addr=0x8001A91C ra=0x8001A868 sp=0x801FFEB0 a0=0xFFFFFFFF
[CALL-CHAIN] #391 f0 addr=0x8001A9E0 ra=0x8001A930 sp=0x801FFEB0 a0=0xFFFFFFFF
[CALL-CHAIN] #392 f0 addr=0x8001A860 ra=0x8001A930 sp=0x801FFEB0 a0=0xFFFFFFFF
[CALL-CHAIN] #393 f0 addr=0x8001A91C ra=0x8001A868 sp=0x801FFEB0 a0=0xFFFFFFFF
[CALL-CHAIN] #394 f0 addr=0x8001A9E0 ra=0x8001A930 sp=0x801FFEB0 a0=0xFFFFFFFF
[CALL-CHAIN] #395 f0 addr=0x8001A860 ra=0x8001A930 sp=0x801FFEB0 a0=0xFFFFFFFF
[CALL-CHAIN] #396 f0 addr=0x8001A91C ra=0x8001A868 sp=0x801FFEB0 a0=0xFFFFFFFF
[CALL-CHAIN] #397 f0 addr=0x8001A9E0 ra=0x8001A930 sp=0x801FFEB0 a0=0xFFFFFFFF
[CALL-CHAIN] #398 f0 addr=0x8001A860 ra=0x8001A930 sp=0x801FFEB0 a0=0xFFFFFFFF
[CALL-CHAIN] #399 f0 addr=0x8001A91C ra=0x8001A868 sp=0x801FFEB0 a0=0xFFFFFFFF
[CALL-CHAIN] #400 f0 addr=0x8001A9E0 ra=0x8001A930 sp=0x801FFEB0 a0=0xFFFFFFFF
[CALL-CHAIN] #401 f0 addr=0x8001A860 ra=0x8001A930 sp=0x801FFEB0 a0=0xFFFFFFFF
[CALL-CHAIN] #402 f0 addr=0x8001A91C ra=0x8001A868 sp=0x801FFEB0 a0=0xFFFFFFFF
[CALL-CHAIN] #403 f0 addr=0x8001A9E0 ra=0x8001A930 sp=0x801FFEB0 a0=0xFFFFFFFF
[CALL-CHAIN] #404 f0 addr=0x8001A860 ra=0x8001A930 sp=0x801FFEB0 a0=0xFFFFFFFF
[CALL-CHAIN] #405 f0 addr=0x8001A91C ra=0x8001A868 sp=0x801FFEB0 a0=0xFFFFFFFF
[CALL-CHAIN] #406 f0 addr=0x8001A9E0 ra=0x8001A930 sp=0x801FFEB0 a0=0xFFFFFFFF
[CALL-CHAIN] #407 f0 addr=0x8001A860 ra=0x8001A930 sp=0x801FFEB0 a0=0xFFFFFFFF
[CALL-CHAIN] #408 f0 addr=0x8001A91C ra=0x8001A868 sp=0x801FFEB0 a0=0xFFFFFFFF
[CALL-CHAIN] #409 f0 addr=0x8001A9E0 ra=0x8001A930 sp=0x801FFEB0 a0=0xFFFFFFFF
[CALL-CHAIN] #410 f0 addr=0x8001A860 ra=0x8001A930 sp=0x801FFEB0 a0=0xFFFFFFFF
[CALL-CHAIN] #411 f0 addr=0x8001A91C ra=0x8001A868 sp=0x801FFEB0 a0=0xFFFFFFFF
[CALL-CHAIN] #412 f0 addr=0x8001A9E0 ra=0x8001A930 sp=0x801FFEB0 a0=0xFFFFFFFF
[CALL-CHAIN] #413 f0 addr=0x8001A860 ra=0x8001A930 sp=0x801FFEB0 a0=0xFFFFFFFF
[CALL-CHAIN] #414 f0 addr=0x8001A91C ra=0x8001A868 sp=0x801FFEB0 a0=0xFFFFFFFF
[CALL-CHAIN] #415 f0 addr=0x8001A9E0 ra=0x8001A930 sp=0x801FFEB0 a0=0xFFFFFFFF
[CALL-CHAIN] #416 f0 addr=0x8001A860 ra=0x8001A930 sp=0x801FFEB0 a0=0xFFFFFFFF
[CALL-CHAIN] #417 f0 addr=0x8001A91C ra=0x8001A868 sp=0x801FFEB0 a0=0xFFFFFFFF
[CALL-CHAIN] #418 f0 addr=0x8001A9E0 ra=0x8001A930 sp=0x801FFEB0 a0=0xFFFFFFFF
[CALL-CHAIN] #419 f0 addr=0x8001A860 ra=0x8001A930 sp=0x801FFEB0 a0=0xFFFFFFFF
[CALL-CHAIN] #420 f0 addr=0x8001A91C ra=0x8001A868 sp=0x801FFEB0 a0=0xFFFFFFFF
[CALL-CHAIN] #421 f0 addr=0x8001A9E0 ra=0x8001A930 sp=0x801FFEB0 a0=0xFFFFFFFF
[CALL-CHAIN] #422 f0 addr=0x8001A860 ra=0x8001A930 sp=0x801FFEB0 a0=0xFFFFFFFF
[CALL-CHAIN] #423 f0 addr=0x8001A91C ra=0x8001A868 sp=0x801FFEB0 a0=0xFFFFFFFF
[CALL-CHAIN] #424 f0 addr=0x8001A9E0 ra=0x8001A930 sp=0x801FFEB0 a0=0xFFFFFFFF
[CALL-CHAIN] #425 f0 addr=0x8001A860 ra=0x8001A930 sp=0x801FFEB0 a0=0xFFFFFFFF
[CALL-CHAIN] #426 f0 addr=0x8001A91C ra=0x8001A868 sp=0x801FFEB0 a0=0xFFFFFFFF
[CALL-CHAIN] #427 f0 addr=0x8001A9E0 ra=0x8001A930 sp=0x801FFEB0 a0=0xFFFFFFFF
[CALL-CHAIN] #428 f0 addr=0x8001A860 ra=0x8001A930 sp=0x801FFEB0 a0=0xFFFFFFFF
[CALL-CHAIN] #429 f0 addr=0x8001A91C ra=0x8001A868 sp=0x801FFEB0 a0=0xFFFFFFFF
[CALL-CHAIN] #430 f0 addr=0x8001A9E0 ra=0x8001A930 sp=0x801FFEB0 a0=0xFFFFFFFF
[CALL-CHAIN] #431 f0 addr=0x8001A860 ra=0x8001A930 sp=0x801FFEB0 a0=0xFFFFFFFF
[CALL-CHAIN] #432 f0 addr=0x8001A91C ra=0x8001A868 sp=0x801FFEB0 a0=0xFFFFFFFF
[CALL-CHAIN] #433 f0 addr=0x8001A9E0 ra=0x8001A930 sp=0x801FFEB0 a0=0xFFFFFFFF
[CALL-CHAIN] #434 f0 addr=0x8001A860 ra=0x8001A930 sp=0x801FFEB0 a0=0xFFFFFFFF
[CALL-CHAIN] #435 f0 addr=0x8001A91C ra=0x8001A868 sp=0x801FFEB0 a0=0xFFFFFFFF
[CALL-CHAIN] #436 f0 addr=0x8001A9E0 ra=0x8001A930 sp=0x801FFEB0 a0=0xFFFFFFFF
[CALL-CHAIN] #437 f0 addr=0x8001A860 ra=0x8001A930 sp=0x801FFEB0 a0=0xFFFFFFFF
[CALL-CHAIN] #438 f0 addr=0x8001A91C ra=0x8001A868 sp=0x801FFEB0 a0=0xFFFFFFFF
[CALL-CHAIN] #439 f0 addr=0x8001A9E0 ra=0x8001A930 sp=0x801FFEB0 a0=0xFFFFFFFF
[CALL-CHAIN] #440 f0 addr=0x8001A860 ra=0x8001A930 sp=0x801FFEB0 a0=0xFFFFFFFF
[CALL-CHAIN] #441 f0 addr=0x8001A91C ra=0x8001A868 sp=0x801FFEB0 a0=0xFFFFFFFF
[CALL-CHAIN] #442 f0 addr=0x8001A9E0 ra=0x8001A930 sp=0x801FFEB0 a0=0xFFFFFFFF
[CALL-CHAIN] #443 f0 addr=0x8001A860 ra=0x8001A930 sp=0x801FFEB0 a0=0xFFFFFFFF
[CALL-CHAIN] #444 f0 addr=0x8001A91C ra=0x8001A868 sp=0x801FFEB0 a0=0xFFFFFFFF
[CALL-CHAIN] #445 f0 addr=0x8001A9E0 ra=0x8001A930 sp=0x801FFEB0 a0=0xFFFFFFFF
[CALL-CHAIN] #446 f0 addr=0x8001A860 ra=0x8001A930 sp=0x801FFEB0 a0=0xFFFFFFFF
[CALL-CHAIN] #447 f0 addr=0x8001A91C ra=0x8001A868 sp=0x801FFEB0 a0=0xFFFFFFFF
[CALL-CHAIN] #448 f0 addr=0x8001A9E0 ra=0x8001A930 sp=0x801FFEB0 a0=0xFFFFFFFF
[CALL-CHAIN] #449 f0 addr=0x8001A860 ra=0x8001A930 sp=0x801FFEB0 a0=0xFFFFFFFF
[CALL-CHAIN] #450 f0 addr=0x8001A91C ra=0x8001A868 sp=0x801FFEB0 a0=0xFFFFFFFF
[CALL-CHAIN] #451 f0 addr=0x8001A9E0 ra=0x8001A930 sp=0x801FFEB0 a0=0xFFFFFFFF
[CALL-CHAIN] #452 f0 addr=0x8001A860 ra=0x8001A930 sp=0x801FFEB0 a0=0xFFFFFFFF
[CALL-CHAIN] #453 f0 addr=0x8001A91C ra=0x8001A868 sp=0x801FFEB0 a0=0xFFFFFFFF
[CALL-CHAIN] #454 f0 addr=0x8001A9E0 ra=0x8001A930 sp=0x801FFEB0 a0=0xFFFFFFFF
[CALL-CHAIN] #455 f0 addr=0x8001A860 ra=0x8001A930 sp=0x801FFEB0 a0=0xFFFFFFFF
[CALL-CHAIN] #456 f0 addr=0x8001A91C ra=0x8001A868 sp=0x801FFEB0 a0=0xFFFFFFFF
[CALL-CHAIN] #457 f0 addr=0x8001A9E0 ra=0x8001A930 sp=0x801FFEB0 a0=0xFFFFFFFF
[CALL-CHAIN] #458 f0 addr=0x8001A860 ra=0x8001A930 sp=0x801FFEB0 a0=0xFFFFFFFF
[CALL-CHAIN] #459 f0 addr=0x8001A91C ra=0x8001A868 sp=0x801FFEB0 a0=0xFFFFFFFF
[CALL-CHAIN] #460 f0 addr=0x8001A9E0 ra=0x8001A930 sp=0x801FFEB0 a0=0xFFFFFFFF
[CALL-CHAIN] #461 f0 addr=0x8001A860 ra=0x8001A930 sp=0x801FFEB0 a0=0xFFFFFFFF
[CALL-CHAIN] #462 f0 addr=0x8001A91C ra=0x8001A868 sp=0x801FFEB0 a0=0xFFFFFFFF
[CALL-CHAIN] #463 f0 addr=0x8001A9E0 ra=0x8001A930 sp=0x801FFEB0 a0=0xFFFFFFFF
[CALL-CHAIN] #464 f0 addr=0x8001A860 ra=0x8001A930 sp=0x801FFEB0 a0=0xFFFFFFFF
[CALL-CHAIN] #465 f0 addr=0x8001A91C ra=0x8001A868 sp=0x801FFEB0 a0=0xFFFFFFFF
[CALL-CHAIN] #466 f0 addr=0x8001A9E0 ra=0x8001A930 sp=0x801FFEB0 a0=0xFFFFFFFF
[CALL-CHAIN] #467 f0 addr=0x8001A860 ra=0x8001A930 sp=0x801FFEB0 a0=0xFFFFFFFF
[CALL-CHAIN] #468 f0 addr=0x8001A91C ra=0x8001A868 sp=0x801FFEB0 a0=0xFFFFFFFF
[CALL-CHAIN] #469 f0 addr=0x8001A9E0 ra=0x8001A930 sp=0x801FFEB0 a0=0xFFFFFFFF
[CALL-CHAIN] #470 f0 addr=0x8001A860 ra=0x8001A930 sp=0x801FFEB0 a0=0xFFFFFFFF
[CALL-CHAIN] #471 f0 addr=0x8001A91C ra=0x8001A868 sp=0x801FFEB0 a0=0xFFFFFFFF
[CALL-CHAIN] #472 f0 addr=0x8001A9E0 ra=0x8001A930 sp=0x801FFEB0 a0=0xFFFFFFFF
[CALL-CHAIN] #473 f0 addr=0x8001A860 ra=0x8001A930 sp=0x801FFEB0 a0=0xFFFFFFFF
[CALL-CHAIN] #474 f0 addr=0x8001A91C ra=0x8001A868 sp=0x801FFEB0 a0=0xFFFFFFFF
[CALL-CHAIN] #475 f0 addr=0x8001A9E0 ra=0x8001A930 sp=0x801FFEB0 a0=0xFFFFFFFF
[CALL-CHAIN] #476 f0 addr=0x8001A860 ra=0x8001A930 sp=0x801FFEB0 a0=0xFFFFFFFF
[CALL-CHAIN] #477 f0 addr=0x8001A91C ra=0x8001A868 sp=0x801FFEB0 a0=0xFFFFFFFF
[CALL-CHAIN] #478 f0 addr=0x8001A9E0 ra=0x8001A930 sp=0x801FFEB0 a0=0xFFFFFFFF
[CALL-CHAIN] #479 f0 addr=0x8001A860 ra=0x8001A930 sp=0x801FFEB0 a0=0xFFFFFFFF
[CALL-CHAIN] #480 f0 addr=0x8001A91C ra=0x8001A868 sp=0x801FFEB0 a0=0xFFFFFFFF
[CALL-CHAIN] #481 f0 addr=0x8001A9E0 ra=0x8001A930 sp=0x801FFEB0 a0=0xFFFFFFFF
[CALL-CHAIN] #482 f0 addr=0x8001A860 ra=0x8001A930 sp=0x801FFEB0 a0=0xFFFFFFFF
[CALL-CHAIN] #483 f0 addr=0x8001A91C ra=0x8001A868 sp=0x801FFEB0 a0=0xFFFFFFFF
[CALL-CHAIN] #484 f0 addr=0x8001A9E0 ra=0x8001A930 sp=0x801FFEB0 a0=0xFFFFFFFF
[CALL-CHAIN] #485 f0 addr=0x8001A860 ra=0x8001A930 sp=0x801FFEB0 a0=0xFFFFFFFF
[CALL-CHAIN] #486 f0 addr=0x8001A91C ra=0x8001A868 sp=0x801FFEB0 a0=0xFFFFFFFF
[CALL-CHAIN] #487 f0 addr=0x8001A9E0 ra=0x8001A930 sp=0x801FFEB0 a0=0xFFFFFFFF
[CALL-CHAIN] #488 f0 addr=0x8001A860 ra=0x8001A930 sp=0x801FFEB0 a0=0xFFFFFFFF
[CALL-CHAIN] #489 f0 addr=0x8001A91C ra=0x8001A868 sp=0x801FFEB0 a0=0xFFFFFFFF
[CALL-CHAIN] #490 f0 addr=0x8001A9E0 ra=0x8001A930 sp=0x801FFEB0 a0=0xFFFFFFFF
[CALL-CHAIN] #491 f0 addr=0x8001A860 ra=0x8001A930 sp=0x801FFEB0 a0=0xFFFFFFFF
[CALL-CHAIN] #492 f0 addr=0x8001A91C ra=0x8001A868 sp=0x801FFEB0 a0=0xFFFFFFFF
[CALL-CHAIN] #493 f0 addr=0x8001A9E0 ra=0x8001A930 sp=0x801FFEB0 a0=0xFFFFFFFF
[CALL-CHAIN] #494 f0 addr=0x8001A860 ra=0x8001A930 sp=0x801FFEB0 a0=0xFFFFFFFF
[CALL-CHAIN] #495 f0 addr=0x8001A91C ra=0x8001A868 sp=0x801FFEB0 a0=0xFFFFFFFF
[CALL-CHAIN] #496 f0 addr=0x8001A9E0 ra=0x8001A930 sp=0x801FFEB0 a0=0xFFFFFFFF
[CALL-CHAIN] #497 f0 addr=0x8001A860 ra=0x8001A930 sp=0x801FFEB0 a0=0xFFFFFFFF
[CALL-CHAIN] #498 f0 addr=0x8001A91C ra=0x8001A868 sp=0x801FFEB0 a0=0xFFFFFFFF
[CALL-CHAIN] #499 f0 addr=0x8001A9E0 ra=0x8001A930 sp=0x801FFEB0 a0=0xFFFFFFFF
[CALL-CHAIN] #500 f0 addr=0x8001A860 ra=0x8001A930 sp=0x801FFEB0 a0=0xFFFFFFFF
[CALL-CHAIN] #501 f0 addr=0x8001A91C ra=0x8001A868 sp=0x801FFEB0 a0=0xFFFFFFFF
[CALL-CHAIN] #502 f0 addr=0x8001A9E0 ra=0x8001A930 sp=0x801FFEB0 a0=0xFFFFFFFF
[CALL-CHAIN] #503 f0 addr=0x8001A860 ra=0x8001A930 sp=0x801FFEB0 a0=0xFFFFFFFF
[CALL-CHAIN] #504 f0 addr=0x8001A91C ra=0x8001A868 sp=0x801FFEB0 a0=0xFFFFFFFF
[CALL-CHAIN] #505 f0 addr=0x8001A9E0 ra=0x8001A930 sp=0x801FFEB0 a0=0xFFFFFFFF
[CALL-CHAIN] #506 f0 addr=0x8001A860 ra=0x8001A930 sp=0x801FFEB0 a0=0xFFFFFFFF
[CALL-CHAIN] #507 f0 addr=0x8001A91C ra=0x8001A868 sp=0x801FFEB0 a0=0xFFFFFFFF
[CALL-CHAIN] #508 f0 addr=0x8001A9E0 ra=0x8001A930 sp=0x801FFEB0 a0=0xFFFFFFFF
[CALL-CHAIN] #509 f0 addr=0x8001A860 ra=0x8001A930 sp=0x801FFEB0 a0=0xFFFFFFFF
[CALL-CHAIN] #510 f0 addr=0x8001A91C ra=0x8001A868 sp=0x801FFEB0 a0=0xFFFFFFFF
[CALL-CHAIN] #511 f0 addr=0x8001A9E0 ra=0x8001A930 sp=0x801FFEB0 a0=0xFFFFFFFF
[CALL-CHAIN] #512 f0 addr=0x8001A860 ra=0x8001A930 sp=0x801FFEB0 a0=0xFFFFFFFF
[CALL-CHAIN] #513 f0 addr=0x8001A91C ra=0x8001A868 sp=0x801FFEB0 a0=0xFFFFFFFF
[CALL-CHAIN] #514 f0 addr=0x8001A9E0 ra=0x8001A930 sp=0x801FFEB0 a0=0xFFFFFFFF
[CALL-CHAIN] #515 f0 addr=0x8001A860 ra=0x8001A930 sp=0x801FFEB0 a0=0xFFFFFFFF
[CALL-CHAIN] #516 f0 addr=0x8001A91C ra=0x8001A868 sp=0x801FFEB0 a0=0xFFFFFFFF
[CALL-CHAIN] #517 f0 addr=0x8001A9E0 ra=0x8001A930 sp=0x801FFEB0 a0=0xFFFFFFFF
[CALL-CHAIN] #518 f0 addr=0x8001A860 ra=0x8001A930 sp=0x801FFEB0 a0=0xFFFFFFFF
[CALL-CHAIN] #519 f0 addr=0x8001A91C ra=0x8001A868 sp=0x801FFEB0 a0=0xFFFFFFFF
[CALL-CHAIN] #520 f0 addr=0x8001A9E0 ra=0x8001A930 sp=0x801FFEB0 a0=0xFFFFFFFF
[CALL-CHAIN] #521 f0 addr=0x8001A860 ra=0x8001A930 sp=0x801FFEB0 a0=0xFFFFFFFF
[CALL-CHAIN] #522 f0 addr=0x8001A91C ra=0x8001A868 sp=0x801FFEB0 a0=0xFFFFFFFF
[CALL-CHAIN] #523 f0 addr=0x8001A9E0 ra=0x8001A930 sp=0x801FFEB0 a0=0xFFFFFFFF
[CALL-CHAIN] #524 f0 addr=0x8001A860 ra=0x8001A930 sp=0x801FFEB0 a0=0xFFFFFFFF
[CALL-CHAIN] #525 f0 addr=0x8001A91C ra=0x8001A868 sp=0x801FFEB0 a0=0xFFFFFFFF
[CALL-CHAIN] #526 f0 addr=0x8001A9E0 ra=0x8001A930 sp=0x801FFEB0 a0=0xFFFFFFFF
[CALL-CHAIN] #527 f0 addr=0x8001A860 ra=0x8001A930 sp=0x801FFEB0 a0=0xFFFFFFFF
[CALL-CHAIN] #528 f0 addr=0x8001A91C ra=0x8001A868 sp=0x801FFEB0 a0=0xFFFFFFFF
[CALL-CHAIN] #529 f0 addr=0x8001A9E0 ra=0x8001A930 sp=0x801FFEB0 a0=0xFFFFFFFF
[CALL-CHAIN] #530 f0 addr=0x8001A860 ra=0x8001A930 sp=0x801FFEB0 a0=0xFFFFFFFF
[CALL-CHAIN] #531 f0 addr=0x8001A91C ra=0x8001A868 sp=0x801FFEB0 a0=0xFFFFFFFF
[CALL-CHAIN] #532 f0 addr=0x8001A9E0 ra=0x8001A930 sp=0x801FFEB0 a0=0xFFFFFFFF
[CALL-CHAIN] #533 f0 addr=0x8001A860 ra=0x8001A930 sp=0x801FFEB0 a0=0xFFFFFFFF
[CALL-CHAIN] #534 f0 addr=0x8001A91C ra=0x8001A868 sp=0x801FFEB0 a0=0xFFFFFFFF
[CALL-CHAIN] #535 f0 addr=0x8001A9E0 ra=0x8001A930 sp=0x801FFEB0 a0=0xFFFFFFFF
[CALL-CHAIN] #536 f0 addr=0x8001A860 ra=0x8001A930 sp=0x801FFEB0 a0=0xFFFFFFFF
[CALL-CHAIN] #537 f0 addr=0x8001A91C ra=0x8001A868 sp=0x801FFEB0 a0=0xFFFFFFFF
[CALL-CHAIN] #538 f0 addr=0x8001A9E0 ra=0x8001A930 sp=0x801FFEB0 a0=0xFFFFFFFF
[CALL-CHAIN] #539 f0 addr=0x8001A860 ra=0x8001A930 sp=0x801FFEB0 a0=0xFFFFFFFF
[CALL-CHAIN] #540 f0 addr=0x8001A91C ra=0x8001A868 sp=0x801FFEB0 a0=0xFFFFFFFF
[CALL-CHAIN] #541 f0 addr=0x8001A9E0 ra=0x8001A930 sp=0x801FFEB0 a0=0xFFFFFFFF
[CALL-CHAIN] #542 f0 addr=0x8001A860 ra=0x8001A930 sp=0x801FFEB0 a0=0xFFFFFFFF
[CALL-CHAIN] #543 f0 addr=0x8001A91C ra=0x8001A868 sp=0x801FFEB0 a0=0xFFFFFFFF
[CALL-CHAIN] #544 f0 addr=0x8001A9E0 ra=0x8001A930 sp=0x801FFEB0 a0=0xFFFFFFFF
[CALL-CHAIN] #545 f0 addr=0x8001A860 ra=0x8001A930 sp=0x801FFEB0 a0=0xFFFFFFFF
[CALL-CHAIN] #546 f0 addr=0x8001A91C ra=0x8001A868 sp=0x801FFEB0 a0=0xFFFFFFFF
[CALL-CHAIN] #547 f0 addr=0x8001A9E0 ra=0x8001A930 sp=0x801FFEB0 a0=0xFFFFFFFF
[CALL-CHAIN] #548 f0 addr=0x8001A860 ra=0x8001A930 sp=0x801FFEB0 a0=0xFFFFFFFF
[CALL-CHAIN] #549 f0 addr=0x8001A91C ra=0x8001A868 sp=0x801FFEB0 a0=0xFFFFFFFF
[CALL-CHAIN] #550 f0 addr=0x8001A9E0 ra=0x8001A930 sp=0x801FFEB0 a0=0xFFFFFFFF
[CALL-CHAIN] #551 f0 addr=0x8001A860 ra=0x8001A930 sp=0x801FFEB0 a0=0xFFFFFFFF
[CALL-CHAIN] #552 f0 addr=0x8001A91C ra=0x8001A868 sp=0x801FFEB0 a0=0xFFFFFFFF
[CALL-CHAIN] #553 f0 addr=0x8001A9E0 ra=0x8001A930 sp=0x801FFEB0 a0=0xFFFFFFFF
[CALL-CHAIN] #554 f0 addr=0x8001A860 ra=0x8001A930 sp=0x801FFEB0 a0=0xFFFFFFFF
[CALL-CHAIN] #555 f0 addr=0x8001A91C ra=0x8001A868 sp=0x801FFEB0 a0=0xFFFFFFFF
[CALL-CHAIN] #556 f0 addr=0x8001A9E0 ra=0x8001A930 sp=0x801FFEB0 a0=0xFFFFFFFF
[CALL-CHAIN] #557 f0 addr=0x8001A860 ra=0x8001A930 sp=0x801FFEB0 a0=0xFFFFFFFF
[CALL-CHAIN] #558 f0 addr=0x8001A91C ra=0x8001A868 sp=0x801FFEB0 a0=0xFFFFFFFF
[CALL-CHAIN] #559 f0 addr=0x8001A9E0 ra=0x8001A930 sp=0x801FFEB0 a0=0xFFFFFFFF
[CALL-CHAIN] #560 f0 addr=0x8001A860 ra=0x8001A930 sp=0x801FFEB0 a0=0xFFFFFFFF
[CALL-CHAIN] #561 f0 addr=0x8001A91C ra=0x8001A868 sp=0x801FFEB0 a0=0xFFFFFFFF
[CALL-CHAIN] #562 f0 addr=0x8001A9E0 ra=0x8001A930 sp=0x801FFEB0 a0=0xFFFFFFFF
[CALL-CHAIN] #563 f0 addr=0x8001A860 ra=0x8001A930 sp=0x801FFEB0 a0=0xFFFFFFFF
[CALL-CHAIN] #564 f0 addr=0x8001A91C ra=0x8001A868 sp=0x801FFEB0 a0=0xFFFFFFFF
[CALL-CHAIN] #565 f0 addr=0x8001A9E0 ra=0x8001A930 sp=0x801FFEB0 a0=0xFFFFFFFF
[CALL-CHAIN] #566 f0 addr=0x8001A860 ra=0x8001A930 sp=0x801FFEB0 a0=0xFFFFFFFF
[CALL-CHAIN] #567 f0 addr=0x8001A91C ra=0x8001A868 sp=0x801FFEB0 a0=0xFFFFFFFF
[CALL-CHAIN] #568 f0 addr=0x8001A9E0 ra=0x8001A930 sp=0x801FFEB0 a0=0xFFFFFFFF
[CALL-CHAIN] #569 f0 addr=0x8001A860 ra=0x8001A930 sp=0x801FFEB0 a0=0xFFFFFFFF
[CALL-CHAIN] #570 f0 addr=0x8001A91C ra=0x8001A868 sp=0x801FFEB0 a0=0xFFFFFFFF
[CALL-CHAIN] #571 f0 addr=0x8001A9E0 ra=0x8001A930 sp=0x801FFEB0 a0=0xFFFFFFFF
[CALL-CHAIN] #572 f0 addr=0x8001A860 ra=0x8001A930 sp=0x801FFEB0 a0=0xFFFFFFFF
[CALL-CHAIN] #573 f0 addr=0x8001A91C ra=0x8001A868 sp=0x801FFEB0 a0=0xFFFFFFFF
[CALL-CHAIN] #574 f0 addr=0x8001A9E0 ra=0x8001A930 sp=0x801FFEB0 a0=0xFFFFFFFF
[CALL-CHAIN] #575 f0 addr=0x8001A860 ra=0x8001A930 sp=0x801FFEB0 a0=0xFFFFFFFF
[CALL-CHAIN] #576 f0 addr=0x8001A91C ra=0x8001A868 sp=0x801FFEB0 a0=0xFFFFFFFF
[CALL-CHAIN] #577 f0 addr=0x8001A9E0 ra=0x8001A930 sp=0x801FFEB0 a0=0xFFFFFFFF
[CALL-CHAIN] #578 f0 addr=0x8001A860 ra=0x8001A930 sp=0x801FFEB0 a0=0xFFFFFFFF
[CALL-CHAIN] #579 f0 addr=0x8001A91C ra=0x8001A868 sp=0x801FFEB0 a0=0xFFFFFFFF
[CALL-CHAIN] #580 f0 addr=0x8001A9E0 ra=0x8001A930 sp=0x801FFEB0 a0=0xFFFFFFFF
[CALL-CHAIN] #581 f0 addr=0x8001A860 ra=0x8001A930 sp=0x801FFEB0 a0=0xFFFFFFFF
[CALL-CHAIN] #582 f0 addr=0x8001A91C ra=0x8001A868 sp=0x801FFEB0 a0=0xFFFFFFFF
[CALL-CHAIN] #583 f0 addr=0x8001A9E0 ra=0x8001A930 sp=0x801FFEB0 a0=0xFFFFFFFF
[CALL-CHAIN] #584 f0 addr=0x8001A860 ra=0x8001A930 sp=0x801FFEB0 a0=0xFFFFFFFF
[CALL-CHAIN] #585 f0 addr=0x8001A91C ra=0x8001A868 sp=0x801FFEB0 a0=0xFFFFFFFF
[CALL-CHAIN] #586 f0 addr=0x8001A9E0 ra=0x8001A930 sp=0x801FFEB0 a0=0xFFFFFFFF
[CALL-CHAIN] #587 f0 addr=0x8001A860 ra=0x8001A930 sp=0x801FFEB0 a0=0xFFFFFFFF
[CALL-CHAIN] #588 f0 addr=0x8001A91C ra=0x8001A868 sp=0x801FFEB0 a0=0xFFFFFFFF
[CALL-CHAIN] #589 f0 addr=0x8001A9E0 ra=0x8001A930 sp=0x801FFEB0 a0=0xFFFFFFFF
[CALL-CHAIN] #590 f0 addr=0x8001A860 ra=0x8001A930 sp=0x801FFEB0 a0=0xFFFFFFFF
[CALL-CHAIN] #591 f0 addr=0x8001A91C ra=0x8001A868 sp=0x801FFEB0 a0=0xFFFFFFFF
[CALL-CHAIN] #592 f0 addr=0x8001A9E0 ra=0x8001A930 sp=0x801FFEB0 a0=0xFFFFFFFF
[CALL-CHAIN] #593 f0 addr=0x8001A860 ra=0x8001A930 sp=0x801FFEB0 a0=0xFFFFFFFF
[CALL-CHAIN] #594 f0 addr=0x8001A91C ra=0x8001A868 sp=0x801FFEB0 a0=0xFFFFFFFF
[CALL-CHAIN] #595 f0 addr=0x8001A9E0 ra=0x8001A930 sp=0x801FFEB0 a0=0xFFFFFFFF
[CALL-CHAIN] #596 f0 addr=0x8001A860 ra=0x8001A930 sp=0x801FFEB0 a0=0xFFFFFFFF
[CALL-CHAIN] #597 f0 addr=0x8001A91C ra=0x8001A868 sp=0x801FFEB0 a0=0xFFFFFFFF
[CALL-CHAIN] #598 f0 addr=0x8001A9E0 ra=0x8001A930 sp=0x801FFEB0 a0=0xFFFFFFFF
[CALL-CHAIN] #599 f0 addr=0x8001A860 ra=0x8001A930 sp=0x801FFEB0 a0=0xFFFFFFFF
[CALL-CHAIN] #600 f0 addr=0x8001A91C ra=0x8001A868 sp=0x801FFEB0 a0=0xFFFFFFFF
[CALL-CHAIN] #601 f0 addr=0x8001A9E0 ra=0x8001A930 sp=0x801FFEB0 a0=0xFFFFFFFF
[CALL-CHAIN] #602 f0 addr=0x8001A860 ra=0x8001A930 sp=0x801FFEB0 a0=0xFFFFFFFF
[CALL-CHAIN] #603 f0 addr=0x8001A91C ra=0x8001A868 sp=0x801FFEB0 a0=0xFFFFFFFF
[CALL-CHAIN] #604 f0 addr=0x8001A9E0 ra=0x8001A930 sp=0x801FFEB0 a0=0xFFFFFFFF
[CALL-CHAIN] #605 f0 addr=0x8001A860 ra=0x8001A930 sp=0x801FFEB0 a0=0xFFFFFFFF
[CALL-CHAIN] #606 f0 addr=0x8001A91C ra=0x8001A868 sp=0x801FFEB0 a0=0xFFFFFFFF
[CALL-CHAIN] #607 f0 addr=0x8001A9E0 ra=0x8001A930 sp=0x801FFEB0 a0=0xFFFFFFFF
[CALL-CHAIN] #608 f0 addr=0x8001A860 ra=0x8001A930 sp=0x801FFEB0 a0=0xFFFFFFFF
[CALL-CHAIN] #609 f0 addr=0x8001A91C ra=0x8001A868 sp=0x801FFEB0 a0=0xFFFFFFFF
[CALL-CHAIN] #610 f0 addr=0x8001A9E0 ra=0x8001A930 sp=0x801FFEB0 a0=0xFFFFFFFF
[CALL-CHAIN] #611 f0 addr=0x8001A860 ra=0x8001A930 sp=0x801FFEB0 a0=0xFFFFFFFF
[CALL-CHAIN] #612 f0 addr=0x8001A91C ra=0x8001A868 sp=0x801FFEB0 a0=0xFFFFFFFF
[CALL-CHAIN] #613 f0 addr=0x8001A9E0 ra=0x8001A930 sp=0x801FFEB0 a0=0xFFFFFFFF
[CALL-CHAIN] #614 f0 addr=0x8001A860 ra=0x8001A930 sp=0x801FFEB0 a0=0xFFFFFFFF
[CALL-CHAIN] #615 f0 addr=0x8001A91C ra=0x8001A868 sp=0x801FFEB0 a0=0xFFFFFFFF
[CALL-CHAIN] #616 f0 addr=0x8001A9E0 ra=0x8001A930 sp=0x801FFEB0 a0=0xFFFFFFFF
[CALL-CHAIN] #617 f0 addr=0x8001A860 ra=0x8001A930 sp=0x801FFEB0 a0=0xFFFFFFFF
[CALL-CHAIN] #618 f0 addr=0x8001A91C ra=0x8001A868 sp=0x801FFEB0 a0=0xFFFFFFFF
[CALL-CHAIN] #619 f0 addr=0x8001A9E0 ra=0x8001A930 sp=0x801FFEB0 a0=0xFFFFFFFF
[CALL-CHAIN] #620 f0 addr=0x8001A860 ra=0x8001A930 sp=0x801FFEB0 a0=0xFFFFFFFF
[CALL-CHAIN] #621 f0 addr=0x8001A91C ra=0x8001A868 sp=0x801FFEB0 a0=0xFFFFFFFF
[CALL-CHAIN] #622 f0 addr=0x8001A9E0 ra=0x8001A930 sp=0x801FFEB0 a0=0xFFFFFFFF
[CALL-CHAIN] #623 f0 addr=0x8001A860 ra=0x8001A930 sp=0x801FFEB0 a0=0xFFFFFFFF
[CALL-CHAIN] #624 f0 addr=0x8001A91C ra=0x8001A868 sp=0x801FFEB0 a0=0xFFFFFFFF
[CALL-CHAIN] #625 f0 addr=0x8001A9E0 ra=0x8001A930 sp=0x801FFEB0 a0=0xFFFFFFFF
[CALL-CHAIN] #626 f0 addr=0x8001A860 ra=0x8001A930 sp=0x801FFEB0 a0=0xFFFFFFFF
[CALL-CHAIN] #627 f0 addr=0x8001A91C ra=0x8001A868 sp=0x801FFEB0 a0=0xFFFFFFFF
[CALL-CHAIN] #628 f0 addr=0x8001A9E0 ra=0x8001A930 sp=0x801FFEB0 a0=0xFFFFFFFF
[CALL-CHAIN] #629 f0 addr=0x8001A860 ra=0x8001A930 sp=0x801FFEB0 a0=0xFFFFFFFF
[CALL-CHAIN] #630 f0 addr=0x8001A91C ra=0x8001A868 sp=0x801FFEB0 a0=0xFFFFFFFF
[CALL-CHAIN] #631 f0 addr=0x8001A9E0 ra=0x8001A930 sp=0x801FFEB0 a0=0xFFFFFFFF
[CALL-CHAIN] #632 f0 addr=0x8001A860 ra=0x8001A930 sp=0x801FFEB0 a0=0xFFFFFFFF
[CALL-CHAIN] #633 f0 addr=0x8001A91C ra=0x8001A868 sp=0x801FFEB0 a0=0xFFFFFFFF
[CALL-CHAIN] #634 f0 addr=0x8001A9E0 ra=0x8001A930 sp=0x801FFEB0 a0=0xFFFFFFFF
[CALL-CHAIN] #635 f0 addr=0x8001A860 ra=0x8001A930 sp=0x801FFEB0 a0=0xFFFFFFFF
[CALL-CHAIN] #636 f0 addr=0x8001A91C ra=0x8001A868 sp=0x801FFEB0 a0=0xFFFFFFFF
[CALL-CHAIN] #637 f0 addr=0x8001A9E0 ra=0x8001A930 sp=0x801FFEB0 a0=0xFFFFFFFF
[CALL-CHAIN] #638 f0 addr=0x8001A860 ra=0x8001A930 sp=0x801FFEB0 a0=0xFFFFFFFF
[CALL-CHAIN] #639 f0 addr=0x8001A91C ra=0x8001A868 sp=0x801FFEB0 a0=0xFFFFFFFF
[CALL-CHAIN] #640 f0 addr=0x8001A9E0 ra=0x8001A930 sp=0x801FFEB0 a0=0xFFFFFFFF
[CALL-CHAIN] #641 f0 addr=0x8001A860 ra=0x8001A930 sp=0x801FFEB0 a0=0xFFFFFFFF
[CALL-CHAIN] #642 f0 addr=0x8001A91C ra=0x8001A868 sp=0x801FFEB0 a0=0xFFFFFFFF
[CALL-CHAIN] #643 f0 addr=0x8001A9E0 ra=0x8001A930 sp=0x801FFEB0 a0=0xFFFFFFFF
[CALL-CHAIN] #644 f0 addr=0x8001A860 ra=0x8001A930 sp=0x801FFEB0 a0=0xFFFFFFFF
[CALL-CHAIN] #645 f0 addr=0x8001A91C ra=0x8001A868 sp=0x801FFEB0 a0=0xFFFFFFFF
[CALL-CHAIN] #646 f0 addr=0x8001A9E0 ra=0x8001A930 sp=0x801FFEB0 a0=0xFFFFFFFF
[CALL-CHAIN] #647 f0 addr=0x8001A860 ra=0x8001A930 sp=0x801FFEB0 a0=0xFFFFFFFF
[CALL-CHAIN] #648 f0 addr=0x8001A91C ra=0x8001A868 sp=0x801FFEB0 a0=0xFFFFFFFF
[CALL-CHAIN] #649 f0 addr=0x8001A9E0 ra=0x8001A930 sp=0x801FFEB0 a0=0xFFFFFFFF

[CRASH] STACK_OVERFLOW (code 0xC00000FD) at native IP=0x00007FFD799ACC07
[CRASH] MIPS state:
[CRASH]  pc=0x00000000 ra=0x8001A930 sp=0x801FFEB0
[CRASH]  v0=0x00000000 v1=0x000000AB
[CRASH]  a0=0xFFFFFFFF a1=0x00000000 a2=0x00000000 a3=0x00000000
[CRASH]  s0=0x00000000 s1=0x00000000 s2=0x80032D80 s3=0x00000001
[CRASH]  s4=0x80032B48 s5=0x00000000 s6=0x80032D81 s7=0x00000000
[CRASH]  t0=0x80000000 t1=0x00000000 t2=0x00000000 t3=0x00000000
[CRASH]  hi=0x00000000 lo=0x00000000 gp=0x800339E4 fp=0x00000000
