[Launcher] Disc: C:\Users\Leona\Documents\GitHub\psxrecomp\CastlevaniaRecomp\isos\Castlevania - Symphony of the Night (USA).cue
=== PSXRecomp v2 ===
EXE: C:\Users\Leona\Documents\GitHub\psxrecomp\CastlevaniaRecomp\isos\SLUS_000.67
CUE: C:\Users\Leona\Documents\GitHub\psxrecomp\CastlevaniaRecomp\isos\Castlevania - Symphony of the Night (USA).cue

[KeyConfig] Loading from C:/Users/Leona/Documents/GitHub/psxrecomp/CastlevaniaRecomp/build/keyconfig.ini
[XA] Volume set to 50%
[KeyConfig] UP=265 DOWN=264 CROSS=83 START=257
[XA] Opened C:\Users\Leona\Documents\GitHub\psxrecomp\CastlevaniaRecomp\isos\Castlevania - Symphony of the Night (USA) (Track 1).bin
[XA] WAV capture: C:/temp/xa_capture.wav (up to 30s)
[XA] Audio ready (decode 37800 Hz → waveOut 44100 Hz)
[FMV] Opened C:\Users\Leona\Documents\GitHub\psxrecomp\CastlevaniaRecomp\isos\Castlevania - Symphony of the Night (USA) (Track 1).bin
[SPU] Initialised — 24 voices, 44100 Hz stereo
Detected PS-X header, skipping 2048 bytes
Loaded 561152 bytes
[RUNTIME] PSX_FORCE_INTERP_8006=1 (force interp for 0x80060000-0x80097FFF)
[RUNTIME] PSX_FORCE_INTERP_DISPLAY_LOOP=1 (interp for 0x80019844/0x8001A110)
[RUNTIME] PSX_FORCE_CV_DISP_CB=1 (seed RAM[0x80032AB0]=0x8001A664 when null)
[RUNTIME] PSX_TRACE_CALL_CHAIN=1
[RUNTIME] PSX_TRACE_GPU_PATH=1
Loaded into PS1 RAM at 0x80010000
[OpenGLRenderer] Initialize() called
[OpenGLRenderer] InitializeWindow() - Creating GLFW window...
[OpenGLRenderer] GLFW window created successfully (960x720)
[OpenGLRenderer] InitializeOpenGL() - Loading OpenGL functions...
[OpenGLRenderer] OpenGL initialized successfully!
[OpenGLRenderer]   Version:  3.3.0 - Build 31.0.101.5522
[OpenGLRenderer]   Renderer: Intel(R) Iris(R) Xe Graphics
[OpenGLRenderer]   Vendor:   Intel
[OpenGLRenderer] OpenGL 3.3 Core Profile ready
[OpenGLRenderer] InitializeShaders() - Compiling shaders...
[OpenGLRenderer]   - Primitive shader compiled (program ID: 3)
[OpenGLRenderer]   - Textured shader compiled (program ID: 4)
[OpenGLRenderer]   - Fill shader compiled (program ID: 5)
[OpenGLRenderer]   - Copy shader compiled (program ID: 6)
[OpenGLRenderer] All 4 shaders compiled successfully!
[OpenGLRenderer] InitializeBuffers() - Creating VAO and VBO...
[OpenGLRenderer] VAO and VBO created (max 4096 vertices per batch)
[OpenGLRenderer] InitializeVRAM() - Creating VRAM texture and FBO...
[OpenGLRenderer] VRAM texture created (1024x512, RGB5A1, 1024 KB)
[OpenGLRenderer] VRAM FBO created and verified (complete)
[OpenGLRenderer] Initialization complete!
Renderer ready

Calling entry point 0x80010DF4...
[CALL-CHAIN] #1 f0 addr=0x80010DF4 ra=0x00000000 sp=0x801FFF00 a0=0x00000000
[CALLEE-FIX] #1 f0 call_by_address(0x80010DF4) sp:801FFF00->80200000 s0:00000000->00000000 s1:00000000->00000000 — restoring
Entry point returned.
[BLACKSCREEN] Manual display bootstrap disabled by env PSX_BLACKSCREEN_MANUAL_DISPLAY_ENTRY=off
[BLACKSCREEN] Skipping bootstrap entry 0x80010DFC (set PSX_TRY_REAL_ENTRY=1 to enable)
[BLACKSCREEN] Enabling display pump fallback at 0x80019844
[CALL-CHAIN] #2 f0 addr=0x80019844 ra=0x80010EA4 sp=0x801FFF00 a0=0x800988A4
[FORCE-INTERP-DISPLAY] #1 f0 addr=0x80019844 w0=0x27BDFFD0 ra=0x80010EA4 a0=0x800988A4 cb=0x00000000
[CALL-CHAIN] #3 f0 addr=0x800198D0 ra=0x80010EA4 sp=0x801FFED0 a0=0x00000001
[CALL-CHAIN] #4 f0 addr=0x8001A65C ra=0x800198F8 sp=0x801FFED0 a0=0x00000002
[CALL-CHAIN] #5 f0 addr=0x8001A65C ra=0x8001991C sp=0x801FFED0 a0=0x000000A4
[CALL-CHAIN] #6 f0 addr=0x8001993C ra=0x8001991C sp=0x801FFED0 a0=0x000000A4
[CALL-CHAIN] #7 f0 addr=0x8001A110 ra=0x8001994C sp=0x801FFED0 a0=0x00000000
[FORCE-CV-DISP-CB] f0 seeded cb=0x8001A664
[FORCE-INTERP-DISPLAY] #2 f0 addr=0x8001A110 w0=0x27BDFFC8 ra=0x8001994C a0=0x00000000 cb=0x8001A664
[CALL-CHAIN] #8 f0 addr=0x80015308 ra=0x8001A144 sp=0x801FFE98 a0=0xFFFFFFFF
[CALL-CHAIN] #9 f0 addr=0x80015308 ra=0x8001A184 sp=0x801FFE98 a0=0xFFFFFFFF
[CALL-CHAIN] #10 f0 addr=0x8001A238 ra=0x8001A184 sp=0x801FFE98 a0=0xFFFFFFFF
[SKIP-A110-RECURSE] #1 f0 addr=0x8001A238 ra=0x8001A184 a0=0xFFFFFFFF
[CALLEE-FIX] #2 f0 call_by_address(0x8001A110) sp:801FFED0->801FFE98 s0:00000003->00000003 s1:0015F760->0015F760 — restoring
[CALL-CHAIN] #11 f0 addr=0x8001995C ra=0x8001A184 sp=0x801FFED0 a0=0xFFFFFFFF
[BLACKSCREEN][RendererPresent] present=1 f=1 disp=(0,0 320x240) vis=320x240 uv=(0.000,0.000)-(1.000,1.000)
[frame 1]
[CALL-CHAIN] #12 f1 addr=0x80019844 ra=0x80010EA4 sp=0x801FFF00 a0=0xFFFFFFFF
[FORCE-INTERP-DISPLAY] #3 f1 addr=0x80019844 w0=0x27BDFFD0 ra=0x80010EA4 a0=0xFFFFFFFF cb=0x8001A664
[CALL-CHAIN] #13 f1 addr=0x800198D0 ra=0x80010EA4 sp=0x801FFED0 a0=0x00000001
[CALL-CHAIN] #14 f1 addr=0x80019900 ra=0x80010EA4 sp=0x801FFED0 a0=0x00000001
[CALL-CHAIN] #15 f1 addr=0x8001A65C ra=0x8001991C sp=0x801FFED0 a0=0x000000FF
[CALL-CHAIN] #16 f1 addr=0x80019894 ra=0x8001991C sp=0x801FFED0 a0=0x000000FF
[CALL-CHAIN] #17 f1 addr=0x800198D0 ra=0x8001991C sp=0x801FFED0 a0=0x00000001
[CALL-CHAIN] #18 f1 addr=0x80019900 ra=0x8001991C sp=0x801FFED0 a0=0x00000001
[CALL-CHAIN] #19 f1 addr=0x8001A65C ra=0x8001991C sp=0x801FFED0 a0=0x000000FF
[CALL-CHAIN] #20 f1 addr=0x80019894 ra=0x8001991C sp=0x801FFED0 a0=0x000000FF
[CALL-CHAIN] #21 f1 addr=0x800198D0 ra=0x8001991C sp=0x801FFED0 a0=0x00000001
[CALL-CHAIN] #22 f1 addr=0x80019900 ra=0x8001991C sp=0x801FFED0 a0=0x00000001
[CALL-CHAIN] #23 f1 addr=0x8001A65C ra=0x8001991C sp=0x801FFED0 a0=0x000000FF
[CALL-CHAIN] #24 f1 addr=0x80019894 ra=0x8001991C sp=0x801FFED0 a0=0x000000FF
[CALL-CHAIN] #25 f1 addr=0x800198D0 ra=0x8001991C sp=0x801FFED0 a0=0x00000001
[CALL-CHAIN] #26 f1 addr=0x80019900 ra=0x8001991C sp=0x801FFED0 a0=0x00000001
[CALL-CHAIN] #27 f1 addr=0x8001A65C ra=0x8001991C sp=0x801FFED0 a0=0x000000FF
[CALL-CHAIN] #28 f1 addr=0x80019958 ra=0x8001991C sp=0x801FFED0 a0=0x00000000
[BLACKSCREEN][RendererPresent] present=2 f=2 disp=(0,0 320x240) vis=320x240 uv=(0.000,0.000)-(1.000,1.000)
[frame 2]
[CALL-CHAIN] #29 f2 addr=0x80019844 ra=0x80010EA4 sp=0x801FFF00 a0=0x00000000
[FORCE-INTERP-DISPLAY] #4 f2 addr=0x80019844 w0=0x27BDFFD0 ra=0x80010EA4 a0=0x00000000 cb=0x8001A664
[CALL-CHAIN] #30 f2 addr=0x800198D0 ra=0x80010EA4 sp=0x801FFED0 a0=0x00000001
[CALL-CHAIN] #31 f2 addr=0x80019900 ra=0x80010EA4 sp=0x801FFED0 a0=0x00000001
[CALL-CHAIN] #32 f2 addr=0x8001A65C ra=0x8001991C sp=0x801FFED0 a0=0x00000000
[CALL-CHAIN] #33 f2 addr=0x80019894 ra=0x8001991C sp=0x801FFED0 a0=0x00000000
[CALL-CHAIN] #34 f2 addr=0x800198D0 ra=0x8001991C sp=0x801FFED0 a0=0x00000001
[CALL-CHAIN] #35 f2 addr=0x80019900 ra=0x8001991C sp=0x801FFED0 a0=0x00000001
[CALL-CHAIN] #36 f2 addr=0x8001A65C ra=0x8001991C sp=0x801FFED0 a0=0x00000000
[CALL-CHAIN] #37 f2 addr=0x80019894 ra=0x8001991C sp=0x801FFED0 a0=0x00000000
[CALL-CHAIN] #38 f2 addr=0x800198D0 ra=0x8001991C sp=0x801FFED0 a0=0x00000001
[CALL-CHAIN] #39 f2 addr=0x80019900 ra=0x8001991C sp=0x801FFED0 a0=0x00000001
[CALL-CHAIN] #40 f2 addr=0x8001A65C ra=0x8001991C sp=0x801FFED0 a0=0x00000000
[CALL-CHAIN] #41 f2 addr=0x80019894 ra=0x8001991C sp=0x801FFED0 a0=0x00000000
[CALL-CHAIN] #42 f2 addr=0x800198D0 ra=0x8001991C sp=0x801FFED0 a0=0x00000001
[CALL-CHAIN] #43 f2 addr=0x80019900 ra=0x8001991C sp=0x801FFED0 a0=0x00000001
[CALL-CHAIN] #44 f2 addr=0x8001A65C ra=0x8001991C sp=0x801FFED0 a0=0x00000000
[CALL-CHAIN] #45 f2 addr=0x80019958 ra=0x8001991C sp=0x801FFED0 a0=0x00000000
[BLACKSCREEN][RendererPresent] present=3 f=3 disp=(0,0 320x240) vis=320x240 uv=(0.000,0.000)-(1.000,1.000)
[frame 3]
[CALL-CHAIN] #46 f3 addr=0x80019844 ra=0x80010EA4 sp=0x801FFF00 a0=0x00000000
[FORCE-INTERP-DISPLAY] #5 f3 addr=0x80019844 w0=0x27BDFFD0 ra=0x80010EA4 a0=0x00000000 cb=0x8001A664
[CALL-CHAIN] #47 f3 addr=0x800198D0 ra=0x80010EA4 sp=0x801FFED0 a0=0x00000001
[CALL-CHAIN] #48 f3 addr=0x80019900 ra=0x80010EA4 sp=0x801FFED0 a0=0x00000001
[CALL-CHAIN] #49 f3 addr=0x8001A65C ra=0x8001991C sp=0x801FFED0 a0=0x00000000
[CALL-CHAIN] #50 f3 addr=0x80019894 ra=0x8001991C sp=0x801FFED0 a0=0x00000000
[CALL-CHAIN] #51 f3 addr=0x800198D0 ra=0x8001991C sp=0x801FFED0 a0=0x00000001
[CALL-CHAIN] #52 f3 addr=0x80019900 ra=0x8001991C sp=0x801FFED0 a0=0x00000001
[CALL-CHAIN] #53 f3 addr=0x8001A65C ra=0x8001991C sp=0x801FFED0 a0=0x00000000
[CALL-CHAIN] #54 f3 addr=0x80019894 ra=0x8001991C sp=0x801FFED0 a0=0x00000000
[CALL-CHAIN] #55 f3 addr=0x800198D0 ra=0x8001991C sp=0x801FFED0 a0=0x00000001
[CALL-CHAIN] #56 f3 addr=0x80019900 ra=0x8001991C sp=0x801FFED0 a0=0x00000001
[CALL-CHAIN] #57 f3 addr=0x8001A65C ra=0x8001991C sp=0x801FFED0 a0=0x00000000
[CALL-CHAIN] #58 f3 addr=0x80019894 ra=0x8001991C sp=0x801FFED0 a0=0x00000000
[CALL-CHAIN] #59 f3 addr=0x800198D0 ra=0x8001991C sp=0x801FFED0 a0=0x00000001
[CALL-CHAIN] #60 f3 addr=0x80019900 ra=0x8001991C sp=0x801FFED0 a0=0x00000001
[CALL-CHAIN] #61 f3 addr=0x8001A65C ra=0x8001991C sp=0x801FFED0 a0=0x00000000
[CALL-CHAIN] #62 f3 addr=0x80019958 ra=0x8001991C sp=0x801FFED0 a0=0x00000000
[BLACKSCREEN][RendererPresent] present=4 f=4 disp=(0,0 320x240) vis=320x240 uv=(0.000,0.000)-(1.000,1.000)
[frame 4]
[CALL-CHAIN] #63 f4 addr=0x80019844 ra=0x80010EA4 sp=0x801FFF00 a0=0x00000000
[FORCE-INTERP-DISPLAY] #6 f4 addr=0x80019844 w0=0x27BDFFD0 ra=0x80010EA4 a0=0x00000000 cb=0x8001A664
[CALL-CHAIN] #64 f4 addr=0x800198D0 ra=0x80010EA4 sp=0x801FFED0 a0=0x00000001
[CALL-CHAIN] #65 f4 addr=0x80019900 ra=0x80010EA4 sp=0x801FFED0 a0=0x00000001
[CALL-CHAIN] #66 f4 addr=0x8001A65C ra=0x8001991C sp=0x801FFED0 a0=0x00000000
[CALL-CHAIN] #67 f4 addr=0x80019894 ra=0x8001991C sp=0x801FFED0 a0=0x00000000
[CALL-CHAIN] #68 f4 addr=0x800198D0 ra=0x8001991C sp=0x801FFED0 a0=0x00000001
[CALL-CHAIN] #69 f4 addr=0x80019900 ra=0x8001991C sp=0x801FFED0 a0=0x00000001
[CALL-CHAIN] #70 f4 addr=0x8001A65C ra=0x8001991C sp=0x801FFED0 a0=0x00000000
[CALL-CHAIN] #71 f4 addr=0x80019894 ra=0x8001991C sp=0x801FFED0 a0=0x00000000
[CALL-CHAIN] #72 f4 addr=0x800198D0 ra=0x8001991C sp=0x801FFED0 a0=0x00000001
[CALL-CHAIN] #73 f4 addr=0x80019900 ra=0x8001991C sp=0x801FFED0 a0=0x00000001
[CALL-CHAIN] #74 f4 addr=0x8001A65C ra=0x8001991C sp=0x801FFED0 a0=0x00000000
[CALL-CHAIN] #75 f4 addr=0x80019894 ra=0x8001991C sp=0x801FFED0 a0=0x00000000
[CALL-CHAIN] #76 f4 addr=0x800198D0 ra=0x8001991C sp=0x801FFED0 a0=0x00000001
[CALL-CHAIN] #77 f4 addr=0x80019900 ra=0x8001991C sp=0x801FFED0 a0=0x00000001
[CALL-CHAIN] #78 f4 addr=0x8001A65C ra=0x8001991C sp=0x801FFED0 a0=0x00000000
[CALL-CHAIN] #79 f4 addr=0x80019958 ra=0x8001991C sp=0x801FFED0 a0=0x00000000
[BLACKSCREEN][RendererPresent] present=5 f=5 disp=(0,0 320x240) vis=320x240 uv=(0.000,0.000)-(1.000,1.000)
[frame 5]
[CALL-CHAIN] #80 f5 addr=0x80019844 ra=0x80010EA4 sp=0x801FFF00 a0=0x00000000
[FORCE-INTERP-DISPLAY] #7 f5 addr=0x80019844 w0=0x27BDFFD0 ra=0x80010EA4 a0=0x00000000 cb=0x8001A664
[CALL-CHAIN] #81 f5 addr=0x800198D0 ra=0x80010EA4 sp=0x801FFED0 a0=0x00000001
[CALL-CHAIN] #82 f5 addr=0x80019900 ra=0x80010EA4 sp=0x801FFED0 a0=0x00000001
[CALL-CHAIN] #83 f5 addr=0x8001A65C ra=0x8001991C sp=0x801FFED0 a0=0x00000000
[CALL-CHAIN] #84 f5 addr=0x80019894 ra=0x8001991C sp=0x801FFED0 a0=0x00000000
[CALL-CHAIN] #85 f5 addr=0x800198D0 ra=0x8001991C sp=0x801FFED0 a0=0x00000001
[CALL-CHAIN] #86 f5 addr=0x80019900 ra=0x8001991C sp=0x801FFED0 a0=0x00000001
[CALL-CHAIN] #87 f5 addr=0x8001A65C ra=0x8001991C sp=0x801FFED0 a0=0x00000000
[CALL-CHAIN] #88 f5 addr=0x80019894 ra=0x8001991C sp=0x801FFED0 a0=0x00000000
[CALL-CHAIN] #89 f5 addr=0x800198D0 ra=0x8001991C sp=0x801FFED0 a0=0x00000001
[CALL-CHAIN] #90 f5 addr=0x80019900 ra=0x8001991C sp=0x801FFED0 a0=0x00000001
[CALL-CHAIN] #91 f5 addr=0x8001A65C ra=0x8001991C sp=0x801FFED0 a0=0x00000000
[CALL-CHAIN] #92 f5 addr=0x80019894 ra=0x8001991C sp=0x801FFED0 a0=0x00000000
[CALL-CHAIN] #93 f5 addr=0x800198D0 ra=0x8001991C sp=0x801FFED0 a0=0x00000001
[CALL-CHAIN] #94 f5 addr=0x80019900 ra=0x8001991C sp=0x801FFED0 a0=0x00000001
[CALL-CHAIN] #95 f5 addr=0x8001A65C ra=0x8001991C sp=0x801FFED0 a0=0x00000000
[CALL-CHAIN] #96 f5 addr=0x80019958 ra=0x8001991C sp=0x801FFED0 a0=0x00000000
[BLACKSCREEN][RendererPresent] present=6 f=6 disp=(0,0 320x240) vis=320x240 uv=(0.000,0.000)-(1.000,1.000)
[CALL-CHAIN] #97 f6 addr=0x80019844 ra=0x80010EA4 sp=0x801FFF00 a0=0x00000000
[FORCE-INTERP-DISPLAY] #8 f6 addr=0x80019844 w0=0x27BDFFD0 ra=0x80010EA4 a0=0x00000000 cb=0x8001A664
[CALL-CHAIN] #98 f6 addr=0x800198D0 ra=0x80010EA4 sp=0x801FFED0 a0=0x00000001
[CALL-CHAIN] #99 f6 addr=0x80019900 ra=0x80010EA4 sp=0x801FFED0 a0=0x00000001
[CALL-CHAIN] #100 f6 addr=0x8001A65C ra=0x8001991C sp=0x801FFED0 a0=0x00000000
[CALL-CHAIN] #101 f6 addr=0x80019894 ra=0x8001991C sp=0x801FFED0 a0=0x00000000
[CALL-CHAIN] #102 f6 addr=0x800198D0 ra=0x8001991C sp=0x801FFED0 a0=0x00000001
[CALL-CHAIN] #103 f6 addr=0x80019900 ra=0x8001991C sp=0x801FFED0 a0=0x00000001
[CALL-CHAIN] #104 f6 addr=0x8001A65C ra=0x8001991C sp=0x801FFED0 a0=0x00000000
[CALL-CHAIN] #105 f6 addr=0x80019894 ra=0x8001991C sp=0x801FFED0 a0=0x00000000
[CALL-CHAIN] #106 f6 addr=0x800198D0 ra=0x8001991C sp=0x801FFED0 a0=0x00000001
[CALL-CHAIN] #107 f6 addr=0x80019900 ra=0x8001991C sp=0x801FFED0 a0=0x00000001
[CALL-CHAIN] #108 f6 addr=0x8001A65C ra=0x8001991C sp=0x801FFED0 a0=0x00000000
[CALL-CHAIN] #109 f6 addr=0x80019894 ra=0x8001991C sp=0x801FFED0 a0=0x00000000
[CALL-CHAIN] #110 f6 addr=0x800198D0 ra=0x8001991C sp=0x801FFED0 a0=0x00000001
[CALL-CHAIN] #111 f6 addr=0x80019900 ra=0x8001991C sp=0x801FFED0 a0=0x00000001
[CALL-CHAIN] #112 f6 addr=0x8001A65C ra=0x8001991C sp=0x801FFED0 a0=0x00000000
[CALL-CHAIN] #113 f6 addr=0x80019958 ra=0x8001991C sp=0x801FFED0 a0=0x00000000
[BLACKSCREEN][RendererPresent] present=7 f=7 disp=(0,0 320x240) vis=320x240 uv=(0.000,0.000)-(1.000,1.000)
[CALL-CHAIN] #114 f7 addr=0x80019844 ra=0x80010EA4 sp=0x801FFF00 a0=0x00000000
[FORCE-INTERP-DISPLAY] #9 f7 addr=0x80019844 w0=0x27BDFFD0 ra=0x80010EA4 a0=0x00000000 cb=0x8001A664
[CALL-CHAIN] #115 f7 addr=0x800198D0 ra=0x80010EA4 sp=0x801FFED0 a0=0x00000001
[CALL-CHAIN] #116 f7 addr=0x80019900 ra=0x80010EA4 sp=0x801FFED0 a0=0x00000001
[CALL-CHAIN] #117 f7 addr=0x8001A65C ra=0x8001991C sp=0x801FFED0 a0=0x00000000
[CALL-CHAIN] #118 f7 addr=0x80019894 ra=0x8001991C sp=0x801FFED0 a0=0x00000000
[CALL-CHAIN] #119 f7 addr=0x800198D0 ra=0x8001991C sp=0x801FFED0 a0=0x00000001
[CALL-CHAIN] #120 f7 addr=0x80019900 ra=0x8001991C sp=0x801FFED0 a0=0x00000001
[CALL-CHAIN] #121 f7 addr=0x8001A65C ra=0x8001991C sp=0x801FFED0 a0=0x00000000
[CALL-CHAIN] #122 f7 addr=0x80019894 ra=0x8001991C sp=0x801FFED0 a0=0x00000000
[CALL-CHAIN] #123 f7 addr=0x800198D0 ra=0x8001991C sp=0x801FFED0 a0=0x00000001
[CALL-CHAIN] #124 f7 addr=0x80019900 ra=0x8001991C sp=0x801FFED0 a0=0x00000001
[CALL-CHAIN] #125 f7 addr=0x8001A65C ra=0x8001991C sp=0x801FFED0 a0=0x00000000
[CALL-CHAIN] #126 f7 addr=0x80019894 ra=0x8001991C sp=0x801FFED0 a0=0x00000000
[CALL-CHAIN] #127 f7 addr=0x800198D0 ra=0x8001991C sp=0x801FFED0 a0=0x00000001
[CALL-CHAIN] #128 f7 addr=0x80019900 ra=0x8001991C sp=0x801FFED0 a0=0x00000001
[CALL-CHAIN] #129 f7 addr=0x8001A65C ra=0x8001991C sp=0x801FFED0 a0=0x00000000
[CALL-CHAIN] #130 f7 addr=0x80019958 ra=0x8001991C sp=0x801FFED0 a0=0x00000000
[BLACKSCREEN][RendererPresent] present=8 f=8 disp=(0,0 320x240) vis=320x240 uv=(0.000,0.000)-(1.000,1.000)
[CALL-CHAIN] #131 f8 addr=0x80019844 ra=0x80010EA4 sp=0x801FFF00 a0=0x00000000
[FORCE-INTERP-DISPLAY] #10 f8 addr=0x80019844 w0=0x27BDFFD0 ra=0x80010EA4 a0=0x00000000 cb=0x8001A664
[CALL-CHAIN] #132 f8 addr=0x800198D0 ra=0x80010EA4 sp=0x801FFED0 a0=0x00000001
[CALL-CHAIN] #133 f8 addr=0x80019900 ra=0x80010EA4 sp=0x801FFED0 a0=0x00000001
[CALL-CHAIN] #134 f8 addr=0x8001A65C ra=0x8001991C sp=0x801FFED0 a0=0x00000000
[CALL-CHAIN] #135 f8 addr=0x80019894 ra=0x8001991C sp=0x801FFED0 a0=0x00000000
[CALL-CHAIN] #136 f8 addr=0x800198D0 ra=0x8001991C sp=0x801FFED0 a0=0x00000001
[CALL-CHAIN] #137 f8 addr=0x80019900 ra=0x8001991C sp=0x801FFED0 a0=0x00000001
[CALL-CHAIN] #138 f8 addr=0x8001A65C ra=0x8001991C sp=0x801FFED0 a0=0x00000000
[CALL-CHAIN] #139 f8 addr=0x80019894 ra=0x8001991C sp=0x801FFED0 a0=0x00000000
[CALL-CHAIN] #140 f8 addr=0x800198D0 ra=0x8001991C sp=0x801FFED0 a0=0x00000001
[CALL-CHAIN] #141 f8 addr=0x80019900 ra=0x8001991C sp=0x801FFED0 a0=0x00000001
[CALL-CHAIN] #142 f8 addr=0x8001A65C ra=0x8001991C sp=0x801FFED0 a0=0x00000000
[CALL-CHAIN] #143 f8 addr=0x80019894 ra=0x8001991C sp=0x801FFED0 a0=0x00000000
[CALL-CHAIN] #144 f8 addr=0x800198D0 ra=0x8001991C sp=0x801FFED0 a0=0x00000001
[CALL-CHAIN] #145 f8 addr=0x80019900 ra=0x8001991C sp=0x801FFED0 a0=0x00000001
[CALL-CHAIN] #146 f8 addr=0x8001A65C ra=0x8001991C sp=0x801FFED0 a0=0x00000000
[CALL-CHAIN] #147 f8 addr=0x80019958 ra=0x8001991C sp=0x801FFED0 a0=0x00000000
[BLACKSCREEN][RendererPresent] present=9 f=9 disp=(0,0 320x240) vis=320x240 uv=(0.000,0.000)-(1.000,1.000)
[CALL-CHAIN] #148 f9 addr=0x80019844 ra=0x80010EA4 sp=0x801FFF00 a0=0x00000000
[FORCE-INTERP-DISPLAY] #11 f9 addr=0x80019844 w0=0x27BDFFD0 ra=0x80010EA4 a0=0x00000000 cb=0x8001A664
[CALL-CHAIN] #149 f9 addr=0x800198D0 ra=0x80010EA4 sp=0x801FFED0 a0=0x00000001
[CALL-CHAIN] #150 f9 addr=0x80019900 ra=0x80010EA4 sp=0x801FFED0 a0=0x00000001
[CALL-CHAIN] #151 f9 addr=0x8001A65C ra=0x8001991C sp=0x801FFED0 a0=0x00000000
[CALL-CHAIN] #152 f9 addr=0x80019894 ra=0x8001991C sp=0x801FFED0 a0=0x00000000
[CALL-CHAIN] #153 f9 addr=0x800198D0 ra=0x8001991C sp=0x801FFED0 a0=0x00000001
[CALL-CHAIN] #154 f9 addr=0x80019900 ra=0x8001991C sp=0x801FFED0 a0=0x00000001
[CALL-CHAIN] #155 f9 addr=0x8001A65C ra=0x8001991C sp=0x801FFED0 a0=0x00000000
[CALL-CHAIN] #156 f9 addr=0x80019894 ra=0x8001991C sp=0x801FFED0 a0=0x00000000
[CALL-CHAIN] #157 f9 addr=0x800198D0 ra=0x8001991C sp=0x801FFED0 a0=0x00000001
[CALL-CHAIN] #158 f9 addr=0x80019900 ra=0x8001991C sp=0x801FFED0 a0=0x00000001
[CALL-CHAIN] #159 f9 addr=0x8001A65C ra=0x8001991C sp=0x801FFED0 a0=0x00000000
[CALL-CHAIN] #160 f9 addr=0x80019894 ra=0x8001991C sp=0x801FFED0 a0=0x00000000
[CALL-CHAIN] #161 f9 addr=0x800198D0 ra=0x8001991C sp=0x801FFED0 a0=0x00000001
[CALL-CHAIN] #162 f9 addr=0x80019900 ra=0x8001991C sp=0x801FFED0 a0=0x00000001
[CALL-CHAIN] #163 f9 addr=0x8001A65C ra=0x8001991C sp=0x801FFED0 a0=0x00000000
[CALL-CHAIN] #164 f9 addr=0x80019958 ra=0x8001991C sp=0x801FFED0 a0=0x00000000
[BLACKSCREEN][RendererPresent] present=10 f=10 disp=(0,0 320x240) vis=320x240 uv=(0.000,0.000)-(1.000,1.000)
[CALL-CHAIN] #165 f10 addr=0x80019844 ra=0x80010EA4 sp=0x801FFF00 a0=0x00000000
[FORCE-INTERP-DISPLAY] #12 f10 addr=0x80019844 w0=0x27BDFFD0 ra=0x80010EA4 a0=0x00000000 cb=0x8001A664
[CALL-CHAIN] #166 f10 addr=0x800198D0 ra=0x80010EA4 sp=0x801FFED0 a0=0x00000001
[CALL-CHAIN] #167 f10 addr=0x80019900 ra=0x80010EA4 sp=0x801FFED0 a0=0x00000001
[CALL-CHAIN] #168 f10 addr=0x8001A65C ra=0x8001991C sp=0x801FFED0 a0=0x00000000
[CALL-CHAIN] #169 f10 addr=0x80019894 ra=0x8001991C sp=0x801FFED0 a0=0x00000000
[CALL-CHAIN] #170 f10 addr=0x800198D0 ra=0x8001991C sp=0x801FFED0 a0=0x00000001
[CALL-CHAIN] #171 f10 addr=0x80019900 ra=0x8001991C sp=0x801FFED0 a0=0x00000001
[CALL-CHAIN] #172 f10 addr=0x8001A65C ra=0x8001991C sp=0x801FFED0 a0=0x00000000
[CALL-CHAIN] #173 f10 addr=0x80019894 ra=0x8001991C sp=0x801FFED0 a0=0x00000000
[CALL-CHAIN] #174 f10 addr=0x800198D0 ra=0x8001991C sp=0x801FFED0 a0=0x00000001
[CALL-CHAIN] #175 f10 addr=0x80019900 ra=0x8001991C sp=0x801FFED0 a0=0x00000001
[CALL-CHAIN] #176 f10 addr=0x8001A65C ra=0x8001991C sp=0x801FFED0 a0=0x00000000
[CALL-CHAIN] #177 f10 addr=0x80019894 ra=0x8001991C sp=0x801FFED0 a0=0x00000000
[CALL-CHAIN] #178 f10 addr=0x800198D0 ra=0x8001991C sp=0x801FFED0 a0=0x00000001
[CALL-CHAIN] #179 f10 addr=0x80019900 ra=0x8001991C sp=0x801FFED0 a0=0x00000001
[CALL-CHAIN] #180 f10 addr=0x8001A65C ra=0x8001991C sp=0x801FFED0 a0=0x00000000
[CALL-CHAIN] #181 f10 addr=0x80019958 ra=0x8001991C sp=0x801FFED0 a0=0x00000000
[BLACKSCREEN][RendererPresent] present=11 f=11 disp=(0,0 320x240) vis=320x240 uv=(0.000,0.000)-(1.000,1.000)
[CALL-CHAIN] #182 f11 addr=0x80019844 ra=0x80010EA4 sp=0x801FFF00 a0=0x00000000
[FORCE-INTERP-DISPLAY] #13 f11 addr=0x80019844 w0=0x27BDFFD0 ra=0x80010EA4 a0=0x00000000 cb=0x8001A664
[CALL-CHAIN] #183 f11 addr=0x800198D0 ra=0x80010EA4 sp=0x801FFED0 a0=0x00000001
[CALL-CHAIN] #184 f11 addr=0x80019900 ra=0x80010EA4 sp=0x801FFED0 a0=0x00000001
[CALL-CHAIN] #185 f11 addr=0x8001A65C ra=0x8001991C sp=0x801FFED0 a0=0x00000000
[CALL-CHAIN] #186 f11 addr=0x80019894 ra=0x8001991C sp=0x801FFED0 a0=0x00000000
[CALL-CHAIN] #187 f11 addr=0x800198D0 ra=0x8001991C sp=0x801FFED0 a0=0x00000001
[CALL-CHAIN] #188 f11 addr=0x80019900 ra=0x8001991C sp=0x801FFED0 a0=0x00000001
[CALL-CHAIN] #189 f11 addr=0x8001A65C ra=0x8001991C sp=0x801FFED0 a0=0x00000000
[CALL-CHAIN] #190 f11 addr=0x80019894 ra=0x8001991C sp=0x801FFED0 a0=0x00000000
[CALL-CHAIN] #191 f11 addr=0x800198D0 ra=0x8001991C sp=0x801FFED0 a0=0x00000001
[CALL-CHAIN] #192 f11 addr=0x80019900 ra=0x8001991C sp=0x801FFED0 a0=0x00000001
[CALL-CHAIN] #193 f11 addr=0x8001A65C ra=0x8001991C sp=0x801FFED0 a0=0x00000000
[CALL-CHAIN] #194 f11 addr=0x80019894 ra=0x8001991C sp=0x801FFED0 a0=0x00000000
[CALL-CHAIN] #195 f11 addr=0x800198D0 ra=0x8001991C sp=0x801FFED0 a0=0x00000001
[CALL-CHAIN] #196 f11 addr=0x80019900 ra=0x8001991C sp=0x801FFED0 a0=0x00000001
[CALL-CHAIN] #197 f11 addr=0x8001A65C ra=0x8001991C sp=0x801FFED0 a0=0x00000000
[CALL-CHAIN] #198 f11 addr=0x80019958 ra=0x8001991C sp=0x801FFED0 a0=0x00000000
[BLACKSCREEN][RendererPresent] present=12 f=12 disp=(0,0 320x240) vis=320x240 uv=(0.000,0.000)-(1.000,1.000)
[CALL-CHAIN] #199 f12 addr=0x80019844 ra=0x80010EA4 sp=0x801FFF00 a0=0x00000000
[FORCE-INTERP-DISPLAY] #14 f12 addr=0x80019844 w0=0x27BDFFD0 ra=0x80010EA4 a0=0x00000000 cb=0x8001A664
[CALL-CHAIN] #200 f12 addr=0x800198D0 ra=0x80010EA4 sp=0x801FFED0 a0=0x00000001
[CALL-CHAIN] #201 f12 addr=0x80019900 ra=0x80010EA4 sp=0x801FFED0 a0=0x00000001
[CALL-CHAIN] #202 f12 addr=0x8001A65C ra=0x8001991C sp=0x801FFED0 a0=0x00000000
[CALL-CHAIN] #203 f12 addr=0x80019894 ra=0x8001991C sp=0x801FFED0 a0=0x00000000
[CALL-CHAIN] #204 f12 addr=0x800198D0 ra=0x8001991C sp=0x801FFED0 a0=0x00000001
[CALL-CHAIN] #205 f12 addr=0x80019900 ra=0x8001991C sp=0x801FFED0 a0=0x00000001
[CALL-CHAIN] #206 f12 addr=0x8001A65C ra=0x8001991C sp=0x801FFED0 a0=0x00000000
[CALL-CHAIN] #207 f12 addr=0x80019894 ra=0x8001991C sp=0x801FFED0 a0=0x00000000
[CALL-CHAIN] #208 f12 addr=0x800198D0 ra=0x8001991C sp=0x801FFED0 a0=0x00000001
[CALL-CHAIN] #209 f12 addr=0x80019900 ra=0x8001991C sp=0x801FFED0 a0=0x00000001
[CALL-CHAIN] #210 f12 addr=0x8001A65C ra=0x8001991C sp=0x801FFED0 a0=0x00000000
[CALL-CHAIN] #211 f12 addr=0x80019894 ra=0x8001991C sp=0x801FFED0 a0=0x00000000
[CALL-CHAIN] #212 f12 addr=0x800198D0 ra=0x8001991C sp=0x801FFED0 a0=0x00000001
[CALL-CHAIN] #213 f12 addr=0x80019900 ra=0x8001991C sp=0x801FFED0 a0=0x00000001
[CALL-CHAIN] #214 f12 addr=0x8001A65C ra=0x8001991C sp=0x801FFED0 a0=0x00000000
[CALL-CHAIN] #215 f12 addr=0x80019958 ra=0x8001991C sp=0x801FFED0 a0=0x00000000
[BLACKSCREEN][RendererPresent] present=13 f=13 disp=(0,0 320x240) vis=320x240 uv=(0.000,0.000)-(1.000,1.000)
[CALL-CHAIN] #216 f13 addr=0x80019844 ra=0x80010EA4 sp=0x801FFF00 a0=0x00000000
[FORCE-INTERP-DISPLAY] #15 f13 addr=0x80019844 w0=0x27BDFFD0 ra=0x80010EA4 a0=0x00000000 cb=0x8001A664
[CALL-CHAIN] #217 f13 addr=0x800198D0 ra=0x80010EA4 sp=0x801FFED0 a0=0x00000001
[CALL-CHAIN] #218 f13 addr=0x80019900 ra=0x80010EA4 sp=0x801FFED0 a0=0x00000001
[CALL-CHAIN] #219 f13 addr=0x8001A65C ra=0x8001991C sp=0x801FFED0 a0=0x00000000
[CALL-CHAIN] #220 f13 addr=0x80019894 ra=0x8001991C sp=0x801FFED0 a0=0x00000000
[CALL-CHAIN] #221 f13 addr=0x800198D0 ra=0x8001991C sp=0x801FFED0 a0=0x00000001
[CALL-CHAIN] #222 f13 addr=0x80019900 ra=0x8001991C sp=0x801FFED0 a0=0x00000001
[CALL-CHAIN] #223 f13 addr=0x8001A65C ra=0x8001991C sp=0x801FFED0 a0=0x00000000
[CALL-CHAIN] #224 f13 addr=0x80019894 ra=0x8001991C sp=0x801FFED0 a0=0x00000000
[CALL-CHAIN] #225 f13 addr=0x800198D0 ra=0x8001991C sp=0x801FFED0 a0=0x00000001
[CALL-CHAIN] #226 f13 addr=0x80019900 ra=0x8001991C sp=0x801FFED0 a0=0x00000001
[CALL-CHAIN] #227 f13 addr=0x8001A65C ra=0x8001991C sp=0x801FFED0 a0=0x00000000
[CALL-CHAIN] #228 f13 addr=0x80019894 ra=0x8001991C sp=0x801FFED0 a0=0x00000000
[CALL-CHAIN] #229 f13 addr=0x800198D0 ra=0x8001991C sp=0x801FFED0 a0=0x00000001
[CALL-CHAIN] #230 f13 addr=0x80019900 ra=0x8001991C sp=0x801FFED0 a0=0x00000001
[CALL-CHAIN] #231 f13 addr=0x8001A65C ra=0x8001991C sp=0x801FFED0 a0=0x00000000
[CALL-CHAIN] #232 f13 addr=0x80019958 ra=0x8001991C sp=0x801FFED0 a0=0x00000000
[BLACKSCREEN][RendererPresent] present=14 f=14 disp=(0,0 320x240) vis=320x240 uv=(0.000,0.000)-(1.000,1.000)
[CALL-CHAIN] #233 f14 addr=0x80019844 ra=0x80010EA4 sp=0x801FFF00 a0=0x00000000
[FORCE-INTERP-DISPLAY] #16 f14 addr=0x80019844 w0=0x27BDFFD0 ra=0x80010EA4 a0=0x00000000 cb=0x8001A664
[CALL-CHAIN] #234 f14 addr=0x800198D0 ra=0x80010EA4 sp=0x801FFED0 a0=0x00000001
[CALL-CHAIN] #235 f14 addr=0x80019900 ra=0x80010EA4 sp=0x801FFED0 a0=0x00000001
[CALL-CHAIN] #236 f14 addr=0x8001A65C ra=0x8001991C sp=0x801FFED0 a0=0x00000000
[CALL-CHAIN] #237 f14 addr=0x80019894 ra=0x8001991C sp=0x801FFED0 a0=0x00000000
[CALL-CHAIN] #238 f14 addr=0x800198D0 ra=0x8001991C sp=0x801FFED0 a0=0x00000001
[CALL-CHAIN] #239 f14 addr=0x80019900 ra=0x8001991C sp=0x801FFED0 a0=0x00000001
[CALL-CHAIN] #240 f14 addr=0x8001A65C ra=0x8001991C sp=0x801FFED0 a0=0x00000000
[CALL-CHAIN] #241 f14 addr=0x80019894 ra=0x8001991C sp=0x801FFED0 a0=0x00000000
[CALL-CHAIN] #242 f14 addr=0x800198D0 ra=0x8001991C sp=0x801FFED0 a0=0x00000001
[CALL-CHAIN] #243 f14 addr=0x80019900 ra=0x8001991C sp=0x801FFED0 a0=0x00000001
[CALL-CHAIN] #244 f14 addr=0x8001A65C ra=0x8001991C sp=0x801FFED0 a0=0x00000000
[CALL-CHAIN] #245 f14 addr=0x80019894 ra=0x8001991C sp=0x801FFED0 a0=0x00000000
[CALL-CHAIN] #246 f14 addr=0x800198D0 ra=0x8001991C sp=0x801FFED0 a0=0x00000001
[CALL-CHAIN] #247 f14 addr=0x80019900 ra=0x8001991C sp=0x801FFED0 a0=0x00000001
[CALL-CHAIN] #248 f14 addr=0x8001A65C ra=0x8001991C sp=0x801FFED0 a0=0x00000000
[CALL-CHAIN] #249 f14 addr=0x80019958 ra=0x8001991C sp=0x801FFED0 a0=0x00000000
[BLACKSCREEN][RendererPresent] present=15 f=15 disp=(0,0 320x240) vis=320x240 uv=(0.000,0.000)-(1.000,1.000)
[CALL-CHAIN] #250 f15 addr=0x80019844 ra=0x80010EA4 sp=0x801FFF00 a0=0x00000000
[FORCE-INTERP-DISPLAY] #17 f15 addr=0x80019844 w0=0x27BDFFD0 ra=0x80010EA4 a0=0x00000000 cb=0x8001A664
[CALL-CHAIN] #251 f15 addr=0x800198D0 ra=0x80010EA4 sp=0x801FFED0 a0=0x00000001
[CALL-CHAIN] #252 f15 addr=0x80019900 ra=0x80010EA4 sp=0x801FFED0 a0=0x00000001
[CALL-CHAIN] #253 f15 addr=0x8001A65C ra=0x8001991C sp=0x801FFED0 a0=0x00000000
[CALL-CHAIN] #254 f15 addr=0x80019894 ra=0x8001991C sp=0x801FFED0 a0=0x00000000
[CALL-CHAIN] #255 f15 addr=0x800198D0 ra=0x8001991C sp=0x801FFED0 a0=0x00000001
[CALL-CHAIN] #256 f15 addr=0x80019900 ra=0x8001991C sp=0x801FFED0 a0=0x00000001
[CALL-CHAIN] #257 f15 addr=0x8001A65C ra=0x8001991C sp=0x801FFED0 a0=0x00000000
[CALL-CHAIN] #258 f15 addr=0x80019894 ra=0x8001991C sp=0x801FFED0 a0=0x00000000
[CALL-CHAIN] #259 f15 addr=0x800198D0 ra=0x8001991C sp=0x801FFED0 a0=0x00000001
[CALL-CHAIN] #260 f15 addr=0x80019900 ra=0x8001991C sp=0x801FFED0 a0=0x00000001
[CALL-CHAIN] #261 f15 addr=0x8001A65C ra=0x8001991C sp=0x801FFED0 a0=0x00000000
[CALL-CHAIN] #262 f15 addr=0x80019894 ra=0x8001991C sp=0x801FFED0 a0=0x00000000
[CALL-CHAIN] #263 f15 addr=0x800198D0 ra=0x8001991C sp=0x801FFED0 a0=0x00000001
[CALL-CHAIN] #264 f15 addr=0x80019900 ra=0x8001991C sp=0x801FFED0 a0=0x00000001
[CALL-CHAIN] #265 f15 addr=0x8001A65C ra=0x8001991C sp=0x801FFED0 a0=0x00000000
[CALL-CHAIN] #266 f15 addr=0x80019958 ra=0x8001991C sp=0x801FFED0 a0=0x00000000
[BLACKSCREEN][RendererPresent] present=16 f=16 disp=(0,0 320x240) vis=320x240 uv=(0.000,0.000)-(1.000,1.000)
[CALL-CHAIN] #267 f16 addr=0x80019844 ra=0x80010EA4 sp=0x801FFF00 a0=0x00000000
[FORCE-INTERP-DISPLAY] #18 f16 addr=0x80019844 w0=0x27BDFFD0 ra=0x80010EA4 a0=0x00000000 cb=0x8001A664
[CALL-CHAIN] #268 f16 addr=0x800198D0 ra=0x80010EA4 sp=0x801FFED0 a0=0x00000001
[CALL-CHAIN] #269 f16 addr=0x80019900 ra=0x80010EA4 sp=0x801FFED0 a0=0x00000001
[CALL-CHAIN] #270 f16 addr=0x8001A65C ra=0x8001991C sp=0x801FFED0 a0=0x00000000
[CALL-CHAIN] #271 f16 addr=0x80019894 ra=0x8001991C sp=0x801FFED0 a0=0x00000000
[CALL-CHAIN] #272 f16 addr=0x800198D0 ra=0x8001991C sp=0x801FFED0 a0=0x00000001
[CALL-CHAIN] #273 f16 addr=0x80019900 ra=0x8001991C sp=0x801FFED0 a0=0x00000001
[CALL-CHAIN] #274 f16 addr=0x8001A65C ra=0x8001991C sp=0x801FFED0 a0=0x00000000
[CALL-CHAIN] #275 f16 addr=0x80019894 ra=0x8001991C sp=0x801FFED0 a0=0x00000000
[CALL-CHAIN] #276 f16 addr=0x800198D0 ra=0x8001991C sp=0x801FFED0 a0=0x00000001
[CALL-CHAIN] #277 f16 addr=0x80019900 ra=0x8001991C sp=0x801FFED0 a0=0x00000001
[CALL-CHAIN] #278 f16 addr=0x8001A65C ra=0x8001991C sp=0x801FFED0 a0=0x00000000
[CALL-CHAIN] #279 f16 addr=0x80019894 ra=0x8001991C sp=0x801FFED0 a0=0x00000000
[CALL-CHAIN] #280 f16 addr=0x800198D0 ra=0x8001991C sp=0x801FFED0 a0=0x00000001
[CALL-CHAIN] #281 f16 addr=0x80019900 ra=0x8001991C sp=0x801FFED0 a0=0x00000001
[CALL-CHAIN] #282 f16 addr=0x8001A65C ra=0x8001991C sp=0x801FFED0 a0=0x00000000
[CALL-CHAIN] #283 f16 addr=0x80019958 ra=0x8001991C sp=0x801FFED0 a0=0x00000000
[BLACKSCREEN][RendererPresent] present=17 f=17 disp=(0,0 320x240) vis=320x240 uv=(0.000,0.000)-(1.000,1.000)
[CALL-CHAIN] #284 f17 addr=0x80019844 ra=0x80010EA4 sp=0x801FFF00 a0=0x00000000
[FORCE-INTERP-DISPLAY] #19 f17 addr=0x80019844 w0=0x27BDFFD0 ra=0x80010EA4 a0=0x00000000 cb=0x8001A664
[CALL-CHAIN] #285 f17 addr=0x800198D0 ra=0x80010EA4 sp=0x801FFED0 a0=0x00000001
[CALL-CHAIN] #286 f17 addr=0x80019900 ra=0x80010EA4 sp=0x801FFED0 a0=0x00000001
[CALL-CHAIN] #287 f17 addr=0x8001A65C ra=0x8001991C sp=0x801FFED0 a0=0x00000000
[CALL-CHAIN] #288 f17 addr=0x80019894 ra=0x8001991C sp=0x801FFED0 a0=0x00000000
[CALL-CHAIN] #289 f17 addr=0x800198D0 ra=0x8001991C sp=0x801FFED0 a0=0x00000001
[CALL-CHAIN] #290 f17 addr=0x80019900 ra=0x8001991C sp=0x801FFED0 a0=0x00000001
[CALL-CHAIN] #291 f17 addr=0x8001A65C ra=0x8001991C sp=0x801FFED0 a0=0x00000000
[CALL-CHAIN] #292 f17 addr=0x80019894 ra=0x8001991C sp=0x801FFED0 a0=0x00000000
[CALL-CHAIN] #293 f17 addr=0x800198D0 ra=0x8001991C sp=0x801FFED0 a0=0x00000001
[CALL-CHAIN] #294 f17 addr=0x80019900 ra=0x8001991C sp=0x801FFED0 a0=0x00000001
[CALL-CHAIN] #295 f17 addr=0x8001A65C ra=0x8001991C sp=0x801FFED0 a0=0x00000000
[CALL-CHAIN] #296 f17 addr=0x80019894 ra=0x8001991C sp=0x801FFED0 a0=0x00000000
[CALL-CHAIN] #297 f17 addr=0x800198D0 ra=0x8001991C sp=0x801FFED0 a0=0x00000001
[CALL-CHAIN] #298 f17 addr=0x80019900 ra=0x8001991C sp=0x801FFED0 a0=0x00000001
[CALL-CHAIN] #299 f17 addr=0x8001A65C ra=0x8001991C sp=0x801FFED0 a0=0x00000000
[CALL-CHAIN] #300 f17 addr=0x80019958 ra=0x8001991C sp=0x801FFED0 a0=0x00000000
[BLACKSCREEN][RendererPresent] present=18 f=18 disp=(0,0 320x240) vis=320x240 uv=(0.000,0.000)-(1.000,1.000)
[CALL-CHAIN] #301 f18 addr=0x80019844 ra=0x80010EA4 sp=0x801FFF00 a0=0x00000000
[FORCE-INTERP-DISPLAY] #20 f18 addr=0x80019844 w0=0x27BDFFD0 ra=0x80010EA4 a0=0x00000000 cb=0x8001A664
[CALL-CHAIN] #302 f18 addr=0x8001A65C ra=0x8001991C sp=0x801FFED0 a0=0x00000000
[CALL-CHAIN] #303 f18 addr=0x8001A65C ra=0x8001991C sp=0x801FFED0 a0=0x00000000
[CALL-CHAIN] #304 f18 addr=0x8001A65C ra=0x8001991C sp=0x801FFED0 a0=0x00000000
[CALL-CHAIN] #305 f18 addr=0x8001A65C ra=0x8001991C sp=0x801FFED0 a0=0x00000000
[BLACKSCREEN][RendererPresent] present=19 f=19 disp=(0,0 320x240) vis=320x240 uv=(0.000,0.000)-(1.000,1.000)
[CALL-CHAIN] #306 f19 addr=0x80019844 ra=0x80010EA4 sp=0x801FFF00 a0=0x00000000
[CALL-CHAIN] #307 f19 addr=0x8001A65C ra=0x8001991C sp=0x801FFED0 a0=0x00000000
[CALL-CHAIN] #308 f19 addr=0x8001A65C ra=0x8001991C sp=0x801FFED0 a0=0x00000000
[CALL-CHAIN] #309 f19 addr=0x8001A65C ra=0x8001991C sp=0x801FFED0 a0=0x00000000
[CALL-CHAIN] #310 f19 addr=0x8001A65C ra=0x8001991C sp=0x801FFED0 a0=0x00000000
[BLACKSCREEN][RendererPresent] present=20 f=20 disp=(0,0 320x240) vis=320x240 uv=(0.000,0.000)-(1.000,1.000)
[CALL-CHAIN] #311 f20 addr=0x80019844 ra=0x80010EA4 sp=0x801FFF00 a0=0x00000000
[CALL-CHAIN] #312 f20 addr=0x8001A65C ra=0x8001991C sp=0x801FFED0 a0=0x00000000
[CALL-CHAIN] #313 f20 addr=0x8001A65C ra=0x8001991C sp=0x801FFED0 a0=0x00000000
[CALL-CHAIN] #314 f20 addr=0x8001A65C ra=0x8001991C sp=0x801FFED0 a0=0x00000000
[CALL-CHAIN] #315 f20 addr=0x8001A65C ra=0x8001991C sp=0x801FFED0 a0=0x00000000
[CALL-CHAIN] #316 f21 addr=0x80019844 ra=0x80010EA4 sp=0x801FFF00 a0=0x00000000
[CALL-CHAIN] #317 f21 addr=0x8001A65C ra=0x8001991C sp=0x801FFED0 a0=0x00000000
[CALL-CHAIN] #318 f21 addr=0x8001A65C ra=0x8001991C sp=0x801FFED0 a0=0x00000000
[CALL-CHAIN] #319 f21 addr=0x8001A65C ra=0x8001991C sp=0x801FFED0 a0=0x00000000
[CALL-CHAIN] #320 f21 addr=0x8001A65C ra=0x8001991C sp=0x801FFED0 a0=0x00000000
[CALL-CHAIN] #321 f22 addr=0x80019844 ra=0x80010EA4 sp=0x801FFF00 a0=0x00000000
[CALL-CHAIN] #322 f22 addr=0x8001A65C ra=0x8001991C sp=0x801FFED0 a0=0x00000000
[CALL-CHAIN] #323 f22 addr=0x8001A65C ra=0x8001991C sp=0x801FFED0 a0=0x00000000
[CALL-CHAIN] #324 f22 addr=0x8001A65C ra=0x8001991C sp=0x801FFED0 a0=0x00000000
[CALL-CHAIN] #325 f22 addr=0x8001A65C ra=0x8001991C sp=0x801FFED0 a0=0x00000000
[CALL-CHAIN] #326 f23 addr=0x80019844 ra=0x80010EA4 sp=0x801FFF00 a0=0x00000000
[CALL-CHAIN] #327 f23 addr=0x8001A65C ra=0x8001991C sp=0x801FFED0 a0=0x00000000
[CALL-CHAIN] #328 f23 addr=0x8001A65C ra=0x8001991C sp=0x801FFED0 a0=0x00000000
[CALL-CHAIN] #329 f23 addr=0x8001A65C ra=0x8001991C sp=0x801FFED0 a0=0x00000000
[CALL-CHAIN] #330 f23 addr=0x8001A65C ra=0x8001991C sp=0x801FFED0 a0=0x00000000
[CALL-CHAIN] #331 f24 addr=0x80019844 ra=0x80010EA4 sp=0x801FFF00 a0=0x00000000
[CALL-CHAIN] #332 f24 addr=0x8001A65C ra=0x8001991C sp=0x801FFED0 a0=0x00000000
[CALL-CHAIN] #333 f24 addr=0x8001A65C ra=0x8001991C sp=0x801FFED0 a0=0x00000000
[CALL-CHAIN] #334 f24 addr=0x8001A65C ra=0x8001991C sp=0x801FFED0 a0=0x00000000
[CALL-CHAIN] #335 f24 addr=0x8001A65C ra=0x8001991C sp=0x801FFED0 a0=0x00000000
[CALL-CHAIN] #336 f25 addr=0x80019844 ra=0x80010EA4 sp=0x801FFF00 a0=0x00000000
[CALL-CHAIN] #337 f25 addr=0x8001A65C ra=0x8001991C sp=0x801FFED0 a0=0x00000000
[CALL-CHAIN] #338 f25 addr=0x8001A65C ra=0x8001991C sp=0x801FFED0 a0=0x00000000
[CALL-CHAIN] #339 f25 addr=0x8001A65C ra=0x8001991C sp=0x801FFED0 a0=0x00000000
[CALL-CHAIN] #340 f25 addr=0x8001A65C ra=0x8001991C sp=0x801FFED0 a0=0x00000000
[CALL-CHAIN] #341 f26 addr=0x80019844 ra=0x80010EA4 sp=0x801FFF00 a0=0x00000000
[CALL-CHAIN] #342 f26 addr=0x8001A65C ra=0x8001991C sp=0x801FFED0 a0=0x00000000
[CALL-CHAIN] #343 f26 addr=0x8001A65C ra=0x8001991C sp=0x801FFED0 a0=0x00000000
[CALL-CHAIN] #344 f26 addr=0x8001A65C ra=0x8001991C sp=0x801FFED0 a0=0x00000000
[CALL-CHAIN] #345 f26 addr=0x8001A65C ra=0x8001991C sp=0x801FFED0 a0=0x00000000
[CALL-CHAIN] #346 f27 addr=0x80019844 ra=0x80010EA4 sp=0x801FFF00 a0=0x00000000
[CALL-CHAIN] #347 f27 addr=0x8001A65C ra=0x8001991C sp=0x801FFED0 a0=0x00000000
[CALL-CHAIN] #348 f27 addr=0x8001A65C ra=0x8001991C sp=0x801FFED0 a0=0x00000000
[CALL-CHAIN] #349 f27 addr=0x8001A65C ra=0x8001991C sp=0x801FFED0 a0=0x00000000
[CALL-CHAIN] #350 f27 addr=0x8001A65C ra=0x8001991C sp=0x801FFED0 a0=0x00000000
[CALL-CHAIN] #351 f28 addr=0x80019844 ra=0x80010EA4 sp=0x801FFF00 a0=0x00000000
[CALL-CHAIN] #352 f28 addr=0x8001A65C ra=0x8001991C sp=0x801FFED0 a0=0x00000000
[CALL-CHAIN] #353 f28 addr=0x8001A65C ra=0x8001991C sp=0x801FFED0 a0=0x00000000
[CALL-CHAIN] #354 f28 addr=0x8001A65C ra=0x8001991C sp=0x801FFED0 a0=0x00000000
[CALL-CHAIN] #355 f28 addr=0x8001A65C ra=0x8001991C sp=0x801FFED0 a0=0x00000000
[CALL-CHAIN] #356 f29 addr=0x80019844 ra=0x80010EA4 sp=0x801FFF00 a0=0x00000000
[CALL-CHAIN] #357 f29 addr=0x8001A65C ra=0x8001991C sp=0x801FFED0 a0=0x00000000
[CALL-CHAIN] #358 f29 addr=0x8001A65C ra=0x8001991C sp=0x801FFED0 a0=0x00000000
[CALL-CHAIN] #359 f29 addr=0x8001A65C ra=0x8001991C sp=0x801FFED0 a0=0x00000000
[CALL-CHAIN] #360 f29 addr=0x8001A65C ra=0x8001991C sp=0x801FFED0 a0=0x00000000
[CALL-CHAIN] #361 f30 addr=0x80019844 ra=0x80010EA4 sp=0x801FFF00 a0=0x00000000
[CALL-CHAIN] #362 f30 addr=0x8001A65C ra=0x8001991C sp=0x801FFED0 a0=0x00000000
[CALL-CHAIN] #363 f30 addr=0x8001A65C ra=0x8001991C sp=0x801FFED0 a0=0x00000000
[CALL-CHAIN] #364 f30 addr=0x8001A65C ra=0x8001991C sp=0x801FFED0 a0=0x00000000
[CALL-CHAIN] #365 f30 addr=0x8001A65C ra=0x8001991C sp=0x801FFED0 a0=0x00000000
[CALL-CHAIN] #366 f31 addr=0x80019844 ra=0x80010EA4 sp=0x801FFF00 a0=0x00000000
[CALL-CHAIN] #367 f31 addr=0x8001A65C ra=0x8001991C sp=0x801FFED0 a0=0x00000000
[CALL-CHAIN] #368 f31 addr=0x8001A65C ra=0x8001991C sp=0x801FFED0 a0=0x00000000
[CALL-CHAIN] #369 f31 addr=0x8001A65C ra=0x8001991C sp=0x801FFED0 a0=0x00000000
[CALL-CHAIN] #370 f31 addr=0x8001A65C ra=0x8001991C sp=0x801FFED0 a0=0x00000000
[CALL-CHAIN] #371 f32 addr=0x80019844 ra=0x80010EA4 sp=0x801FFF00 a0=0x00000000
[CALL-CHAIN] #372 f32 addr=0x8001A65C ra=0x8001991C sp=0x801FFED0 a0=0x00000000
[CALL-CHAIN] #373 f32 addr=0x8001A65C ra=0x8001991C sp=0x801FFED0 a0=0x00000000
[CALL-CHAIN] #374 f32 addr=0x8001A65C ra=0x8001991C sp=0x801FFED0 a0=0x00000000
[CALL-CHAIN] #375 f32 addr=0x8001A65C ra=0x8001991C sp=0x801FFED0 a0=0x00000000
[CALL-CHAIN] #376 f33 addr=0x80019844 ra=0x80010EA4 sp=0x801FFF00 a0=0x00000000
[CALL-CHAIN] #377 f33 addr=0x8001A65C ra=0x8001991C sp=0x801FFED0 a0=0x00000000
[CALL-CHAIN] #378 f33 addr=0x8001A65C ra=0x8001991C sp=0x801FFED0 a0=0x00000000
[CALL-CHAIN] #379 f33 addr=0x8001A65C ra=0x8001991C sp=0x801FFED0 a0=0x00000000
[CALL-CHAIN] #380 f33 addr=0x8001A65C ra=0x8001991C sp=0x801FFED0 a0=0x00000000
[CALL-CHAIN] #381 f34 addr=0x80019844 ra=0x80010EA4 sp=0x801FFF00 a0=0x00000000
[CALL-CHAIN] #382 f34 addr=0x8001A65C ra=0x8001991C sp=0x801FFED0 a0=0x00000000
[CALL-CHAIN] #383 f34 addr=0x8001A65C ra=0x8001991C sp=0x801FFED0 a0=0x00000000
[CALL-CHAIN] #384 f34 addr=0x8001A65C ra=0x8001991C sp=0x801FFED0 a0=0x00000000
[CALL-CHAIN] #385 f34 addr=0x8001A65C ra=0x8001991C sp=0x801FFED0 a0=0x00000000
[CALL-CHAIN] #386 f35 addr=0x80019844 ra=0x80010EA4 sp=0x801FFF00 a0=0x00000000
[CALL-CHAIN] #387 f35 addr=0x8001A65C ra=0x8001991C sp=0x801FFED0 a0=0x00000000
[CALL-CHAIN] #388 f35 addr=0x8001A65C ra=0x8001991C sp=0x801FFED0 a0=0x00000000
[CALL-CHAIN] #389 f35 addr=0x8001A65C ra=0x8001991C sp=0x801FFED0 a0=0x00000000
[CALL-CHAIN] #390 f35 addr=0x8001A65C ra=0x8001991C sp=0x801FFED0 a0=0x00000000
[CALL-CHAIN] #391 f36 addr=0x80019844 ra=0x80010EA4 sp=0x801FFF00 a0=0x00000000
[CALL-CHAIN] #392 f36 addr=0x8001A65C ra=0x8001991C sp=0x801FFED0 a0=0x00000000
[CALL-CHAIN] #393 f36 addr=0x8001A65C ra=0x8001991C sp=0x801FFED0 a0=0x00000000
[CALL-CHAIN] #394 f36 addr=0x8001A65C ra=0x8001991C sp=0x801FFED0 a0=0x00000000
[CALL-CHAIN] #395 f36 addr=0x8001A65C ra=0x8001991C sp=0x801FFED0 a0=0x00000000
[CALL-CHAIN] #396 f37 addr=0x80019844 ra=0x80010EA4 sp=0x801FFF00 a0=0x00000000
[CALL-CHAIN] #397 f37 addr=0x8001A65C ra=0x8001991C sp=0x801FFED0 a0=0x00000000
[CALL-CHAIN] #398 f37 addr=0x8001A65C ra=0x8001991C sp=0x801FFED0 a0=0x00000000
[CALL-CHAIN] #399 f37 addr=0x8001A65C ra=0x8001991C sp=0x801FFED0 a0=0x00000000
[CALL-CHAIN] #400 f37 addr=0x8001A65C ra=0x8001991C sp=0x801FFED0 a0=0x00000000
[CALL-CHAIN] #401 f38 addr=0x80019844 ra=0x80010EA4 sp=0x801FFF00 a0=0x00000000
[CALL-CHAIN] #402 f38 addr=0x8001A65C ra=0x8001991C sp=0x801FFED0 a0=0x00000000
[CALL-CHAIN] #403 f38 addr=0x8001A65C ra=0x8001991C sp=0x801FFED0 a0=0x00000000
[CALL-CHAIN] #404 f38 addr=0x8001A65C ra=0x8001991C sp=0x801FFED0 a0=0x00000000
[CALL-CHAIN] #405 f38 addr=0x8001A65C ra=0x8001991C sp=0x801FFED0 a0=0x00000000
[CALL-CHAIN] #406 f39 addr=0x80019844 ra=0x80010EA4 sp=0x801FFF00 a0=0x00000000
[CALL-CHAIN] #407 f39 addr=0x8001A65C ra=0x8001991C sp=0x801FFED0 a0=0x00000000
[CALL-CHAIN] #408 f39 addr=0x8001A65C ra=0x8001991C sp=0x801FFED0 a0=0x00000000
[CALL-CHAIN] #409 f39 addr=0x8001A65C ra=0x8001991C sp=0x801FFED0 a0=0x00000000
[CALL-CHAIN] #410 f39 addr=0x8001A65C ra=0x8001991C sp=0x801FFED0 a0=0x00000000
[CALL-CHAIN] #411 f40 addr=0x80019844 ra=0x80010EA4 sp=0x801FFF00 a0=0x00000000
[CALL-CHAIN] #412 f40 addr=0x8001A65C ra=0x8001991C sp=0x801FFED0 a0=0x00000000
[CALL-CHAIN] #413 f40 addr=0x8001A65C ra=0x8001991C sp=0x801FFED0 a0=0x00000000
[CALL-CHAIN] #414 f40 addr=0x8001A65C ra=0x8001991C sp=0x801FFED0 a0=0x00000000
[CALL-CHAIN] #415 f40 addr=0x8001A65C ra=0x8001991C sp=0x801FFED0 a0=0x00000000
[CALL-CHAIN] #416 f41 addr=0x80019844 ra=0x80010EA4 sp=0x801FFF00 a0=0x00000000
[CALL-CHAIN] #417 f41 addr=0x8001A65C ra=0x8001991C sp=0x801FFED0 a0=0x00000000
[CALL-CHAIN] #418 f41 addr=0x8001A65C ra=0x8001991C sp=0x801FFED0 a0=0x00000000
[CALL-CHAIN] #419 f41 addr=0x8001A65C ra=0x8001991C sp=0x801FFED0 a0=0x00000000
[CALL-CHAIN] #420 f41 addr=0x8001A65C ra=0x8001991C sp=0x801FFED0 a0=0x00000000
[CALL-CHAIN] #421 f42 addr=0x80019844 ra=0x80010EA4 sp=0x801FFF00 a0=0x00000000
[CALL-CHAIN] #422 f42 addr=0x8001A65C ra=0x8001991C sp=0x801FFED0 a0=0x00000000
[CALL-CHAIN] #423 f42 addr=0x8001A65C ra=0x8001991C sp=0x801FFED0 a0=0x00000000
[CALL-CHAIN] #424 f42 addr=0x8001A65C ra=0x8001991C sp=0x801FFED0 a0=0x00000000
[CALL-CHAIN] #425 f42 addr=0x8001A65C ra=0x8001991C sp=0x801FFED0 a0=0x00000000
[CALL-CHAIN] #426 f43 addr=0x80019844 ra=0x80010EA4 sp=0x801FFF00 a0=0x00000000
[CALL-CHAIN] #427 f43 addr=0x8001A65C ra=0x8001991C sp=0x801FFED0 a0=0x00000000
[CALL-CHAIN] #428 f43 addr=0x8001A65C ra=0x8001991C sp=0x801FFED0 a0=0x00000000
[CALL-CHAIN] #429 f43 addr=0x8001A65C ra=0x8001991C sp=0x801FFED0 a0=0x00000000
[CALL-CHAIN] #430 f43 addr=0x8001A65C ra=0x8001991C sp=0x801FFED0 a0=0x00000000
[CALL-CHAIN] #431 f44 addr=0x80019844 ra=0x80010EA4 sp=0x801FFF00 a0=0x00000000
[CALL-CHAIN] #432 f44 addr=0x8001A65C ra=0x8001991C sp=0x801FFED0 a0=0x00000000
[CALL-CHAIN] #433 f44 addr=0x8001A65C ra=0x8001991C sp=0x801FFED0 a0=0x00000000
[CALL-CHAIN] #434 f44 addr=0x8001A65C ra=0x8001991C sp=0x801FFED0 a0=0x00000000
[CALL-CHAIN] #435 f44 addr=0x8001A65C ra=0x8001991C sp=0x801FFED0 a0=0x00000000
[CALL-CHAIN] #436 f45 addr=0x80019844 ra=0x80010EA4 sp=0x801FFF00 a0=0x00000000
[CALL-CHAIN] #437 f45 addr=0x8001A65C ra=0x8001991C sp=0x801FFED0 a0=0x00000000
[CALL-CHAIN] #438 f45 addr=0x8001A65C ra=0x8001991C sp=0x801FFED0 a0=0x00000000
[CALL-CHAIN] #439 f45 addr=0x8001A65C ra=0x8001991C sp=0x801FFED0 a0=0x00000000
[CALL-CHAIN] #440 f45 addr=0x8001A65C ra=0x8001991C sp=0x801FFED0 a0=0x00000000
[CALL-CHAIN] #441 f46 addr=0x80019844 ra=0x80010EA4 sp=0x801FFF00 a0=0x00000000
[CALL-CHAIN] #442 f46 addr=0x8001A65C ra=0x8001991C sp=0x801FFED0 a0=0x00000000
[CALL-CHAIN] #443 f46 addr=0x8001A65C ra=0x8001991C sp=0x801FFED0 a0=0x00000000
[CALL-CHAIN] #444 f46 addr=0x8001A65C ra=0x8001991C sp=0x801FFED0 a0=0x00000000
[CALL-CHAIN] #445 f46 addr=0x8001A65C ra=0x8001991C sp=0x801FFED0 a0=0x00000000
[CALL-CHAIN] #446 f47 addr=0x80019844 ra=0x80010EA4 sp=0x801FFF00 a0=0x00000000
[CALL-CHAIN] #447 f47 addr=0x8001A65C ra=0x8001991C sp=0x801FFED0 a0=0x00000000
[CALL-CHAIN] #448 f47 addr=0x8001A65C ra=0x8001991C sp=0x801FFED0 a0=0x00000000
[CALL-CHAIN] #449 f47 addr=0x8001A65C ra=0x8001991C sp=0x801FFED0 a0=0x00000000
[CALL-CHAIN] #450 f47 addr=0x8001A65C ra=0x8001991C sp=0x801FFED0 a0=0x00000000
[CALL-CHAIN] #451 f48 addr=0x80019844 ra=0x80010EA4 sp=0x801FFF00 a0=0x00000000
[CALL-CHAIN] #452 f48 addr=0x8001A65C ra=0x8001991C sp=0x801FFED0 a0=0x00000000
[CALL-CHAIN] #453 f48 addr=0x8001A65C ra=0x8001991C sp=0x801FFED0 a0=0x00000000
[CALL-CHAIN] #454 f48 addr=0x8001A65C ra=0x8001991C sp=0x801FFED0 a0=0x00000000
[CALL-CHAIN] #455 f48 addr=0x8001A65C ra=0x8001991C sp=0x801FFED0 a0=0x00000000
[CALL-CHAIN] #456 f49 addr=0x80019844 ra=0x80010EA4 sp=0x801FFF00 a0=0x00000000
[CALL-CHAIN] #457 f49 addr=0x8001A65C ra=0x8001991C sp=0x801FFED0 a0=0x00000000
[CALL-CHAIN] #458 f49 addr=0x8001A65C ra=0x8001991C sp=0x801FFED0 a0=0x00000000
[CALL-CHAIN] #459 f49 addr=0x8001A65C ra=0x8001991C sp=0x801FFED0 a0=0x00000000
[CALL-CHAIN] #460 f49 addr=0x8001A65C ra=0x8001991C sp=0x801FFED0 a0=0x00000000
[CALL-CHAIN] #461 f50 addr=0x80019844 ra=0x80010EA4 sp=0x801FFF00 a0=0x00000000
[CALL-CHAIN] #462 f50 addr=0x8001A65C ra=0x8001991C sp=0x801FFED0 a0=0x00000000
[CALL-CHAIN] #463 f50 addr=0x8001A65C ra=0x8001991C sp=0x801FFED0 a0=0x00000000
[CALL-CHAIN] #464 f50 addr=0x8001A65C ra=0x8001991C sp=0x801FFED0 a0=0x00000000
[CALL-CHAIN] #465 f50 addr=0x8001A65C ra=0x8001991C sp=0x801FFED0 a0=0x00000000
[CALL-CHAIN] #466 f51 addr=0x80019844 ra=0x80010EA4 sp=0x801FFF00 a0=0x00000000
[CALL-CHAIN] #467 f51 addr=0x8001A65C ra=0x8001991C sp=0x801FFED0 a0=0x00000000
[CALL-CHAIN] #468 f51 addr=0x8001A65C ra=0x8001991C sp=0x801FFED0 a0=0x00000000
[CALL-CHAIN] #469 f51 addr=0x8001A65C ra=0x8001991C sp=0x801FFED0 a0=0x00000000
[CALL-CHAIN] #470 f51 addr=0x8001A65C ra=0x8001991C sp=0x801FFED0 a0=0x00000000
[CALL-CHAIN] #471 f52 addr=0x80019844 ra=0x80010EA4 sp=0x801FFF00 a0=0x00000000
[CALL-CHAIN] #472 f52 addr=0x8001A65C ra=0x8001991C sp=0x801FFED0 a0=0x00000000
[CALL-CHAIN] #473 f52 addr=0x8001A65C ra=0x8001991C sp=0x801FFED0 a0=0x00000000
[CALL-CHAIN] #474 f52 addr=0x8001A65C ra=0x8001991C sp=0x801FFED0 a0=0x00000000
[CALL-CHAIN] #475 f52 addr=0x8001A65C ra=0x8001991C sp=0x801FFED0 a0=0x00000000
[CALL-CHAIN] #476 f53 addr=0x80019844 ra=0x80010EA4 sp=0x801FFF00 a0=0x00000000
[CALL-CHAIN] #477 f53 addr=0x8001A65C ra=0x8001991C sp=0x801FFED0 a0=0x00000000
[CALL-CHAIN] #478 f53 addr=0x8001A65C ra=0x8001991C sp=0x801FFED0 a0=0x00000000
[CALL-CHAIN] #479 f53 addr=0x8001A65C ra=0x8001991C sp=0x801FFED0 a0=0x00000000
[CALL-CHAIN] #480 f53 addr=0x8001A65C ra=0x8001991C sp=0x801FFED0 a0=0x00000000
[CALL-CHAIN] #481 f54 addr=0x80019844 ra=0x80010EA4 sp=0x801FFF00 a0=0x00000000
[CALL-CHAIN] #482 f54 addr=0x8001A65C ra=0x8001991C sp=0x801FFED0 a0=0x00000000
[CALL-CHAIN] #483 f54 addr=0x8001A65C ra=0x8001991C sp=0x801FFED0 a0=0x00000000
[CALL-CHAIN] #484 f54 addr=0x8001A65C ra=0x8001991C sp=0x801FFED0 a0=0x00000000
[CALL-CHAIN] #485 f54 addr=0x8001A65C ra=0x8001991C sp=0x801FFED0 a0=0x00000000
[CALL-CHAIN] #486 f55 addr=0x80019844 ra=0x80010EA4 sp=0x801FFF00 a0=0x00000000
[CALL-CHAIN] #487 f55 addr=0x8001A65C ra=0x8001991C sp=0x801FFED0 a0=0x00000000
[CALL-CHAIN] #488 f55 addr=0x8001A65C ra=0x8001991C sp=0x801FFED0 a0=0x00000000
[CALL-CHAIN] #489 f55 addr=0x8001A65C ra=0x8001991C sp=0x801FFED0 a0=0x00000000
[CALL-CHAIN] #490 f55 addr=0x8001A65C ra=0x8001991C sp=0x801FFED0 a0=0x00000000
[CALL-CHAIN] #491 f56 addr=0x80019844 ra=0x80010EA4 sp=0x801FFF00 a0=0x00000000
[CALL-CHAIN] #492 f56 addr=0x8001A65C ra=0x8001991C sp=0x801FFED0 a0=0x00000000
[CALL-CHAIN] #493 f56 addr=0x8001A65C ra=0x8001991C sp=0x801FFED0 a0=0x00000000
[CALL-CHAIN] #494 f56 addr=0x8001A65C ra=0x8001991C sp=0x801FFED0 a0=0x00000000
[CALL-CHAIN] #495 f56 addr=0x8001A65C ra=0x8001991C sp=0x801FFED0 a0=0x00000000
[CALL-CHAIN] #496 f57 addr=0x80019844 ra=0x80010EA4 sp=0x801FFF00 a0=0x00000000
[CALL-CHAIN] #497 f57 addr=0x8001A65C ra=0x8001991C sp=0x801FFED0 a0=0x00000000
[CALL-CHAIN] #498 f57 addr=0x8001A65C ra=0x8001991C sp=0x801FFED0 a0=0x00000000
[CALL-CHAIN] #499 f57 addr=0x8001A65C ra=0x8001991C sp=0x801FFED0 a0=0x00000000
[CALL-CHAIN] #500 f57 addr=0x8001A65C ra=0x8001991C sp=0x801FFED0 a0=0x00000000
[CALL-CHAIN] #501 f58 addr=0x80019844 ra=0x80010EA4 sp=0x801FFF00 a0=0x00000000
[CALL-CHAIN] #502 f58 addr=0x8001A65C ra=0x8001991C sp=0x801FFED0 a0=0x00000000
[CALL-CHAIN] #503 f58 addr=0x8001A65C ra=0x8001991C sp=0x801FFED0 a0=0x00000000
[CALL-CHAIN] #504 f58 addr=0x8001A65C ra=0x8001991C sp=0x801FFED0 a0=0x00000000
[CALL-CHAIN] #505 f58 addr=0x8001A65C ra=0x8001991C sp=0x801FFED0 a0=0x00000000
[CALL-CHAIN] #506 f59 addr=0x80019844 ra=0x80010EA4 sp=0x801FFF00 a0=0x00000000
[CALL-CHAIN] #507 f59 addr=0x8001A65C ra=0x8001991C sp=0x801FFED0 a0=0x00000000
[CALL-CHAIN] #508 f59 addr=0x8001A65C ra=0x8001991C sp=0x801FFED0 a0=0x00000000
[CALL-CHAIN] #509 f59 addr=0x8001A65C ra=0x8001991C sp=0x801FFED0 a0=0x00000000
[CALL-CHAIN] #510 f59 addr=0x8001A65C ra=0x8001991C sp=0x801FFED0 a0=0x00000000
[frame 60]
[CALL-CHAIN] #511 f60 addr=0x80019844 ra=0x80010EA4 sp=0x801FFF00 a0=0x00000000
[CALL-CHAIN] #512 f60 addr=0x8001A65C ra=0x8001991C sp=0x801FFED0 a0=0x00000000
[CALL-CHAIN] #513 f60 addr=0x8001A65C ra=0x8001991C sp=0x801FFED0 a0=0x00000000
[CALL-CHAIN] #514 f60 addr=0x8001A65C ra=0x8001991C sp=0x801FFED0 a0=0x00000000
[CALL-CHAIN] #515 f60 addr=0x8001A65C ra=0x8001991C sp=0x801FFED0 a0=0x00000000
[CALL-CHAIN] #516 f61 addr=0x80019844 ra=0x80010EA4 sp=0x801FFF00 a0=0x00000000
[CALL-CHAIN] #517 f61 addr=0x8001A65C ra=0x8001991C sp=0x801FFED0 a0=0x00000000
[CALL-CHAIN] #518 f61 addr=0x8001A65C ra=0x8001991C sp=0x801FFED0 a0=0x00000000
[CALL-CHAIN] #519 f61 addr=0x8001A65C ra=0x8001991C sp=0x801FFED0 a0=0x00000000
[CALL-CHAIN] #520 f61 addr=0x8001A65C ra=0x8001991C sp=0x801FFED0 a0=0x00000000
[CALL-CHAIN] #521 f62 addr=0x80019844 ra=0x80010EA4 sp=0x801FFF00 a0=0x00000000
[CALL-CHAIN] #522 f62 addr=0x8001A65C ra=0x8001991C sp=0x801FFED0 a0=0x00000000
[CALL-CHAIN] #523 f62 addr=0x8001A65C ra=0x8001991C sp=0x801FFED0 a0=0x00000000
[CALL-CHAIN] #524 f62 addr=0x8001A65C ra=0x8001991C sp=0x801FFED0 a0=0x00000000
[CALL-CHAIN] #525 f62 addr=0x8001A65C ra=0x8001991C sp=0x801FFED0 a0=0x00000000
[CALL-CHAIN] #526 f63 addr=0x80019844 ra=0x80010EA4 sp=0x801FFF00 a0=0x00000000
[CALL-CHAIN] #527 f63 addr=0x8001A65C ra=0x8001991C sp=0x801FFED0 a0=0x00000000
[CALL-CHAIN] #528 f63 addr=0x8001A65C ra=0x8001991C sp=0x801FFED0 a0=0x00000000
[CALL-CHAIN] #529 f63 addr=0x8001A65C ra=0x8001991C sp=0x801FFED0 a0=0x00000000
[CALL-CHAIN] #530 f63 addr=0x8001A65C ra=0x8001991C sp=0x801FFED0 a0=0x00000000
[CALL-CHAIN] #531 f64 addr=0x80019844 ra=0x80010EA4 sp=0x801FFF00 a0=0x00000000
[CALL-CHAIN] #532 f64 addr=0x8001A65C ra=0x8001991C sp=0x801FFED0 a0=0x00000000
[CALL-CHAIN] #533 f64 addr=0x8001A65C ra=0x8001991C sp=0x801FFED0 a0=0x00000000
[CALL-CHAIN] #534 f64 addr=0x8001A65C ra=0x8001991C sp=0x801FFED0 a0=0x00000000
[CALL-CHAIN] #535 f64 addr=0x8001A65C ra=0x8001991C sp=0x801FFED0 a0=0x00000000
[CALL-CHAIN] #536 f65 addr=0x80019844 ra=0x80010EA4 sp=0x801FFF00 a0=0x00000000
[CALL-CHAIN] #537 f65 addr=0x8001A65C ra=0x8001991C sp=0x801FFED0 a0=0x00000000
[CALL-CHAIN] #538 f65 addr=0x8001A65C ra=0x8001991C sp=0x801FFED0 a0=0x00000000
[CALL-CHAIN] #539 f65 addr=0x8001A65C ra=0x8001991C sp=0x801FFED0 a0=0x00000000
[CALL-CHAIN] #540 f65 addr=0x8001A65C ra=0x8001991C sp=0x801FFED0 a0=0x00000000
[CALL-CHAIN] #541 f66 addr=0x80019844 ra=0x80010EA4 sp=0x801FFF00 a0=0x00000000
[CALL-CHAIN] #542 f66 addr=0x8001A65C ra=0x8001991C sp=0x801FFED0 a0=0x00000000
[CALL-CHAIN] #543 f66 addr=0x8001A65C ra=0x8001991C sp=0x801FFED0 a0=0x00000000
[CALL-CHAIN] #544 f66 addr=0x8001A65C ra=0x8001991C sp=0x801FFED0 a0=0x00000000
[CALL-CHAIN] #545 f66 addr=0x8001A65C ra=0x8001991C sp=0x801FFED0 a0=0x00000000
[CALL-CHAIN] #546 f67 addr=0x80019844 ra=0x80010EA4 sp=0x801FFF00 a0=0x00000000
[CALL-CHAIN] #547 f67 addr=0x8001A65C ra=0x8001991C sp=0x801FFED0 a0=0x00000000
[CALL-CHAIN] #548 f67 addr=0x8001A65C ra=0x8001991C sp=0x801FFED0 a0=0x00000000
[CALL-CHAIN] #549 f67 addr=0x8001A65C ra=0x8001991C sp=0x801FFED0 a0=0x00000000
[CALL-CHAIN] #550 f67 addr=0x8001A65C ra=0x8001991C sp=0x801FFED0 a0=0x00000000
[CALL-CHAIN] #551 f68 addr=0x80019844 ra=0x80010EA4 sp=0x801FFF00 a0=0x00000000
[CALL-CHAIN] #552 f68 addr=0x8001A65C ra=0x8001991C sp=0x801FFED0 a0=0x00000000
[CALL-CHAIN] #553 f68 addr=0x8001A65C ra=0x8001991C sp=0x801FFED0 a0=0x00000000
[CALL-CHAIN] #554 f68 addr=0x8001A65C ra=0x8001991C sp=0x801FFED0 a0=0x00000000
[CALL-CHAIN] #555 f68 addr=0x8001A65C ra=0x8001991C sp=0x801FFED0 a0=0x00000000
[CALL-CHAIN] #556 f69 addr=0x80019844 ra=0x80010EA4 sp=0x801FFF00 a0=0x00000000
[CALL-CHAIN] #557 f69 addr=0x8001A65C ra=0x8001991C sp=0x801FFED0 a0=0x00000000
[CALL-CHAIN] #558 f69 addr=0x8001A65C ra=0x8001991C sp=0x801FFED0 a0=0x00000000
[CALL-CHAIN] #559 f69 addr=0x8001A65C ra=0x8001991C sp=0x801FFED0 a0=0x00000000
[CALL-CHAIN] #560 f69 addr=0x8001A65C ra=0x8001991C sp=0x801FFED0 a0=0x00000000
[CALL-CHAIN] #561 f70 addr=0x80019844 ra=0x80010EA4 sp=0x801FFF00 a0=0x00000000
[CALL-CHAIN] #562 f70 addr=0x8001A65C ra=0x8001991C sp=0x801FFED0 a0=0x00000000
[CALL-CHAIN] #563 f70 addr=0x8001A65C ra=0x8001991C sp=0x801FFED0 a0=0x00000000
[CALL-CHAIN] #564 f70 addr=0x8001A65C ra=0x8001991C sp=0x801FFED0 a0=0x00000000
[CALL-CHAIN] #565 f70 addr=0x8001A65C ra=0x8001991C sp=0x801FFED0 a0=0x00000000
[CALL-CHAIN] #566 f71 addr=0x80019844 ra=0x80010EA4 sp=0x801FFF00 a0=0x00000000
[CALL-CHAIN] #567 f71 addr=0x8001A65C ra=0x8001991C sp=0x801FFED0 a0=0x00000000
[CALL-CHAIN] #568 f71 addr=0x8001A65C ra=0x8001991C sp=0x801FFED0 a0=0x00000000
[CALL-CHAIN] #569 f71 addr=0x8001A65C ra=0x8001991C sp=0x801FFED0 a0=0x00000000
[CALL-CHAIN] #570 f71 addr=0x8001A65C ra=0x8001991C sp=0x801FFED0 a0=0x00000000
[CALL-CHAIN] #571 f72 addr=0x80019844 ra=0x80010EA4 sp=0x801FFF00 a0=0x00000000
[CALL-CHAIN] #572 f72 addr=0x8001A65C ra=0x8001991C sp=0x801FFED0 a0=0x00000000
[CALL-CHAIN] #573 f72 addr=0x8001A65C ra=0x8001991C sp=0x801FFED0 a0=0x00000000
[CALL-CHAIN] #574 f72 addr=0x8001A65C ra=0x8001991C sp=0x801FFED0 a0=0x00000000
[CALL-CHAIN] #575 f72 addr=0x8001A65C ra=0x8001991C sp=0x801FFED0 a0=0x00000000
[CALL-CHAIN] #576 f73 addr=0x80019844 ra=0x80010EA4 sp=0x801FFF00 a0=0x00000000
[CALL-CHAIN] #577 f73 addr=0x8001A65C ra=0x8001991C sp=0x801FFED0 a0=0x00000000
[CALL-CHAIN] #578 f73 addr=0x8001A65C ra=0x8001991C sp=0x801FFED0 a0=0x00000000
[CALL-CHAIN] #579 f73 addr=0x8001A65C ra=0x8001991C sp=0x801FFED0 a0=0x00000000
[CALL-CHAIN] #580 f73 addr=0x8001A65C ra=0x8001991C sp=0x801FFED0 a0=0x00000000
[CALL-CHAIN] #581 f74 addr=0x80019844 ra=0x80010EA4 sp=0x801FFF00 a0=0x00000000
[CALL-CHAIN] #582 f74 addr=0x8001A65C ra=0x8001991C sp=0x801FFED0 a0=0x00000000
[CALL-CHAIN] #583 f74 addr=0x8001A65C ra=0x8001991C sp=0x801FFED0 a0=0x00000000
[CALL-CHAIN] #584 f74 addr=0x8001A65C ra=0x8001991C sp=0x801FFED0 a0=0x00000000
[CALL-CHAIN] #585 f74 addr=0x8001A65C ra=0x8001991C sp=0x801FFED0 a0=0x00000000
[CALL-CHAIN] #586 f75 addr=0x80019844 ra=0x80010EA4 sp=0x801FFF00 a0=0x00000000
[CALL-CHAIN] #587 f75 addr=0x8001A65C ra=0x8001991C sp=0x801FFED0 a0=0x00000000
[CALL-CHAIN] #588 f75 addr=0x8001A65C ra=0x8001991C sp=0x801FFED0 a0=0x00000000
[CALL-CHAIN] #589 f75 addr=0x8001A65C ra=0x8001991C sp=0x801FFED0 a0=0x00000000
[CALL-CHAIN] #590 f75 addr=0x8001A65C ra=0x8001991C sp=0x801FFED0 a0=0x00000000
[CALL-CHAIN] #591 f76 addr=0x80019844 ra=0x80010EA4 sp=0x801FFF00 a0=0x00000000
[CALL-CHAIN] #592 f76 addr=0x8001A65C ra=0x8001991C sp=0x801FFED0 a0=0x00000000
[CALL-CHAIN] #593 f76 addr=0x8001A65C ra=0x8001991C sp=0x801FFED0 a0=0x00000000
[CALL-CHAIN] #594 f76 addr=0x8001A65C ra=0x8001991C sp=0x801FFED0 a0=0x00000000
[CALL-CHAIN] #595 f76 addr=0x8001A65C ra=0x8001991C sp=0x801FFED0 a0=0x00000000
[CALL-CHAIN] #596 f77 addr=0x80019844 ra=0x80010EA4 sp=0x801FFF00 a0=0x00000000
[CALL-CHAIN] #597 f77 addr=0x8001A65C ra=0x8001991C sp=0x801FFED0 a0=0x00000000
[CALL-CHAIN] #598 f77 addr=0x8001A65C ra=0x8001991C sp=0x801FFED0 a0=0x00000000
[CALL-CHAIN] #599 f77 addr=0x8001A65C ra=0x8001991C sp=0x801FFED0 a0=0x00000000
[CALL-CHAIN] #600 f77 addr=0x8001A65C ra=0x8001991C sp=0x801FFED0 a0=0x00000000
[CALL-CHAIN] #601 f78 addr=0x80019844 ra=0x80010EA4 sp=0x801FFF00 a0=0x00000000
[CALL-CHAIN] #602 f78 addr=0x8001A65C ra=0x8001991C sp=0x801FFED0 a0=0x00000000
[CALL-CHAIN] #603 f78 addr=0x8001A65C ra=0x8001991C sp=0x801FFED0 a0=0x00000000
[CALL-CHAIN] #604 f78 addr=0x8001A65C ra=0x8001991C sp=0x801FFED0 a0=0x00000000
[CALL-CHAIN] #605 f78 addr=0x8001A65C ra=0x8001991C sp=0x801FFED0 a0=0x00000000
[CALL-CHAIN] #606 f79 addr=0x80019844 ra=0x80010EA4 sp=0x801FFF00 a0=0x00000000
[CALL-CHAIN] #607 f79 addr=0x8001A65C ra=0x8001991C sp=0x801FFED0 a0=0x00000000
[CALL-CHAIN] #608 f79 addr=0x8001A65C ra=0x8001991C sp=0x801FFED0 a0=0x00000000
[CALL-CHAIN] #609 f79 addr=0x8001A65C ra=0x8001991C sp=0x801FFED0 a0=0x00000000
[CALL-CHAIN] #610 f79 addr=0x8001A65C ra=0x8001991C sp=0x801FFED0 a0=0x00000000
[CALL-CHAIN] #611 f80 addr=0x80019844 ra=0x80010EA4 sp=0x801FFF00 a0=0x00000000
[CALL-CHAIN] #612 f80 addr=0x8001A65C ra=0x8001991C sp=0x801FFED0 a0=0x00000000
[CALL-CHAIN] #613 f80 addr=0x8001A65C ra=0x8001991C sp=0x801FFED0 a0=0x00000000
[CALL-CHAIN] #614 f80 addr=0x8001A65C ra=0x8001991C sp=0x801FFED0 a0=0x00000000
[CALL-CHAIN] #615 f80 addr=0x8001A65C ra=0x8001991C sp=0x801FFED0 a0=0x00000000
[CALL-CHAIN] #616 f81 addr=0x80019844 ra=0x80010EA4 sp=0x801FFF00 a0=0x00000000
[CALL-CHAIN] #617 f81 addr=0x8001A65C ra=0x8001991C sp=0x801FFED0 a0=0x00000000
[CALL-CHAIN] #618 f81 addr=0x8001A65C ra=0x8001991C sp=0x801FFED0 a0=0x00000000
[CALL-CHAIN] #619 f81 addr=0x8001A65C ra=0x8001991C sp=0x801FFED0 a0=0x00000000
[CALL-CHAIN] #620 f81 addr=0x8001A65C ra=0x8001991C sp=0x801FFED0 a0=0x00000000
[CALL-CHAIN] #621 f82 addr=0x80019844 ra=0x80010EA4 sp=0x801FFF00 a0=0x00000000
[CALL-CHAIN] #622 f82 addr=0x8001A65C ra=0x8001991C sp=0x801FFED0 a0=0x00000000
[CALL-CHAIN] #623 f82 addr=0x8001A65C ra=0x8001991C sp=0x801FFED0 a0=0x00000000
[CALL-CHAIN] #624 f82 addr=0x8001A65C ra=0x8001991C sp=0x801FFED0 a0=0x00000000
[CALL-CHAIN] #625 f82 addr=0x8001A65C ra=0x8001991C sp=0x801FFED0 a0=0x00000000
[CALL-CHAIN] #626 f83 addr=0x80019844 ra=0x80010EA4 sp=0x801FFF00 a0=0x00000000
[CALL-CHAIN] #627 f83 addr=0x8001A65C ra=0x8001991C sp=0x801FFED0 a0=0x00000000
[CALL-CHAIN] #628 f83 addr=0x8001A65C ra=0x8001991C sp=0x801FFED0 a0=0x00000000
[CALL-CHAIN] #629 f83 addr=0x8001A65C ra=0x8001991C sp=0x801FFED0 a0=0x00000000
[CALL-CHAIN] #630 f83 addr=0x8001A65C ra=0x8001991C sp=0x801FFED0 a0=0x00000000
[CALL-CHAIN] #631 f84 addr=0x80019844 ra=0x80010EA4 sp=0x801FFF00 a0=0x00000000
[CALL-CHAIN] #632 f84 addr=0x8001A65C ra=0x8001991C sp=0x801FFED0 a0=0x00000000
[CALL-CHAIN] #633 f84 addr=0x8001A65C ra=0x8001991C sp=0x801FFED0 a0=0x00000000
[CALL-CHAIN] #634 f84 addr=0x8001A65C ra=0x8001991C sp=0x801FFED0 a0=0x00000000
[CALL-CHAIN] #635 f84 addr=0x8001A65C ra=0x8001991C sp=0x801FFED0 a0=0x00000000
[CALL-CHAIN] #636 f85 addr=0x80019844 ra=0x80010EA4 sp=0x801FFF00 a0=0x00000000
[CALL-CHAIN] #637 f85 addr=0x8001A65C ra=0x8001991C sp=0x801FFED0 a0=0x00000000
[CALL-CHAIN] #638 f85 addr=0x8001A65C ra=0x8001991C sp=0x801FFED0 a0=0x00000000
[CALL-CHAIN] #639 f85 addr=0x8001A65C ra=0x8001991C sp=0x801FFED0 a0=0x00000000
[CALL-CHAIN] #640 f85 addr=0x8001A65C ra=0x8001991C sp=0x801FFED0 a0=0x00000000
[CALL-CHAIN] #641 f86 addr=0x80019844 ra=0x80010EA4 sp=0x801FFF00 a0=0x00000000
[CALL-CHAIN] #642 f86 addr=0x8001A65C ra=0x8001991C sp=0x801FFED0 a0=0x00000000
[CALL-CHAIN] #643 f86 addr=0x8001A65C ra=0x8001991C sp=0x801FFED0 a0=0x00000000
[CALL-CHAIN] #644 f86 addr=0x8001A65C ra=0x8001991C sp=0x801FFED0 a0=0x00000000
[CALL-CHAIN] #645 f86 addr=0x8001A65C ra=0x8001991C sp=0x801FFED0 a0=0x00000000
[CALL-CHAIN] #646 f87 addr=0x80019844 ra=0x80010EA4 sp=0x801FFF00 a0=0x00000000
[CALL-CHAIN] #647 f87 addr=0x8001A65C ra=0x8001991C sp=0x801FFED0 a0=0x00000000
[CALL-CHAIN] #648 f87 addr=0x8001A65C ra=0x8001991C sp=0x801FFED0 a0=0x00000000
[CALL-CHAIN] #649 f87 addr=0x8001A65C ra=0x8001991C sp=0x801FFED0 a0=0x00000000
[CALL-CHAIN] #650 f87 addr=0x8001A65C ra=0x8001991C sp=0x801FFED0 a0=0x00000000
[CALL-CHAIN] #651 f88 addr=0x80019844 ra=0x80010EA4 sp=0x801FFF00 a0=0x00000000
[CALL-CHAIN] #652 f88 addr=0x8001A65C ra=0x8001991C sp=0x801FFED0 a0=0x00000000
[CALL-CHAIN] #653 f88 addr=0x8001A65C ra=0x8001991C sp=0x801FFED0 a0=0x00000000
[CALL-CHAIN] #654 f88 addr=0x8001A65C ra=0x8001991C sp=0x801FFED0 a0=0x00000000
[CALL-CHAIN] #655 f88 addr=0x8001A65C ra=0x8001991C sp=0x801FFED0 a0=0x00000000
[CALL-CHAIN] #656 f89 addr=0x80019844 ra=0x80010EA4 sp=0x801FFF00 a0=0x00000000
[CALL-CHAIN] #657 f89 addr=0x8001A65C ra=0x8001991C sp=0x801FFED0 a0=0x00000000
[CALL-CHAIN] #658 f89 addr=0x8001A65C ra=0x8001991C sp=0x801FFED0 a0=0x00000000
[CALL-CHAIN] #659 f89 addr=0x8001A65C ra=0x8001991C sp=0x801FFED0 a0=0x00000000
[CALL-CHAIN] #660 f89 addr=0x8001A65C ra=0x8001991C sp=0x801FFED0 a0=0x00000000
[CALL-CHAIN] #661 f90 addr=0x80019844 ra=0x80010EA4 sp=0x801FFF00 a0=0x00000000
[CALL-CHAIN] #662 f90 addr=0x8001A65C ra=0x8001991C sp=0x801FFED0 a0=0x00000000
[CALL-CHAIN] #663 f90 addr=0x8001A65C ra=0x8001991C sp=0x801FFED0 a0=0x00000000
[CALL-CHAIN] #664 f90 addr=0x8001A65C ra=0x8001991C sp=0x801FFED0 a0=0x00000000
[CALL-CHAIN] #665 f90 addr=0x8001A65C ra=0x8001991C sp=0x801FFED0 a0=0x00000000
[CALL-CHAIN] #666 f91 addr=0x80019844 ra=0x80010EA4 sp=0x801FFF00 a0=0x00000000
[CALL-CHAIN] #667 f91 addr=0x8001A65C ra=0x8001991C sp=0x801FFED0 a0=0x00000000
[CALL-CHAIN] #668 f91 addr=0x8001A65C ra=0x8001991C sp=0x801FFED0 a0=0x00000000
[CALL-CHAIN] #669 f91 addr=0x8001A65C ra=0x8001991C sp=0x801FFED0 a0=0x00000000
[CALL-CHAIN] #670 f91 addr=0x8001A65C ra=0x8001991C sp=0x801FFED0 a0=0x00000000
[CALL-CHAIN] #671 f92 addr=0x80019844 ra=0x80010EA4 sp=0x801FFF00 a0=0x00000000
[CALL-CHAIN] #672 f92 addr=0x8001A65C ra=0x8001991C sp=0x801FFED0 a0=0x00000000
[CALL-CHAIN] #673 f92 addr=0x8001A65C ra=0x8001991C sp=0x801FFED0 a0=0x00000000
[CALL-CHAIN] #674 f92 addr=0x8001A65C ra=0x8001991C sp=0x801FFED0 a0=0x00000000
[CALL-CHAIN] #675 f92 addr=0x8001A65C ra=0x8001991C sp=0x801FFED0 a0=0x00000000
[CALL-CHAIN] #676 f93 addr=0x80019844 ra=0x80010EA4 sp=0x801FFF00 a0=0x00000000
[CALL-CHAIN] #677 f93 addr=0x8001A65C ra=0x8001991C sp=0x801FFED0 a0=0x00000000
[CALL-CHAIN] #678 f93 addr=0x8001A65C ra=0x8001991C sp=0x801FFED0 a0=0x00000000
[CALL-CHAIN] #679 f93 addr=0x8001A65C ra=0x8001991C sp=0x801FFED0 a0=0x00000000
[CALL-CHAIN] #680 f93 addr=0x8001A65C ra=0x8001991C sp=0x801FFED0 a0=0x00000000
[CALL-CHAIN] #681 f94 addr=0x80019844 ra=0x80010EA4 sp=0x801FFF00 a0=0x00000000
[CALL-CHAIN] #682 f94 addr=0x8001A65C ra=0x8001991C sp=0x801FFED0 a0=0x00000000
[CALL-CHAIN] #683 f94 addr=0x8001A65C ra=0x8001991C sp=0x801FFED0 a0=0x00000000
[CALL-CHAIN] #684 f94 addr=0x8001A65C ra=0x8001991C sp=0x801FFED0 a0=0x00000000
[CALL-CHAIN] #685 f94 addr=0x8001A65C ra=0x8001991C sp=0x801FFED0 a0=0x00000000
[CALL-CHAIN] #686 f95 addr=0x80019844 ra=0x80010EA4 sp=0x801FFF00 a0=0x00000000
[CALL-CHAIN] #687 f95 addr=0x8001A65C ra=0x8001991C sp=0x801FFED0 a0=0x00000000
[CALL-CHAIN] #688 f95 addr=0x8001A65C ra=0x8001991C sp=0x801FFED0 a0=0x00000000
[CALL-CHAIN] #689 f95 addr=0x8001A65C ra=0x8001991C sp=0x801FFED0 a0=0x00000000
[CALL-CHAIN] #690 f95 addr=0x8001A65C ra=0x8001991C sp=0x801FFED0 a0=0x00000000
[CALL-CHAIN] #691 f96 addr=0x80019844 ra=0x80010EA4 sp=0x801FFF00 a0=0x00000000
[CALL-CHAIN] #692 f96 addr=0x8001A65C ra=0x8001991C sp=0x801FFED0 a0=0x00000000
[CALL-CHAIN] #693 f96 addr=0x8001A65C ra=0x8001991C sp=0x801FFED0 a0=0x00000000
[CALL-CHAIN] #694 f96 addr=0x8001A65C ra=0x8001991C sp=0x801FFED0 a0=0x00000000
[CALL-CHAIN] #695 f96 addr=0x8001A65C ra=0x8001991C sp=0x801FFED0 a0=0x00000000
[CALL-CHAIN] #696 f97 addr=0x80019844 ra=0x80010EA4 sp=0x801FFF00 a0=0x00000000
[CALL-CHAIN] #697 f97 addr=0x8001A65C ra=0x8001991C sp=0x801FFED0 a0=0x00000000
[CALL-CHAIN] #698 f97 addr=0x8001A65C ra=0x8001991C sp=0x801FFED0 a0=0x00000000
[CALL-CHAIN] #699 f97 addr=0x8001A65C ra=0x8001991C sp=0x801FFED0 a0=0x00000000
[CALL-CHAIN] #700 f97 addr=0x8001A65C ra=0x8001991C sp=0x801FFED0 a0=0x00000000
[CALL-CHAIN] #701 f98 addr=0x80019844 ra=0x80010EA4 sp=0x801FFF00 a0=0x00000000
[CALL-CHAIN] #702 f98 addr=0x8001A65C ra=0x8001991C sp=0x801FFED0 a0=0x00000000
[CALL-CHAIN] #703 f98 addr=0x8001A65C ra=0x8001991C sp=0x801FFED0 a0=0x00000000
[CALL-CHAIN] #704 f98 addr=0x8001A65C ra=0x8001991C sp=0x801FFED0 a0=0x00000000
[CALL-CHAIN] #705 f98 addr=0x8001A65C ra=0x8001991C sp=0x801FFED0 a0=0x00000000
[CALL-CHAIN] #706 f99 addr=0x80019844 ra=0x80010EA4 sp=0x801FFF00 a0=0x00000000
[CALL-CHAIN] #707 f99 addr=0x8001A65C ra=0x8001991C sp=0x801FFED0 a0=0x00000000
[CALL-CHAIN] #708 f99 addr=0x8001A65C ra=0x8001991C sp=0x801FFED0 a0=0x00000000
[CALL-CHAIN] #709 f99 addr=0x8001A65C ra=0x8001991C sp=0x801FFED0 a0=0x00000000
[CALL-CHAIN] #710 f99 addr=0x8001A65C ra=0x8001991C sp=0x801FFED0 a0=0x00000000
[CALL-CHAIN] #711 f100 addr=0x80019844 ra=0x80010EA4 sp=0x801FFF00 a0=0x00000000
[CALL-CHAIN] #712 f100 addr=0x8001A65C ra=0x8001991C sp=0x801FFED0 a0=0x00000000
[CALL-CHAIN] #713 f100 addr=0x8001A65C ra=0x8001991C sp=0x801FFED0 a0=0x00000000
[CALL-CHAIN] #714 f100 addr=0x8001A65C ra=0x8001991C sp=0x801FFED0 a0=0x00000000
[CALL-CHAIN] #715 f100 addr=0x8001A65C ra=0x8001991C sp=0x801FFED0 a0=0x00000000
[CALL-CHAIN] #716 f101 addr=0x80019844 ra=0x80010EA4 sp=0x801FFF00 a0=0x00000000
[CALL-CHAIN] #717 f101 addr=0x8001A65C ra=0x8001991C sp=0x801FFED0 a0=0x00000000
[CALL-CHAIN] #718 f101 addr=0x8001A65C ra=0x8001991C sp=0x801FFED0 a0=0x00000000
[CALL-CHAIN] #719 f101 addr=0x8001A65C ra=0x8001991C sp=0x801FFED0 a0=0x00000000
[CALL-CHAIN] #720 f101 addr=0x8001A65C ra=0x8001991C sp=0x801FFED0 a0=0x00000000
[CALL-CHAIN] #721 f102 addr=0x80019844 ra=0x80010EA4 sp=0x801FFF00 a0=0x00000000
[CALL-CHAIN] #722 f102 addr=0x8001A65C ra=0x8001991C sp=0x801FFED0 a0=0x00000000
[CALL-CHAIN] #723 f102 addr=0x8001A65C ra=0x8001991C sp=0x801FFED0 a0=0x00000000
[CALL-CHAIN] #724 f102 addr=0x8001A65C ra=0x8001991C sp=0x801FFED0 a0=0x00000000
[CALL-CHAIN] #725 f102 addr=0x8001A65C ra=0x8001991C sp=0x801FFED0 a0=0x00000000
[CALL-CHAIN] #726 f103 addr=0x80019844 ra=0x80010EA4 sp=0x801FFF00 a0=0x00000000
[CALL-CHAIN] #727 f103 addr=0x8001A65C ra=0x8001991C sp=0x801FFED0 a0=0x00000000
[CALL-CHAIN] #728 f103 addr=0x8001A65C ra=0x8001991C sp=0x801FFED0 a0=0x00000000
[CALL-CHAIN] #729 f103 addr=0x8001A65C ra=0x8001991C sp=0x801FFED0 a0=0x00000000
[CALL-CHAIN] #730 f103 addr=0x8001A65C ra=0x8001991C sp=0x801FFED0 a0=0x00000000
[CALL-CHAIN] #731 f104 addr=0x80019844 ra=0x80010EA4 sp=0x801FFF00 a0=0x00000000
[CALL-CHAIN] #732 f104 addr=0x8001A65C ra=0x8001991C sp=0x801FFED0 a0=0x00000000
[CALL-CHAIN] #733 f104 addr=0x8001A65C ra=0x8001991C sp=0x801FFED0 a0=0x00000000
[CALL-CHAIN] #734 f104 addr=0x8001A65C ra=0x8001991C sp=0x801FFED0 a0=0x00000000
[CALL-CHAIN] #735 f104 addr=0x8001A65C ra=0x8001991C sp=0x801FFED0 a0=0x00000000
[CALL-CHAIN] #736 f105 addr=0x80019844 ra=0x80010EA4 sp=0x801FFF00 a0=0x00000000
[CALL-CHAIN] #737 f105 addr=0x8001A65C ra=0x8001991C sp=0x801FFED0 a0=0x00000000
[CALL-CHAIN] #738 f105 addr=0x8001A65C ra=0x8001991C sp=0x801FFED0 a0=0x00000000
[CALL-CHAIN] #739 f105 addr=0x8001A65C ra=0x8001991C sp=0x801FFED0 a0=0x00000000
[CALL-CHAIN] #740 f105 addr=0x8001A65C ra=0x8001991C sp=0x801FFED0 a0=0x00000000
[CALL-CHAIN] #741 f106 addr=0x80019844 ra=0x80010EA4 sp=0x801FFF00 a0=0x00000000
[CALL-CHAIN] #742 f106 addr=0x8001A65C ra=0x8001991C sp=0x801FFED0 a0=0x00000000
[CALL-CHAIN] #743 f106 addr=0x8001A65C ra=0x8001991C sp=0x801FFED0 a0=0x00000000
[CALL-CHAIN] #744 f106 addr=0x8001A65C ra=0x8001991C sp=0x801FFED0 a0=0x00000000
[CALL-CHAIN] #745 f106 addr=0x8001A65C ra=0x8001991C sp=0x801FFED0 a0=0x00000000
[CALL-CHAIN] #746 f107 addr=0x80019844 ra=0x80010EA4 sp=0x801FFF00 a0=0x00000000
[CALL-CHAIN] #747 f107 addr=0x8001A65C ra=0x8001991C sp=0x801FFED0 a0=0x00000000
[CALL-CHAIN] #748 f107 addr=0x8001A65C ra=0x8001991C sp=0x801FFED0 a0=0x00000000
[CALL-CHAIN] #749 f107 addr=0x8001A65C ra=0x8001991C sp=0x801FFED0 a0=0x00000000
[CALL-CHAIN] #750 f107 addr=0x8001A65C ra=0x8001991C sp=0x801FFED0 a0=0x00000000
[CALL-CHAIN] #751 f108 addr=0x80019844 ra=0x80010EA4 sp=0x801FFF00 a0=0x00000000
[CALL-CHAIN] #752 f108 addr=0x8001A65C ra=0x8001991C sp=0x801FFED0 a0=0x00000000
[CALL-CHAIN] #753 f108 addr=0x8001A65C ra=0x8001991C sp=0x801FFED0 a0=0x00000000
[CALL-CHAIN] #754 f108 addr=0x8001A65C ra=0x8001991C sp=0x801FFED0 a0=0x00000000
[CALL-CHAIN] #755 f108 addr=0x8001A65C ra=0x8001991C sp=0x801FFED0 a0=0x00000000
[CALL-CHAIN] #756 f109 addr=0x80019844 ra=0x80010EA4 sp=0x801FFF00 a0=0x00000000
[CALL-CHAIN] #757 f109 addr=0x8001A65C ra=0x8001991C sp=0x801FFED0 a0=0x00000000
[CALL-CHAIN] #758 f109 addr=0x8001A65C ra=0x8001991C sp=0x801FFED0 a0=0x00000000
[CALL-CHAIN] #759 f109 addr=0x8001A65C ra=0x8001991C sp=0x801FFED0 a0=0x00000000
[CALL-CHAIN] #760 f109 addr=0x8001A65C ra=0x8001991C sp=0x801FFED0 a0=0x00000000
[CALL-CHAIN] #761 f110 addr=0x80019844 ra=0x80010EA4 sp=0x801FFF00 a0=0x00000000
[CALL-CHAIN] #762 f110 addr=0x8001A65C ra=0x8001991C sp=0x801FFED0 a0=0x00000000
[CALL-CHAIN] #763 f110 addr=0x8001A65C ra=0x8001991C sp=0x801FFED0 a0=0x00000000
[CALL-CHAIN] #764 f110 addr=0x8001A65C ra=0x8001991C sp=0x801FFED0 a0=0x00000000
[CALL-CHAIN] #765 f110 addr=0x8001A65C ra=0x8001991C sp=0x801FFED0 a0=0x00000000
[CALL-CHAIN] #766 f111 addr=0x80019844 ra=0x80010EA4 sp=0x801FFF00 a0=0x00000000
[CALL-CHAIN] #767 f111 addr=0x8001A65C ra=0x8001991C sp=0x801FFED0 a0=0x00000000
[CALL-CHAIN] #768 f111 addr=0x8001A65C ra=0x8001991C sp=0x801FFED0 a0=0x00000000
[CALL-CHAIN] #769 f111 addr=0x8001A65C ra=0x8001991C sp=0x801FFED0 a0=0x00000000
[CALL-CHAIN] #770 f111 addr=0x8001A65C ra=0x8001991C sp=0x801FFED0 a0=0x00000000
[CALL-CHAIN] #771 f112 addr=0x80019844 ra=0x80010EA4 sp=0x801FFF00 a0=0x00000000
[CALL-CHAIN] #772 f112 addr=0x8001A65C ra=0x8001991C sp=0x801FFED0 a0=0x00000000
[CALL-CHAIN] #773 f112 addr=0x8001A65C ra=0x8001991C sp=0x801FFED0 a0=0x00000000
[CALL-CHAIN] #774 f112 addr=0x8001A65C ra=0x8001991C sp=0x801FFED0 a0=0x00000000
[CALL-CHAIN] #775 f112 addr=0x8001A65C ra=0x8001991C sp=0x801FFED0 a0=0x00000000
[CALL-CHAIN] #776 f113 addr=0x80019844 ra=0x80010EA4 sp=0x801FFF00 a0=0x00000000
[CALL-CHAIN] #777 f113 addr=0x8001A65C ra=0x8001991C sp=0x801FFED0 a0=0x00000000
[CALL-CHAIN] #778 f113 addr=0x8001A65C ra=0x8001991C sp=0x801FFED0 a0=0x00000000
[CALL-CHAIN] #779 f113 addr=0x8001A65C ra=0x8001991C sp=0x801FFED0 a0=0x00000000
[CALL-CHAIN] #780 f113 addr=0x8001A65C ra=0x8001991C sp=0x801FFED0 a0=0x00000000
[CALL-CHAIN] #781 f114 addr=0x80019844 ra=0x80010EA4 sp=0x801FFF00 a0=0x00000000
[CALL-CHAIN] #782 f114 addr=0x8001A65C ra=0x8001991C sp=0x801FFED0 a0=0x00000000
[CALL-CHAIN] #783 f114 addr=0x8001A65C ra=0x8001991C sp=0x801FFED0 a0=0x00000000
[CALL-CHAIN] #784 f114 addr=0x8001A65C ra=0x8001991C sp=0x801FFED0 a0=0x00000000
[CALL-CHAIN] #785 f114 addr=0x8001A65C ra=0x8001991C sp=0x801FFED0 a0=0x00000000
[CALL-CHAIN] #786 f115 addr=0x80019844 ra=0x80010EA4 sp=0x801FFF00 a0=0x00000000
[CALL-CHAIN] #787 f115 addr=0x8001A65C ra=0x8001991C sp=0x801FFED0 a0=0x00000000
[CALL-CHAIN] #788 f115 addr=0x8001A65C ra=0x8001991C sp=0x801FFED0 a0=0x00000000
[CALL-CHAIN] #789 f115 addr=0x8001A65C ra=0x8001991C sp=0x801FFED0 a0=0x00000000
[CALL-CHAIN] #790 f115 addr=0x8001A65C ra=0x8001991C sp=0x801FFED0 a0=0x00000000
[CALL-CHAIN] #791 f116 addr=0x80019844 ra=0x80010EA4 sp=0x801FFF00 a0=0x00000000
[CALL-CHAIN] #792 f116 addr=0x8001A65C ra=0x8001991C sp=0x801FFED0 a0=0x00000000
[CALL-CHAIN] #793 f116 addr=0x8001A65C ra=0x8001991C sp=0x801FFED0 a0=0x00000000
[CALL-CHAIN] #794 f116 addr=0x8001A65C ra=0x8001991C sp=0x801FFED0 a0=0x00000000
[CALL-CHAIN] #795 f116 addr=0x8001A65C ra=0x8001991C sp=0x801FFED0 a0=0x00000000
[CALL-CHAIN] #796 f117 addr=0x80019844 ra=0x80010EA4 sp=0x801FFF00 a0=0x00000000
[CALL-CHAIN] #797 f117 addr=0x8001A65C ra=0x8001991C sp=0x801FFED0 a0=0x00000000
[CALL-CHAIN] #798 f117 addr=0x8001A65C ra=0x8001991C sp=0x801FFED0 a0=0x00000000
[CALL-CHAIN] #799 f117 addr=0x8001A65C ra=0x8001991C sp=0x801FFED0 a0=0x00000000
[CALL-CHAIN] #800 f117 addr=0x8001A65C ra=0x8001991C sp=0x801FFED0 a0=0x00000000
[CALL-CHAIN] #801 f118 addr=0x80019844 ra=0x80010EA4 sp=0x801FFF00 a0=0x00000000
[CALL-CHAIN] #802 f118 addr=0x8001A65C ra=0x8001991C sp=0x801FFED0 a0=0x00000000
[CALL-CHAIN] #803 f118 addr=0x8001A65C ra=0x8001991C sp=0x801FFED0 a0=0x00000000
[CALL-CHAIN] #804 f118 addr=0x8001A65C ra=0x8001991C sp=0x801FFED0 a0=0x00000000
[CALL-CHAIN] #805 f118 addr=0x8001A65C ra=0x8001991C sp=0x801FFED0 a0=0x00000000
[CALL-CHAIN] #806 f119 addr=0x80019844 ra=0x80010EA4 sp=0x801FFF00 a0=0x00000000
[CALL-CHAIN] #807 f119 addr=0x8001A65C ra=0x8001991C sp=0x801FFED0 a0=0x00000000
[CALL-CHAIN] #808 f119 addr=0x8001A65C ra=0x8001991C sp=0x801FFED0 a0=0x00000000
[CALL-CHAIN] #809 f119 addr=0x8001A65C ra=0x8001991C sp=0x801FFED0 a0=0x00000000
[CALL-CHAIN] #810 f119 addr=0x8001A65C ra=0x8001991C sp=0x801FFED0 a0=0x00000000
[frame 120]
[CALL-CHAIN] #811 f120 addr=0x80019844 ra=0x80010EA4 sp=0x801FFF00 a0=0x00000000
[CALL-CHAIN] #812 f120 addr=0x8001A65C ra=0x8001991C sp=0x801FFED0 a0=0x00000000
[CALL-CHAIN] #813 f120 addr=0x8001A65C ra=0x8001991C sp=0x801FFED0 a0=0x00000000
[CALL-CHAIN] #814 f120 addr=0x8001A65C ra=0x8001991C sp=0x801FFED0 a0=0x00000000
[CALL-CHAIN] #815 f120 addr=0x8001A65C ra=0x8001991C sp=0x801FFED0 a0=0x00000000
[CALL-CHAIN] #816 f121 addr=0x80019844 ra=0x80010EA4 sp=0x801FFF00 a0=0x00000000
[CALL-CHAIN] #817 f121 addr=0x8001A65C ra=0x8001991C sp=0x801FFED0 a0=0x00000000
[CALL-CHAIN] #818 f121 addr=0x8001A65C ra=0x8001991C sp=0x801FFED0 a0=0x00000000
[CALL-CHAIN] #819 f121 addr=0x8001A65C ra=0x8001991C sp=0x801FFED0 a0=0x00000000
[CALL-CHAIN] #820 f121 addr=0x8001A65C ra=0x8001991C sp=0x801FFED0 a0=0x00000000
[CALL-CHAIN] #821 f122 addr=0x80019844 ra=0x80010EA4 sp=0x801FFF00 a0=0x00000000
[CALL-CHAIN] #822 f122 addr=0x8001A65C ra=0x8001991C sp=0x801FFED0 a0=0x00000000
[CALL-CHAIN] #823 f122 addr=0x8001A65C ra=0x8001991C sp=0x801FFED0 a0=0x00000000
[CALL-CHAIN] #824 f122 addr=0x8001A65C ra=0x8001991C sp=0x801FFED0 a0=0x00000000
[CALL-CHAIN] #825 f122 addr=0x8001A65C ra=0x8001991C sp=0x801FFED0 a0=0x00000000
[CALL-CHAIN] #826 f123 addr=0x80019844 ra=0x80010EA4 sp=0x801FFF00 a0=0x00000000
[CALL-CHAIN] #827 f123 addr=0x8001A65C ra=0x8001991C sp=0x801FFED0 a0=0x00000000
[CALL-CHAIN] #828 f123 addr=0x8001A65C ra=0x8001991C sp=0x801FFED0 a0=0x00000000
[CALL-CHAIN] #829 f123 addr=0x8001A65C ra=0x8001991C sp=0x801FFED0 a0=0x00000000
[CALL-CHAIN] #830 f123 addr=0x8001A65C ra=0x8001991C sp=0x801FFED0 a0=0x00000000
[CALL-CHAIN] #831 f124 addr=0x80019844 ra=0x80010EA4 sp=0x801FFF00 a0=0x00000000
[CALL-CHAIN] #832 f124 addr=0x8001A65C ra=0x8001991C sp=0x801FFED0 a0=0x00000000
[CALL-CHAIN] #833 f124 addr=0x8001A65C ra=0x8001991C sp=0x801FFED0 a0=0x00000000
[CALL-CHAIN] #834 f124 addr=0x8001A65C ra=0x8001991C sp=0x801FFED0 a0=0x00000000
[CALL-CHAIN] #835 f124 addr=0x8001A65C ra=0x8001991C sp=0x801FFED0 a0=0x00000000
[CALL-CHAIN] #836 f125 addr=0x80019844 ra=0x80010EA4 sp=0x801FFF00 a0=0x00000000
[CALL-CHAIN] #837 f125 addr=0x8001A65C ra=0x8001991C sp=0x801FFED0 a0=0x00000000
[CALL-CHAIN] #838 f125 addr=0x8001A65C ra=0x8001991C sp=0x801FFED0 a0=0x00000000
[CALL-CHAIN] #839 f125 addr=0x8001A65C ra=0x8001991C sp=0x801FFED0 a0=0x00000000
[CALL-CHAIN] #840 f125 addr=0x8001A65C ra=0x8001991C sp=0x801FFED0 a0=0x00000000
[CALL-CHAIN] #841 f126 addr=0x80019844 ra=0x80010EA4 sp=0x801FFF00 a0=0x00000000
[CALL-CHAIN] #842 f126 addr=0x8001A65C ra=0x8001991C sp=0x801FFED0 a0=0x00000000
[CALL-CHAIN] #843 f126 addr=0x8001A65C ra=0x8001991C sp=0x801FFED0 a0=0x00000000
[CALL-CHAIN] #844 f126 addr=0x8001A65C ra=0x8001991C sp=0x801FFED0 a0=0x00000000
[CALL-CHAIN] #845 f126 addr=0x8001A65C ra=0x8001991C sp=0x801FFED0 a0=0x00000000
[CALL-CHAIN] #846 f127 addr=0x80019844 ra=0x80010EA4 sp=0x801FFF00 a0=0x00000000
[CALL-CHAIN] #847 f127 addr=0x8001A65C ra=0x8001991C sp=0x801FFED0 a0=0x00000000
[CALL-CHAIN] #848 f127 addr=0x8001A65C ra=0x8001991C sp=0x801FFED0 a0=0x00000000
[CALL-CHAIN] #849 f127 addr=0x8001A65C ra=0x8001991C sp=0x801FFED0 a0=0x00000000
[CALL-CHAIN] #850 f127 addr=0x8001A65C ra=0x8001991C sp=0x801FFED0 a0=0x00000000
[CALL-CHAIN] #851 f128 addr=0x80019844 ra=0x80010EA4 sp=0x801FFF00 a0=0x00000000
[CALL-CHAIN] #852 f128 addr=0x8001A65C ra=0x8001991C sp=0x801FFED0 a0=0x00000000
[CALL-CHAIN] #853 f128 addr=0x8001A65C ra=0x8001991C sp=0x801FFED0 a0=0x00000000
[CALL-CHAIN] #854 f128 addr=0x8001A65C ra=0x8001991C sp=0x801FFED0 a0=0x00000000
[CALL-CHAIN] #855 f128 addr=0x8001A65C ra=0x8001991C sp=0x801FFED0 a0=0x00000000
[CALL-CHAIN] #856 f129 addr=0x80019844 ra=0x80010EA4 sp=0x801FFF00 a0=0x00000000
[CALL-CHAIN] #857 f129 addr=0x8001A65C ra=0x8001991C sp=0x801FFED0 a0=0x00000000
[CALL-CHAIN] #858 f129 addr=0x8001A65C ra=0x8001991C sp=0x801FFED0 a0=0x00000000
[CALL-CHAIN] #859 f129 addr=0x8001A65C ra=0x8001991C sp=0x801FFED0 a0=0x00000000
[CALL-CHAIN] #860 f129 addr=0x8001A65C ra=0x8001991C sp=0x801FFED0 a0=0x00000000
[CALL-CHAIN] #861 f130 addr=0x80019844 ra=0x80010EA4 sp=0x801FFF00 a0=0x00000000
[CALL-CHAIN] #862 f130 addr=0x8001A65C ra=0x8001991C sp=0x801FFED0 a0=0x00000000
[CALL-CHAIN] #863 f130 addr=0x8001A65C ra=0x8001991C sp=0x801FFED0 a0=0x00000000
[CALL-CHAIN] #864 f130 addr=0x8001A65C ra=0x8001991C sp=0x801FFED0 a0=0x00000000
[CALL-CHAIN] #865 f130 addr=0x8001A65C ra=0x8001991C sp=0x801FFED0 a0=0x00000000
[CALL-CHAIN] #866 f131 addr=0x80019844 ra=0x80010EA4 sp=0x801FFF00 a0=0x00000000
[CALL-CHAIN] #867 f131 addr=0x8001A65C ra=0x8001991C sp=0x801FFED0 a0=0x00000000
[CALL-CHAIN] #868 f131 addr=0x8001A65C ra=0x8001991C sp=0x801FFED0 a0=0x00000000
[CALL-CHAIN] #869 f131 addr=0x8001A65C ra=0x8001991C sp=0x801FFED0 a0=0x00000000
[CALL-CHAIN] #870 f131 addr=0x8001A65C ra=0x8001991C sp=0x801FFED0 a0=0x00000000
[CALL-CHAIN] #871 f132 addr=0x80019844 ra=0x80010EA4 sp=0x801FFF00 a0=0x00000000
[CALL-CHAIN] #872 f132 addr=0x8001A65C ra=0x8001991C sp=0x801FFED0 a0=0x00000000
[CALL-CHAIN] #873 f132 addr=0x8001A65C ra=0x8001991C sp=0x801FFED0 a0=0x00000000
[CALL-CHAIN] #874 f132 addr=0x8001A65C ra=0x8001991C sp=0x801FFED0 a0=0x00000000
[CALL-CHAIN] #875 f132 addr=0x8001A65C ra=0x8001991C sp=0x801FFED0 a0=0x00000000
[CALL-CHAIN] #876 f133 addr=0x80019844 ra=0x80010EA4 sp=0x801FFF00 a0=0x00000000
[CALL-CHAIN] #877 f133 addr=0x8001A65C ra=0x8001991C sp=0x801FFED0 a0=0x00000000
[CALL-CHAIN] #878 f133 addr=0x8001A65C ra=0x8001991C sp=0x801FFED0 a0=0x00000000
[CALL-CHAIN] #879 f133 addr=0x8001A65C ra=0x8001991C sp=0x801FFED0 a0=0x00000000
[CALL-CHAIN] #880 f133 addr=0x8001A65C ra=0x8001991C sp=0x801FFED0 a0=0x00000000
[CALL-CHAIN] #881 f134 addr=0x80019844 ra=0x80010EA4 sp=0x801FFF00 a0=0x00000000
[CALL-CHAIN] #882 f134 addr=0x8001A65C ra=0x8001991C sp=0x801FFED0 a0=0x00000000
[CALL-CHAIN] #883 f134 addr=0x8001A65C ra=0x8001991C sp=0x801FFED0 a0=0x00000000
[CALL-CHAIN] #884 f134 addr=0x8001A65C ra=0x8001991C sp=0x801FFED0 a0=0x00000000
[CALL-CHAIN] #885 f134 addr=0x8001A65C ra=0x8001991C sp=0x801FFED0 a0=0x00000000
[CALL-CHAIN] #886 f135 addr=0x80019844 ra=0x80010EA4 sp=0x801FFF00 a0=0x00000000
[CALL-CHAIN] #887 f135 addr=0x8001A65C ra=0x8001991C sp=0x801FFED0 a0=0x00000000
[CALL-CHAIN] #888 f135 addr=0x8001A65C ra=0x8001991C sp=0x801FFED0 a0=0x00000000
[CALL-CHAIN] #889 f135 addr=0x8001A65C ra=0x8001991C sp=0x801FFED0 a0=0x00000000
[CALL-CHAIN] #890 f135 addr=0x8001A65C ra=0x8001991C sp=0x801FFED0 a0=0x00000000
[CALL-CHAIN] #891 f136 addr=0x80019844 ra=0x80010EA4 sp=0x801FFF00 a0=0x00000000
[CALL-CHAIN] #892 f136 addr=0x8001A65C ra=0x8001991C sp=0x801FFED0 a0=0x00000000
[CALL-CHAIN] #893 f136 addr=0x8001A65C ra=0x8001991C sp=0x801FFED0 a0=0x00000000
[CALL-CHAIN] #894 f136 addr=0x8001A65C ra=0x8001991C sp=0x801FFED0 a0=0x00000000
[CALL-CHAIN] #895 f136 addr=0x8001A65C ra=0x8001991C sp=0x801FFED0 a0=0x00000000
[CALL-CHAIN] #896 f137 addr=0x80019844 ra=0x80010EA4 sp=0x801FFF00 a0=0x00000000
[CALL-CHAIN] #897 f137 addr=0x8001A65C ra=0x8001991C sp=0x801FFED0 a0=0x00000000
[CALL-CHAIN] #898 f137 addr=0x8001A65C ra=0x8001991C sp=0x801FFED0 a0=0x00000000
[CALL-CHAIN] #899 f137 addr=0x8001A65C ra=0x8001991C sp=0x801FFED0 a0=0x00000000
[CALL-CHAIN] #900 f137 addr=0x8001A65C ra=0x8001991C sp=0x801FFED0 a0=0x00000000
[CALL-CHAIN] #901 f138 addr=0x80019844 ra=0x80010EA4 sp=0x801FFF00 a0=0x00000000
[CALL-CHAIN] #902 f138 addr=0x8001A65C ra=0x8001991C sp=0x801FFED0 a0=0x00000000
[CALL-CHAIN] #903 f138 addr=0x8001A65C ra=0x8001991C sp=0x801FFED0 a0=0x00000000
[CALL-CHAIN] #904 f138 addr=0x8001A65C ra=0x8001991C sp=0x801FFED0 a0=0x00000000
[CALL-CHAIN] #905 f138 addr=0x8001A65C ra=0x8001991C sp=0x801FFED0 a0=0x00000000
[CALL-CHAIN] #906 f139 addr=0x80019844 ra=0x80010EA4 sp=0x801FFF00 a0=0x00000000
[CALL-CHAIN] #907 f139 addr=0x8001A65C ra=0x8001991C sp=0x801FFED0 a0=0x00000000
[CALL-CHAIN] #908 f139 addr=0x8001A65C ra=0x8001991C sp=0x801FFED0 a0=0x00000000
[CALL-CHAIN] #909 f139 addr=0x8001A65C ra=0x8001991C sp=0x801FFED0 a0=0x00000000
[CALL-CHAIN] #910 f139 addr=0x8001A65C ra=0x8001991C sp=0x801FFED0 a0=0x00000000
[CALL-CHAIN] #911 f140 addr=0x80019844 ra=0x80010EA4 sp=0x801FFF00 a0=0x00000000
[CALL-CHAIN] #912 f140 addr=0x8001A65C ra=0x8001991C sp=0x801FFED0 a0=0x00000000
[CALL-CHAIN] #913 f140 addr=0x8001A65C ra=0x8001991C sp=0x801FFED0 a0=0x00000000
[CALL-CHAIN] #914 f140 addr=0x8001A65C ra=0x8001991C sp=0x801FFED0 a0=0x00000000
[CALL-CHAIN] #915 f140 addr=0x8001A65C ra=0x8001991C sp=0x801FFED0 a0=0x00000000
[CALL-CHAIN] #916 f141 addr=0x80019844 ra=0x80010EA4 sp=0x801FFF00 a0=0x00000000
[CALL-CHAIN] #917 f141 addr=0x8001A65C ra=0x8001991C sp=0x801FFED0 a0=0x00000000
[CALL-CHAIN] #918 f141 addr=0x8001A65C ra=0x8001991C sp=0x801FFED0 a0=0x00000000
[CALL-CHAIN] #919 f141 addr=0x8001A65C ra=0x8001991C sp=0x801FFED0 a0=0x00000000
[CALL-CHAIN] #920 f141 addr=0x8001A65C ra=0x8001991C sp=0x801FFED0 a0=0x00000000
[CALL-CHAIN] #921 f142 addr=0x80019844 ra=0x80010EA4 sp=0x801FFF00 a0=0x00000000
[CALL-CHAIN] #922 f142 addr=0x8001A65C ra=0x8001991C sp=0x801FFED0 a0=0x00000000
[CALL-CHAIN] #923 f142 addr=0x8001A65C ra=0x8001991C sp=0x801FFED0 a0=0x00000000
[CALL-CHAIN] #924 f142 addr=0x8001A65C ra=0x8001991C sp=0x801FFED0 a0=0x00000000
[CALL-CHAIN] #925 f142 addr=0x8001A65C ra=0x8001991C sp=0x801FFED0 a0=0x00000000
[CALL-CHAIN] #926 f143 addr=0x80019844 ra=0x80010EA4 sp=0x801FFF00 a0=0x00000000
[CALL-CHAIN] #927 f143 addr=0x8001A65C ra=0x8001991C sp=0x801FFED0 a0=0x00000000
[CALL-CHAIN] #928 f143 addr=0x8001A65C ra=0x8001991C sp=0x801FFED0 a0=0x00000000
[CALL-CHAIN] #929 f143 addr=0x8001A65C ra=0x8001991C sp=0x801FFED0 a0=0x00000000
[CALL-CHAIN] #930 f143 addr=0x8001A65C ra=0x8001991C sp=0x801FFED0 a0=0x00000000
[CALL-CHAIN] #931 f144 addr=0x80019844 ra=0x80010EA4 sp=0x801FFF00 a0=0x00000000
[CALL-CHAIN] #932 f144 addr=0x8001A65C ra=0x8001991C sp=0x801FFED0 a0=0x00000000
[CALL-CHAIN] #933 f144 addr=0x8001A65C ra=0x8001991C sp=0x801FFED0 a0=0x00000000
[CALL-CHAIN] #934 f144 addr=0x8001A65C ra=0x8001991C sp=0x801FFED0 a0=0x00000000
[CALL-CHAIN] #935 f144 addr=0x8001A65C ra=0x8001991C sp=0x801FFED0 a0=0x00000000
[CALL-CHAIN] #936 f145 addr=0x80019844 ra=0x80010EA4 sp=0x801FFF00 a0=0x00000000
[CALL-CHAIN] #937 f145 addr=0x8001A65C ra=0x8001991C sp=0x801FFED0 a0=0x00000000
[CALL-CHAIN] #938 f145 addr=0x8001A65C ra=0x8001991C sp=0x801FFED0 a0=0x00000000
[CALL-CHAIN] #939 f145 addr=0x8001A65C ra=0x8001991C sp=0x801FFED0 a0=0x00000000
[CALL-CHAIN] #940 f145 addr=0x8001A65C ra=0x8001991C sp=0x801FFED0 a0=0x00000000
[CALL-CHAIN] #941 f146 addr=0x80019844 ra=0x80010EA4 sp=0x801FFF00 a0=0x00000000
[CALL-CHAIN] #942 f146 addr=0x8001A65C ra=0x8001991C sp=0x801FFED0 a0=0x00000000
[CALL-CHAIN] #943 f146 addr=0x8001A65C ra=0x8001991C sp=0x801FFED0 a0=0x00000000
[CALL-CHAIN] #944 f146 addr=0x8001A65C ra=0x8001991C sp=0x801FFED0 a0=0x00000000
[CALL-CHAIN] #945 f146 addr=0x8001A65C ra=0x8001991C sp=0x801FFED0 a0=0x00000000
[CALL-CHAIN] #946 f147 addr=0x80019844 ra=0x80010EA4 sp=0x801FFF00 a0=0x00000000
[CALL-CHAIN] #947 f147 addr=0x8001A65C ra=0x8001991C sp=0x801FFED0 a0=0x00000000
[CALL-CHAIN] #948 f147 addr=0x8001A65C ra=0x8001991C sp=0x801FFED0 a0=0x00000000
[CALL-CHAIN] #949 f147 addr=0x8001A65C ra=0x8001991C sp=0x801FFED0 a0=0x00000000
[CALL-CHAIN] #950 f147 addr=0x8001A65C ra=0x8001991C sp=0x801FFED0 a0=0x00000000
[CALL-CHAIN] #951 f148 addr=0x80019844 ra=0x80010EA4 sp=0x801FFF00 a0=0x00000000
[CALL-CHAIN] #952 f148 addr=0x8001A65C ra=0x8001991C sp=0x801FFED0 a0=0x00000000
[CALL-CHAIN] #953 f148 addr=0x8001A65C ra=0x8001991C sp=0x801FFED0 a0=0x00000000
[CALL-CHAIN] #954 f148 addr=0x8001A65C ra=0x8001991C sp=0x801FFED0 a0=0x00000000
[CALL-CHAIN] #955 f148 addr=0x8001A65C ra=0x8001991C sp=0x801FFED0 a0=0x00000000
[CALL-CHAIN] #956 f149 addr=0x80019844 ra=0x80010EA4 sp=0x801FFF00 a0=0x00000000
[CALL-CHAIN] #957 f149 addr=0x8001A65C ra=0x8001991C sp=0x801FFED0 a0=0x00000000
[CALL-CHAIN] #958 f149 addr=0x8001A65C ra=0x8001991C sp=0x801FFED0 a0=0x00000000
[CALL-CHAIN] #959 f149 addr=0x8001A65C ra=0x8001991C sp=0x801FFED0 a0=0x00000000
[CALL-CHAIN] #960 f149 addr=0x8001A65C ra=0x8001991C sp=0x801FFED0 a0=0x00000000
[CALL-CHAIN] #961 f150 addr=0x80019844 ra=0x80010EA4 sp=0x801FFF00 a0=0x00000000
[CALL-CHAIN] #962 f150 addr=0x8001A65C ra=0x8001991C sp=0x801FFED0 a0=0x00000000
[CALL-CHAIN] #963 f150 addr=0x8001A65C ra=0x8001991C sp=0x801FFED0 a0=0x00000000
[CALL-CHAIN] #964 f150 addr=0x8001A65C ra=0x8001991C sp=0x801FFED0 a0=0x00000000
[CALL-CHAIN] #965 f150 addr=0x8001A65C ra=0x8001991C sp=0x801FFED0 a0=0x00000000
[CALL-CHAIN] #966 f151 addr=0x80019844 ra=0x80010EA4 sp=0x801FFF00 a0=0x00000000
[CALL-CHAIN] #967 f151 addr=0x8001A65C ra=0x8001991C sp=0x801FFED0 a0=0x00000000
[CALL-CHAIN] #968 f151 addr=0x8001A65C ra=0x8001991C sp=0x801FFED0 a0=0x00000000
[CALL-CHAIN] #969 f151 addr=0x8001A65C ra=0x8001991C sp=0x801FFED0 a0=0x00000000
[CALL-CHAIN] #970 f151 addr=0x8001A65C ra=0x8001991C sp=0x801FFED0 a0=0x00000000
[CALL-CHAIN] #971 f152 addr=0x80019844 ra=0x80010EA4 sp=0x801FFF00 a0=0x00000000
[CALL-CHAIN] #972 f152 addr=0x8001A65C ra=0x8001991C sp=0x801FFED0 a0=0x00000000
[CALL-CHAIN] #973 f152 addr=0x8001A65C ra=0x8001991C sp=0x801FFED0 a0=0x00000000
[CALL-CHAIN] #974 f152 addr=0x8001A65C ra=0x8001991C sp=0x801FFED0 a0=0x00000000
[CALL-CHAIN] #975 f152 addr=0x8001A65C ra=0x8001991C sp=0x801FFED0 a0=0x00000000
[CALL-CHAIN] #976 f153 addr=0x80019844 ra=0x80010EA4 sp=0x801FFF00 a0=0x00000000
[CALL-CHAIN] #977 f153 addr=0x8001A65C ra=0x8001991C sp=0x801FFED0 a0=0x00000000
[CALL-CHAIN] #978 f153 addr=0x8001A65C ra=0x8001991C sp=0x801FFED0 a0=0x00000000
[CALL-CHAIN] #979 f153 addr=0x8001A65C ra=0x8001991C sp=0x801FFED0 a0=0x00000000
[CALL-CHAIN] #980 f153 addr=0x8001A65C ra=0x8001991C sp=0x801FFED0 a0=0x00000000
[CALL-CHAIN] #981 f154 addr=0x80019844 ra=0x80010EA4 sp=0x801FFF00 a0=0x00000000
[CALL-CHAIN] #982 f154 addr=0x8001A65C ra=0x8001991C sp=0x801FFED0 a0=0x00000000
[CALL-CHAIN] #983 f154 addr=0x8001A65C ra=0x8001991C sp=0x801FFED0 a0=0x00000000
[CALL-CHAIN] #984 f154 addr=0x8001A65C ra=0x8001991C sp=0x801FFED0 a0=0x00000000
[CALL-CHAIN] #985 f154 addr=0x8001A65C ra=0x8001991C sp=0x801FFED0 a0=0x00000000
[CALL-CHAIN] #986 f155 addr=0x80019844 ra=0x80010EA4 sp=0x801FFF00 a0=0x00000000
[CALL-CHAIN] #987 f155 addr=0x8001A65C ra=0x8001991C sp=0x801FFED0 a0=0x00000000
[CALL-CHAIN] #988 f155 addr=0x8001A65C ra=0x8001991C sp=0x801FFED0 a0=0x00000000
[CALL-CHAIN] #989 f155 addr=0x8001A65C ra=0x8001991C sp=0x801FFED0 a0=0x00000000
[CALL-CHAIN] #990 f155 addr=0x8001A65C ra=0x8001991C sp=0x801FFED0 a0=0x00000000
[CALL-CHAIN] #991 f156 addr=0x80019844 ra=0x80010EA4 sp=0x801FFF00 a0=0x00000000
[CALL-CHAIN] #992 f156 addr=0x8001A65C ra=0x8001991C sp=0x801FFED0 a0=0x00000000
[CALL-CHAIN] #993 f156 addr=0x8001A65C ra=0x8001991C sp=0x801FFED0 a0=0x00000000
[CALL-CHAIN] #994 f156 addr=0x8001A65C ra=0x8001991C sp=0x801FFED0 a0=0x00000000
[CALL-CHAIN] #995 f156 addr=0x8001A65C ra=0x8001991C sp=0x801FFED0 a0=0x00000000
[CALL-CHAIN] #996 f157 addr=0x80019844 ra=0x80010EA4 sp=0x801FFF00 a0=0x00000000
[CALL-CHAIN] #997 f157 addr=0x8001A65C ra=0x8001991C sp=0x801FFED0 a0=0x00000000
[CALL-CHAIN] #998 f157 addr=0x8001A65C ra=0x8001991C sp=0x801FFED0 a0=0x00000000
[CALL-CHAIN] #999 f157 addr=0x8001A65C ra=0x8001991C sp=0x801FFED0 a0=0x00000000
[CALL-CHAIN] #1000 f157 addr=0x8001A65C ra=0x8001991C sp=0x801FFED0 a0=0x00000000
[CALL-CHAIN] #1001 f158 addr=0x80019844 ra=0x80010EA4 sp=0x801FFF00 a0=0x00000000
[CALL-CHAIN] #1002 f158 addr=0x8001A65C ra=0x8001991C sp=0x801FFED0 a0=0x00000000
[CALL-CHAIN] #1003 f158 addr=0x8001A65C ra=0x8001991C sp=0x801FFED0 a0=0x00000000
[CALL-CHAIN] #1004 f158 addr=0x8001A65C ra=0x8001991C sp=0x801FFED0 a0=0x00000000
[CALL-CHAIN] #1005 f158 addr=0x8001A65C ra=0x8001991C sp=0x801FFED0 a0=0x00000000
[CALL-CHAIN] #1006 f159 addr=0x80019844 ra=0x80010EA4 sp=0x801FFF00 a0=0x00000000
[CALL-CHAIN] #1007 f159 addr=0x8001A65C ra=0x8001991C sp=0x801FFED0 a0=0x00000000
[CALL-CHAIN] #1008 f159 addr=0x8001A65C ra=0x8001991C sp=0x801FFED0 a0=0x00000000
[CALL-CHAIN] #1009 f159 addr=0x8001A65C ra=0x8001991C sp=0x801FFED0 a0=0x00000000
[CALL-CHAIN] #1010 f159 addr=0x8001A65C ra=0x8001991C sp=0x801FFED0 a0=0x00000000
[CALL-CHAIN] #1011 f160 addr=0x80019844 ra=0x80010EA4 sp=0x801FFF00 a0=0x00000000
[CALL-CHAIN] #1012 f160 addr=0x8001A65C ra=0x8001991C sp=0x801FFED0 a0=0x00000000
[CALL-CHAIN] #1013 f160 addr=0x8001A65C ra=0x8001991C sp=0x801FFED0 a0=0x00000000
[CALL-CHAIN] #1014 f160 addr=0x8001A65C ra=0x8001991C sp=0x801FFED0 a0=0x00000000
[CALL-CHAIN] #1015 f160 addr=0x8001A65C ra=0x8001991C sp=0x801FFED0 a0=0x00000000
[CALL-CHAIN] #1016 f161 addr=0x80019844 ra=0x80010EA4 sp=0x801FFF00 a0=0x00000000
[CALL-CHAIN] #1017 f161 addr=0x8001A65C ra=0x8001991C sp=0x801FFED0 a0=0x00000000
[CALL-CHAIN] #1018 f161 addr=0x8001A65C ra=0x8001991C sp=0x801FFED0 a0=0x00000000
[CALL-CHAIN] #1019 f161 addr=0x8001A65C ra=0x8001991C sp=0x801FFED0 a0=0x00000000
[CALL-CHAIN] #1020 f161 addr=0x8001A65C ra=0x8001991C sp=0x801FFED0 a0=0x00000000
[CALL-CHAIN] #1021 f162 addr=0x80019844 ra=0x80010EA4 sp=0x801FFF00 a0=0x00000000
[CALL-CHAIN] #1022 f162 addr=0x8001A65C ra=0x8001991C sp=0x801FFED0 a0=0x00000000
[CALL-CHAIN] #1023 f162 addr=0x8001A65C ra=0x8001991C sp=0x801FFED0 a0=0x00000000
[CALL-CHAIN] #1024 f162 addr=0x8001A65C ra=0x8001991C sp=0x801FFED0 a0=0x00000000
[CALL-CHAIN] #1025 f162 addr=0x8001A65C ra=0x8001991C sp=0x801FFED0 a0=0x00000000
[CALL-CHAIN] #1026 f163 addr=0x80019844 ra=0x80010EA4 sp=0x801FFF00 a0=0x00000000
[CALL-CHAIN] #1027 f163 addr=0x8001A65C ra=0x8001991C sp=0x801FFED0 a0=0x00000000
[CALL-CHAIN] #1028 f163 addr=0x8001A65C ra=0x8001991C sp=0x801FFED0 a0=0x00000000
[CALL-CHAIN] #1029 f163 addr=0x8001A65C ra=0x8001991C sp=0x801FFED0 a0=0x00000000
[CALL-CHAIN] #1030 f163 addr=0x8001A65C ra=0x8001991C sp=0x801FFED0 a0=0x00000000
[CALL-CHAIN] #1031 f164 addr=0x80019844 ra=0x80010EA4 sp=0x801FFF00 a0=0x00000000
[CALL-CHAIN] #1032 f164 addr=0x8001A65C ra=0x8001991C sp=0x801FFED0 a0=0x00000000
[CALL-CHAIN] #1033 f164 addr=0x8001A65C ra=0x8001991C sp=0x801FFED0 a0=0x00000000
[CALL-CHAIN] #1034 f164 addr=0x8001A65C ra=0x8001991C sp=0x801FFED0 a0=0x00000000
[CALL-CHAIN] #1035 f164 addr=0x8001A65C ra=0x8001991C sp=0x801FFED0 a0=0x00000000
[CALL-CHAIN] #1036 f165 addr=0x80019844 ra=0x80010EA4 sp=0x801FFF00 a0=0x00000000
[CALL-CHAIN] #1037 f165 addr=0x8001A65C ra=0x8001991C sp=0x801FFED0 a0=0x00000000
[CALL-CHAIN] #1038 f165 addr=0x8001A65C ra=0x8001991C sp=0x801FFED0 a0=0x00000000
[CALL-CHAIN] #1039 f165 addr=0x8001A65C ra=0x8001991C sp=0x801FFED0 a0=0x00000000
[CALL-CHAIN] #1040 f165 addr=0x8001A65C ra=0x8001991C sp=0x801FFED0 a0=0x00000000
[CALL-CHAIN] #1041 f166 addr=0x80019844 ra=0x80010EA4 sp=0x801FFF00 a0=0x00000000
[CALL-CHAIN] #1042 f166 addr=0x8001A65C ra=0x8001991C sp=0x801FFED0 a0=0x00000000
[CALL-CHAIN] #1043 f166 addr=0x8001A65C ra=0x8001991C sp=0x801FFED0 a0=0x00000000
[CALL-CHAIN] #1044 f166 addr=0x8001A65C ra=0x8001991C sp=0x801FFED0 a0=0x00000000
[CALL-CHAIN] #1045 f166 addr=0x8001A65C ra=0x8001991C sp=0x801FFED0 a0=0x00000000
[CALL-CHAIN] #1046 f167 addr=0x80019844 ra=0x80010EA4 sp=0x801FFF00 a0=0x00000000
[CALL-CHAIN] #1047 f167 addr=0x8001A65C ra=0x8001991C sp=0x801FFED0 a0=0x00000000
[CALL-CHAIN] #1048 f167 addr=0x8001A65C ra=0x8001991C sp=0x801FFED0 a0=0x00000000
[CALL-CHAIN] #1049 f167 addr=0x8001A65C ra=0x8001991C sp=0x801FFED0 a0=0x00000000
[CALL-CHAIN] #1050 f167 addr=0x8001A65C ra=0x8001991C sp=0x801FFED0 a0=0x00000000
[CALL-CHAIN] #1051 f168 addr=0x80019844 ra=0x80010EA4 sp=0x801FFF00 a0=0x00000000
[CALL-CHAIN] #1052 f168 addr=0x8001A65C ra=0x8001991C sp=0x801FFED0 a0=0x00000000
[CALL-CHAIN] #1053 f168 addr=0x8001A65C ra=0x8001991C sp=0x801FFED0 a0=0x00000000
[CALL-CHAIN] #1054 f168 addr=0x8001A65C ra=0x8001991C sp=0x801FFED0 a0=0x00000000
[CALL-CHAIN] #1055 f168 addr=0x8001A65C ra=0x8001991C sp=0x801FFED0 a0=0x00000000
[CALL-CHAIN] #1056 f169 addr=0x80019844 ra=0x80010EA4 sp=0x801FFF00 a0=0x00000000
[CALL-CHAIN] #1057 f169 addr=0x8001A65C ra=0x8001991C sp=0x801FFED0 a0=0x00000000
[CALL-CHAIN] #1058 f169 addr=0x8001A65C ra=0x8001991C sp=0x801FFED0 a0=0x00000000
[CALL-CHAIN] #1059 f169 addr=0x8001A65C ra=0x8001991C sp=0x801FFED0 a0=0x00000000
[CALL-CHAIN] #1060 f169 addr=0x8001A65C ra=0x8001991C sp=0x801FFED0 a0=0x00000000
[CALL-CHAIN] #1061 f170 addr=0x80019844 ra=0x80010EA4 sp=0x801FFF00 a0=0x00000000
[CALL-CHAIN] #1062 f170 addr=0x8001A65C ra=0x8001991C sp=0x801FFED0 a0=0x00000000
[CALL-CHAIN] #1063 f170 addr=0x8001A65C ra=0x8001991C sp=0x801FFED0 a0=0x00000000
[CALL-CHAIN] #1064 f170 addr=0x8001A65C ra=0x8001991C sp=0x801FFED0 a0=0x00000000
[CALL-CHAIN] #1065 f170 addr=0x8001A65C ra=0x8001991C sp=0x801FFED0 a0=0x00000000
[CALL-CHAIN] #1066 f171 addr=0x80019844 ra=0x80010EA4 sp=0x801FFF00 a0=0x00000000
[CALL-CHAIN] #1067 f171 addr=0x8001A65C ra=0x8001991C sp=0x801FFED0 a0=0x00000000
[CALL-CHAIN] #1068 f171 addr=0x8001A65C ra=0x8001991C sp=0x801FFED0 a0=0x00000000
[CALL-CHAIN] #1069 f171 addr=0x8001A65C ra=0x8001991C sp=0x801FFED0 a0=0x00000000
[CALL-CHAIN] #1070 f171 addr=0x8001A65C ra=0x8001991C sp=0x801FFED0 a0=0x00000000
[CALL-CHAIN] #1071 f172 addr=0x80019844 ra=0x80010EA4 sp=0x801FFF00 a0=0x00000000
[CALL-CHAIN] #1072 f172 addr=0x8001A65C ra=0x8001991C sp=0x801FFED0 a0=0x00000000
[CALL-CHAIN] #1073 f172 addr=0x8001A65C ra=0x8001991C sp=0x801FFED0 a0=0x00000000
[CALL-CHAIN] #1074 f172 addr=0x8001A65C ra=0x8001991C sp=0x801FFED0 a0=0x00000000
[CALL-CHAIN] #1075 f172 addr=0x8001A65C ra=0x8001991C sp=0x801FFED0 a0=0x00000000
[CALL-CHAIN] #1076 f173 addr=0x80019844 ra=0x80010EA4 sp=0x801FFF00 a0=0x00000000
[CALL-CHAIN] #1077 f173 addr=0x8001A65C ra=0x8001991C sp=0x801FFED0 a0=0x00000000
[CALL-CHAIN] #1078 f173 addr=0x8001A65C ra=0x8001991C sp=0x801FFED0 a0=0x00000000
[CALL-CHAIN] #1079 f173 addr=0x8001A65C ra=0x8001991C sp=0x801FFED0 a0=0x00000000
[CALL-CHAIN] #1080 f173 addr=0x8001A65C ra=0x8001991C sp=0x801FFED0 a0=0x00000000
[CALL-CHAIN] #1081 f174 addr=0x80019844 ra=0x80010EA4 sp=0x801FFF00 a0=0x00000000
[CALL-CHAIN] #1082 f174 addr=0x8001A65C ra=0x8001991C sp=0x801FFED0 a0=0x00000000
[CALL-CHAIN] #1083 f174 addr=0x8001A65C ra=0x8001991C sp=0x801FFED0 a0=0x00000000
[CALL-CHAIN] #1084 f174 addr=0x8001A65C ra=0x8001991C sp=0x801FFED0 a0=0x00000000
[CALL-CHAIN] #1085 f174 addr=0x8001A65C ra=0x8001991C sp=0x801FFED0 a0=0x00000000
[CALL-CHAIN] #1086 f175 addr=0x80019844 ra=0x80010EA4 sp=0x801FFF00 a0=0x00000000
[CALL-CHAIN] #1087 f175 addr=0x8001A65C ra=0x8001991C sp=0x801FFED0 a0=0x00000000
[CALL-CHAIN] #1088 f175 addr=0x8001A65C ra=0x8001991C sp=0x801FFED0 a0=0x00000000
[CALL-CHAIN] #1089 f175 addr=0x8001A65C ra=0x8001991C sp=0x801FFED0 a0=0x00000000
[CALL-CHAIN] #1090 f175 addr=0x8001A65C ra=0x8001991C sp=0x801FFED0 a0=0x00000000
[CALL-CHAIN] #1091 f176 addr=0x80019844 ra=0x80010EA4 sp=0x801FFF00 a0=0x00000000
[CALL-CHAIN] #1092 f176 addr=0x8001A65C ra=0x8001991C sp=0x801FFED0 a0=0x00000000
[CALL-CHAIN] #1093 f176 addr=0x8001A65C ra=0x8001991C sp=0x801FFED0 a0=0x00000000
[CALL-CHAIN] #1094 f176 addr=0x8001A65C ra=0x8001991C sp=0x801FFED0 a0=0x00000000
[CALL-CHAIN] #1095 f176 addr=0x8001A65C ra=0x8001991C sp=0x801FFED0 a0=0x00000000
[CALL-CHAIN] #1096 f177 addr=0x80019844 ra=0x80010EA4 sp=0x801FFF00 a0=0x00000000
[CALL-CHAIN] #1097 f177 addr=0x8001A65C ra=0x8001991C sp=0x801FFED0 a0=0x00000000
[CALL-CHAIN] #1098 f177 addr=0x8001A65C ra=0x8001991C sp=0x801FFED0 a0=0x00000000
[CALL-CHAIN] #1099 f177 addr=0x8001A65C ra=0x8001991C sp=0x801FFED0 a0=0x00000000
[CALL-CHAIN] #1100 f177 addr=0x8001A65C ra=0x8001991C sp=0x801FFED0 a0=0x00000000
[CALL-CHAIN] #1101 f178 addr=0x80019844 ra=0x80010EA4 sp=0x801FFF00 a0=0x00000000
[CALL-CHAIN] #1102 f178 addr=0x8001A65C ra=0x8001991C sp=0x801FFED0 a0=0x00000000
[CALL-CHAIN] #1103 f178 addr=0x8001A65C ra=0x8001991C sp=0x801FFED0 a0=0x00000000
[CALL-CHAIN] #1104 f178 addr=0x8001A65C ra=0x8001991C sp=0x801FFED0 a0=0x00000000
[CALL-CHAIN] #1105 f178 addr=0x8001A65C ra=0x8001991C sp=0x801FFED0 a0=0x00000000
[CALL-CHAIN] #1106 f179 addr=0x80019844 ra=0x80010EA4 sp=0x801FFF00 a0=0x00000000
[CALL-CHAIN] #1107 f179 addr=0x8001A65C ra=0x8001991C sp=0x801FFED0 a0=0x00000000
[CALL-CHAIN] #1108 f179 addr=0x8001A65C ra=0x8001991C sp=0x801FFED0 a0=0x00000000
[