[Launcher] Disc: C:\Users\Leona\Documents\GitHub\psxrecomp\CastlevaniaRecomp\isos\Castlevania - Symphony of the Night (USA).cue
=== PSXRecomp v2 ===
EXE: C:\Users\Leona\Documents\GitHub\psxrecomp\CastlevaniaRecomp\isos\SLUS_000.67
CUE: C:\Users\Leona\Documents\GitHub\psxrecomp\CastlevaniaRecomp\isos\Castlevania - Symphony of the Night (USA).cue

[KeyConfig] Loading from C:/Users/Leona/Documents/GitHub/psxrecomp/CastlevaniaRecomp/build/keyconfig.ini
[XA] Volume set to 50%
[KeyConfig] UP=265 DOWN=264 CROSS=83 START=257
[XA] Opened C:\Users\Leona\Documents\GitHub\psxrecomp\CastlevaniaRecomp\isos\Castlevania - Symphony of the Night (USA) (Track 1).bin
[XA] WAV capture: C:/temp/xa_capture.wav (up to 30s)
[XA] Audio ready (decode 37800 Hz → waveOut 44100 Hz)
[FMV] Opened C:\Users\Leona\Documents\GitHub\psxrecomp\CastlevaniaRecomp\isos\Castlevania - Symphony of the Night (USA) (Track 1).bin
[SPU] Initialised — 24 voices, 44100 Hz stereo
Detected PS-X header, skipping 2048 bytes
Loaded 561152 bytes
[RUNTIME] PSX_FORCE_INTERP_8006=1 (force interp for 0x80060000-0x80097FFF)
[RUNTIME] PSX_FORCE_INTERP_DISPLAY_LOOP=1 (interp for 0x80019844/0x8001A110)
[RUNTIME] PSX_FORCE_CV_DISP_CB=1 (seed RAM[0x80032AB0]=0x8001A664 when null)
[RUNTIME] PSX_FORCE_CV_DIRECT_CB=1 (direct callback from 0x80019844)
[RUNTIME] PSX_TRACE_CALL_CHAIN=1
[RUNTIME] PSX_TRACE_GPU_PATH=1
Loaded into PS1 RAM at 0x80010000
[OpenGLRenderer] Initialize() called
[OpenGLRenderer] InitializeWindow() - Creating GLFW window...
[OpenGLRenderer] GLFW window created successfully (960x720)
[OpenGLRenderer] InitializeOpenGL() - Loading OpenGL functions...
[OpenGLRenderer] OpenGL initialized successfully!
[OpenGLRenderer]   Version:  3.3.0 - Build 31.0.101.5522
[OpenGLRenderer]   Renderer: Intel(R) Iris(R) Xe Graphics
[OpenGLRenderer]   Vendor:   Intel
[OpenGLRenderer] OpenGL 3.3 Core Profile ready
[OpenGLRenderer] InitializeShaders() - Compiling shaders...
[OpenGLRenderer]   - Primitive shader compiled (program ID: 3)
[OpenGLRenderer]   - Textured shader compiled (program ID: 4)
[OpenGLRenderer]   - Fill shader compiled (program ID: 5)
[OpenGLRenderer]   - Copy shader compiled (program ID: 6)
[OpenGLRenderer] All 4 shaders compiled successfully!
[OpenGLRenderer] InitializeBuffers() - Creating VAO and VBO...
[OpenGLRenderer] VAO and VBO created (max 4096 vertices per batch)
[OpenGLRenderer] InitializeVRAM() - Creating VRAM texture and FBO...
[OpenGLRenderer] VRAM texture created (1024x512, RGB5A1, 1024 KB)
[OpenGLRenderer] VRAM FBO created and verified (complete)
[OpenGLRenderer] Initialization complete!
Renderer ready

Calling entry point 0x80010DF4...
[CALL-CHAIN] #1 f0 addr=0x80010DF4 ra=0x00000000 sp=0x801FFF00 a0=0x00000000
[CALLEE-FIX] #1 f0 call_by_address(0x80010DF4) sp:801FFF00->80200000 s0:00000000->00000000 s1:00000000->00000000 — restoring
Entry point returned.
[BLACKSCREEN] Manual display bootstrap disabled by env PSX_BLACKSCREEN_MANUAL_DISPLAY_ENTRY=off
[BLACKSCREEN] Skipping bootstrap entry 0x80010DFC (set PSX_TRY_REAL_ENTRY=1 to enable)
[BLACKSCREEN] Enabling display pump fallback at 0x80019844
[CALL-CHAIN] #2 f0 addr=0x80019844 ra=0x80010EA4 sp=0x801FFF00 a0=0x800988A4
[FORCE-INTERP-DISPLAY] #1 f0 addr=0x80019844 w0=0x27BDFFD0 ra=0x80010EA4 a0=0x800988A4 cb=0x00000000
[RAM-19844] 98D0=0x1220000B 98E0=0x10400007 98E4=0x34040002 98F0=0x0C006997 98F8=0x1440000A
[RAM-19844-JALR] none in 0x19844-0x19987
[CALL-CHAIN] #3 f0 addr=0x800198D0 ra=0x80010EA4 sp=0x801FFED0 a0=0x00000001
[CALL-CHAIN] #4 f0 addr=0x8001A65C ra=0x800198F8 sp=0x801FFED0 a0=0x00000002
[CALL-CHAIN] #5 f0 addr=0x8001A65C ra=0x8001991C sp=0x801FFED0 a0=0x000000A4
[CALL-CHAIN] #6 f0 addr=0x8001993C ra=0x8001991C sp=0x801FFED0 a0=0x000000A4
[CALL-CHAIN] #7 f0 addr=0x8001A110 ra=0x8001994C sp=0x801FFED0 a0=0x00000000
[FORCE-CV-DISP-CB] f0 seeded cb=0x8001A664
[FORCE-INTERP-DISPLAY] #2 f0 addr=0x8001A110 w0=0x27BDFFC8 ra=0x8001994C a0=0x00000000 cb=0x8001A664
[CALL-CHAIN] #8 f0 addr=0x80015308 ra=0x8001A144 sp=0x801FFE98 a0=0xFFFFFFFF
[CALL-CHAIN] #9 f0 addr=0x80015308 ra=0x8001A184 sp=0x801FFE98 a0=0xFFFFFFFF
[CALL-CHAIN] #10 f0 addr=0x8001A238 ra=0x8001A184 sp=0x801FFE98 a0=0xFFFFFFFF
[SKIP-A110-RECURSE] #1 f0 addr=0x8001A238 ra=0x8001A184 a0=0xFFFFFFFF
[CALLEE-FIX] #2 f0 call_by_address(0x8001A110) sp:801FFED0->801FFE98 s0:00000003->00000003 s1:0015F760->0015F760 — restoring
[CALL-CHAIN] #11 f0 addr=0x8001995C ra=0x8001A184 sp=0x801FFED0 a0=0xFFFFFFFF
[FORCE-CV-DIRECT-CB] #1 f0 cb=0x8001A664 in_a0=0x800988A4 in_a1=0x0015F760 in_a2=0x00000000
[CALL-CHAIN] #12 f0 addr=0x8001A664 ra=0x80010EA4 sp=0x801FFF00 a0=0x00000001
[FORCE-INTERP-DISPLAY] #3 f0 addr=0x8001A664 w0=0x27BDFFB0 ra=0x80010EA4 a0=0x00000001 cb=0x8001A664
[CALL-CHAIN] #13 f0 addr=0x8001A6C8 ra=0x80010EA4 sp=0x801FFEB0 a0=0x00000001
[SKIP-A664-RECURSE] #1 f0 addr=0x8001A6C8 ra=0x80010EA4 a0=0x00000001
[CALLEE-FIX] #3 f0 call_by_address(0x8001A664) sp:801FFF00->801FFEB0 s0:00000000->00000000 s1:00000000->00000000 — restoring
[CALL-CHAIN] #14 f0 addr=0x8001A664 ra=0x80010EA4 sp=0x801FFF00 a0=0x00000002
[FORCE-INTERP-DISPLAY] #4 f0 addr=0x8001A664 w0=0x27BDFFB0 ra=0x80010EA4 a0=0x00000002 cb=0x8001A664
[CALL-CHAIN] #15 f0 addr=0x8001A6C8 ra=0x80010EA4 sp=0x801FFEB0 a0=0x00000002
[SKIP-A664-RECURSE] #2 f0 addr=0x8001A6C8 ra=0x80010EA4 a0=0x00000002
[CALLEE-FIX] #4 f0 call_by_address(0x8001A664) sp:801FFF00->801FFEB0 s0:00000000->00000000 s1:00000000->00000000 — restoring
[CALL-CHAIN] #16 f0 addr=0x8001A664 ra=0x80010EA4 sp=0x801FFF00 a0=0x000000A4
[FORCE-INTERP-DISPLAY] #5 f0 addr=0x8001A664 w0=0x27BDFFB0 ra=0x80010EA4 a0=0x000000A4 cb=0x8001A664
[CALL-CHAIN] #17 f0 addr=0x8001A6C8 ra=0x80010EA4 sp=0x801FFEB0 a0=0x000000A4
[SKIP-A664-RECURSE] #3 f0 addr=0x8001A6C8 ra=0x80010EA4 a0=0x000000A4
[CALLEE-FIX] #5 f0 call_by_address(0x8001A664) sp:801FFF00->801FFEB0 s0:00000000->00000000 s1:00000000->00000000 — restoring
[BLACKSCREEN][RendererPresent] present=1 f=1 disp=(0,0 320x240) vis=320x240 uv=(0.000,0.000)-(1.000,1.000)
[frame 1]
[CALL-CHAIN] #18 f1 addr=0x80019844 ra=0x80010EA4 sp=0x801FFF00 a0=0x000000A4
[FORCE-INTERP-DISPLAY] #6 f1 addr=0x80019844 w0=0x27BDFFD0 ra=0x80010EA4 a0=0x000000A4 cb=0x8001A664
[CALL-CHAIN] #19 f1 addr=0x800198D0 ra=0x80010EA4 sp=0x801FFED0 a0=0x00000001
[CALL-CHAIN] #20 f1 addr=0x8001A65C ra=0x800198F8 sp=0x801FFED0 a0=0x00000002
[CALL-CHAIN] #21 f1 addr=0x80019924 ra=0x800198F8 sp=0x801FFED0 a0=0x00000002
[CALL-CHAIN] #22 f1 addr=0x80019894 ra=0x800198F8 sp=0x801FFED0 a0=0x00000002
[CALL-CHAIN] #23 f1 addr=0x800198D0 ra=0x800198F8 sp=0x801FFED0 a0=0x00000001
[CALL-CHAIN] #24 f1 addr=0x8001A65C ra=0x800198F8 sp=0x801FFED0 a0=0x00000002
[CALL-CHAIN] #25 f1 addr=0x80019924 ra=0x800198F8 sp=0x801FFED0 a0=0x00000002
[CALL-CHAIN] #26 f1 addr=0x80019894 ra=0x800198F8 sp=0x801FFED0 a0=0x00000002
[CALL-CHAIN] #27 f1 addr=0x800198D0 ra=0x800198F8 sp=0x801FFED0 a0=0x00000001
[CALL-CHAIN] #28 f1 addr=0x8001A65C ra=0x800198F8 sp=0x801FFED0 a0=0x00000002
[CALL-CHAIN] #29 f1 addr=0x80019924 ra=0x800198F8 sp=0x801FFED0 a0=0x00000002
[CALL-CHAIN] #30 f1 addr=0x80019894 ra=0x800198F8 sp=0x801FFED0 a0=0x00000002
[CALL-CHAIN] #31 f1 addr=0x800198D0 ra=0x800198F8 sp=0x801FFED0 a0=0x00000001
[CALL-CHAIN] #32 f1 addr=0x8001A65C ra=0x800198F8 sp=0x801FFED0 a0=0x00000002
[CALL-CHAIN] #33 f1 addr=0x80019924 ra=0x800198F8 sp=0x801FFED0 a0=0x00000002
[CALL-CHAIN] #34 f1 addr=0x80019958 ra=0x800198F8 sp=0x801FFED0 a0=0x00000000
[FORCE-CV-DIRECT-CB] #2 f1 cb=0x8001A664 in_a0=0x000000A4 in_a1=0x0015F760 in_a2=0x00000000
[CALL-CHAIN] #35 f1 addr=0x8001A664 ra=0x80010EA4 sp=0x801FFF00 a0=0x00000001
[FORCE-INTERP-DISPLAY] #7 f1 addr=0x8001A664 w0=0x27BDFFB0 ra=0x80010EA4 a0=0x00000001 cb=0x8001A664
[CALL-CHAIN] #36 f1 addr=0x8001A6C8 ra=0x80010EA4 sp=0x801FFEB0 a0=0x00000001
[SKIP-A664-RECURSE] #4 f1 addr=0x8001A6C8 ra=0x80010EA4 a0=0x00000001
[CALLEE-FIX] #6 f1 call_by_address(0x8001A664) sp:801FFF00->801FFEB0 s0:00000000->00000000 s1:00000000->00000000 — restoring
[CALL-CHAIN] #37 f1 addr=0x8001A664 ra=0x80010EA4 sp=0x801FFF00 a0=0x00000002
[FORCE-INTERP-DISPLAY] #8 f1 addr=0x8001A664 w0=0x27BDFFB0 ra=0x80010EA4 a0=0x00000002 cb=0x8001A664
[CALL-CHAIN] #38 f1 addr=0x8001A6C8 ra=0x80010EA4 sp=0x801FFEB0 a0=0x00000002
[SKIP-A664-RECURSE] #5 f1 addr=0x8001A6C8 ra=0x80010EA4 a0=0x00000002
[CALLEE-FIX] #7 f1 call_by_address(0x8001A664) sp:801FFF00->801FFEB0 s0:00000000->00000000 s1:00000000->00000000 — restoring
[CALL-CHAIN] #39 f1 addr=0x8001A664 ra=0x80010EA4 sp=0x801FFF00 a0=0x000000A4
[FORCE-INTERP-DISPLAY] #9 f1 addr=0x8001A664 w0=0x27BDFFB0 ra=0x80010EA4 a0=0x000000A4 cb=0x8001A664
[CALL-CHAIN] #40 f1 addr=0x8001A6C8 ra=0x80010EA4 sp=0x801FFEB0 a0=0x000000A4
[SKIP-A664-RECURSE] #6 f1 addr=0x8001A6C8 ra=0x80010EA4 a0=0x000000A4
[CALLEE-FIX] #8 f1 call_by_address(0x8001A664) sp:801FFF00->801FFEB0 s0:00000000->00000000 s1:00000000->00000000 — restoring
[BLACKSCREEN][RendererPresent] present=2 f=2 disp=(0,0 320x240) vis=320x240 uv=(0.000,0.000)-(1.000,1.000)
[frame 2]
[CALL-CHAIN] #41 f2 addr=0x80019844 ra=0x80010EA4 sp=0x801FFF00 a0=0x000000A4
[FORCE-INTERP-DISPLAY] #10 f2 addr=0x80019844 w0=0x27BDFFD0 ra=0x80010EA4 a0=0x000000A4 cb=0x8001A664
[CALL-CHAIN] #42 f2 addr=0x800198D0 ra=0x80010EA4 sp=0x801FFED0 a0=0x00000001
[CALL-CHAIN] #43 f2 addr=0x8001A65C ra=0x800198F8 sp=0x801FFED0 a0=0x00000002
[CALL-CHAIN] #44 f2 addr=0x80019924 ra=0x800198F8 sp=0x801FFED0 a0=0x00000002
[CALL-CHAIN] #45 f2 addr=0x80019894 ra=0x800198F8 sp=0x801FFED0 a0=0x00000002
[CALL-CHAIN] #46 f2 addr=0x800198D0 ra=0x800198F8 sp=0x801FFED0 a0=0x00000001
[CALL-CHAIN] #47 f2 addr=0x8001A65C ra=0x800198F8 sp=0x801FFED0 a0=0x00000002
[CALL-CHAIN] #48 f2 addr=0x80019924 ra=0x800198F8 sp=0x801FFED0 a0=0x00000002
[CALL-CHAIN] #49 f2 addr=0x80019894 ra=0x800198F8 sp=0x801FFED0 a0=0x00000002
[CALL-CHAIN] #50 f2 addr=0x800198D0 ra=0x800198F8 sp=0x801FFED0 a0=0x00000001
[CALL-CHAIN] #51 f2 addr=0x8001A65C ra=0x800198F8 sp=0x801FFED0 a0=0x00000002
[CALL-CHAIN] #52 f2 addr=0x80019924 ra=0x800198F8 sp=0x801FFED0 a0=0x00000002
[CALL-CHAIN] #53 f2 addr=0x80019894 ra=0x800198F8 sp=0x801FFED0 a0=0x00000002
[CALL-CHAIN] #54 f2 addr=0x800198D0 ra=0x800198F8 sp=0x801FFED0 a0=0x00000001
[CALL-CHAIN] #55 f2 addr=0x8001A65C ra=0x800198F8 sp=0x801FFED0 a0=0x00000002
[CALL-CHAIN] #56 f2 addr=0x80019924 ra=0x800198F8 sp=0x801FFED0 a0=0x00000002
[CALL-CHAIN] #57 f2 addr=0x80019958 ra=0x800198F8 sp=0x801FFED0 a0=0x00000000
[FORCE-CV-DIRECT-CB] #3 f2 cb=0x8001A664 in_a0=0x000000A4 in_a1=0x0015F760 in_a2=0x00000000
[CALL-CHAIN] #58 f2 addr=0x8001A664 ra=0x80010EA4 sp=0x801FFF00 a0=0x00000001
[FORCE-INTERP-DISPLAY] #11 f2 addr=0x8001A664 w0=0x27BDFFB0 ra=0x80010EA4 a0=0x00000001 cb=0x8001A664
[CALL-CHAIN] #59 f2 addr=0x8001A6C8 ra=0x80010EA4 sp=0x801FFEB0 a0=0x00000001
[SKIP-A664-RECURSE] #7 f2 addr=0x8001A6C8 ra=0x80010EA4 a0=0x00000001
[CALLEE-FIX] #9 f2 call_by_address(0x8001A664) sp:801FFF00->801FFEB0 s0:00000000->00000000 s1:00000000->00000000 — restoring
[CALL-CHAIN] #60 f2 addr=0x8001A664 ra=0x80010EA4 sp=0x801FFF00 a0=0x00000002
[FORCE-INTERP-DISPLAY] #12 f2 addr=0x8001A664 w0=0x27BDFFB0 ra=0x80010EA4 a0=0x00000002 cb=0x8001A664
[CALL-CHAIN] #61 f2 addr=0x8001A6C8 ra=0x80010EA4 sp=0x801FFEB0 a0=0x00000002
[SKIP-A664-RECURSE] #8 f2 addr=0x8001A6C8 ra=0x80010EA4 a0=0x00000002
[CALLEE-FIX] #10 f2 call_by_address(0x8001A664) sp:801FFF00->801FFEB0 s0:00000000->00000000 s1:00000000->00000000 — restoring
[CALL-CHAIN] #62 f2 addr=0x8001A664 ra=0x80010EA4 sp=0x801FFF00 a0=0x000000A4
[FORCE-INTERP-DISPLAY] #13 f2 addr=0x8001A664 w0=0x27BDFFB0 ra=0x80010EA4 a0=0x000000A4 cb=0x8001A664
[CALL-CHAIN] #63 f2 addr=0x8001A6C8 ra=0x80010EA4 sp=0x801FFEB0 a0=0x000000A4
[SKIP-A664-RECURSE] #9 f2 addr=0x8001A6C8 ra=0x80010EA4 a0=0x000000A4
[CALLEE-FIX] #11 f2 call_by_address(0x8001A664) sp:801FFF00->801FFEB0 s0:00000000->00000000 s1:00000000->00000000 — restoring
[BLACKSCREEN][RendererPresent] present=3 f=3 disp=(0,0 320x240) vis=320x240 uv=(0.000,0.000)-(1.000,1.000)
[frame 3]
[CALL-CHAIN] #64 f3 addr=0x80019844 ra=0x80010EA4 sp=0x801FFF00 a0=0x000000A4
[FORCE-INTERP-DISPLAY] #14 f3 addr=0x80019844 w0=0x27BDFFD0 ra=0x80010EA4 a0=0x000000A4 cb=0x8001A664
[CALL-CHAIN] #65 f3 addr=0x800198D0 ra=0x80010EA4 sp=0x801FFED0 a0=0x00000001
[CALL-CHAIN] #66 f3 addr=0x8001A65C ra=0x800198F8 sp=0x801FFED0 a0=0x00000002
[CALL-CHAIN] #67 f3 addr=0x80019924 ra=0x800198F8 sp=0x801FFED0 a0=0x00000002
[CALL-CHAIN] #68 f3 addr=0x80019894 ra=0x800198F8 sp=0x801FFED0 a0=0x00000002
[CALL-CHAIN] #69 f3 addr=0x800198D0 ra=0x800198F8 sp=0x801FFED0 a0=0x00000001
[CALL-CHAIN] #70 f3 addr=0x8001A65C ra=0x800198F8 sp=0x801FFED0 a0=0x00000002
[CALL-CHAIN] #71 f3 addr=0x80019924 ra=0x800198F8 sp=0x801FFED0 a0=0x00000002
[CALL-CHAIN] #72 f3 addr=0x80019894 ra=0x800198F8 sp=0x801FFED0 a0=0x00000002
[CALL-CHAIN] #73 f3 addr=0x800198D0 ra=0x800198F8 sp=0x801FFED0 a0=0x00000001
[CALL-CHAIN] #74 f3 addr=0x8001A65C ra=0x800198F8 sp=0x801FFED0 a0=0x00000002
[CALL-CHAIN] #75 f3 addr=0x80019924 ra=0x800198F8 sp=0x801FFED0 a0=0x00000002
[CALL-CHAIN] #76 f3 addr=0x80019894 ra=0x800198F8 sp=0x801FFED0 a0=0x00000002
[CALL-CHAIN] #77 f3 addr=0x800198D0 ra=0x800198F8 sp=0x801FFED0 a0=0x00000001
[CALL-CHAIN] #78 f3 addr=0x8001A65C ra=0x800198F8 sp=0x801FFED0 a0=0x00000002
[CALL-CHAIN] #79 f3 addr=0x80019924 ra=0x800198F8 sp=0x801FFED0 a0=0x00000002
[CALL-CHAIN] #80 f3 addr=0x80019958 ra=0x800198F8 sp=0x801FFED0 a0=0x00000000
[FORCE-CV-DIRECT-CB] #4 f3 cb=0x8001A664 in_a0=0x000000A4 in_a1=0x0015F760 in_a2=0x00000000
[CALL-CHAIN] #81 f3 addr=0x8001A664 ra=0x80010EA4 sp=0x801FFF00 a0=0x00000001
[FORCE-INTERP-DISPLAY] #15 f3 addr=0x8001A664 w0=0x27BDFFB0 ra=0x80010EA4 a0=0x00000001 cb=0x8001A664
[CALL-CHAIN] #82 f3 addr=0x8001A6C8 ra=0x80010EA4 sp=0x801FFEB0 a0=0x00000001
[SKIP-A664-RECURSE] #10 f3 addr=0x8001A6C8 ra=0x80010EA4 a0=0x00000001
[CALLEE-FIX] #12 f3 call_by_address(0x8001A664) sp:801FFF00->801FFEB0 s0:00000000->00000000 s1:00000000->00000000 — restoring
[CALL-CHAIN] #83 f3 addr=0x8001A664 ra=0x80010EA4 sp=0x801FFF00 a0=0x00000002
[FORCE-INTERP-DISPLAY] #16 f3 addr=0x8001A664 w0=0x27BDFFB0 ra=0x80010EA4 a0=0x00000002 cb=0x8001A664
[CALL-CHAIN] #84 f3 addr=0x8001A6C8 ra=0x80010EA4 sp=0x801FFEB0 a0=0x00000002
[SKIP-A664-RECURSE] #11 f3 addr=0x8001A6C8 ra=0x80010EA4 a0=0x00000002
[CALLEE-FIX] #13 f3 call_by_address(0x8001A664) sp:801FFF00->801FFEB0 s0:00000000->00000000 s1:00000000->00000000 — restoring
[CALL-CHAIN] #85 f3 addr=0x8001A664 ra=0x80010EA4 sp=0x801FFF00 a0=0x000000A4
[FORCE-INTERP-DISPLAY] #17 f3 addr=0x8001A664 w0=0x27BDFFB0 ra=0x80010EA4 a0=0x000000A4 cb=0x8001A664
[CALL-CHAIN] #86 f3 addr=0x8001A6C8 ra=0x80010EA4 sp=0x801FFEB0 a0=0x000000A4
[SKIP-A664-RECURSE] #12 f3 addr=0x8001A6C8 ra=0x80010EA4 a0=0x000000A4
[CALLEE-FIX] #14 f3 call_by_address(0x8001A664) sp:801FFF00->801FFEB0 s0:00000000->00000000 s1:00000000->00000000 — restoring
[BLACKSCREEN][RendererPresent] present=4 f=4 disp=(0,0 320x240) vis=320x240 uv=(0.000,0.000)-(1.000,1.000)
[frame 4]
[CALL-CHAIN] #87 f4 addr=0x80019844 ra=0x80010EA4 sp=0x801FFF00 a0=0x000000A4
[FORCE-INTERP-DISPLAY] #18 f4 addr=0x80019844 w0=0x27BDFFD0 ra=0x80010EA4 a0=0x000000A4 cb=0x8001A664
[CALL-CHAIN] #88 f4 addr=0x800198D0 ra=0x80010EA4 sp=0x801FFED0 a0=0x00000001
[CALL-CHAIN] #89 f4 addr=0x8001A65C ra=0x800198F8 sp=0x801FFED0 a0=0x00000002
[CALL-CHAIN] #90 f4 addr=0x80019924 ra=0x800198F8 sp=0x801FFED0 a0=0x00000002
[CALL-CHAIN] #91 f4 addr=0x80019894 ra=0x800198F8 sp=0x801FFED0 a0=0x00000002
[CALL-CHAIN] #92 f4 addr=0x800198D0 ra=0x800198F8 sp=0x801FFED0 a0=0x00000001
[CALL-CHAIN] #93 f4 addr=0x8001A65C ra=0x800198F8 sp=0x801FFED0 a0=0x00000002
[CALL-CHAIN] #94 f4 addr=0x80019924 ra=0x800198F8 sp=0x801FFED0 a0=0x00000002
[CALL-CHAIN] #95 f4 addr=0x80019894 ra=0x800198F8 sp=0x801FFED0 a0=0x00000002
[CALL-CHAIN] #96 f4 addr=0x800198D0 ra=0x800198F8 sp=0x801FFED0 a0=0x00000001
[CALL-CHAIN] #97 f4 addr=0x8001A65C ra=0x800198F8 sp=0x801FFED0 a0=0x00000002
[CALL-CHAIN] #98 f4 addr=0x80019924 ra=0x800198F8 sp=0x801FFED0 a0=0x00000002
[CALL-CHAIN] #99 f4 addr=0x80019894 ra=0x800198F8 sp=0x801FFED0 a0=0x00000002
[CALL-CHAIN] #100 f4 addr=0x800198D0 ra=0x800198F8 sp=0x801FFED0 a0=0x00000001
[CALL-CHAIN] #101 f4 addr=0x8001A65C ra=0x800198F8 sp=0x801FFED0 a0=0x00000002
[CALL-CHAIN] #102 f4 addr=0x80019924 ra=0x800198F8 sp=0x801FFED0 a0=0x00000002
[CALL-CHAIN] #103 f4 addr=0x80019958 ra=0x800198F8 sp=0x801FFED0 a0=0x00000000
[FORCE-CV-DIRECT-CB] #5 f4 cb=0x8001A664 in_a0=0x000000A4 in_a1=0x0015F760 in_a2=0x00000000
[CALL-CHAIN] #104 f4 addr=0x8001A664 ra=0x80010EA4 sp=0x801FFF00 a0=0x00000001
[FORCE-INTERP-DISPLAY] #19 f4 addr=0x8001A664 w0=0x27BDFFB0 ra=0x80010EA4 a0=0x00000001 cb=0x8001A664
[CALL-CHAIN] #105 f4 addr=0x8001A6C8 ra=0x80010EA4 sp=0x801FFEB0 a0=0x00000001
[SKIP-A664-RECURSE] #13 f4 addr=0x8001A6C8 ra=0x80010EA4 a0=0x00000001
[CALLEE-FIX] #15 f4 call_by_address(0x8001A664) sp:801FFF00->801FFEB0 s0:00000000->00000000 s1:00000000->00000000 — restoring
[CALL-CHAIN] #106 f4 addr=0x8001A664 ra=0x80010EA4 sp=0x801FFF00 a0=0x00000002
[FORCE-INTERP-DISPLAY] #20 f4 addr=0x8001A664 w0=0x27BDFFB0 ra=0x80010EA4 a0=0x00000002 cb=0x8001A664
[CALL-CHAIN] #107 f4 addr=0x8001A6C8 ra=0x80010EA4 sp=0x801FFEB0 a0=0x00000002
[SKIP-A664-RECURSE] #14 f4 addr=0x8001A6C8 ra=0x80010EA4 a0=0x00000002
[CALLEE-FIX] #16 f4 call_by_address(0x8001A664) sp:801FFF00->801FFEB0 s0:00000000->00000000 s1:00000000->00000000 — restoring
[CALL-CHAIN] #108 f4 addr=0x8001A664 ra=0x80010EA4 sp=0x801FFF00 a0=0x000000A4
[CALL-CHAIN] #109 f4 addr=0x8001A6C8 ra=0x80010EA4 sp=0x801FFEB0 a0=0x000000A4
[SKIP-A664-RECURSE] #15 f4 addr=0x8001A6C8 ra=0x80010EA4 a0=0x000000A4
[CALLEE-FIX] #17 f4 call_by_address(0x8001A664) sp:801FFF00->801FFEB0 s0:00000000->00000000 s1:00000000->00000000 — restoring
[BLACKSCREEN][RendererPresent] present=5 f=5 disp=(0,0 320x240) vis=320x240 uv=(0.000,0.000)-(1.000,1.000)
[frame 5]
[CALL-CHAIN] #110 f5 addr=0x80019844 ra=0x80010EA4 sp=0x801FFF00 a0=0x000000A4
[CALL-CHAIN] #111 f5 addr=0x800198D0 ra=0x80010EA4 sp=0x801FFED0 a0=0x00000001
[CALL-CHAIN] #112 f5 addr=0x8001A65C ra=0x800198F8 sp=0x801FFED0 a0=0x00000002
[CALL-CHAIN] #113 f5 addr=0x80019924 ra=0x800198F8 sp=0x801FFED0 a0=0x00000002
[CALL-CHAIN] #114 f5 addr=0x80019894 ra=0x800198F8 sp=0x801FFED0 a0=0x00000002
[CALL-CHAIN] #115 f5 addr=0x800198D0 ra=0x800198F8 sp=0x801FFED0 a0=0x00000001
[CALL-CHAIN] #116 f5 addr=0x8001A65C ra=0x800198F8 sp=0x801FFED0 a0=0x00000002
[CALL-CHAIN] #117 f5 addr=0x80019924 ra=0x800198F8 sp=0x801FFED0 a0=0x00000002
[CALL-CHAIN] #118 f5 addr=0x80019894 ra=0x800198F8 sp=0x801FFED0 a0=0x00000002
[CALL-CHAIN] #119 f5 addr=0x800198D0 ra=0x800198F8 sp=0x801FFED0 a0=0x00000001
[CALL-CHAIN] #120 f5 addr=0x8001A65C ra=0x800198F8 sp=0x801FFED0 a0=0x00000002
[CALL-CHAIN] #121 f5 addr=0x80019924 ra=0x800198F8 sp=0x801FFED0 a0=0x00000002
[CALL-CHAIN] #122 f5 addr=0x80019894 ra=0x800198F8 sp=0x801FFED0 a0=0x00000002
[CALL-CHAIN] #123 f5 addr=0x800198D0 ra=0x800198F8 sp=0x801FFED0 a0=0x00000001
[CALL-CHAIN] #124 f5 addr=0x8001A65C ra=0x800198F8 sp=0x801FFED0 a0=0x00000002
[CALL-CHAIN] #125 f5 addr=0x80019924 ra=0x800198F8 sp=0x801FFED0 a0=0x00000002
[CALL-CHAIN] #126 f5 addr=0x80019958 ra=0x800198F8 sp=0x801FFED0 a0=0x00000000
[FORCE-CV-DIRECT-CB] #6 f5 cb=0x8001A664 in_a0=0x000000A4 in_a1=0x0015F760 in_a2=0x00000000
[CALL-CHAIN] #127 f5 addr=0x8001A664 ra=0x80010EA4 sp=0x801FFF00 a0=0x00000001
[CALL-CHAIN] #128 f5 addr=0x8001A6C8 ra=0x80010EA4 sp=0x801FFEB0 a0=0x00000001
[SKIP-A664-RECURSE] #16 f5 addr=0x8001A6C8 ra=0x80010EA4 a0=0x00000001
[CALLEE-FIX] #18 f5 call_by_address(0x8001A664) sp:801FFF00->801FFEB0 s0:00000000->00000000 s1:00000000->00000000 — restoring
[CALL-CHAIN] #129 f5 addr=0x8001A664 ra=0x80010EA4 sp=0x801FFF00 a0=0x00000002
[CALL-CHAIN] #130 f5 addr=0x8001A6C8 ra=0x80010EA4 sp=0x801FFEB0 a0=0x00000002
[SKIP-A664-RECURSE] #17 f5 addr=0x8001A6C8 ra=0x80010EA4 a0=0x00000002
[CALLEE-FIX] #19 f5 call_by_address(0x8001A664) sp:801FFF00->801FFEB0 s0:00000000->00000000 s1:00000000->00000000 — restoring
[CALL-CHAIN] #131 f5 addr=0x8001A664 ra=0x80010EA4 sp=0x801FFF00 a0=0x000000A4
[CALL-CHAIN] #132 f5 addr=0x8001A6C8 ra=0x80010EA4 sp=0x801FFEB0 a0=0x000000A4
[SKIP-A664-RECURSE] #18 f5 addr=0x8001A6C8 ra=0x80010EA4 a0=0x000000A4
[CALLEE-FIX] #20 f5 call_by_address(0x8001A664) sp:801FFF00->801FFEB0 s0:00000000->00000000 s1:00000000->00000000 — restoring
[BLACKSCREEN][RendererPresent] present=6 f=6 disp=(0,0 320x240) vis=320x240 uv=(0.000,0.000)-(1.000,1.000)
[CALL-CHAIN] #133 f6 addr=0x80019844 ra=0x80010EA4 sp=0x801FFF00 a0=0x000000A4
[CALL-CHAIN] #134 f6 addr=0x800198D0 ra=0x80010EA4 sp=0x801FFED0 a0=0x00000001
[CALL-CHAIN] #135 f6 addr=0x8001A65C ra=0x800198F8 sp=0x801FFED0 a0=0x00000002
[CALL-CHAIN] #136 f6 addr=0x80019924 ra=0x800198F8 sp=0x801FFED0 a0=0x00000002
[CALL-CHAIN] #137 f6 addr=0x80019894 ra=0x800198F8 sp=0x801FFED0 a0=0x00000002
[CALL-CHAIN] #138 f6 addr=0x800198D0 ra=0x800198F8 sp=0x801FFED0 a0=0x00000001
[CALL-CHAIN] #139 f6 addr=0x8001A65C ra=0x800198F8 sp=0x801FFED0 a0=0x00000002
[CALL-CHAIN] #140 f6 addr=0x80019924 ra=0x800198F8 sp=0x801FFED0 a0=0x00000002
[CALL-CHAIN] #141 f6 addr=0x80019894 ra=0x800198F8 sp=0x801FFED0 a0=0x00000002
[CALL-CHAIN] #142 f6 addr=0x800198D0 ra=0x800198F8 sp=0x801FFED0 a0=0x00000001
[CALL-CHAIN] #143 f6 addr=0x8001A65C ra=0x800198F8 sp=0x801FFED0 a0=0x00000002
[CALL-CHAIN] #144 f6 addr=0x80019924 ra=0x800198F8 sp=0x801FFED0 a0=0x00000002
[CALL-CHAIN] #145 f6 addr=0x80019894 ra=0x800198F8 sp=0x801FFED0 a0=0x00000002
[CALL-CHAIN] #146 f6 addr=0x800198D0 ra=0x800198F8 sp=0x801FFED0 a0=0x00000001
[CALL-CHAIN] #147 f6 addr=0x8001A65C ra=0x800198F8 sp=0x801FFED0 a0=0x00000002
[CALL-CHAIN] #148 f6 addr=0x80019924 ra=0x800198F8 sp=0x801FFED0 a0=0x00000002
[CALL-CHAIN] #149 f6 addr=0x80019958 ra=0x800198F8 sp=0x801FFED0 a0=0x00000000
[FORCE-CV-DIRECT-CB] #7 f6 cb=0x8001A664 in_a0=0x000000A4 in_a1=0x0015F760 in_a2=0x00000000
[CALL-CHAIN] #150 f6 addr=0x8001A664 ra=0x80010EA4 sp=0x801FFF00 a0=0x00000001
[CALL-CHAIN] #151 f6 addr=0x8001A6C8 ra=0x80010EA4 sp=0x801FFEB0 a0=0x00000001
[SKIP-A664-RECURSE] #19 f6 addr=0x8001A6C8 ra=0x80010EA4 a0=0x00000001
[CALL-CHAIN] #152 f6 addr=0x8001A664 ra=0x80010EA4 sp=0x801FFF00 a0=0x00000002
[CALL-CHAIN] #153 f6 addr=0x8001A6C8 ra=0x80010EA4 sp=0x801FFEB0 a0=0x00000002
[SKIP-A664-RECURSE] #20 f6 addr=0x8001A6C8 ra=0x80010EA4 a0=0x00000002
[CALL-CHAIN] #154 f6 addr=0x8001A664 ra=0x80010EA4 sp=0x801FFF00 a0=0x000000A4
[CALL-CHAIN] #155 f6 addr=0x8001A6C8 ra=0x80010EA4 sp=0x801FFEB0 a0=0x000000A4
[BLACKSCREEN][RendererPresent] present=7 f=7 disp=(0,0 320x240) vis=320x240 uv=(0.000,0.000)-(1.000,1.000)
[CALL-CHAIN] #156 f7 addr=0x80019844 ra=0x80010EA4 sp=0x801FFF00 a0=0x000000A4
[CALL-CHAIN] #157 f7 addr=0x800198D0 ra=0x80010EA4 sp=0x801FFED0 a0=0x00000001
[CALL-CHAIN] #158 f7 addr=0x8001A65C ra=0x800198F8 sp=0x801FFED0 a0=0x00000002
[CALL-CHAIN] #159 f7 addr=0x80019924 ra=0x800198F8 sp=0x801FFED0 a0=0x00000002
[CALL-CHAIN] #160 f7 addr=0x80019894 ra=0x800198F8 sp=0x801FFED0 a0=0x00000002
[CALL-CHAIN] #161 f7 addr=0x800198D0 ra=0x800198F8 sp=0x801FFED0 a0=0x00000001
[CALL-CHAIN] #162 f7 addr=0x8001A65C ra=0x800198F8 sp=0x801FFED0 a0=0x00000002
[CALL-CHAIN] #163 f7 addr=0x80019924 ra=0x800198F8 sp=0x801FFED0 a0=0x00000002
[CALL-CHAIN] #164 f7 addr=0x80019894 ra=0x800198F8 sp=0x801FFED0 a0=0x00000002
[CALL-CHAIN] #165 f7 addr=0x800198D0 ra=0x800198F8 sp=0x801FFED0 a0=0x00000001
[CALL-CHAIN] #166 f7 addr=0x8001A65C ra=0x800198F8 sp=0x801FFED0 a0=0x00000002
[CALL-CHAIN] #167 f7 addr=0x80019924 ra=0x800198F8 sp=0x801FFED0 a0=0x00000002
[CALL-CHAIN] #168 f7 addr=0x80019894 ra=0x800198F8 sp=0x801FFED0 a0=0x00000002
[CALL-CHAIN] #169 f7 addr=0x800198D0 ra=0x800198F8 sp=0x801FFED0 a0=0x00000001
[CALL-CHAIN] #170 f7 addr=0x8001A65C ra=0x800198F8 sp=0x801FFED0 a0=0x00000002
[CALL-CHAIN] #171 f7 addr=0x80019924 ra=0x800198F8 sp=0x801FFED0 a0=0x00000002
[CALL-CHAIN] #172 f7 addr=0x80019958 ra=0x800198F8 sp=0x801FFED0 a0=0x00000000
[FORCE-CV-DIRECT-CB] #8 f7 cb=0x8001A664 in_a0=0x000000A4 in_a1=0x0015F760 in_a2=0x00000000
[CALL-CHAIN] #173 f7 addr=0x8001A664 ra=0x80010EA4 sp=0x801FFF00 a0=0x00000001
[CALL-CHAIN] #174 f7 addr=0x8001A6C8 ra=0x80010EA4 sp=0x801FFEB0 a0=0x00000001
[CALL-CHAIN] #175 f7 addr=0x8001A664 ra=0x80010EA4 sp=0x801FFF00 a0=0x00000002
[CALL-CHAIN] #176 f7 addr=0x8001A6C8 ra=0x80010EA4 sp=0x801FFEB0 a0=0x00000002
[CALL-CHAIN] #177 f7 addr=0x8001A664 ra=0x80010EA4 sp=0x801FFF00 a0=0x000000A4
[CALL-CHAIN] #178 f7 addr=0x8001A6C8 ra=0x80010EA4 sp=0x801FFEB0 a0=0x000000A4
[BLACKSCREEN][RendererPresent] present=8 f=8 disp=(0,0 320x240) vis=320x240 uv=(0.000,0.000)-(1.000,1.000)
[CALL-CHAIN] #179 f8 addr=0x80019844 ra=0x80010EA4 sp=0x801FFF00 a0=0x000000A4
[CALL-CHAIN] #180 f8 addr=0x800198D0 ra=0x80010EA4 sp=0x801FFED0 a0=0x00000001
[CALL-CHAIN] #181 f8 addr=0x8001A65C ra=0x800198F8 sp=0x801FFED0 a0=0x00000002
[CALL-CHAIN] #182 f8 addr=0x80019924 ra=0x800198F8 sp=0x801FFED0 a0=0x00000002
[CALL-CHAIN] #183 f8 addr=0x80019894 ra=0x800198F8 sp=0x801FFED0 a0=0x00000002
[CALL-CHAIN] #184 f8 addr=0x800198D0 ra=0x800198F8 sp=0x801FFED0 a0=0x00000001
[CALL-CHAIN] #185 f8 addr=0x8001A65C ra=0x800198F8 sp=0x801FFED0 a0=0x00000002
[CALL-CHAIN] #186 f8 addr=0x80019924 ra=0x800198F8 sp=0x801FFED0 a0=0x00000002
[CALL-CHAIN] #187 f8 addr=0x80019894 ra=0x800198F8 sp=0x801FFED0 a0=0x00000002
[CALL-CHAIN] #188 f8 addr=0x800198D0 ra=0x800198F8 sp=0x801FFED0 a0=0x00000001
[CALL-CHAIN] #189 f8 addr=0x8001A65C ra=0x800198F8 sp=0x801FFED0 a0=0x00000002
[CALL-CHAIN] #190 f8 addr=0x80019924 ra=0x800198F8 sp=0x801FFED0 a0=0x00000002
[CALL-CHAIN] #191 f8 addr=0x80019894 ra=0x800198F8 sp=0x801FFED0 a0=0x00000002
[CALL-CHAIN] #192 f8 addr=0x800198D0 ra=0x800198F8 sp=0x801FFED0 a0=0x00000001
[CALL-CHAIN] #193 f8 addr=0x8001A65C ra=0x800198F8 sp=0x801FFED0 a0=0x00000002
[CALL-CHAIN] #194 f8 addr=0x80019924 ra=0x800198F8 sp=0x801FFED0 a0=0x00000002
[CALL-CHAIN] #195 f8 addr=0x80019958 ra=0x800198F8 sp=0x801FFED0 a0=0x00000000
[FORCE-CV-DIRECT-CB] #9 f8 cb=0x8001A664 in_a0=0x000000A4 in_a1=0x0015F760 in_a2=0x00000000
[CALL-CHAIN] #196 f8 addr=0x8001A664 ra=0x80010EA4 sp=0x801FFF00 a0=0x00000001
[CALL-CHAIN] #197 f8 addr=0x8001A6C8 ra=0x80010EA4 sp=0x801FFEB0 a0=0x00000001
[CALL-CHAIN] #198 f8 addr=0x8001A664 ra=0x80010EA4 sp=0x801FFF00 a0=0x00000002
[CALL-CHAIN] #199 f8 addr=0x8001A6C8 ra=0x80010EA4 sp=0x801FFEB0 a0=0x00000002
[CALL-CHAIN] #200 f8 addr=0x8001A664 ra=0x80010EA4 sp=0x801FFF00 a0=0x000000A4
[CALL-CHAIN] #201 f8 addr=0x8001A6C8 ra=0x80010EA4 sp=0x801FFEB0 a0=0x000000A4
[BLACKSCREEN][RendererPresent] present=9 f=9 disp=(0,0 320x240) vis=320x240 uv=(0.000,0.000)-(1.000,1.000)
[CALL-CHAIN] #202 f9 addr=0x80019844 ra=0x80010EA4 sp=0x801FFF00 a0=0x000000A4
[CALL-CHAIN] #203 f9 addr=0x800198D0 ra=0x80010EA4 sp=0x801FFED0 a0=0x00000001
[CALL-CHAIN] #204 f9 addr=0x8001A65C ra=0x800198F8 sp=0x801FFED0 a0=0x00000002
[CALL-CHAIN] #205 f9 addr=0x80019924 ra=0x800198F8 sp=0x801FFED0 a0=0x00000002
[CALL-CHAIN] #206 f9 addr=0x80019894 ra=0x800198F8 sp=0x801FFED0 a0=0x00000002
[CALL-CHAIN] #207 f9 addr=0x800198D0 ra=0x800198F8 sp=0x801FFED0 a0=0x00000001
[CALL-CHAIN] #208 f9 addr=0x8001A65C ra=0x800198F8 sp=0x801FFED0 a0=0x00000002
[CALL-CHAIN] #209 f9 addr=0x80019924 ra=0x800198F8 sp=0x801FFED0 a0=0x00000002
[CALL-CHAIN] #210 f9 addr=0x80019894 ra=0x800198F8 sp=0x801FFED0 a0=0x00000002
[CALL-CHAIN] #211 f9 addr=0x800198D0 ra=0x800198F8 sp=0x801FFED0 a0=0x00000001
[CALL-CHAIN] #212 f9 addr=0x8001A65C ra=0x800198F8 sp=0x801FFED0 a0=0x00000002
[CALL-CHAIN] #213 f9 addr=0x80019924 ra=0x800198F8 sp=0x801FFED0 a0=0x00000002
[CALL-CHAIN] #214 f9 addr=0x80019894 ra=0x800198F8 sp=0x801FFED0 a0=0x00000002
[CALL-CHAIN] #215 f9 addr=0x800198D0 ra=0x800198F8 sp=0x801FFED0 a0=0x00000001
[CALL-CHAIN] #216 f9 addr=0x8001A65C ra=0x800198F8 sp=0x801FFED0 a0=0x00000002
[CALL-CHAIN] #217 f9 addr=0x80019924 ra=0x800198F8 sp=0x801FFED0 a0=0x00000002
[CALL-CHAIN] #218 f9 addr=0x80019958 ra=0x800198F8 sp=0x801FFED0 a0=0x00000000
[FORCE-CV-DIRECT-CB] #10 f9 cb=0x8001A664 in_a0=0x000000A4 in_a1=0x0015F760 in_a2=0x00000000
[CALL-CHAIN] #219 f9 addr=0x8001A664 ra=0x80010EA4 sp=0x801FFF00 a0=0x00000001
[CALL-CHAIN] #220 f9 addr=0x8001A6C8 ra=0x80010EA4 sp=0x801FFEB0 a0=0x00000001
[CALL-CHAIN] #221 f9 addr=0x8001A664 ra=0x80010EA4 sp=0x801FFF00 a0=0x00000002
[CALL-CHAIN] #222 f9 addr=0x8001A6C8 ra=0x80010EA4 sp=0x801FFEB0 a0=0x00000002
[CALL-CHAIN] #223 f9 addr=0x8001A664 ra=0x80010EA4 sp=0x801FFF00 a0=0x000000A4
[CALL-CHAIN] #224 f9 addr=0x8001A6C8 ra=0x80010EA4 sp=0x801FFEB0 a0=0x000000A4
[BLACKSCREEN][RendererPresent] present=10 f=10 disp=(0,0 320x240) vis=320x240 uv=(0.000,0.000)-(1.000,1.000)
[CALL-CHAIN] #225 f10 addr=0x80019844 ra=0x80010EA4 sp=0x801FFF00 a0=0x000000A4
[CALL-CHAIN] #226 f10 addr=0x800198D0 ra=0x80010EA4 sp=0x801FFED0 a0=0x00000001
[CALL-CHAIN] #227 f10 addr=0x8001A65C ra=0x800198F8 sp=0x801FFED0 a0=0x00000002
[CALL-CHAIN] #228 f10 addr=0x80019924 ra=0x800198F8 sp=0x801FFED0 a0=0x00000002
[CALL-CHAIN] #229 f10 addr=0x80019894 ra=0x800198F8 sp=0x801FFED0 a0=0x00000002
[CALL-CHAIN] #230 f10 addr=0x800198D0 ra=0x800198F8 sp=0x801FFED0 a0=0x00000001
[CALL-CHAIN] #231 f10 addr=0x8001A65C ra=0x800198F8 sp=0x801FFED0 a0=0x00000002
[CALL-CHAIN] #232 f10 addr=0x80019924 ra=0x800198F8 sp=0x801FFED0 a0=0x00000002
[CALL-CHAIN] #233 f10 addr=0x80019894 ra=0x800198F8 sp=0x801FFED0 a0=0x00000002
[CALL-CHAIN] #234 f10 addr=0x800198D0 ra=0x800198F8 sp=0x801FFED0 a0=0x00000001
[CALL-CHAIN] #235 f10 addr=0x8001A65C ra=0x800198F8 sp=0x801FFED0 a0=0x00000002
[CALL-CHAIN] #236 f10 addr=0x80019924 ra=0x800198F8 sp=0x801FFED0 a0=0x00000002
[CALL-CHAIN] #237 f10 addr=0x80019894 ra=0x800198F8 sp=0x801FFED0 a0=0x00000002
[CALL-CHAIN] #238 f10 addr=0x800198D0 ra=0x800198F8 sp=0x801FFED0 a0=0x00000001
[CALL-CHAIN] #239 f10 addr=0x8001A65C ra=0x800198F8 sp=0x801FFED0 a0=0x00000002
[CALL-CHAIN] #240 f10 addr=0x80019924 ra=0x800198F8 sp=0x801FFED0 a0=0x00000002
[CALL-CHAIN] #241 f10 addr=0x80019958 ra=0x800198F8 sp=0x801FFED0 a0=0x00000000
[FORCE-CV-DIRECT-CB] #11 f10 cb=0x8001A664 in_a0=0x000000A4 in_a1=0x0015F760 in_a2=0x00000000
[CALL-CHAIN] #242 f10 addr=0x8001A664 ra=0x80010EA4 sp=0x801FFF00 a0=0x00000001
[CALL-CHAIN] #243 f10 addr=0x8001A6C8 ra=0x80010EA4 sp=0x801FFEB0 a0=0x00000001
[CALL-CHAIN] #244 f10 addr=0x8001A664 ra=0x80010EA4 sp=0x801FFF00 a0=0x00000002
[CALL-CHAIN] #245 f10 addr=0x8001A6C8 ra=0x80010EA4 sp=0x801FFEB0 a0=0x00000002
[CALL-CHAIN] #246 f10 addr=0x8001A664 ra=0x80010EA4 sp=0x801FFF00 a0=0x000000A4
[CALL-CHAIN] #247 f10 addr=0x8001A6C8 ra=0x80010EA4 sp=0x801FFEB0 a0=0x000000A4
[BLACKSCREEN][RendererPresent] present=11 f=11 disp=(0,0 320x240) vis=320x240 uv=(0.000,0.000)-(1.000,1.000)
[CALL-CHAIN] #248 f11 addr=0x80019844 ra=0x80010EA4 sp=0x801FFF00 a0=0x000000A4
[CALL-CHAIN] #249 f11 addr=0x800198D0 ra=0x80010EA4 sp=0x801FFED0 a0=0x00000001
[CALL-CHAIN] #250 f11 addr=0x8001A65C ra=0x800198F8 sp=0x801FFED0 a0=0x00000002
[CALL-CHAIN] #251 f11 addr=0x80019924 ra=0x800198F8 sp=0x801FFED0 a0=0x00000002
[CALL-CHAIN] #252 f11 addr=0x80019894 ra=0x800198F8 sp=0x801FFED0 a0=0x00000002
[CALL-CHAIN] #253 f11 addr=0x800198D0 ra=0x800198F8 sp=0x801FFED0 a0=0x00000001
[CALL-CHAIN] #254 f11 addr=0x8001A65C ra=0x800198F8 sp=0x801FFED0 a0=0x00000002
[CALL-CHAIN] #255 f11 addr=0x80019924 ra=0x800198F8 sp=0x801FFED0 a0=0x00000002
[CALL-CHAIN] #256 f11 addr=0x80019894 ra=0x800198F8 sp=0x801FFED0 a0=0x00000002
[CALL-CHAIN] #257 f11 addr=0x800198D0 ra=0x800198F8 sp=0x801FFED0 a0=0x00000001
[CALL-CHAIN] #258 f11 addr=0x8001A65C ra=0x800198F8 sp=0x801FFED0 a0=0x00000002
[CALL-CHAIN] #259 f11 addr=0x80019924 ra=0x800198F8 sp=0x801FFED0 a0=0x00000002
[CALL-CHAIN] #260 f11 addr=0x80019894 ra=0x800198F8 sp=0x801FFED0 a0=0x00000002
[CALL-CHAIN] #261 f11 addr=0x800198D0 ra=0x800198F8 sp=0x801FFED0 a0=0x00000001
[CALL-CHAIN] #262 f11 addr=0x8001A65C ra=0x800198F8 sp=0x801FFED0 a0=0x00000002
[CALL-CHAIN] #263 f11 addr=0x80019924 ra=0x800198F8 sp=0x801FFED0 a0=0x00000002
[CALL-CHAIN] #264 f11 addr=0x80019958 ra=0x800198F8 sp=0x801FFED0 a0=0x00000000
[FORCE-CV-DIRECT-CB] #12 f11 cb=0x8001A664 in_a0=0x000000A4 in_a1=0x0015F760 in_a2=0x00000000
[CALL-CHAIN] #265 f11 addr=0x8001A664 ra=0x80010EA4 sp=0x801FFF00 a0=0x00000001
[CALL-CHAIN] #266 f11 addr=0x8001A6C8 ra=0x80010EA4 sp=0x801FFEB0 a0=0x00000001
[CALL-CHAIN] #267 f11 addr=0x8001A664 ra=0x80010EA4 sp=0x801FFF00 a0=0x00000002
[CALL-CHAIN] #268 f11 addr=0x8001A6C8 ra=0x80010EA4 sp=0x801FFEB0 a0=0x00000002
[CALL-CHAIN] #269 f11 addr=0x8001A664 ra=0x80010EA4 sp=0x801FFF00 a0=0x000000A4
[CALL-CHAIN] #270 f11 addr=0x8001A6C8 ra=0x80010EA4 sp=0x801FFEB0 a0=0x000000A4
[BLACKSCREEN][RendererPresent] present=12 f=12 disp=(0,0 320x240) vis=320x240 uv=(0.000,0.000)-(1.000,1.000)
[CALL-CHAIN] #271 f12 addr=0x80019844 ra=0x80010EA4 sp=0x801FFF00 a0=0x000000A4
[CALL-CHAIN] #272 f12 addr=0x800198D0 ra=0x80010EA4 sp=0x801FFED0 a0=0x00000001
[CALL-CHAIN] #273 f12 addr=0x8001A65C ra=0x800198F8 sp=0x801FFED0 a0=0x00000002
[CALL-CHAIN] #274 f12 addr=0x80019924 ra=0x800198F8 sp=0x801FFED0 a0=0x00000002
[CALL-CHAIN] #275 f12 addr=0x80019894 ra=0x800198F8 sp=0x801FFED0 a0=0x00000002
[CALL-CHAIN] #276 f12 addr=0x800198D0 ra=0x800198F8 sp=0x801FFED0 a0=0x00000001
[CALL-CHAIN] #277 f12 addr=0x8001A65C ra=0x800198F8 sp=0x801FFED0 a0=0x00000002
[CALL-CHAIN] #278 f12 addr=0x80019924 ra=0x800198F8 sp=0x801FFED0 a0=0x00000002
[CALL-CHAIN] #279 f12 addr=0x80019894 ra=0x800198F8 sp=0x801FFED0 a0=0x00000002
[CALL-CHAIN] #280 f12 addr=0x800198D0 ra=0x800198F8 sp=0x801FFED0 a0=0x00000001
[CALL-CHAIN] #281 f12 addr=0x8001A65C ra=0x800198F8 sp=0x801FFED0 a0=0x00000002
[CALL-CHAIN] #282 f12 addr=0x80019924 ra=0x800198F8 sp=0x801FFED0 a0=0x00000002
[CALL-CHAIN] #283 f12 addr=0x80019894 ra=0x800198F8 sp=0x801FFED0 a0=0x00000002
[CALL-CHAIN] #284 f12 addr=0x800198D0 ra=0x800198F8 sp=0x801FFED0 a0=0x00000001
[CALL-CHAIN] #285 f12 addr=0x8001A65C ra=0x800198F8 sp=0x801FFED0 a0=0x00000002
[CALL-CHAIN] #286 f12 addr=0x80019924 ra=0x800198F8 sp=0x801FFED0 a0=0x00000002
[CALL-CHAIN] #287 f12 addr=0x80019958 ra=0x800198F8 sp=0x801FFED0 a0=0x00000000
[FORCE-CV-DIRECT-CB] #13 f12 cb=0x8001A664 in_a0=0x000000A4 in_a1=0x0015F760 in_a2=0x00000000
[CALL-CHAIN] #288 f12 addr=0x8001A664 ra=0x80010EA4 sp=0x801FFF00 a0=0x00000001
[CALL-CHAIN] #289 f12 addr=0x8001A6C8 ra=0x80010EA4 sp=0x801FFEB0 a0=0x00000001
[CALL-CHAIN] #290 f12 addr=0x8001A664 ra=0x80010EA4 sp=0x801FFF00 a0=0x00000002
[CALL-CHAIN] #291 f12 addr=0x8001A6C8 ra=0x80010EA4 sp=0x801FFEB0 a0=0x00000002
[CALL-CHAIN] #292 f12 addr=0x8001A664 ra=0x80010EA4 sp=0x801FFF00 a0=0x000000A4
[CALL-CHAIN] #293 f12 addr=0x8001A6C8 ra=0x80010EA4 sp=0x801FFEB0 a0=0x000000A4
[BLACKSCREEN][RendererPresent] present=13 f=13 disp=(0,0 320x240) vis=320x240 uv=(0.000,0.000)-(1.000,1.000)
[CALL-CHAIN] #294 f13 addr=0x80019844 ra=0x80010EA4 sp=0x801FFF00 a0=0x000000A4
[CALL-CHAIN] #295 f13 addr=0x800198D0 ra=0x80010EA4 sp=0x801FFED0 a0=0x00000001
[CALL-CHAIN] #296 f13 addr=0x8001A65C ra=0x800198F8 sp=0x801FFED0 a0=0x00000002
[CALL-CHAIN] #297 f13 addr=0x80019924 ra=0x800198F8 sp=0x801FFED0 a0=0x00000002
[CALL-CHAIN] #298 f13 addr=0x80019894 ra=0x800198F8 sp=0x801FFED0 a0=0x00000002
[CALL-CHAIN] #299 f13 addr=0x800198D0 ra=0x800198F8 sp=0x801FFED0 a0=0x00000001
[CALL-CHAIN] #300 f13 addr=0x8001A65C ra=0x800198F8 sp=0x801FFED0 a0=0x00000002
[CALL-CHAIN] #301 f13 addr=0x8001A65C ra=0x800198F8 sp=0x801FFED0 a0=0x00000002
[CALL-CHAIN] #302 f13 addr=0x8001A65C ra=0x800198F8 sp=0x801FFED0 a0=0x00000002
[FORCE-CV-DIRECT-CB] #14 f13 cb=0x8001A664 in_a0=0x000000A4 in_a1=0x0015F760 in_a2=0x00000000
[CALL-CHAIN] #303 f13 addr=0x8001A664 ra=0x80010EA4 sp=0x801FFF00 a0=0x00000001
[CALL-CHAIN] #304 f13 addr=0x8001A6C8 ra=0x80010EA4 sp=0x801FFEB0 a0=0x00000001
[CALL-CHAIN] #305 f13 addr=0x8001A664 ra=0x80010EA4 sp=0x801FFF00 a0=0x00000002
[CALL-CHAIN] #306 f13 addr=0x8001A6C8 ra=0x80010EA4 sp=0x801FFEB0 a0=0x00000002
[CALL-CHAIN] #307 f13 addr=0x8001A664 ra=0x80010EA4 sp=0x801FFF00 a0=0x000000A4
[CALL-CHAIN] #308 f13 addr=0x8001A6C8 ra=0x80010EA4 sp=0x801FFEB0 a0=0x000000A4
[BLACKSCREEN][RendererPresent] present=14 f=14 disp=(0,0 320x240) vis=320x240 uv=(0.000,0.000)-(1.000,1.000)
[CALL-CHAIN] #309 f14 addr=0x80019844 ra=0x80010EA4 sp=0x801FFF00 a0=0x000000A4
[CALL-CHAIN] #310 f14 addr=0x8001A65C ra=0x800198F8 sp=0x801FFED0 a0=0x00000002
[CALL-CHAIN] #311 f14 addr=0x8001A65C ra=0x800198F8 sp=0x801FFED0 a0=0x00000002
[CALL-CHAIN] #312 f14 addr=0x8001A65C ra=0x800198F8 sp=0x801FFED0 a0=0x00000002
[CALL-CHAIN] #313 f14 addr=0x8001A65C ra=0x800198F8 sp=0x801FFED0 a0=0x00000002
[FORCE-CV-DIRECT-CB] #15 f14 cb=0x8001A664 in_a0=0x000000A4 in_a1=0x0015F760 in_a2=0x00000000
[CALL-CHAIN] #314 f14 addr=0x8001A664 ra=0x80010EA4 sp=0x801FFF00 a0=0x00000001
[CALL-CHAIN] #315 f14 addr=0x8001A6C8 ra=0x80010EA4 sp=0x801FFEB0 a0=0x00000001
[CALL-CHAIN] #316 f14 addr=0x8001A664 ra=0x80010EA4 sp=0x801FFF00 a0=0x00000002
[CALL-CHAIN] #317 f14 addr=0x8001A6C8 ra=0x80010EA4 sp=0x801FFEB0 a0=0x00000002
[CALL-CHAIN] #318 f14 addr=0x8001A664 ra=0x80010EA4 sp=0x801FFF00 a0=0x000000A4
[CALL-CHAIN] #319 f14 addr=0x8001A6C8 ra=0x80010EA4 sp=0x801FFEB0 a0=0x000000A4
[BLACKSCREEN][RendererPresent] present=15 f=15 disp=(0,0 320x240) vis=320x240 uv=(0.000,0.000)-(1.000,1.000)
[CALL-CHAIN] #320 f15 addr=0x80019844 ra=0x80010EA4 sp=0x801FFF00 a0=0x000000A4
[CALL-CHAIN] #321 f15 addr=0x8001A65C ra=0x800198F8 sp=0x801FFED0 a0=0x00000002
[CALL-CHAIN] #322 f15 addr=0x8001A65C ra=0x800198F8 sp=0x801FFED0 a0=0x00000002
[CALL-CHAIN] #323 f15 addr=0x8001A65C ra=0x800198F8 sp=0x801FFED0 a0=0x00000002
[CALL-CHAIN] #324 f15 addr=0x8001A65C ra=0x800198F8 sp=0x801FFED0 a0=0x00000002
[FORCE-CV-DIRECT-CB] #16 f15 cb=0x8001A664 in_a0=0x000000A4 in_a1=0x0015F760 in_a2=0x00000000
[CALL-CHAIN] #325 f15 addr=0x8001A664 ra=0x80010EA4 sp=0x801FFF00 a0=0x00000001
[CALL-CHAIN] #326 f15 addr=0x8001A6C8 ra=0x80010EA4 sp=0x801FFEB0 a0=0x00000001
[CALL-CHAIN] #327 f15 addr=0x8001A664 ra=0x80010EA4 sp=0x801FFF00 a0=0x00000002
[CALL-CHAIN] #328 f15 addr=0x8001A6C8 ra=0x80010EA4 sp=0x801FFEB0 a0=0x00000002
[CALL-CHAIN] #329 f15 addr=0x8001A664 ra=0x80010EA4 sp=0x801FFF00 a0=0x000000A4
[CALL-CHAIN] #330 f15 addr=0x8001A6C8 ra=0x80010EA4 sp=0x801FFEB0 a0=0x000000A4
[BLACKSCREEN][RendererPresent] present=16 f=16 disp=(0,0 320x240) vis=320x240 uv=(0.000,0.000)-(1.000,1.000)
[CALL-CHAIN] #331 f16 addr=0x80019844 ra=0x80010EA4 sp=0x801FFF00 a0=0x000000A4
[CALL-CHAIN] #332 f16 addr=0x8001A65C ra=0x800198F8 sp=0x801FFED0 a0=0x00000002
[CALL-CHAIN] #333 f16 addr=0x8001A65C ra=0x800198F8 sp=0x801FFED0 a0=0x00000002
[CALL-CHAIN] #334 f16 addr=0x8001A65C ra=0x800198F8 sp=0x801FFED0 a0=0x00000002
[CALL-CHAIN] #335 f16 addr=0x8001A65C ra=0x800198F8 sp=0x801FFED0 a0=0x00000002
[FORCE-CV-DIRECT-CB] #17 f16 cb=0x8001A664 in_a0=0x000000A4 in_a1=0x0015F760 in_a2=0x00000000
[CALL-CHAIN] #336 f16 addr=0x8001A664 ra=0x80010EA4 sp=0x801FFF00 a0=0x00000001
[CALL-CHAIN] #337 f16 addr=0x8001A6C8 ra=0x80010EA4 sp=0x801FFEB0 a0=0x00000001
[CALL-CHAIN] #338 f16 addr=0x8001A664 ra=0x80010EA4 sp=0x801FFF00 a0=0x00000002
[CALL-CHAIN] #339 f16 addr=0x8001A6C8 ra=0x80010EA4 sp=0x801FFEB0 a0=0x00000002
[CALL-CHAIN] #340 f16 addr=0x8001A664 ra=0x80010EA4 sp=0x801FFF00 a0=0x000000A4
[CALL-CHAIN] #341 f16 addr=0x8001A6C8 ra=0x80010EA4 sp=0x801FFEB0 a0=0x000000A4
[BLACKSCREEN][RendererPresent] present=17 f=17 disp=(0,0 320x240) vis=320x240 uv=(0.000,0.000)-(1.000,1.000)
[CALL-CHAIN] #342 f17 addr=0x80019844 ra=0x80010EA4 sp=0x801FFF00 a0=0x000000A4
[CALL-CHAIN] #343 f17 addr=0x8001A65C ra=0x800198F8 sp=0x801FFED0 a0=0x00000002
[CALL-CHAIN] #344 f17 addr=0x8001A65C ra=0x800198F8 sp=0x801FFED0 a0=0x00000002
[CALL-CHAIN] #345 f17 addr=0x8001A65C ra=0x800198F8 sp=0x801FFED0 a0=0x00000002
[CALL-CHAIN] #346 f17 addr=0x8001A65C ra=0x800198F8 sp=0x801FFED0 a0=0x00000002
[FORCE-CV-DIRECT-CB] #18 f17 cb=0x8001A664 in_a0=0x000000A4 in_a1=0x0015F760 in_a2=0x00000000
[CALL-CHAIN] #347 f17 addr=0x8001A664 ra=0x80010EA4 sp=0x801FFF00 a0=0x00000001
[CALL-CHAIN] #348 f17 addr=0x8001A6C8 ra=0x80010EA4 sp=0x801FFEB0 a0=0x00000001
[CALL-CHAIN] #349 f17 addr=0x8001A664 ra=0x80010EA4 sp=0x801FFF00 a0=0x00000002
[CALL-CHAIN] #350 f17 addr=0x8001A6C8 ra=0x80010EA4 sp=0x801FFEB0 a0=0x00000002
[CALL-CHAIN] #351 f17 addr=0x8001A664 ra=0x80010EA4 sp=0x801FFF00 a0=0x000000A4
[CALL-CHAIN] #352 f17 addr=0x8001A6C8 ra=0x80010EA4 sp=0x801FFEB0 a0=0x000000A4
[BLACKSCREEN][RendererPresent] present=18 f=18 disp=(0,0 320x240) vis=320x240 uv=(0.000,0.000)-(1.000,1.000)
[CALL-CHAIN] #353 f18 addr=0x80019844 ra=0x80010EA4 sp=0x801FFF00 a0=0x000000A4
[CALL-CHAIN] #354 f18 addr=0x8001A65C ra=0x800198F8 sp=0x801FFED0 a0=0x00000002
[CALL-CHAIN] #355 f18 addr=0x8001A65C ra=0x800198F8 sp=0x801FFED0 a0=0x00000002
[CALL-CHAIN] #356 f18 addr=0x8001A65C ra=0x800198F8 sp=0x801FFED0 a0=0x00000002
[CALL-CHAIN] #357 f18 addr=0x8001A65C ra=0x800198F8 sp=0x801FFED0 a0=0x00000002
[FORCE-CV-DIRECT-CB] #19 f18 cb=0x8001A664 in_a0=0x000000A4 in_a1=0x0015F760 in_a2=0x00000000
[CALL-CHAIN] #358 f18 addr=0x8001A664 ra=0x80010EA4 sp=0x801FFF00 a0=0x00000001
[CALL-CHAIN] #359 f18 addr=0x8001A6C8 ra=0x80010EA4 sp=0x801FFEB0 a0=0x00000001
[CALL-CHAIN] #360 f18 addr=0x8001A664 ra=0x80010EA4 sp=0x801FFF00 a0=0x00000002
[CALL-CHAIN] #361 f18 addr=0x8001A6C8 ra=0x80010EA4 sp=0x801FFEB0 a0=0x00000002
[CALL-CHAIN] #362 f18 addr=0x8001A664 ra=0x80010EA4 sp=0x801FFF00 a0=0x000000A4
[CALL-CHAIN] #363 f18 addr=0x8001A6C8 ra=0x80010EA4 sp=0x801FFEB0 a0=0x000000A4
[BLACKSCREEN][RendererPresent] present=19 f=19 disp=(0,0 320x240) vis=320x240 uv=(0.000,0.000)-(1.000,1.000)
[CALL-CHAIN] #364 f19 addr=0x80019844 ra=0x80010EA4 sp=0x801FFF00 a0=0x000000A4
[CALL-CHAIN] #365 f19 addr=0x8001A65C ra=0x800198F8 sp=0x801FFED0 a0=0x00000002
[CALL-CHAIN] #366 f19 addr=0x8001A65C ra=0x800198F8 sp=0x801FFED0 a0=0x00000002
[CALL-CHAIN] #367 f19 addr=0x8001A65C ra=0x800198F8 sp=0x801FFED0 a0=0x00000002
[CALL-CHAIN] #368 f19 addr=0x8001A65C ra=0x800198F8 sp=0x801FFED0 a0=0x00000002
[FORCE-CV-DIRECT-CB] #20 f19 cb=0x8001A664 in_a0=0x000000A4 in_a1=0x0015F760 in_a2=0x00000000
[CALL-CHAIN] #369 f19 addr=0x8001A664 ra=0x80010EA4 sp=0x801FFF00 a0=0x00000001
[CALL-CHAIN] #370 f19 addr=0x8001A6C8 ra=0x80010EA4 sp=0x801FFEB0 a0=0x00000001
[CALL-CHAIN] #371 f19 addr=0x8001A664 ra=0x80010EA4 sp=0x801FFF00 a0=0x00000002
[CALL-CHAIN] #372 f19 addr=0x8001A6C8 ra=0x80010EA4 sp=0x801FFEB0 a0=0x00000002
[CALL-CHAIN] #373 f19 addr=0x8001A664 ra=0x80010EA4 sp=0x801FFF00 a0=0x000000A4
[CALL-CHAIN] #374 f19 addr=0x8001A6C8 ra=0x80010EA4 sp=0x801FFEB0 a0=0x000000A4
[BLACKSCREEN][RendererPresent] present=20 f=20 disp=(0,0 320x240) vis=320x240 uv=(0.000,0.000)-(1.000,1.000)
[CALL-CHAIN] #375 f20 addr=0x80019844 ra=0x80010EA4 sp=0x801FFF00 a0=0x000000A4
[CALL-CHAIN] #376 f20 addr=0x8001A65C ra=0x800198F8 sp=0x801FFED0 a0=0x00000002
[CALL-CHAIN] #377 f20 addr=0x8001A65C ra=0x800198F8 sp=0x801FFED0 a0=0x00000002
[CALL-CHAIN] #378 f20 addr=0x8001A65C ra=0x800198F8 sp=0x801FFED0 a0=0x00000002
[CALL-CHAIN] #379 f20 addr=0x8001A65C ra=0x800198F8 sp=0x801FFED0 a0=0x00000002
[CALL-CHAIN] #380 f20 addr=0x8001A664 ra=0x80010EA4 sp=0x801FFF00 a0=0x00000001
[CALL-CHAIN] #381 f20 addr=0x8001A6C8 ra=0x80010EA4 sp=0x801FFEB0 a0=0x00000001
[CALL-CHAIN] #382 f20 addr=0x8001A664 ra=0x80010EA4 sp=0x801FFF00 a0=0x00000002
[CALL-CHAIN] #383 f20 addr=0x8001A6C8 ra=0x80010EA4 sp=0x801FFEB0 a0=0x00000002
[CALL-CHAIN] #384 f20 addr=0x8001A664 ra=0x80010EA4 sp=0x801FFF00 a0=0x000000A4
[CALL-CHAIN] #385 f20 addr=0x8001A6C8 ra=0x80010EA4 sp=0x801FFEB0 a0=0x000000A4
[CALL-CHAIN] #386 f21 addr=0x80019844 ra=0x80010EA4 sp=0x801FFF00 a0=0x000000A4
[CALL-CHAIN] #387 f21 addr=0x8001A65C ra=0x800198F8 sp=0x801FFED0 a0=0x00000002
[CALL-CHAIN] #388 f21 addr=0x8001A65C ra=0x800198F8 sp=0x801FFED0 a0=0x00000002
[CALL-CHAIN] #389 f21 addr=0x8001A65C ra=0x800198F8 sp=0x801FFED0 a0=0x00000002
[CALL-CHAIN] #390 f21 addr=0x8001A65C ra=0x800198F8 sp=0x801FFED0 a0=0x00000002
[CALL-CHAIN] #391 f21 addr=0x8001A664 ra=0x80010EA4 sp=0x801FFF00 a0=0x00000001
[CALL-CHAIN] #392 f21 addr=0x8001A6C8 ra=0x80010EA4 sp=0x801FFEB0 a0=0x00000001
[CALL-CHAIN] #393 f21 addr=0x8001A664 ra=0x80010EA4 sp=0x801FFF00 a0=0x00000002
[CALL-CHAIN] #394 f21 addr=0x8001A6C8 ra=0x80010EA4 sp=0x801FFEB0 a0=0x00000002
[CALL-CHAIN] #395 f21 addr=0x8001A664 ra=0x80010EA4 sp=0x801FFF00 a0=0x000000A4
[CALL-CHAIN] #396 f21 addr=0x8001A6C8 ra=0x80010EA4 sp=0x801FFEB0 a0=0x000000A4
[CALL-CHAIN] #397 f22 addr=0x80019844 ra=0x80010EA4 sp=0x801FFF00 a0=0x000000A4
[CALL-CHAIN] #398 f22 addr=0x8001A65C ra=0x800198F8 sp=0x801FFED0 a0=0x00000002
[CALL-CHAIN] #399 f22 addr=0x8001A65C ra=0x800198F8 sp=0x801FFED0 a0=0x00000002
[CALL-CHAIN] #400 f22 addr=0x8001A65C ra=0x800198F8 sp=0x801FFED0 a0=0x00000002
[CALL-CHAIN] #401 f22 addr=0x8001A65C ra=0x800198F8 sp=0x801FFED0 a0=0x00000002
[CALL-CHAIN] #402 f22 addr=0x8001A664 ra=0x80010EA4 sp=0x801FFF00 a0=0x00000001
[CALL-CHAIN] #403 f22 addr=0x8001A6C8 ra=0x80010EA4 sp=0x801FFEB0 a0=0x00000001
[CALL-CHAIN] #404 f22 addr=0x8001A664 ra=0x80010EA4 sp=0x801FFF00 a0=0x00000002
[CALL-CHAIN] #405 f22 addr=0x8001A6C8 ra=0x80010EA4 sp=0x801FFEB0 a0=0x00000002
[CALL-CHAIN] #406 f22 addr=0x8001A664 ra=0x80010EA4 sp=0x801FFF00 a0=0x000000A4
[CALL-CHAIN] #407 f22 addr=0x8001A6C8 ra=0x80010EA4 sp=0x801FFEB0 a0=0x000000A4
[CALL-CHAIN] #408 f23 addr=0x80019844 ra=0x80010EA4 sp=0x801FFF00 a0=0x000000A4
[CALL-CHAIN] #409 f23 addr=0x8001A65C ra=0x800198F8 sp=0x801FFED0 a0=0x00000002
[CALL-CHAIN] #410 f23 addr=0x8001A65C ra=0x800198F8 sp=0x801FFED0 a0=0x00000002
[CALL-CHAIN] #411 f23 addr=0x8001A65C ra=0x800198F8 sp=0x801FFED0 a0=0x00000002
[CALL-CHAIN] #412 f23 addr=0x8001A65C ra=0x800198F8 sp=0x801FFED0 a0=0x00000002
[CALL-CHAIN] #413 f23 addr=0x8001A664 ra=0x80010EA4 sp=0x801FFF00 a0=0x00000001
[CALL-CHAIN] #414 f23 addr=0x8001A6C8 ra=0x80010EA4 sp=0x801FFEB0 a0=0x00000001
[CALL-CHAIN] #415 f23 addr=0x8001A664 ra=0x80010EA4 sp=0x801FFF00 a0=0x00000002
[CALL-CHAIN] #416 f23 addr=0x8001A6C8 ra=0x80010EA4 sp=0x801FFEB0 a0=0x00000002
[CALL-CHAIN] #417 f23 addr=0x8001A664 ra=0x80010EA4 sp=0x801FFF00 a0=0x000000A4
[CALL-CHAIN] #418 f23 addr=0x8001A6C8 ra=0x80010EA4 sp=0x801FFEB0 a0=0x000000A4
[CALL-CHAIN] #419 f24 addr=0x80019844 ra=0x80010EA4 sp=0x801FFF00 a0=0x000000A4
[CALL-CHAIN] #420 f24 addr=0x8001A65C ra=0x800198F8 sp=0x801FFED0 a0=0x00000002
[CALL-CHAIN] #421 f24 addr=0x8001A65C ra=0x800198F8 sp=0x801FFED0 a0=0x00000002
[CALL-CHAIN] #422 f24 addr=0x8001A65C ra=0x800198F8 sp=0x801FFED0 a0=0x00000002
[CALL-CHAIN] #423 f24 addr=0x8001A65C ra=0x800198F8 sp=0x801FFED0 a0=0x00000002
[CALL-CHAIN] #424 f24 addr=0x8001A664 ra=0x80010EA4 sp=0x801FFF00 a0=0x00000001
[CALL-CHAIN] #425 f24 addr=0x8001A6C8 ra=0x80010EA4 sp=0x801FFEB0 a0=0x00000001
[CALL-CHAIN] #426 f24 addr=0x8001A664 ra=0x80010EA4 sp=0x801FFF00 a0=0x00000002
[CALL-CHAIN] #427 f24 addr=0x8001A6C8 ra=0x80010EA4 sp=0x801FFEB0 a0=0x00000002
[CALL-CHAIN] #428 f24 addr=0x8001A664 ra=0x80010EA4 sp=0x801FFF00 a0=0x000000A4
[CALL-CHAIN] #429 f24 addr=0x8001A6C8 ra=0x80010EA4 sp=0x801FFEB0 a0=0x000000A4
[CALL-CHAIN] #430 f25 addr=0x80019844 ra=0x80010EA4 sp=0x801FFF00 a0=0x000000A4
[CALL-CHAIN] #431 f25 addr=0x8001A65C ra=0x800198F8 sp=0x801FFED0 a0=0x00000002
[CALL-CHAIN] #432 f25 addr=0x8001A65C ra=0x800198F8 sp=0x801FFED0 a0=0x00000002
[CALL-CHAIN] #433 f25 addr=0x8001A65C ra=0x800198F8 sp=0x801FFED0 a0=0x00000002
[CALL-CHAIN] #434 f25 addr=0x8001A65C ra=0x800198F8 sp=0x801FFED0 a0=0x00000002
[CALL-CHAIN] #435 f25 addr=0x8001A664 ra=0x80010EA4 sp=0x801FFF00 a0=0x00000001
[CALL-CHAIN] #436 f25 addr=0x8001A6C8 ra=0x80010EA4 sp=0x801FFEB0 a0=0x00000001
[CALL-CHAIN] #437 f25 addr=0x8001A664 ra=0x80010EA4 sp=0x801FFF00 a0=0x00000002
[CALL-CHAIN] #438 f25 addr=0x8001A6C8 ra=0x80010EA4 sp=0x801FFEB0 a0=0x00000002
[CALL-CHAIN] #439 f25 addr=0x8001A664 ra=0x80010EA4 sp=0x801FFF00 a0=0x000000A4
[CALL-CHAIN] #440 f25 addr=0x8001A6C8 ra=0x80010EA4 sp=0x801FFEB0 a0=0x000000A4
[CALL-CHAIN] #441 f26 addr=0x80019844 ra=0x80010EA4 sp=0x801FFF00 a0=0x000000A4
[CALL-CHAIN] #442 f26 addr=0x8001A65C ra=0x800198F8 sp=0x801FFED0 a0=0x00000002
[CALL-CHAIN] #443 f26 addr=0x8001A65C ra=0x800198F8 sp=0x801FFED0 a0=0x00000002
[CALL-CHAIN] #444 f26 addr=0x8001A65C ra=0x800198F8 sp=0x801FFED0 a0=0x00000002
[CALL-CHAIN] #445 f26 addr=0x8001A65C ra=0x800198F8 sp=0x801FFED0 a0=0x00000002
[CALL-CHAIN] #446 f26 addr=0x8001A664 ra=0x80010EA4 sp=0x801FFF00 a0=0x00000001
[CALL-CHAIN] #447 f26 addr=0x8001A6C8 ra=0x80010EA4 sp=0x801FFEB0 a0=0x00000001
[CALL-CHAIN] #448 f26 addr=0x8001A664 ra=0x80010EA4 sp=0x801FFF00 a0=0x00000002
[CALL-CHAIN] #449 f26 addr=0x8001A6C8 ra=0x80010EA4 sp=0x801FFEB0 a0=0x00000002
[CALL-CHAIN] #450 f26 addr=0x8001A664 ra=0x80010EA4 sp=0x801FFF00 a0=0x000000A4
[CALL-CHAIN] #451 f26 addr=0x8001A6C8 ra=0x80010EA4 sp=0x801FFEB0 a0=0x000000A4
[CALL-CHAIN] #452 f27 addr=0x80019844 ra=0x80010EA4 sp=0x801FFF00 a0=0x000000A4
[CALL-CHAIN] #453 f27 addr=0x8001A65C ra=0x800198F8 sp=0x801FFED0 a0=0x00000002
[CALL-CHAIN] #454 f27 addr=0x8001A65C ra=0x800198F8 sp=0x801FFED0 a0=0x00000002
[CALL-CHAIN] #455 f27 addr=0x8001A65C ra=0x800198F8 sp=0x801FFED0 a0=0x00000002
[CALL-CHAIN] #456 f27 addr=0x8001A65C ra=0x800198F8 sp=0x801FFED0 a0=0x00000002
[CALL-CHAIN] #457 f27 addr=0x8001A664 ra=0x80010EA4 sp=0x801FFF00 a0=0x00000001
[CALL-CHAIN] #458 f27 addr=0x8001A6C8 ra=0x80010EA4 sp=0x801FFEB0 a0=0x00000001
[CALL-CHAIN] #459 f27 addr=0x8001A664 ra=0x80010EA4 sp=0x801FFF00 a0=0x00000002
[CALL-CHAIN] #460 f27 addr=0x8001A6C8 ra=0x80010EA4 sp=0x801FFEB0 a0=0x00000002
[CALL-CHAIN] #461 f27 addr=0x8001A664 ra=0x80010EA4 sp=0x801FFF00 a0=0x000000A4
[CALL-CHAIN] #462 f27 addr=0x8001A6C8 ra=0x80010EA4 sp=0x801FFEB0 a0=0x000000A4
[CALL-CHAIN] #463 f28 addr=0x80019844 ra=0x80010EA4 sp=0x801FFF00 a0=0x000000A4
[CALL-CHAIN] #464 f28 addr=0x8001A65C ra=0x800198F8 sp=0x801FFED0 a0=0x00000002
[CALL-CHAIN] #465 f28 addr=0x8001A65C ra=0x800198F8 sp=0x801FFED0 a0=0x00000002
[CALL-CHAIN] #466 f28 addr=0x8001A65C ra=0x800198F8 sp=0x801FFED0 a0=0x00000002
[CALL-CHAIN] #467 f28 addr=0x8001A65C ra=0x800198F8 sp=0x801FFED0 a0=0x00000002
[CALL-CHAIN] #468 f28 addr=0x8001A664 ra=0x80010EA4 sp=0x801FFF00 a0=0x00000001
[CALL-CHAIN] #469 f28 addr=0x8001A6C8 ra=0x80010EA4 sp=0x801FFEB0 a0=0x00000001
[CALL-CHAIN] #470 f28 addr=0x8001A664 ra=0x80010EA4 sp=0x801FFF00 a0=0x00000002
[CALL-CHAIN] #471 f28 addr=0x8001A6C8 ra=0x80010EA4 sp=0x801FFEB0 a0=0x00000002
[CALL-CHAIN] #472 f28 addr=0x8001A664 ra=0x80010EA4 sp=0x801FFF00 a0=0x000000A4
[CALL-CHAIN] #473 f28 addr=0x8001A6C8 ra=0x80010EA4 sp=0x801FFEB0 a0=0x000000A4
[CALL-CHAIN] #474 f29 addr=0x80019844 ra=0x80010EA4 sp=0x801FFF00 a0=0x000000A4
[CALL-CHAIN] #475 f29 addr=0x8001A65C ra=0x800198F8 sp=0x801FFED0 a0=0x00000002
[CALL-CHAIN] #476 f29 addr=0x8001A65C ra=0x800198F8 sp=0x801FFED0 a0=0x00000002
[CALL-CHAIN] #477 f29 addr=0x8001A65C ra=0x800198F8 sp=0x801FFED0 a0=0x00000002
[CALL-CHAIN] #478 f29 addr=0x8001A65C ra=0x800198F8 sp=0x801FFED0 a0=0x00000002
[CALL-CHAIN] #479 f29 addr=0x8001A664 ra=0x80010EA4 sp=0x801FFF00 a0=0x00000001
[CALL-CHAIN] #480 f29 addr=0x8001A6C8 ra=0x80010EA4 sp=0x801FFEB0 a0=0x00000001
[CALL-CHAIN] #481 f29 addr=0x8001A664 ra=0x80010EA4 sp=0x801FFF00 a0=0x00000002
[CALL-CHAIN] #482 f29 addr=0x8001A6C8 ra=0x80010EA4 sp=0x801FFEB0 a0=0x00000002
[CALL-CHAIN] #483 f29 addr=0x8001A664 ra=0x80010EA4 sp=0x801FFF00 a0=0x000000A4
[CALL-CHAIN] #484 f29 addr=0x8001A6C8 ra=0x80010EA4 sp=0x801FFEB0 a0=0x000000A4
[CALL-CHAIN] #485 f30 addr=0x80019844 ra=0x80010EA4 sp=0x801FFF00 a0=0x000000A4
[CALL-CHAIN] #486 f30 addr=0x8001A65C ra=0x800198F8 sp=0x801FFED0 a0=0x00000002
[CALL-CHAIN] #487 f30 addr=0x8001A65C ra=0x800198F8 sp=0x801FFED0 a0=0x00000002
[CALL-CHAIN] #488 f30 addr=0x8001A65C ra=0x800198F8 sp=0x801FFED0 a0=0x00000002
[CALL-CHAIN] #489 f30 addr=0x8001A65C ra=0x800198F8 sp=0x801FFED0 a0=0x00000002
[CALL-CHAIN] #490 f30 addr=0x8001A664 ra=0x80010EA4 sp=0x801FFF00 a0=0x00000001
[CALL-CHAIN] #491 f30 addr=0x8001A6C8 ra=0x80010EA4 sp=0x801FFEB0 a0=0x00000001
[CALL-CHAIN] #492 f30 addr=0x8001A664 ra=0x80010EA4 sp=0x801FFF00 a0=0x00000002
[CALL-CHAIN] #493 f30 addr=0x8001A6C8 ra=0x80010EA4 sp=0x801FFEB0 a0=0x00000002
[CALL-CHAIN] #494 f30 addr=0x8001A664 ra=0x80010EA4 sp=0x801FFF00 a0=0x000000A4
[CALL-CHAIN] #495 f30 addr=0x8001A6C8 ra=0x80010EA4 sp=0x801FFEB0 a0=0x000000A4
[CALL-CHAIN] #496 f31 addr=0x80019844 ra=0x80010EA4 sp=0x801FFF00 a0=0x000000A4
[CALL-CHAIN] #497 f31 addr=0x8001A65C ra=0x800198F8 sp=0x801FFED0 a0=0x00000002
[CALL-CHAIN] #498 f31 addr=0x8001A65C ra=0x800198F8 sp=0x801FFED0 a0=0x00000002
[CALL-CHAIN] #499 f31 addr=0x8001A65C ra=0x800198F8 sp=0x801FFED0 a0=0x00000002
[CALL-CHAIN] #500 f31 addr=0x8001A65C ra=0x800198F8 sp=0x801FFED0 a0=0x00000002
[CALL-CHAIN] #501 f31 addr=0x8001A664 ra=0x80010EA4 sp=0x801FFF00 a0=0x00000001
[CALL-CHAIN] #502 f31 addr=0x8001A6C8 ra=0x80010EA4 sp=0x801FFEB0 a0=0x00000001
[CALL-CHAIN] #503 f31 addr=0x8001A664 ra=0x80010EA4 sp=0x801FFF00 a0=0x00000002
[CALL-CHAIN] #504 f31 addr=0x8001A6C8 ra=0x80010EA4 sp=0x801FFEB0 a0=0x00000002
[CALL-CHAIN] #505 f31 addr=0x8001A664 ra=0x80010EA4 sp=0x801FFF00 a0=0x000000A4
[CALL-CHAIN] #506 f31 addr=0x8001A6C8 ra=0x80010EA4 sp=0x801FFEB0 a0=0x000000A4
[CALL-CHAIN] #507 f32 addr=0x80019844 ra=0x80010EA4 sp=0x801FFF00 a0=0x000000A4
[CALL-CHAIN] #508 f32 addr=0x8001A65C ra=0x800198F8 sp=0x801FFED0 a0=0x00000002
[CALL-CHAIN] #509 f32 addr=0x8001A65C ra=0x800198F8 sp=0x801FFED0 a0=0x00000002
[CALL-CHAIN] #510 f32 addr=0x8001A65C ra=0x800198F8 sp=0x801FFED0 a0=0x00000002
[CALL-CHAIN] #511 f32 addr=0x8001A65C ra=0x800198F8 sp=0x801FFED0 a0=0x00000002
[CALL-CHAIN] #512 f32 addr=0x8001A664 ra=0x80010EA4 sp=0x801FFF00 a0=0x00000001
[CALL-CHAIN] #513 f32 addr=0x8001A6C8 ra=0x80010EA4 sp=0x801FFEB0 a0=0x00000001
[CALL-CHAIN] #514 f32 addr=0x8001A664 ra=0x80010EA4 sp=0x801FFF00 a0=0x00000002
[CALL-CHAIN] #515 f32 addr=0x8001A6C8 ra=0x80010EA4 sp=0x801FFEB0 a0=0x00000002
[CALL-CHAIN] #516 f32 addr=0x8001A664 ra=0x80010EA4 sp=0x801FFF00 a0=0x000000A4
[CALL-CHAIN] #517 f32 addr=0x8001A6C8 ra=0x80010EA4 sp=0x801FFEB0 a0=0x000000A4
[CALL-CHAIN] #518 f33 addr=0x80019844 ra=0x80010EA4 sp=0x801FFF00 a0=0x000000A4
[CALL-CHAIN] #519 f33 addr=0x8001A65C ra=0x800198F8 sp=0x801FFED0 a0=0x00000002
[CALL-CHAIN] #520 f33 addr=0x8001A65C ra=0x800198F8 sp=0x801FFED0 a0=0x00000002
[CALL-CHAIN] #521 f33 addr=0x8001A65C ra=0x800198F8 sp=0x801FFED0 a0=0x00000002
[CALL-CHAIN] #522 f33 addr=0x8001A65C ra=0x800198F8 sp=0x801FFED0 a0=0x00000002
[CALL-CHAIN] #523 f33 addr=0x8001A664 ra=0x80010EA4 sp=0x801FFF00 a0=0x00000001
[CALL-CHAIN] #524 f33 addr=0x8001A6C8 ra=0x80010EA4 sp=0x801FFEB0 a0=0x00000001
[CALL-CHAIN] #525 f33 addr=0x8001A664 ra=0x80010EA4 sp=0x801FFF00 a0=0x00000002
[CALL-CHAIN] #526 f33 addr=0x8001A6C8 ra=0x80010EA4 sp=0x801FFEB0 a0=0x00000002
[CALL-CHAIN] #527 f33 addr=0x8001A664 ra=0x80010EA4 sp=0x801FFF00 a0=0x000000A4
[CALL-CHAIN] #528 f33 addr=0x8001A6C8 ra=0x80010EA4 sp=0x801FFEB0 a0=0x000000A4
[CALL-CHAIN] #529 f34 addr=0x80019844 ra=0x80010EA4 sp=0x801FFF00 a0=0x000000A4
[CALL-CHAIN] #530 f34 addr=0x8001A65C ra=0x800198F8 sp=0x801FFED0 a0=0x00000002
[CALL-CHAIN] #531 f34 addr=0x8001A65C ra=0x800198F8 sp=0x801FFED0 a0=0x00000002
[CALL-CHAIN] #532 f34 addr=0x8001A65C ra=0x800198F8 sp=0x801FFED0 a0=0x00000002
[CALL-CHAIN] #533 f34 addr=0x8001A65C ra=0x800198F8 sp=0x801FFED0 a0=0x00000002
[CALL-CHAIN] #534 f34 addr=0x8001A664 ra=0x80010EA4 sp=0x801FFF00 a0=0x00000001
[CALL-CHAIN] #535 f34 addr=0x8001A6C8 ra=0x80010EA4 sp=0x801FFEB0 a0=0x00000001
[CALL-CHAIN] #536 f34 addr=0x8001A664 ra=0x80010EA4 sp=0x801FFF00 a0=0x00000002
[CALL-CHAIN] #537 f34 addr=0x8001A6C8 ra=0x80010EA4 sp=0x801FFEB0 a0=0x00000002
[CALL-CHAIN] #538 f34 addr=0x8001A664 ra=0x80010EA4 sp=0x801FFF00 a0=0x000000A4
[CALL-CHAIN] #539 f34 addr=0x8001A6C8 ra=0x80010EA4 sp=0x801FFEB0 a0=0x000000A4
[CALL-CHAIN] #540 f35 addr=0x80019844 ra=0x80010EA4 sp=0x801FFF00 a0=0x000000A4
[CALL-CHAIN] #541 f35 addr=0x8001A65C ra=0x800198F8 sp=0x801FFED0 a0=0x00000002
[CALL-CHAIN] #542 f35 addr=0x8001A65C ra=0x800198F8 sp=0x801FFED0 a0=0x00000002
[CALL-CHAIN] #543 f35 addr=0x8001A65C ra=0x800198F8 sp=0x801FFED0 a0=0x00000002
[CALL-CHAIN] #544 f35 addr=0x8001A65C ra=0x800198F8 sp=0x801FFED0 a0=0x00000002
[CALL-CHAIN] #545 f35 addr=0x8001A664 ra=0x80010EA4 sp=0x801FFF00 a0=0x00000001
[CALL-CHAIN] #546 f35 addr=0x8001A6C8 ra=0x80010EA4 sp=0x801FFEB0 a0=0x00000001
[CALL-CHAIN] #547 f35 addr=0x8001A664 ra=0x80010EA4 sp=0x801FFF00 a0=0x00000002
[CALL-CHAIN] #548 f35 addr=0x8001A6C8 ra=0x80010EA4 sp=0x801FFEB0 a0=0x00000002
[CALL-CHAIN] #549 f35 addr=0x8001A664 ra=0x80010EA4 sp=0x801FFF00 a0=0x000000A4
[CALL-CHAIN] #550 f35 addr=0x8001A6C8 ra=0x80010EA4 sp=0x801FFEB0 a0=0x000000A4
[CALL-CHAIN] #551 f36 addr=0x80019844 ra=0x80010EA4 sp=0x801FFF00 a0=0x000000A4
[CALL-CHAIN] #552 f36 addr=0x8001A65C ra=0x800198F8 sp=0x801FFED0 a0=0x00000002
[CALL-CHAIN] #553 f36 addr=0x8001A65C ra=0x800198F8 sp=0x801FFED0 a0=0x00000002
[CALL-CHAIN] #554 f36 addr=0x8001A65C ra=0x800198F8 sp=0x801FFED0 a0=0x00000002
[CALL-CHAIN] #555 f36 addr=0x8001A65C ra=0x800198F8 sp=0x801FFED0 a0=0x00000002
[CALL-CHAIN] #556 f36 addr=0x8001A664 ra=0x80010EA4 sp=0x801FFF00 a0=0x00000001
[CALL-CHAIN] #557 f36 addr=0x8001A6C8 ra=0x80010EA4 sp=0x801FFEB0 a0=0x00000001
[CALL-CHAIN] #558 f36 addr=0x8001A664 ra=0x80010EA4 sp=0x801FFF00 a0=0x00000002
[CALL-CHAIN] #559 f36 addr=0x8001A6C8 ra=0x80010EA4 sp=0x801FFEB0 a0=0x00000002
[CALL-CHAIN] #560 f36 addr=0x8001A664 ra=0x80010EA4 sp=0x801FFF00 a0=0x000000A4
[CALL-CHAIN] #561 f36 addr=0x8001A6C8 ra=0x80010EA4 sp=0x801FFEB0 a0=0x000000A4
[CALL-CHAIN] #562 f37 addr=0x80019844 ra=0x80010EA4 sp=0x801FFF00 a0=0x000000A4
[CALL-CHAIN] #563 f37 addr=0x8001A65C ra=0x800198F8 sp=0x801FFED0 a0=0x00000002
[CALL-CHAIN] #564 f37 addr=0x8001A65C ra=0x800198F8 sp=0x801FFED0 a0=0x00000002
[CALL-CHAIN] #565 f37 addr=0x8001A65C ra=0x800198F8 sp=0x801FFED0 a0=0x00000002
[CALL-CHAIN] #566 f37 addr=0x8001A65C ra=0x800198F8 sp=0x801FFED0 a0=0x00000002
[CALL-CHAIN] #567 f37 addr=0x8001A664 ra=0x80010EA4 sp=0x801FFF00 a0=0x00000001
[CALL-CHAIN] #568 f37 addr=0x8001A6C8 ra=0x80010EA4 sp=0x801FFEB0 a0=0x00000001
[CALL-CHAIN] #569 f37 addr=0x8001A664 ra=0x80010EA4 sp=0x801FFF00 a0=0x00000002
[CALL-CHAIN] #570 f37 addr=0x8001A6C8 ra=0x80010EA4 sp=0x801FFEB0 a0=0x00000002
[CALL-CHAIN] #571 f37 addr=0x8001A664 ra=0x80010EA4 sp=0x801FFF00 a0=0x000000A4
[CALL-CHAIN] #572 f37 addr=0x8001A6C8 ra=0x80010EA4 sp=0x801FFEB0 a0=0x000000A4
[CALL-CHAIN] #573 f38 addr=0x80019844 ra=0x80010EA4 sp=0x801FFF00 a0=0x000000A4
[CALL-CHAIN] #574 f38 addr=0x8001A65C ra=0x800198F8 sp=0x801FFED0 a0=0x00000002
[CALL-CHAIN] #575 f38 addr=0x8001A65C ra=0x800198F8 sp=0x801FFED0 a0=0x00000002
[CALL-CHAIN] #576 f38 addr=0x8001A65C ra=0x800198F8 sp=0x801FFED0 a0=0x00000002
[CALL-CHAIN] #577 f38 addr=0x8001A65C ra=0x800198F8 sp=0x801FFED0 a0=0x00000002
[CALL-CHAIN] #578 f38 addr=0x8001A664 ra=0x80010EA4 sp=0x801FFF00 a0=0x00000001
[CALL-CHAIN] #579 f38 addr=0x8001A6C8 ra=0x80010EA4 sp=0x801FFEB0 a0=0x00000001
[CALL-CHAIN] #580 f38 addr=0x8001A664 ra=0x80010EA4 sp=0x801FFF00 a0=0x00000002
[CALL-CHAIN] #581 f38 addr=0x8001A6C8 ra=0x80010EA4 sp=0x801FFEB0 a0=0x00000002
[CALL-CHAIN] #582 f38 addr=0x8001A664 ra=0x80010EA4 sp=0x801FFF00 a0=0x000000A4
[CALL-CHAIN] #583 f38 addr=0x8001A6C8 ra=0x80010EA4 sp=0x801FFEB0 a0=0x000000A4
[CALL-CHAIN] #584 f39 addr=0x80019844 ra=0x80010EA4 sp=0x801FFF00 a0=0x000000A4
[CALL-CHAIN] #585 f39 addr=0x8001A65C ra=0x800198F8 sp=0x801FFED0 a0=0x00000002
[CALL-CHAIN] #586 f39 addr=0x8001A65C ra=0x800198F8 sp=0x801FFED0 a0=0x00000002
[CALL-CHAIN] #587 f39 addr=0x8001A65C ra=0x800198F8 sp=0x801FFED0 a0=0x00000002
[CALL-CHAIN] #588 f39 addr=0x8001A65C ra=0x800198F8 sp=0x801FFED0 a0=0x00000002
[CALL-CHAIN] #589 f39 addr=0x8001A664 ra=0x80010EA4 sp=0x801FFF00 a0=0x00000001
[CALL-CHAIN] #590 f39 addr=0x8001A6C8 ra=0x80010EA4 sp=0x801FFEB0 a0=0x00000001
[CALL-CHAIN] #591 f39 addr=0x8001A664 ra=0x80010EA4 sp=0x801FFF00 a0=0x00000002
[CALL-CHAIN] #592 f39 addr=0x8001A6C8 ra=0x80010EA4 sp=0x801FFEB0 a0=0x00000002
[CALL-CHAIN] #593 f39 addr=0x8001A664 ra=0x80010EA4 sp=0x801FFF00 a0=0x000000A4
[CALL-CHAIN] #594 f39 addr=0x8001A6C8 ra=0x80010EA4 sp=0x801FFEB0 a0=0x000000A4
[CALL-CHAIN] #595 f40 addr=0x80019844 ra=0x80010EA4 sp=0x801FFF00 a0=0x000000A4
[CALL-CHAIN] #596 f40 addr=0x8001A65C ra=0x800198F8 sp=0x801FFED0 a0=0x00000002
[CALL-CHAIN] #597 f40 addr=0x8001A65C ra=0x800198F8 sp=0x801FFED0 a0=0x00000002
[CALL-CHAIN] #598 f40 addr=0x8001A65C ra=0x800198F8 sp=0x801FFED0 a0=0x00000002
[CALL-CHAIN] #599 f40 addr=0x8001A65C ra=0x800198F8 sp=0x801FFED0 a0=0x00000002
[CALL-CHAIN] #600 f40 addr=0x8001A664 ra=0x80010EA4 sp=0x801FFF00 a0=0x00000001
[CALL-CHAIN] #601 f40 addr=0x8001A6C8 ra=0x80010EA4 sp=0x801FFEB0 a0=0x00000001
[CALL-CHAIN] #602 f40 addr=0x8001A664 ra=0x80010EA4 sp=0x801FFF00 a0=0x00000002
[CALL-CHAIN] #603 f40 addr=0x8001A6C8 ra=0x80010EA4 sp=0x801FFEB0 a0=0x00000002
[CALL-CHAIN] #604 f40 addr=0x8001A664 ra=0x80010EA4 sp=0x801FFF00 a0=0x000000A4
[CALL-CHAIN] #605 f40 addr=0x8001A6C8 ra=0x80010EA4 sp=0x801FFEB0 a0=0x000000A4
[CALL-CHAIN] #606 f41 addr=0x80019844 ra=0x80010EA4 sp=0x801FFF00 a0=0x000000A4
[CALL-CHAIN] #607 f41 addr=0x8001A65C ra=0x800198F8 sp=0x801FFED0 a0=0x00000002
[CALL-CHAIN] #608 f41 addr=0x8001A65C ra=0x800198F8 sp=0x801FFED0 a0=0x00000002
[CALL-CHAIN] #609 f41 addr=0x8001A65C ra=0x800198F8 sp=0x801FFED0 a0=0x00000002
[CALL-CHAIN] #610 f41 addr=0x8001A65C ra=0x800198F8 sp=0x801FFED0 a0=0x00000002
[CALL-CHAIN] #611 f41 addr=0x8001A664 ra=0x80010EA4 sp=0x801FFF00 a0=0x00000001
[CALL-CHAIN] #612 f41 addr=0x8001A6C8 ra=0x80010EA4 sp=0x801FFEB0 a0=0x00000001
[CALL-CHAIN] #613 f41 addr=0x8001A664 ra=0x80010EA4 sp=0x801FFF00 a0=0x00000002
[CALL-CHAIN] #614 f41 addr=0x8001A6C8 ra=0x80010EA4 sp=0x801FFEB0 a0=0x00000002
[CALL-CHAIN] #615 f41 addr=0x8001A664 ra=0x80010EA4 sp=0x801FFF00 a0=0x000000A4
[CALL-CHAIN] #616 f41 addr=0x8001A6C8 ra=0x80010EA4 sp=0x801FFEB0 a0=0x000000A4
[CALL-CHAIN] #617 f42 addr=0x80019844 ra=0x80010EA4 sp=0x801FFF00 a0=0x000000A4
[CALL-CHAIN] #618 f42 addr=0x8001A65C ra=0x800198F8 sp=0x801FFED0 a0=0x00000002
[CALL-CHAIN] #619 f42 addr=0x8001A65C ra=0x800198F8 sp=0x801FFED0 a0=0x00000002
[CALL-CHAIN] #620 f42 addr=0x8001A65C ra=0x800198F8 sp=0x801FFED0 a0=0x00000002
[CALL-CHAIN] #621 f42 addr=0x8001A65C ra=0x800198F8 sp=0x801FFED0 a0=0x00000002
[CALL-CHAIN] #622 f42 addr=0x8001A664 ra=0x80010EA4 sp=0x801FFF00 a0=0x00000001
[CALL-CHAIN] #623 f42 addr=0x8001A6C8 ra=0x80010EA4 sp=0x801FFEB0 a0=0x00000001
[CALL-CHAIN] #624 f42 addr=0x8001A664 ra=0x80010EA4 sp=0x801FFF00 a0=0x00000002
[CALL-CHAIN] #625 f42 addr=0x8001A6C8 ra=0x80010EA4 sp=0x801FFEB0 a0=0x00000002
[CALL-CHAIN] #626 f42 addr=0x8001A664 ra=0x80010EA4 sp=0x801FFF00 a0=0x000000A4
[CALL-CHAIN] #627 f42 addr=0x8001A6C8 ra=0x80010EA4 sp=0x801FFEB0 a0=0x000000A4
[CALL-CHAIN] #628 f43 addr=0x80019844 ra=0x80010EA4 sp=0x801FFF00 a0=0x000000A4
[CALL-CHAIN] #629 f43 addr=0x8001A65C ra=0x800198F8 sp=0x801FFED0 a0=0x00000002
[CALL-CHAIN] #630 f43 addr=0x8001A65C ra=0x800198F8 sp=0x801FFED0 a0=0x00000002
[CALL-CHAIN] #631 f43 addr=0x8001A65C ra=0x800198F8 sp=0x801FFED0 a0=0x00000002
[CALL-CHAIN] #632 f43 addr=0x8001A65C ra=0x800198F8 sp=0x801FFED0 a0=0x00000002
[CALL-CHAIN] #633 f43 addr=0x8001A664 ra=0x80010EA4 sp=0x801FFF00 a0=0x00000001
[CALL-CHAIN] #634 f43 addr=0x8001A6C8 ra=0x80010EA4 sp=0x801FFEB0 a0=0x00000001
[CALL-CHAIN] #635 f43 addr=0x8001A664 ra=0x80010EA4 sp=0x801FFF00 a0=0x00000002
[CALL-CHAIN] #636 f43 addr=0x8001A6C8 ra=0x80010EA4 sp=0x801FFEB0 a0=0x00000002
[CALL-CHAIN] #637 f43 addr=0x8001A664 ra=0x80010EA4 sp=0x801FFF00 a0=0x000000A4
[CALL-CHAIN] #638 f43 addr=0x8001A6C8 ra=0x80010EA4 sp=0x801FFEB0 a0=0x000000A4
[CALL-CHAIN] #639 f44 addr=0x80019844 ra=0x80010EA4 sp=0x801FFF00 a0=0x000000A4
[CALL-CHAIN] #640 f44 addr=0x8001A65C ra=0x800198F8 sp=0x801FFED0 a0=0x00000002
[CALL-CHAIN] #641 f44 addr=0x8001A65C ra=0x800198F8 sp=0x801FFED0 a0=0x00000002
[CALL-CHAIN] #642 f44 addr=0x8001A65C ra=0x800198F8 sp=0x801FFED0 a0=0x00000002
[CALL-CHAIN] #643 f44 addr=0x8001A65C ra=0x800198F8 sp=0x801FFED0 a0=0x00000002
[CALL-CHAIN] #644 f44 addr=0x8001A664 ra=0x80010EA4 sp=0x801FFF00 a0=0x00000001
[CALL-CHAIN] #645 f44 addr=0x8001A6C8 ra=0x80010EA4 sp=0x801FFEB0 a0=0x00000001
[CALL-CHAIN] #646 f44 addr=0x8001A664 ra=0x80010EA4 sp=0x801FFF00 a0=0x00000002
[CALL-CHAIN] #647 f44 addr=0x8001A6C8 ra=0x80010EA4 sp=0x801FFEB0 a0=0x00000002
[CALL-CHAIN] #648 f44 addr=0x8001A664 ra=0x80010EA4 sp=0x801FFF00 a0=0x000000A4
[CALL-CHAIN] #649 f44 addr=0x8001A6C8 ra=0x80010EA4 sp=0x801FFEB0 a0=0x000000A4
[CALL-CHAIN] #650 f45 addr=0x80019844 ra=0x80010EA4 sp=0x801FFF00 a0=0x000000A4
[CALL-CHAIN] #651 f45 addr=0x8001A65C ra=0x800198F8 sp=0x801FFED0 a0=0x00000002
[CALL-CHAIN] #652 f45 addr=0x8001A65C ra=0x800198F8 sp=0x801FFED0 a0=0x00000002
[CALL-CHAIN] #653 f45 addr=0x8001A65C ra=0x800198F8 sp=0x801FFED0 a0=0x00000002
[CALL-CHAIN] #654 f45 addr=0x8001A65C ra=0x800198F8 sp=0x801FFED0 a0=0x00000002
[CALL-CHAIN] #655 f45 addr=0x8001A664 ra=0x80010EA4 sp=0x801FFF00 a0=0x00000001
[CALL-CHAIN] #656 f45 addr=0x8001A6C8 ra=0x80010EA4 sp=0x801FFEB0 a0=0x00000001
[CALL-CHAIN] #657 f45 addr=0x8001A664 ra=0x80010EA4 sp=0x801FFF00 a0=0x00000002
[CALL-CHAIN] #658 f45 addr=0x8001A6C8 ra=0x80010EA4 sp=0x801FFEB0 a0=0x00000002
[CALL-CHAIN] #659 f45 addr=0x8001A664 ra=0x80010EA4 sp=0x801FFF00 a0=0x000000A4
[CALL-CHAIN] #660 f45 addr=0x8001A6C8 ra=0x80010EA4 sp=0x801FFEB0 a0=0x000000A4
[CALL-CHAIN] #661 f46 addr=0x80019844 ra=0x80010EA4 sp=0x801FFF00 a0=0x000000A4
[CALL-CHAIN] #662 f46 addr=0x8001A65C ra=0x800198F8 sp=0x801FFED0 a0=0x00000002
[CALL-CHAIN] #663 f46 addr=0x8001A65C ra=0x800198F8 sp=0x801FFED0 a0=0x00000002
[CALL-CHAIN] #664 f46 addr=0x8001A65C ra=0x800198F8 sp=0x801FFED0 a0=0x00000002
[CALL-CHAIN] #665 f46 addr=0x8001A65C ra=0x800198F8 sp=0x801FFED0 a0=0x00000002
[CALL-CHAIN] #666 f46 addr=0x8001A664 ra=0x80010EA4 sp=0x801FFF00 a0=0x00000001
[CALL-CHAIN] #667 f46 addr=0x8001A6C8 ra=0x80010EA4 sp=0x801FFEB0 a0=0x00000001
[CALL-CHAIN] #668 f46 addr=0x8001A664 ra=0x80010EA4 sp=0x801FFF00 a0=0x00000002
[CALL-CHAIN] #669 f46 addr=0x8001A6C8 ra=0x80010EA4 sp=0x801FFEB0 a0=0x00000002
[CALL-CHAIN] #670 f46 addr=0x8001A664 ra=0x80010EA4 sp=0x801FFF00 a0=0x000000A4
[CALL-CHAIN] #671 f46 addr=0x8001A6C8 ra=0x80010EA4 sp=0x801FFEB0 a0=0x000000A4
[CALL-CHAIN] #672 f47 addr=0x80019844 ra=0x80010EA4 sp=0x801FFF00 a0=0x000000A4
[CALL-CHAIN] #673 f47 addr=0x8001A65C ra=0x800198F8 sp=0x801FFED0 a0=0x00000002
[CALL-CHAIN] #674 f47 addr=0x8001A65C ra=0x800198F8 sp=0x801FFED0 a0=0x00000002
[CALL-CHAIN] #675 f47 addr=0x8001A65C ra=0x800198F8 sp=0x801FFED0 a0=0x00000002
[CALL-CHAIN] #676 f47 addr=0x8001A65C ra=0x800198F8 sp=0x801FFED0 a0=0x00000002
[CALL-CHAIN] #677 f47 addr=0x8001A664 ra=0x80010EA4 sp=0x801FFF00 a0=0x00000001
[CALL-CHAIN] #678 f47 addr=0x8001A6C8 ra=0x80010EA4 sp=0x801FFEB0 a0=0x00000001
[CALL-CHAIN] #679 f47 addr=0x8001A664 ra=0x80010EA4 sp=0x801FFF00 a0=0x00000002
[CALL-CHAIN] #680 f47 addr=0x8001A6C8 ra=0x80010EA4 sp=0x801FFEB0 a0=0x00000002
[CALL-CHAIN] #681 f47 addr=0x8001A664 ra=0x80010EA4 sp=0x801FFF00 a0=0x000000A4
[CALL-CHAIN] #682 f47 addr=0x8001A6C8 ra=0x80010EA4 sp=0x801FFEB0 a0=0x000000A4
[CALL-CHAIN] #683 f48 addr=0x80019844 ra=0x80010EA4 sp=0x801FFF00 a0=0x000000A4
[CALL-CHAIN] #684 f48 addr=0x8001A65C ra=0x800198F8 sp=0x801FFED0 a0=0x00000002
[CALL-CHAIN] #685 f48 addr=0x8001A65C ra=0x800198F8 sp=0x801FFED0 a0=0x00000002
[CALL-CHAIN] #686 f48 addr=0x8001A65C ra=0x800198F8 sp=0x801FFED0 a0=0x00000002
[CALL-CHAIN] #687 f48 addr=0x8001A65C ra=0x800198F8 sp=0x801FFED0 a0=0x00000002
[CALL-CHAIN] #688 f48 addr=0x8001A664 ra=0x80010EA4 sp=0x801FFF00 a0=0x00000001
[CALL-CHAIN] #689 f48 addr=0x8001A6C8 ra=0x80010EA4 sp=0x801FFEB0 a0=0x00000001
[CALL-CHAIN] #690 f48 addr=0x8001A664 ra=0x80010EA4 sp=0x801FFF00 a0=0x00000002
[CALL-CHAIN] #691 f48 addr=0x8001A6C8 ra=0x80010EA4 sp=0x801FFEB0 a0=0x00000002
[CALL-CHAIN] #692 f48 addr=0x8001A664 ra=0x80010EA4 sp=0x801FFF00 a0=0x000000A4
[CALL-CHAIN] #693 f48 addr=0x8001A6C8 ra=0x80010EA4 sp=0x801FFEB0 a0=0x000000A4
[CALL-CHAIN] #694 f49 addr=0x80019844 ra=0x80010EA4 sp=0x801FFF00 a0=0x000000A4
[CALL-CHAIN] #695 f49 addr=0x8001A65C ra=0x800198F8 sp=0x801FFED0 a0=0x00000002
[CALL-CHAIN] #696 f49 addr=0x8001A65C ra=0x800198F8 sp=0x801FFED0 a0=0x00000002
[CALL-CHAIN] #697 f49 addr=0x8001A65C ra=0x800198F8 sp=0x801FFED0 a0=0x00000002
[CALL-CHAIN] #698 f49 addr=0x8001A65C ra=0x800198F8 sp=0x801FFED0 a0=0x00000002
[CALL-CHAIN] #699 f49 addr=0x8001A664 ra=0x80010EA4 sp=0x801FFF00 a0=0x00000001
[CALL-CHAIN] #700 f49 addr=0x8001A6C8 ra=0x80010EA4 sp=0x801FFEB0 a0=0x00000001
[CALL-CHAIN] #701 f49 addr=0x8001A664 ra=0x80010EA4 sp=0x801FFF00 a0=0x00000002
[CALL-CHAIN] #702 f49 addr=0x8001A6C8 ra=0x80010EA4 sp=0x801FFEB0 a0=0x00000002
[CALL-CHAIN] #703 f49 addr=0x8001A664 ra=0x80010EA4 sp=0x801FFF00 a0=0x000000A4
[CALL-CHAIN] #704 f49 addr=0x8001A6C8 ra=0x80010EA4 sp=0x801FFEB0 a0=0x000000A4
[CALL-CHAIN] #705 f50 addr=0x80019844 ra=0x80010EA4 sp=0x801FFF00 a0=0x000000A4
[CALL-CHAIN] #706 f50 addr=0x8001A65C ra=0x800198F8 sp=0x801FFED0 a0=0x00000002
[CALL-CHAIN] #707 f50 addr=0x8001A65C ra=0x800198F8 sp=0x801FFED0 a0=0x00000002
[CALL-CHAIN] #708 f50 addr=0x8001A65C ra=0x800198F8 sp=0x801FFED0 a0=0x00000002
[CALL-CHAIN] #709 f50 addr=0x8001A65C ra=0x800198F8 sp=0x801FFED0 a0=0x00000002
[CALL-CHAIN] #710 f50 addr=0x8001A664 ra=0x80010EA4 sp=0x801FFF00 a0=0x00000001
[CALL-CHAIN] #711 f50 addr=0x8001A6C8 ra=0x80010EA4 sp=0x801FFEB0 a0=0x00000001
[CALL-CHAIN] #712 f50 addr=0x8001A664 ra=0x80010EA4 sp=0x801FFF00 a0=0x00000002
[CALL-CHAIN] #713 f50 addr=0x8001A6C8 ra=0x80010EA4 sp=0x801FFEB0 a0=0x00000002
[CALL-CHAIN] #714 f50 addr=0x8001A664 ra=0x80010EA4 sp=0x801FFF00 a0=0x000000A4
[CALL-CHAIN] #715 f50 addr=0x8001A6C8 ra=0x80010EA4 sp=0x801FFEB0 a0=0x000000A4
[CALL-CHAIN] #716 f51 addr=0x80019844 ra=0x80010EA4 sp=0x801FFF00 a0=0x000000A4
[CALL-CHAIN] #717 f51 addr=0x8001A65C ra=0x800198F8 sp=0x801FFED0 a0=0x00000002
[CALL-CHAIN] #718 f51 addr=0x8001A65C ra=0x800198F8 sp=0x801FFED0 a0=0x00000002
[CALL-CHAIN] #719 f51 addr=0x8001A65C ra=0x800198F8 sp=0x801FFED0 a0=0x00000002
[CALL-CHAIN] #720 f51 addr=0x8001A65C ra=0x800198F8 sp=0x801FFED0 a0=0x00000002
[CALL-CHAIN] #721 f51 addr=0x8001A664 ra=0x80010EA4 sp=0x801FFF00 a0=0x00000001
[CALL-CHAIN] #722 f51 addr=0x8001A6C8 ra=0x80010EA4 sp=0x801FFEB0 a0=0x00000001
[CALL-CHAIN] #723 f51 addr=0x8001A664 ra=0x80010EA4 sp=0x801FFF00 a0=0x00000002
[CALL-CHAIN] #724 f51 addr=0x8001A6C8 ra=0x80010EA4 sp=0x801FFEB0 a0=0x00000002
[CALL-CHAIN] #725 f51 addr=0x8001A664 ra=0x80010EA4 sp=0x801FFF00 a0=0x000000A4
[CALL-CHAIN] #726 f51 addr=0x8001A6C8 ra=0x80010EA4 sp=0x801FFEB0 a0=0x000000A4
[CALL-CHAIN] #727 f52 addr=0x80019844 ra=0x80010EA4 sp=0x801FFF00 a0=0x000000A4
[CALL-CHAIN] #728 f52 addr=0x8001A65C ra=0x800198F8 sp=0x801FFED0 a0=0x00000002
[CALL-CHAIN] #729 f52 addr=0x8001A65C ra=0x800198F8 sp=0x801FFED0 a0=0x00000002
[CALL-CHAIN] #730 f52 addr=0x8001A65C ra=0x800198F8 sp=0x801FFED0 a0=0x00000002
[CALL-CHAIN] #731 f52 addr=0x8001A65C ra=0x800198F8 sp=0x801FFED0 a0=0x00000002
[CALL-CHAIN] #732 f52 addr=0x8001A664 ra=0x80010EA4 sp=0x801FFF00 a0=0x00000001
[CALL-CHAIN] #733 f52 addr=0x8001A6C8 ra=0x80010EA4 sp=0x801FFEB0 a0=0x00000001
[CALL-CHAIN] #734 f52 addr=0x8001A664 ra=0x80010EA4 sp=0x801FFF00 a0=0x00000002
[CALL-CHAIN] #735 f52 addr=0x8001A6C8 ra=0x80010EA4 sp=0x801FFEB0 a0=0x00000002
[CALL-CHAIN] #736 f52 addr=0x8001A664 ra=0x80010EA4 sp=0x801FFF00 a0=0x000000A4
[CALL-CHAIN] #737 f52 addr=0x8001A6C8 ra=0x80010EA4 sp=0x801FFEB0 a0=0x000000A4
[CALL-CHAIN] #738 f53 addr=0x80019844 ra=0x80010EA4 sp=0x801FFF00 a0=0x000000A4
[CALL-CHAIN] #739 f53 addr=0x8001A65C ra=0x800198F8 sp=0x801FFED0 a0=0x00000002
[CALL-CHAIN] #740 f53 addr=0x8001A65C ra=0x800198F8 sp=0x801FFED0 a0=0x00000002
[CALL-CHAIN] #741 f53 addr=0x8001A65C ra=0x800198F8 sp=0x801FFED0 a0=0x00000002
[CALL-CHAIN] #742 f53 addr=0x8001A65C ra=0x800198F8 sp=0x801FFED0 a0=0x00000002
[CALL-CHAIN] #743 f53 addr=0x8001A664 ra=0x80010EA4 sp=0x801FFF00 a0=0x00000001
[CALL-CHAIN] #744 f53 addr=0x8001A6C8 ra=0x80010EA4 sp=0x801FFEB0 a0=0x00000001
[CALL-CHAIN] #745 f53 addr=0x8001A664 ra=0x80010EA4 sp=0x801FFF00 a0=0x00000002
[CALL-CHAIN] #746 f53 addr=0x8001A6C8 ra=0x80010EA4 sp=0x801FFEB0 a0=0x00000002
[CALL-CHAIN] #747 f53 addr=0x8001A664 ra=0x80010EA4 sp=0x801FFF00 a0=0x000000A4
[CALL-CHAIN] #748 f53 addr=0x8001A6C8 ra=0x80010EA4 sp=0x801FFEB0 a0=0x000000A4
[CALL-CHAIN] #749 f54 addr=0x80019844 ra=0x80010EA4 sp=0x801FFF00 a0=0x000000A4
[CALL-CHAIN] #750 f54 addr=0x8001A65C ra=0x800198F8 sp=0x801FFED0 a0=0x00000002
[CALL-CHAIN] #751 f54 addr=0x8001A65C ra=0x800198F8 sp=0x801FFED0 a0=0x00000002
[CALL-CHAIN] #752 f54 addr=0x8001A65C ra=0x800198F8 sp=0x801FFED0 a0=0x00000002
[CALL-CHAIN] #753 f54 addr=0x8001A65C ra=0x800198F8 sp=0x801FFED0 a0=0x00000002
[CALL-CHAIN] #754 f54 addr=0x8001A664 ra=0x80010EA4 sp=0x801FFF00 a0=0x00000001
[CALL-CHAIN] #755 f54 addr=0x8001A6C8 ra=0x80010EA4 sp=0x801FFEB0 a0=0x00000001
[CALL-CHAIN] #756 f54 addr=0x8001A664 ra=0x80010EA4 sp=0x801FFF00 a0=0x00000002
[CALL-CHAIN] #757 f54 addr=0x8001A6C8 ra=0x80010EA4 sp=0x801FFEB0 a0=0x00000002
[CALL-CHAIN] #758 f54 addr=0x8001A664 ra=0x80010EA4 sp=0x801FFF00 a0=0x000000A4
[CALL-CHAIN] #759 f54 addr=0x8001A6C8 ra=0x80010EA4 sp=0x801FFEB0 a0=0x000000A4
[CALL-CHAIN] #760 f55 addr=0x80019844 ra=0x80010EA4 sp=0x801FFF00 a0=0x000000A4
[CALL-CHAIN] #761 f55 addr=0x8001A65C ra=0x800198F8 sp=0x801FFED0 a0=0x00000002
[CALL-CHAIN] #762 f55 addr=0x8001A65C ra=0x800198F8 sp=0x801FFED0 a0=0x00000002
[CALL-CHAIN] #763 f55 addr=0x8001A65C ra=0x800198F8 sp=0x801FFED0 a0=0x00000002
[CALL-CHAIN] #764 f55 addr=0x8001A65C ra=0x800198F8 sp=0x801FFED0 a0=0x00000002
[CALL-CHAIN] #765 f55 addr=0x8001A664 ra=0x80010EA4 sp=0x801FFF00 a0=0x00000001
[CALL-CHAIN] #766 f55 addr=0x8001A6C8 ra=0x80010EA4 sp=0x801FFEB0 a0=0x00000001
[CALL-CHAIN] #767 f55 addr=0x8001A664 ra=0x80010EA4 sp=0x801FFF00 a0=0x00000002
[CALL-CHAIN] #768 f55 addr=0x8001A6C8 ra=0x80010EA4 sp=0x801FFEB0 a0=0x00000002
[CALL-CHAIN] #769 f55 addr=0x8001A664 ra=0x80010EA4 sp=0x801FFF00 a0=0x000000A4
[CALL-CHAIN] #770 f55 addr=0x8001A6C8 ra=0x80010EA4 sp=0x801FFEB0 a0=0x000000A4
[CALL-CHAIN] #771 f56 addr=0x80019844 ra=0x80010EA4 sp=0x801FFF00 a0=0x000000A4
[CALL-CHAIN] #772 f56 addr=0x8001A65C ra=0x800198F8 sp=0x801FFED0 a0=0x00000002
[CALL-CHAIN] #773 f56 addr=0x8001A65C ra=0x800198F8 sp=0x801FFED0 a0=0x00000002
[CALL-CHAIN] #774 f56 addr=0x8001A65C ra=0x800198F8 sp=0x801FFED0 a0=0x00000002
[CALL-CHAIN] #775 f56 addr=0x8001A65C ra=0x800198F8 sp=0x801FFED0 a0=0x00000002
[CALL-CHAIN] #776 f56 addr=0x8001A664 ra=0x80010EA4 sp=0x801FFF00 a0=0x00000001
[CALL-CHAIN] #777 f56 addr=0x8001A6C8 ra=0x80010EA4 sp=0x801FFEB0 a0=0x00000001
[CALL-CHAIN] #778 f56 addr=0x8001A664 ra=0x80010EA4 sp=0x801FFF00 a0=0x00000002
[CALL-CHAIN] #779 f56 addr=0x8001A6C8 ra=0x80010EA4 sp=0x801FFEB0 a0=0x00000002
[CALL-CHAIN] #780 f56 addr=0x8001A664 ra=0x80010EA4 sp=0x801FFF00 a0=0x000000A4
[CALL-CHAIN] #781 f56 addr=0x8001A6C8 ra=0x80010EA4 sp=0x801FFEB0 a0=0x000000A4
[CALL-CHAIN] #782 f57 addr=0x80019844 ra=0x80010EA4 sp=0x801FFF00 a0=0x000000A4
[CALL-CHAIN] #783 f57 addr=0x8001A65C ra=0x800198F8 sp=0x801FFED0 a0=0x00000002
[CALL-CHAIN] #784 f57 addr=0x8001A65C ra=0x800198F8 sp=0x801FFED0 a0=0x00000002
[CALL-CHAIN] #785 f57 addr=0x8001A65C ra=0x800198F8 sp=0x801FFED0 a0=0x00000002
[CALL-CHAIN] #786 f57 addr=0x8001A65C ra=0x800198F8 sp=0x801FFED0 a0=0x00000002
[CALL-CHAIN] #787 f57 addr=0x8001A664 ra=0x80010EA4 sp=0x801FFF00 a0=0x00000001
[CALL-CHAIN] #788 f57 addr=0x8001A6C8 ra=0x80010EA4 sp=0x801FFEB0 a0=0x00000001
[CALL-CHAIN] #789 f57 addr=0x8001A664 ra=0x80010EA4 sp=0x801FFF00 a0=0x00000002
[CALL-CHAIN] #790 f57 addr=0x8001A6C8 ra=0x80010EA4 sp=0x801FFEB0 a0=0x00000002
[CALL-CHAIN] #791 f57 addr=0x8001A664 ra=0x80010EA4 sp=0x801FFF00 a0=0x000000A4
[CALL-CHAIN] #792 f57 addr=0x8001A6C8 ra=0x80010EA4 sp=0x801FFEB0 a0=0x000000A4
[CALL-CHAIN] #793 f58 addr=0x80019844 ra=0x80010EA4 sp=0x801FFF00 a0=0x000000A4
[CALL-CHAIN] #794 f58 addr=0x8001A65C ra=0x800198F8 sp=0x801FFED0 a0=0x00000002
[CALL-CHAIN] #795 f58 addr=0x8001A65C ra=0x800198F8 sp=0x801FFED0 a0=0x00000002
[CALL-CHAIN] #796 f58 addr=0x8001A65C ra=0x800198F8 sp=0x801FFED0 a0=0x00000002
[CALL-CHAIN] #797 f58 addr=0x8001A65C ra=0x800198F8 sp=0x801FFED0 a0=0x00000002
[CALL-CHAIN] #798 f58 addr=0x8001A664 ra=0x80010EA4 sp=0x801FFF00 a0=0x00000001
[CALL-CHAIN] #799 f58 addr=0x8001A6C8 ra=0x80010EA4 sp=0x801FFEB0 a0=0x00000001
[CALL-CHAIN] #800 f58 addr=0x8001A664 ra=0x80010EA4 sp=0x801FFF00 a0=0x00000002
[CALL-CHAIN] #801 f58 addr=0x8001A6C8 ra=0x80010EA4 sp=0x801FFEB0 a0=0x00000002
[CALL-CHAIN] #802 f58 addr=0x8001A664 ra=0x80010EA4 sp=0x801FFF00 a0=0x000000A4
[CALL-CHAIN] #803 f58 addr=0x8001A6C8 ra=0x80010EA4 sp=0x801FFEB0 a0=0x000000A4
[CALL-CHAIN] #804 f59 addr=0x80019844 ra=0x80010EA4 sp=0x801FFF00 a0=0x000000A4
[CALL-CHAIN] #805 f59 addr=0x8001A65C ra=0x800198F8 sp=0x801FFED0 a0=0x00000002
[CALL-CHAIN] #806 f59 addr=0x8001A65C ra=0x800198F8 sp=0x801FFED0 a0=0x00000002
[CALL-CHAIN] #807 f59 addr=0x8001A65C ra=0x800198F8 sp=0x801FFED0 a0=0x00000002
[CALL-CHAIN] #808 f59 addr=0x8001A65C ra=0x800198F8 sp=0x801FFED0 a0=0x00000002
[CALL-CHAIN] #809 f59 addr=0x8001A664 ra=0x80010EA4 sp=0x801FFF00 a0=0x00000001
[CALL-CHAIN] #810 f59 addr=0x8001A6C8 ra=0x80010EA4 sp=0x801FFEB0 a0=0x00000001
[CALL-CHAIN] #811 f59 addr=0x8001A664 ra=0x80010EA4 sp=0x801FFF00 a0=0x00000002
[CALL-CHAIN] #812 f59 addr=0x8001A6C8 ra=0x80010EA4 sp=0x801FFEB0 a0=0x00000002
[CALL-CHAIN] #813 f59 addr=0x8001A664 ra=0x80010EA4 sp=0x801FFF00 a0=0x000000A4
[CALL-CHAIN] #814 f59 addr=0x8001A6C8 ra=0x80010EA4 sp=0x801FFEB0 a0=0x000000A4
[frame 60]
[CALL-CHAIN] #815 f60 addr=0x80019844 ra=0x80010EA4 sp=0x801FFF00 a0=0x000000A4
[CALL-CHAIN] #816 f60 addr=0x8001A65C ra=0x800198F8 sp=0x801FFED0 a0=0x00000002
[CALL-CHAIN] #817 f60 addr=0x8001A65C ra=0x800198F8 sp=0x801FFED0 a0=0x00000002
[CALL-CHAIN] #818 f60 addr=0x8001A65C ra=0x800198F8 sp=0x801FFED0 a0=0x00000002
[CALL-CHAIN] #819 f60 addr=0x8001A65C ra=0x800198F8 sp=0x801FFED0 a0=0x00000002
[CALL-CHAIN] #820 f60 addr=0x8001A664 ra=0x80010EA4 sp=0x801FFF00 a0=0x00000001
[CALL-CHAIN] #821 f60 addr=0x8001A6C8 ra=0x80010EA4 sp=0x801FFEB0 a0=0x00000001
[CALL-CHAIN] #822 f60 addr=0x8001A664 ra=0x80010EA4 sp=0x801FFF00 a0=0x00000002
[CALL-CHAIN] #823 f60 addr=0x8001A6C8 ra=0x80010EA4 sp=0x801FFEB0 a0=0x00000002
[CALL-CHAIN] #824 f60 addr=0x8001A664 ra=0x80010EA4 sp=0x801FFF00 a0=0x000000A4
[CALL-CHAIN] #825 f60 addr=0x8001A6C8 ra=0x80010EA4 sp=0x801FFEB0 a0=0x000000A4
[CALL-CHAIN] #826 f61 addr=0x80019844 ra=0x80010EA4 sp=0x801FFF00 a0=0x000000A4
[CALL-CHAIN] #827 f61 addr=0x8001A65C ra=0x800198F8 sp=0x801FFED0 a0=0x00000002
[CALL-CHAIN] #828 f61 addr=0x8001A65C ra=0x800198F8 sp=0x801FFED0 a0=0x00000002
[CALL-CHAIN] #829 f61 addr=0x8001A65C ra=0x800198F8 sp=0x801FFED0 a0=0x00000002
[CALL-CHAIN] #830 f61 addr=0x8001A65C ra=0x800198F8 sp=0x801FFED0 a0=0x00000002
[CALL-CHAIN] #831 f61 addr=0x8001A664 ra=0x80010EA4 sp=0x801FFF00 a0=0x00000001
[CALL-CHAIN] #832 f61 addr=0x8001A6C8 ra=0x80010EA4 sp=0x801FFEB0 a0=0x00000001
[CALL-CHAIN] #833 f61 addr=0x8001A664 ra=0x80010EA4 sp=0x801FFF00 a0=0x00000002
[CALL-CHAIN] #834 f61 addr=0x8001A6C8 ra=0x80010EA4 sp=0x801FFEB0 a0=0x00000002
[CALL-CHAIN] #835 f61 addr=0x8001A664 ra=0x80010EA4 sp=0x801FFF00 a0=0x000000A4
[CALL-CHAIN] #836 f61 addr=0x8001A6C8 ra=0x80010EA4 sp=0x801FFEB0 a0=0x000000A4
[CALL-CHAIN] #837 f62 addr=0x80019844 ra=0x80010EA4 sp=0x801FFF00 a0=0x000000A4
[CALL-CHAIN] #838 f62 addr=0x8001A65C ra=0x800198F8 sp=0x801FFED0 a0=0x00000002
[CALL-CHAIN] #839 f62 addr=0x8001A65C ra=0x800198F8 sp=0x801FFED0 a0=0x00000002
[CALL-CHAIN] #840 f62 addr=0x8001A65C ra=0x800198F8 sp=0x801FFED0 a0=0x00000002
[CALL-CHAIN] #841 f62 addr=0x8001A65C ra=0x800198F8 sp=0x801FFED0 a0=0x00000002
[CALL-CHAIN] #842 f62 addr=0x8001A664 ra=0x80010EA4 sp=0x801FFF00 a0=0x00000001
[CALL-CHAIN] #843 f62 addr=0x8001A6C8 ra=0x80010EA4 sp=0x801FFEB0 a0=0x00000001
[CALL-CHAIN] #844 f62 addr=0x8001A664 ra=0x80010EA4 sp=0x801FFF00 a0=0x00000002
[CALL-CHAIN] #845 f62 addr=0x8001A6C8 ra=0x80010EA4 sp=0x801FFEB0 a0=0x00000002
[CALL-CHAIN] #846 f62 addr=0x8001A664 ra=0x80010EA4 sp=0x801FFF00 a0=0x000000A4
[CALL-CHAIN] #847 f62 addr=0x8001A6C8 ra=0x80010EA4 sp=0x801FFEB0 a0=0x000000A4
[CALL-CHAIN] #848 f63 addr=0x80019844 ra=0x80010EA4 sp=0x801FFF00 a0=0x000000A4
[CALL-CHAIN] #849 f63 addr=0x8001A65C ra=0x800198F8 sp=0x801FFED0 a0=0x00000002
[CALL-CHAIN] #850 f63 addr=0x8001A65C ra=0x800198F8 sp=0x801FFED0 a0=0x00000002
[CALL-CHAIN] #851 f63 addr=0x8001A65C ra=0x800198F8 sp=0x801FFED0 a0=0x00000002
[CALL-CHAIN] #852 f63 addr=0x8001A65C ra=0x800198F8 sp=0x801FFED0 a0=0x00000002
[CALL-CHAIN] #853 f63 addr=0x8001A664 ra=0x80010EA4 sp=0x801FFF00 a0=0x00000001
[CALL-CHAIN] #854 f63 addr=0x8001A6C8 ra=0x80010EA4 sp=0x801FFEB0 a0=0x00000001
[CALL-CHAIN] #855 f63 addr=0x8001A664 ra=0x80010EA4 sp=0x801FFF00 a0=0x00000002
[CALL-CHAIN] #856 f63 addr=0x8001A6C8 ra=0x80010EA4 sp=0x801FFEB0 a0=0x00000002
[CALL-CHAIN] #857 f63 addr=0x8001A664 ra=0x80010EA4 sp=0x801FFF00 a0=0x000000A4
[CALL-CHAIN] #858 f63 addr=0x8001A6C8 ra=0x80010EA4 sp=0x801FFEB0 a0=0x000000A4
[CALL-CHAIN] #859 f64 addr=0x80019844 ra=0x80010EA4 sp=0x801FFF00 a0=0x000000A4
[CALL-CHAIN] #860 f64 addr=0x8001A65C ra=0x800198F8 sp=0x801FFED0 a0=0x00000002
[CALL-CHAIN] #861 f64 addr=0x8001A65C ra=0x800198F8 sp=0x801FFED0 a0=0x00000002
[CALL-CHAIN] #862 f64 addr=0x8001A65C ra=0x800198F8 sp=0x801FFED0 a0=0x00000002
[CALL-CHAIN] #863 f64 addr=0x8001A65C ra=0x800198F8 sp=0x801FFED0 a0=0x00000002
[CALL-CHAIN] #864 f64 addr=0x8001A664 ra=0x80010EA4 sp=0x801FFF00 a0=0x00000001
[CALL-CHAIN] #865 f64 addr=0x8001A6C8 ra=0x80010EA4 sp=0x801FFEB0 a0=0x00000001
[CALL-CHAIN] #866 f64 addr=0x8001A664 ra=0x80010EA4 sp=0x801FFF00 a0=0x00000002
[CALL-CHAIN] #867 f64 addr=0x8001A6C8 ra=0x80010EA4 sp=0x801FFEB0 a0=0x00000002
[CALL-CHAIN] #868 f64 addr=0x8001A664 ra=0x80010EA4 sp=0x801FFF00 a0=0x000000A4
[CALL-CHAIN] #869 f64 addr=0x8001A6C8 ra=0x80010EA4 sp=0x801FFEB0 a0=0x000000A4
[CALL-CHAIN] #870 f65 addr=0x80019844 ra=0x80010EA4 sp=0x801FFF00 a0=0x000000A4
[CALL-CHAIN] #871 f65 addr=0x8001A65C ra=0x800198F8 sp=0x801FFED0 a0=0x00000002
[CALL-CHAIN] #872 f65 addr=0x8001A65C ra=0x800198F8 sp=0x801FFED0 a0=0x00000002
[CALL-CHAIN] #873 f65 addr=0x8001A65C ra=0x800198F8 sp=0x801FFED0 a0=0x00000002
[CALL-CHAIN] #874 f65 addr=0x8001A65C ra=0x800198F8 sp=0x801FFED0 a0=0x00000002
[CALL-CHAIN] #875 f65 addr=0x8001A664 ra=0x80010EA4 sp=0x801FFF00 a0=0x00000001
[CALL-CHAIN] #876 f65 addr=0x8001A6C8 ra=0x80010EA4 sp=0x801FFEB0 a0=0x00000001
[CALL-CHAIN] #877 f65 addr=0x8001A664 ra=0x80010EA4 sp=0x801FFF00 a0=0x00000002
[CALL-CHAIN] #878 f65 addr=0x8001A6C8 ra=0x80010EA4 sp=0x801FFEB0 a0=0x00000002
[CALL-CHAIN] #879 f65 addr=0x8001A664 ra=0x80010EA4 sp=0x801FFF00 a0=0x000000A4
[CALL-CHAIN] #880 f65 addr=0x8001A6C8 ra=0x80010EA4 sp=0x801FFEB0 a0=0x000000A4
[CALL-CHAIN] #881 f66 addr=0x80019844 ra=0x80010EA4 sp=0x801FFF00 a0=0x000000A4
[CALL-CHAIN] #882 f66 addr=0x8001A65C ra=0x800198F8 sp=0x801FFED0 a0=0x00000002
[CALL-CHAIN] #883 f66 addr=0x8001A65C ra=0x800198F8 sp=0x801FFED0 a0=0x00000002
[CALL-CHAIN] #884 f66 addr=0x8001A65C ra=0x800198F8 sp=0x801FFED0 a0=0x00000002
[CALL-CHAIN] #885 f66 addr=0x8001A65C ra=0x800198F8 sp=0x801FFED0 a0=0x00000002
[CALL-CHAIN] #886 f66 addr=0x8001A664 ra=0x80010EA4 sp=0x801FFF00 a0=0x00000001
[CALL-CHAIN] #887 f66 addr=0x8001A6C8 ra=0x80010EA4 sp=0x801FFEB0 a0=0x00000001
[CALL-CHAIN] #888 f66 addr=0x8001A664 ra=0x80010EA4 sp=0x801FFF00 a0=0x00000002
[CALL-CHAIN] #889 f66 addr=0x8001A6C8 ra=0x80010EA4 sp=0x801FFEB0 a0=0x00000002
[CALL-CHAIN] #890 f66 addr=0x8001A664 ra=0x80010EA4 sp=0x801FFF00 a0=0x000000A4
[CALL-CHAIN] #891 f66 addr=0x8001A6C8 ra=0x80010EA4 sp=0x801FFEB0 a0=0x000000A4
[CALL-CHAIN] #892 f67 addr=0x80019844 ra=0x80010EA4 sp=0x801FFF00 a0=0x000000A4
[CALL-CHAIN] #893 f67 addr=0x8001A65C ra=0x800198F8 sp=0x801FFED0 a0=0x00000002
[CALL-CHAIN] #894 f67 addr=0x8001A65C ra=0x800198F8 sp=0x801FFED0 a0=0x00000002
[CALL-CHAIN] #895 f67 addr=0x8001A65C ra=0x800198F8 sp=0x801FFED0 a0=0x00000002
[CALL-CHAIN] #896 f67 addr=0x8001A65C ra=0x800198F8 sp=0x801FFED0 a0=0x00000002
[CALL-CHAIN] #897 f67 addr=0x8001A664 ra=0x80010EA4 sp=0x801FFF00 a0=0x00000001
[CALL-CHAIN] #898 f67 addr=0x8001A6C8 ra=0x80010EA4 sp=0x801FFEB0 a0=0x00000001
[CALL-CHAIN] #899 f67 addr=0x8001A664 ra=0x80010EA4 sp=0x801FFF00 a0=0x00000002
[CALL-CHAIN] #900 f67 addr=0x8001A6C8 ra=0x80010EA4 sp=0x801FFEB0 a0=0x00000002
[CALL-CHAIN] #901 f67 addr=0x8001A664 ra=0x80010EA4 sp=0x801FFF00 a0=0x000000A4
[CALL-CHAIN] #902 f67 addr=0x8001A6C8 ra=0x80010EA4 sp=0x801FFEB0 a0=0x000000A4
[CALL-CHAIN] #903 f68 addr=0x80019844 ra=0x80010EA4 sp=0x801FFF00 a0=0x000000A4
[CALL-CHAIN] #904 f68 addr=0x8001A65C ra=0x800198F8 sp=0x801FFED0 a0=0x00000002
[CALL-CHAIN] #905 f68 addr=0x8001A65C ra=0x800198F8 sp=0x801FFED0 a0=0x00000002
[CALL-CHAIN] #906 f68 addr=0x8001A65C ra=0x800198F8 sp=0x801FFED0 a0=0x00000002
[CALL-CHAIN] #907 f68 addr=0x8001A65C ra=0x800198F8 sp=0x801FFED0 a0=0x00000002
[CALL-CHAIN] #908 f68 addr=0x8001A664 ra=0x80010EA4 sp=0x801FFF00 a0=0x00000001
[CALL-CHAIN] #909 f68 addr=0x8001A6C8 ra=0x80010EA4 sp=0x801FFEB0 a0=0x00000001
[CALL-CHAIN] #910 f68 addr=0x8001A664 ra=0x80010EA4 sp=0x801FFF00 a0=0x00000002
[CALL-CHAIN] #911 f68 addr=0x8001A6C8 ra=0x80010EA4 sp=0x801FFEB0 a0=0x00000002
[CALL-CHAIN] #912 f68 addr=0x8001A664 ra=0x80010EA4 sp=0x801FFF00 a0=0x000000A4
[CALL-CHAIN] #913 f68 addr=0x8001A6C8 ra=0x80010EA4 sp=0x801FFEB0 a0=0x000000A4
[CALL-CHAIN] #914 f69 addr=0x80019844 ra=0x80010EA4 sp=0x801FFF00 a0=0x000000A4
[CALL-CHAIN] #915 f69 addr=0x8001A65C ra=0x800198F8 sp=0x801FFED0 a0=0x00000002
[CALL-CHAIN] #916 f69 addr=0x8001A65C ra=0x800198F8 sp=0x801FFED0 a0=0x00000002
[CALL-CHAIN] #917 f69 addr=0x8001A65C ra=0x800198F8 sp=0x801FFED0 a0=0x00000002
[CALL-CHAIN] #918 f69 addr=0x8001A65C ra=0x800198F8 sp=0x801FFED0 a0=0x00000002
[CALL-CHAIN] #919 f69 addr=0x8001A664 ra=0x80010EA4 sp=0x801FFF00 a0=0x00000001
[CALL-CHAIN] #920 f69 addr=0x8001A6C8 ra=0x80010EA4 sp=0x801FFEB0 a0=0x00000001
[CALL-CHAIN] #921 f69 addr=0x8001A664 ra=0x80010EA4 sp=0x801FFF00 a0=0x00000002
[CALL-CHAIN] #922 f69 addr=0x8001A6C8 ra=0x80010EA4 sp=0x801FFEB0 a0=0x00000002
[CALL-CHAIN] #923 f69 addr=0x8001A664 ra=0x80010EA4 sp=0x801FFF00 a0=0x000000A4
[CALL-CHAIN] #924 f69 addr=0x8001A6C8 ra=0x80010EA4 sp=0x801FFEB0 a0=0x000000A4
[CALL-CHAIN] #925 f70 addr=0x80019844 ra=0x80010EA4 sp=0x801FFF00 a0=0x000000A4
[CALL-CHAIN] #926 f70 addr=0x8001A65C ra=0x800198F8 sp=0x801FFED0 a0=0x00000002
[CALL-CHAIN] #927 f70 addr=0x8001A65C ra=0x800198F8 sp=0x801FFED0 a0=0x00000002
[CALL-CHAIN] #928 f70 addr=0x8001A65C ra=0x800198F8 sp=0x801FFED0 a0=0x00000002
[CALL-CHAIN] #929 f70 addr=0x8001A65C ra=0x800198F8 sp=0x801FFED0 a0=0x00000002
[CALL-CHAIN] #930 f70 addr=0x8001A664 ra=0x80010EA4 sp=0x801FFF00 a0=0x00000001
[CALL-CHAIN] #931 f70 addr=0x8001A6C8 ra=0x80010EA4 sp=0x801FFEB0 a0=0x00000001
[CALL-CHAIN] #932 f70 addr=0x8001A664 ra=0x80010EA4 sp=0x801FFF00 a0=0x00000002
[CALL-CHAIN] #933 f70 addr=0x8001A6C8 ra=0x80010EA4 sp=0x801FFEB0 a0=0x00000002
[CALL-CHAIN] #934 f70 addr=0x8001A664 ra=0x80010EA4 sp=0x801FFF00 a0=0x000000A4
[CALL-CHAIN] #935 f70 addr=0x8001A6C8 ra=0x80010EA4 sp=0x801FFEB0 a0=0x000000A4
[CALL-CHAIN] #936 f71 addr=0x80019844 ra=0x80010EA4 sp=0x801FFF00 a0=0x000000A4
[CALL-CHAIN] #937 f71 addr=0x8001A65C ra=0x800198F8 sp=0x801FFED0 a0=0x00000002
[CALL-CHAIN] #938 f71 addr=0x8001A65C ra=0x800198F8 sp=0x801FFED0 a0=0x00000002
[CALL-CHAIN] #939 f71 addr=0x8001A65C ra=0x800198F8 sp=0x801FFED0 a0=0x00000002
[CALL-CHAIN] #940 f71 addr=0x8001A65C ra=0x800198F8 sp=0x801FFED0 a0=0x00000002
[CALL-CHAIN] #941 f71 addr=0x8001A664 ra=0x80010EA4 sp=0x801FFF00 a0=0x00000001
[CALL-CHAIN] #942 f71 addr=0x8001A6C8 ra=0x80010EA4 sp=0x801FFEB0 a0=0x00000001
[CALL-CHAIN] #943 f71 addr=0x8001A664 ra=0x80010EA4 sp=0x801FFF00 a0=0x00000002
[CALL-CHAIN] #944 f71 addr=0x8001A6C8 ra=0x80010EA4 sp=0x801FFEB0 a0=0x00000002
[CALL-CHAIN] #945 f71 addr=0x8001A664 ra=0x80010EA4 sp=0x801FFF00 a0=0x000000A4
[CALL-CHAIN] #946 f71 addr=0x8001A6C8 ra=0x80010EA4 sp=0x801FFEB0 a0=0x000000A4
[CALL-CHAIN] #947 f72 addr=0x80019844 ra=0x80010EA4 sp=0x801FFF00 a0=0x000000A4
[CALL-CHAIN] #948 f72 addr=0x8001A65C ra=0x800198F8 sp=0x801FFED0 a0=0x00000002
[CALL-CHAIN] #949 f72 addr=0x8001A65C ra=0x800198F8 sp=0x801FFED0 a0=0x00000002
[CALL-CHAIN] #950 f72 addr=0x8001A65C ra=0x800198F8 sp=0x801FFED0 a0=0x00000002
[CALL-CHAIN] #951 f72 addr=0x8001A65C ra=0x800198F8 sp=0x801FFED0 a0=0x00000002
[CALL-CHAIN] #952 f72 addr=0x8001A664 ra=0x80010EA4 sp=0x801FFF00 a0=0x00000001
[CALL-CHAIN] #953 f72 addr=0x8001A6C8 ra=0x80010EA4 sp=0x801FFEB0 a0=0x00000001
[CALL-CHAIN] #954 f72 addr=0x8001A664 ra=0x80010EA4 sp=0x801FFF00 a0=0x00000002
[CALL-CHAIN] #955 f72 addr=0x8001A6C8 ra=0x80010EA4 sp=0x801FFEB0 a0=0x00000002
[CALL-CHAIN] #956 f72 addr=0x8001A664 ra=0x80010EA4 sp=0x801FFF00 a0=0x000000A4
[CALL-CHAIN] #957 f72 addr=0x8001A6C8 ra=0x80010EA4 sp=0x801FFEB0 a0=0x000000A4
[CALL-CHAIN] #958 f73 addr=0x80019844 ra=0x80010EA4 sp=0x801FFF00 a0=0x000000A4
[CALL-CHAIN] #959 f73 addr=0x8001A65C ra=0x800198F8 sp=0x801FFED0 a0=0x00000002
[CALL-CHAIN] #960 f73 addr=0x8001A65C ra=0x800198F8 sp=0x801FFED0 a0=0x00000002
[CALL-CHAIN] #961 f73 addr=0x8001A65C ra=0x800198F8 sp=0x801FFED0 a0=0x00000002
[CALL-CHAIN] #962 f73 addr=0x8001A65C ra=0x800198F8 sp=0x801FFED0 a0=0x00000002
[CALL-CHAIN] #963 f73 addr=0x8001A664 ra=0x80010EA4 sp=0x801FFF00 a0=0x00000001
[CALL-CHAIN] #964 f73 addr=0x8001A6C8 ra=0x80010EA4 sp=0x801FFEB0 a0=0x00000001
[CALL-CHAIN] #965 f73 addr=0x8001A664 ra=0x80010EA4 sp=0x801FFF00 a0=0x00000002
[CALL-CHAIN] #966 f73 addr=0x8001A6C8 ra=0x80010EA4 sp=0x801FFEB0 a0=0x00000002
[CALL-CHAIN] #967 f73 addr=0x8001A664 ra=0x80010EA4 sp=0x801FFF00 a0=0x000000A4
[CALL-CHAIN] #968 f73 addr=0x8001A6C8 ra=0x80010EA4 sp=0x801FFEB0 a0=0x000000A4
[CALL-CHAIN] #969 f74 addr=0x80019844 ra=0x80010EA4 sp=0x801FFF00 a0=0x000000A4
[CALL-CHAIN] #970 f74 addr=0x8001A65C ra=0x800198F8 sp=0x801FFED0 a0=0x00000002
[CALL-CHAIN] #971 f74 addr=0x8001A65C ra=0x800198F8 sp=0x801FFED0 a0=0x00000002
[CALL-CHAIN] #972 f74 addr=0x8001A65C ra=0x800198F8 sp=0x801FFED0 a0=0x00000002
[CALL-CHAIN] #973 f74 addr=0x8001A65C ra=0x800198F8 sp=0x801FFED0 a0=0x00000002
[CALL-CHAIN] #974 f74 addr=0x8001A664 ra=0x80010EA4 sp=0x801FFF00 a0=0x00000001
[CALL-CHAIN] #975 f74 addr=0x8001A6C8 ra=0x80010EA4 sp=0x801FFEB0 a0=0x00000001
[CALL-CHAIN] #976 f74 addr=0x8001A664 ra=0x80010EA4 sp=0x801FFF00 a0=0x00000002
[CALL-CHAIN] #977 f74 addr=0x8001A6C8 ra=0x80010EA4 sp=0x801FFEB0 a0=0x00000002
[CALL-CHAIN] #978 f74 addr=0x8001A664 ra=0x80010EA4 sp=0x801FFF00 a0=0x000000A4
[CALL-CHAIN] #979 f74 addr=0x8001A6C8 ra=0x80010EA4 sp=0x801FFEB0 a0=0x000000A4
[CALL-CHAIN] #980 f75 addr=0x80019844 ra=0x80010EA4 sp=0x801FFF00 a0=0x000000A4
[CALL-CHAIN] #981 f75 addr=0x8001A65C ra=0x800198F8 sp=0x801FFED0 a0=0x00000002
[CALL-CHAIN] #982 f75 addr=0x8001A65C ra=0x800198F8 sp=0x801FFED0 a0=0x00000002
[CALL-CHAIN] #983 f75 addr=0x8001A65C ra=0x800198F8 sp=0x801FFED0 a0=0x00000002
[CALL-CHAIN] #984 f75 addr=0x8001A65C ra=0x800198F8 sp=0x801FFED0 a0=0x00000002
[CALL-CHAIN] #985 f75 addr=0x8001A664 ra=0x80010EA4 sp=0x801FFF00 a0=0x00000001
[CALL-CHAIN] #986 f75 addr=0x8001A6C8 ra=0x80010EA4 sp=0x801FFEB0 a0=0x00000001
[CALL-CHAIN] #987 f75 addr=0x8001A664 ra=0x80010EA4 sp=0x801FFF00 a0=0x00000002
[CALL-CHAIN] #988 f75 addr=0x8001A6C8 ra=0x80010EA4 sp=0x801FFEB0 a0=0x00000002
[CALL-CHAIN] #989 f75 addr=0x8001A664 ra=0x80010EA4 sp=0x801FFF00 a0=0x000000A4
[CALL-CHAIN] #990 f75 addr=0x8001A6C8 ra=0x80010EA4 sp=0x801FFEB0 a