[Launcher] Disc: C:\Users\Leona\Documents\GitHub\psxrecomp\CastlevaniaRecomp\isos\Castlevania - Symphony of the Night (USA).cue
=== PSXRecomp v2 ===
EXE: C:\Users\Leona\Documents\GitHub\psxrecomp\CastlevaniaRecomp\isos\SLUS_000.67
CUE: C:\Users\Leona\Documents\GitHub\psxrecomp\CastlevaniaRecomp\isos\Castlevania - Symphony of the Night (USA).cue

[KeyConfig] Loading from C:/Users/Leona/Documents/GitHub/psxrecomp/CastlevaniaRecomp/build/keyconfig.ini
[XA] Volume set to 50%
[KeyConfig] UP=265 DOWN=264 CROSS=83 START=257
[XA] Opened C:\Users\Leona\Documents\GitHub\psxrecomp\CastlevaniaRecomp\isos\Castlevania - Symphony of the Night (USA) (Track 1).bin
[XA] WAV capture: C:/temp/xa_capture.wav (up to 30s)
[XA] Audio ready (decode 37800 Hz → waveOut 44100 Hz)
[FMV] Opened C:\Users\Leona\Documents\GitHub\psxrecomp\CastlevaniaRecomp\isos\Castlevania - Symphony of the Night (USA) (Track 1).bin
[SPU] Initialised — 24 voices, 44100 Hz stereo
Detected PS-X header, skipping 2048 bytes
Loaded 561152 bytes
Loaded into PS1 RAM at 0x80010000
[OpenGLRenderer] Initialize() called
[OpenGLRenderer] InitializeWindow() - Creating GLFW window...
[OpenGLRenderer] GLFW window created successfully (960x720)
[OpenGLRenderer] InitializeOpenGL() - Loading OpenGL functions...
[OpenGLRenderer] OpenGL initialized successfully!
[OpenGLRenderer]   Version:  3.3.0 - Build 31.0.101.5522
[OpenGLRenderer]   Renderer: Intel(R) Iris(R) Xe Graphics
[OpenGLRenderer]   Vendor:   Intel
[OpenGLRenderer] OpenGL 3.3 Core Profile ready
[OpenGLRenderer] InitializeShaders() - Compiling shaders...
[OpenGLRenderer]   - Primitive shader compiled (program ID: 3)
[OpenGLRenderer]   - Textured shader compiled (program ID: 4)
[OpenGLRenderer]   - Fill shader compiled (program ID: 5)
[OpenGLRenderer]   - Copy shader compiled (program ID: 6)
[OpenGLRenderer] All 4 shaders compiled successfully!
[OpenGLRenderer] InitializeBuffers() - Creating VAO and VBO...
[OpenGLRenderer] VAO and VBO created (max 4096 vertices per batch)
[OpenGLRenderer] InitializeVRAM() - Creating VRAM texture and FBO...
[OpenGLRenderer] VRAM texture created (1024x512, RGB5A1, 1024 KB)
[OpenGLRenderer] VRAM FBO created and verified (complete)
[OpenGLRenderer] Initialization complete!
Renderer ready

Calling entry point 0x80010DF4...
[BLACKSCREEN][BOOT-CALL] #1 addr=0x80010DF4 kseg0=0x80010DF4 ra=0x00000000 sp=0x801FFF00 f=0
[BLACKSCREEN][PROBE] dynamic probe enabled for 'Castlevania Recomp'
[BLACKSCREEN][CALL] enter #1 addr=0x80010DF4 kseg0=0x80010DF4 ra=0x00000000 sp=0x801FFF00 f=0
[OVERRIDE] runtime overrides: tomba=0 castlevania=1 for 'Castlevania Recomp'
[OVERRIDE] castlevania timer helper override=1 (env PSX_CASTLE_TIMER_OVERRIDE) 15308_override=1 (env PSX_CASTLE_15308_OVERRIDE)
[OVERRIDE] castlevania boot unblock override=0 (env PSX_CASTLE_BOOT_UNBLOCK)
[BLACKSCREEN][INIT] timer ptrs mode=default c2a8=0x1F801814 c2ac=0x1F801110
[BLACKSCREEN][CALL] stage=before_overlay #1 addr=0x80010DF4 ra=0x00000000 f=0
[BLACKSCREEN][CALL] stage=before_inbinary #1 addr=0x80010DF4 ra=0x00000000 f=0
[BLACKSCREEN][CALL] route=interp #1 addr=0x80010DF4 ra=0x00000000 f=0
[BLACKSCREEN][INTERP] enter start=0x80010DF4 instr0=0x03E00008 a0=0x00000000 ra=0x00000000 sp=0x801FFF00 f=0
[BLACKSCREEN][INTERP] start=0x80010DF4 end=0x80010DF4 steps=1 reason=invalid_target target=0x00000000 a0=0x00000000 ra=0x00000000 sp=0x801FFF00 f=0
Entry point returned.
[BLACKSCREEN] Manual display bootstrap disabled by env PSX_BLACKSCREEN_MANUAL_DISPLAY_ENTRY=off
[BLACKSCREEN] Entry 0x80010DF4 returned immediately; trying bootstrap entry 0x80010DFC
[BLACKSCREEN][BOOT-CALL] #2 addr=0x80010DFC kseg0=0x80010DFC ra=0x00000000 sp=0x801FFF00 f=0
[BLACKSCREEN][CALL] enter #2 addr=0x80010DFC kseg0=0x80010DFC ra=0x00000000 sp=0x801FFF00 f=0
[BLACKSCREEN][CALL] stage=before_overlay #2 addr=0x80010DFC ra=0x00000000 f=0
[BLACKSCREEN][CALL] stage=before_inbinary #2 addr=0x80010DFC ra=0x00000000 f=0
[BLACKSCREEN][CALL] route=interp #2 addr=0x80010DFC ra=0x00000000 f=0
[BLACKSCREEN][INTERP] enter start=0x80010DFC instr0=0x3C028003 a0=0x00000000 ra=0x00000000 sp=0x801FFF00 f=0
[BLACKSCREEN][BOOT-CALL] #3 addr=0x80015138 kseg0=0x80015138 ra=0x80010E90 sp=0x80200000 f=0
[BLACKSCREEN][INTERP] enter start=0x80015138 instr0=0x240A00A0 a0=0x800988A4 ra=0x80010E90 sp=0x80200000 f=0
[BLACKSCREEN][BOOT-CALL] #4 addr=0x000000A0 kseg0=0x800000A0 ra=0x80010E90 sp=0x80200000 f=0
[BLACKSCREEN][BIOS-A0] #1 fn=0x39 a0=0x800988A4 a1=0x0015F760 a2=0x00000000 ra=0x80010E90 sp=0x80200000 f=0
[BLACKSCREEN][INTERP] start=0x80015138 end=0x8001513C steps=2 reason=bios_return target=0x000000A0 ra=0x80010E90 sp=0x80200000 f=0
[BLACKSCREEN][BOOT-CALL] #5 addr=0x80010EB8 kseg0=0x80010EB8 ra=0x80010EA4 sp=0x80200000 f=0
[BLACKSCREEN][BOOT-CALL] #6 addr=0x80010DF4 kseg0=0x80010DF4 ra=0x80010EC8 sp=0x801FFFE8 f=0
[BLACKSCREEN][CALL] enter #3 addr=0x80010DF4 kseg0=0x80010DF4 ra=0x80010EC8 sp=0x801FFFE8 f=0
[BLACKSCREEN][CALL] stage=before_overlay #3 addr=0x80010DF4 ra=0x80010EC8 f=0
[BLACKSCREEN][CALL] stage=before_inbinary #3 addr=0x80010DF4 ra=0x80010EC8 f=0
[BLACKSCREEN][CALL] route=interp #3 addr=0x80010DF4 ra=0x80010EC8 f=0
[BLACKSCREEN][INTERP] enter start=0x80010DF4 instr0=0x03E00008 a0=0x00000000 ra=0x80010EC8 sp=0x801FFFE8 f=0
[BLACKSCREEN][INTERP] start=0x80010DF4 end=0x80010DF4 steps=1 reason=jr_ra target=0x80010EC8 ra=0x80010EC8 sp=0x801FFFE8 f=0
[BLACKSCREEN][BOOT-CALL] #7 addr=0x800154FC kseg0=0x800154FC ra=0x80010ED0 sp=0x801FFFE8 f=0
[BLACKSCREEN][INTERP] enter start=0x800154FC instr0=0x3C028003 a0=0x00000000 ra=0x80010ED0 sp=0x801FFFE8 f=0
[BLACKSCREEN][BOOT-CALL] #8 addr=0x80015694 kseg0=0x80015694 ra=0x8001551C sp=0x801FFFD0 f=0
[BLACKSCREEN][INTERP] start=0x800154FC end=0x80015524 steps=10 reason=jr_ra target=0x80010ED0 ra=0x80010ED0 sp=0x801FFFE8 f=0
[BLACKSCREEN][BOOT-CALL] #9 addr=0x80015138 kseg0=0x80015138 ra=0x80010EDC sp=0x801FFFE8 f=0
[BLACKSCREEN][INTERP] enter start=0x80015138 instr0=0x240A00A0 a0=0x801F0000 ra=0x80010EDC sp=0x801FFFE8 f=0
[BLACKSCREEN][BOOT-CALL] #10 addr=0x000000A0 kseg0=0x800000A0 ra=0x80010EDC sp=0x801FFFE8 f=0
[BLACKSCREEN][BIOS-A0] #2 fn=0x39 a0=0x801F0000 a1=0x00007800 a2=0x00000080 ra=0x80010EDC sp=0x801FFFE8 f=0
[BLACKSCREEN][INTERP] start=0x80015138 end=0x8001513C steps=2 reason=bios_return target=0x000000A0 ra=0x80010EDC sp=0x801FFFE8 f=0
[BLACKSCREEN][BOOT-CALL] #11 addr=0x8001930C kseg0=0x8001930C ra=0x80010EE4 sp=0x801FFFE8 f=0
[BLACKSCREEN][INTERP] enter start=0x8001930C instr0=0x27BDFFE8 a0=0x801F0000 ra=0x80010EE4 sp=0x801FFFE8 f=0
[BLACKSCREEN][BOOT-CALL] #12 addr=0x80019464 kseg0=0x80019464 ra=0x80019324 sp=0x801FFFD0 f=0
[BLACKSCREEN][BOOT-CALL] #13 addr=0x800195B0 kseg0=0x800195B0 ra=0x80019340 sp=0x801FFFD0 f=0
[BLACKSCREEN][BOOT-CALL] #14 addr=0x800195C8 kseg0=0x800195C8 ra=0x80019350 sp=0x801FFFD0 f=0
[BLACKSCREEN][BOOT-CALL] #15 addr=0x8001C254 kseg0=0x8001C254 ra=0x80019360 sp=0x801FFFD0 f=0
[BLACKSCREEN][BOOT-CALL] #16 addr=0x80019388 kseg0=0x80019388 ra=0x80019360 sp=0x801FFFD0 f=0
[BLACKSCREEN][INTERP] start=0x8001930C end=0x80019360 steps=17 reason=tail_to_compiled target=0x80019388 ra=0x80010EE4 sp=0x801FFFE8 f=0
[BLACKSCREEN][BOOT-CALL] #17 addr=0x80015188 kseg0=0x80015188 ra=0x80010F00 sp=0x801FFFE8 f=0
[BLACKSCREEN][INTERP] enter start=0x80015188 instr0=0x240A00B0 a0=0x80010000 ra=0x80010F00 sp=0x801FFFE8 f=0
[BLACKSCREEN][BOOT-CALL] #18 addr=0x000000B0 kseg0=0x800000B0 ra=0x80010F00 sp=0x801FFFE8 f=0
[BLACKSCREEN][BIOS-B0] #1 fn=0x32 a0=0x80010000 a1=0x00000001 a2=0x00000080 ra=0x80010F00 sp=0x801FFFE8 f=0
[MEMCARD open] bad path a0=0x80010000 flags=0x00001 path='sim:c:\bin\dra.bin'
[MEMCARD open] fallback non-bu open -> fake fd=100 path='sim:c:\bin\dra.bin' data=1153136
[BLACKSCREEN][INTERP] start=0x80015188 end=0x8001518C steps=2 reason=bios_return target=0x000000B0 ra=0x80010F00 sp=0x801FFFE8 f=0
[BLACKSCREEN][BOOT-CALL] #19 addr=0x800151A8 kseg0=0x800151A8 ra=0x80010F50 sp=0x801FFFE8 f=0
[BLACKSCREEN][INTERP] enter start=0x800151A8 instr0=0x240A00B0 a0=0x00000064 ra=0x80010F50 sp=0x801FFFE8 f=0
[BLACKSCREEN][BOOT-CALL] #20 addr=0x000000B0 kseg0=0x800000B0 ra=0x80010F50 sp=0x801FFFE8 f=0
[BLACKSCREEN][BIOS-B0] #2 fn=0x34 a0=0x00000064 a1=0x800A0000 a2=0x00130000 ra=0x80010F50 sp=0x801FFFE8 f=0
[MEMCARD read] fd=100 buf=0x800A0000 len=1245184 ra=0x80010F50
[BLACKSCREEN][INTERP] start=0x800151A8 end=0x800151AC steps=2 reason=bios_return target=0x000000B0 ra=0x80010F50 sp=0x801FFFE8 f=0
[BLACKSCREEN][BOOT-CALL] #21 addr=0x800151C8 kseg0=0x800151C8 ra=0x80010F60 sp=0x801FFFE8 f=0
[BLACKSCREEN][INTERP] enter start=0x800151C8 instr0=0x240A00B0 a0=0x00000064 ra=0x80010F60 sp=0x801FFFE8 f=0
[BLACKSCREEN][BOOT-CALL] #22 addr=0x000000B0 kseg0=0x800000B0 ra=0x80010F60 sp=0x801FFFE8 f=0
[BLACKSCREEN][BIOS-B0] #3 fn=0x36 a0=0x00000064 a1=0x800A0000 a2=0x00130000 ra=0x80010F60 sp=0x801FFFE8 f=0
[MEMCARD close] fd=100 ra=0x80010F60
[BLACKSCREEN][INTERP] start=0x800151C8 end=0x800151CC steps=2 reason=bios_return target=0x000000B0 ra=0x80010F60 sp=0x801FFFE8 f=0
[BLACKSCREEN][BOOT-CALL] #23 addr=0x80015188 kseg0=0x80015188 ra=0x80010F78 sp=0x801FFFE8 f=0
[BLACKSCREEN][INTERP] enter start=0x80015188 instr0=0x240A00B0 a0=0x80010014 ra=0x80010F78 sp=0x801FFFE8 f=0
[BLACKSCREEN][BOOT-CALL] #24 addr=0x000000B0 kseg0=0x800000B0 ra=0x80010F78 sp=0x801FFFE8 f=0
[BLACKSCREEN][BIOS-B0] #4 fn=0x32 a0=0x80010014 a1=0x00000001 a2=0x00130000 ra=0x80010F78 sp=0x801FFFE8 f=0
[MEMCARD open] bad path a0=0x80010014 flags=0x00001 path='sim:c:\bin\dra.bio'
[MEMCARD open] fallback non-bu open -> fake fd=101 path='sim:c:\bin\dra.bio' data=1153136
[BLACKSCREEN][INTERP] start=0x80015188 end=0x8001518C steps=2 reason=bios_return target=0x000000B0 ra=0x80010F78 sp=0x801FFFE8 f=0
[BLACKSCREEN][BOOT-CALL] #25 addr=0x80015188 kseg0=0x80015188 ra=0x80010FA0 sp=0x801FFFE8 f=0
[BLACKSCREEN][INTERP] enter start=0x80015188 instr0=0x240A00B0 a0=0x80010028 ra=0x80010FA0 sp=0x801FFFE8 f=0
[BLACKSCREEN][BOOT-CALL] #26 addr=0x000000B0 kseg0=0x800000B0 ra=0x80010FA0 sp=0x801FFFE8 f=0
[BLACKSCREEN][BIOS-B0] #5 fn=0x32 a0=0x80010028 a1=0x00000001 a2=0x00130000 ra=0x80010FA0 sp=0x801FFFE8 f=0
[MEMCARD open] bad path a0=0x80010028 flags=0x00001 path='sim:c:\bin\f_map.bin'
[MEMCARD open] fallback non-bu open -> fake fd=102 path='sim:c:\bin\f_map.bin' data=32768
[BLACKSCREEN][INTERP] start=0x80015188 end=0x8001518C steps=2 reason=bios_return target=0x000000B0 ra=0x80010FA0 sp=0x801FFFE8 f=0
[BLACKSCREEN][BOOT-CALL] #27 addr=0x800151A8 kseg0=0x800151A8 ra=0x80010FBC sp=0x801FFFE8 f=0
[BLACKSCREEN][INTERP] enter start=0x800151A8 instr0=0x240A00B0 a0=0x00000066 ra=0x80010FBC sp=0x801FFFE8 f=0
[BLACKSCREEN][BOOT-CALL] #28 addr=0x000000B0 kseg0=0x800000B0 ra=0x80010FBC sp=0x801FFFE8 f=0
[BLACKSCREEN][BIOS-B0] #6 fn=0x34 a0=0x00000066 a1=0x801E0000 a2=0x00008000 ra=0x80010FBC sp=0x801FFFE8 f=0
[MEMCARD read] fd=102 buf=0x801E0000 len=32768 ra=0x80010FBC
[BLACKSCREEN][INTERP] start=0x800151A8 end=0x800151AC steps=2 reason=bios_return target=0x000000B0 ra=0x80010FBC sp=0x801FFFE8 f=0
[BLACKSCREEN][BOOT-CALL] #29 addr=0x800151C8 kseg0=0x800151C8 ra=0x80010FCC sp=0x801FFFE8 f=0
[BLACKSCREEN][INTERP] enter start=0x800151C8 instr0=0x240A00B0 a0=0x00000066 ra=0x80010FCC sp=0x801FFFE8 f=0
[BLACKSCREEN][BOOT-CALL] #30 addr=0x000000B0 kseg0=0x800000B0 ra=0x80010FCC sp=0x801FFFE8 f=0
[BLACKSCREEN][BIOS-B0] #7 fn=0x36 a0=0x00000066 a1=0x801E0000 a2=0x00008000 ra=0x80010FCC sp=0x801FFFE8 f=0
[MEMCARD close] fd=102 ra=0x80010FCC
[BLACKSCREEN][INTERP] start=0x800151C8 end=0x800151CC steps=2 reason=bios_return target=0x000000B0 ra=0x80010FCC sp=0x801FFFE8 f=0
[BLACKSCREEN][INTERP-LOCALJ] start=0x80010DFC pc=0x80010FCC target=0x80011104 sp=0x801FFFE8 ra=0x80010FCC f=0
[BLACKSCREEN][BOOT-CALL] #31 addr=0x8001603C kseg0=0x8001603C ra=0x800E39A4 sp=0x801FFFC0 f=0
[BLACKSCREEN][BOOT-CALL] #32 addr=0x80015238 kseg0=0x80015238 ra=0x800E8E00 sp=0x801FFFA8 f=0
[BLACKSCREEN][BOOT-CALL] #33 addr=0x80016A2C kseg0=0x80016A2C ra=0x800E39B4 sp=0x801FFFC0 f=0
[BLACKSCREEN][BOOT-CALL] #34 addr=0x000000B0 kseg0=0x800000B0 ra=0x800E39B4 sp=0x801FFFC0 f=0
[BLACKSCREEN][BIOS-B0] #8 fn=0x4A a0=0x00000001 a1=0x00000002 a2=0x00008000 ra=0x800E39B4 sp=0x801FFFC0 f=0
[BLACKSCREEN][BOOT-CALL] #35 addr=0x80016A3C kseg0=0x80016A3C ra=0x800E39BC sp=0x801FFFC0 f=0
[BLACKSCREEN][BOOT-CALL] #36 addr=0x000000B0 kseg0=0x800000B0 ra=0x800E39BC sp=0x801FFFC0 f=0
[BLACKSCREEN][BIOS-B0] #9 fn=0x4B a0=0x00000001 a1=0x00000002 a2=0x00008000 ra=0x800E39BC sp=0x801FFFC0 f=0
[BLACKSCREEN][BOOT-CALL] #37 addr=0x80015178 kseg0=0x80015178 ra=0x800E39C4 sp=0x801FFFC0 f=0
[BLACKSCREEN][BOOT-CALL] #38 addr=0x000000A0 kseg0=0x800000A0 ra=0x800E39C4 sp=0x801FFFC0 f=0
[BLACKSCREEN][BIOS-A0] #3 fn=0x70 a0=0x00000001 a1=0x00000002 a2=0x00008000 ra=0x800E39C4 sp=0x801FFFC0 f=0
[BLACKSCREEN][BOOT-CALL] #39 addr=0x80015228 kseg0=0x80015228 ra=0x800E39CC sp=0x801FFFC0 f=0
[BLACKSCREEN][BOOT-CALL] #40 addr=0x80015C4C kseg0=0x80015C4C ra=0x800E8EF4 sp=0x801FFFA8 f=0
[BLACKSCREEN][BOOT-CALL] #41 addr=0x800271C8 kseg0=0x800271C8 ra=0x800E8F0C sp=0x801FFFA8 f=0
[BLACKSCREEN][BOOT-CALL] #42 addr=0x800271C8 kseg0=0x800271C8 ra=0x800E8F2C sp=0x801FFFA8 f=0
[BLACKSCREEN][BOOT-CALL] #43 addr=0x800271C8 kseg0=0x800271C8 ra=0x800E8F4C sp=0x801FFFA8 f=0
[BLACKSCREEN][BOOT-CALL] #44 addr=0x800271C8 kseg0=0x800271C8 ra=0x800E8F6C sp=0x801FFFA8 f=0
[BLACKSCREEN][BOOT-CALL] #45 addr=0x800271C8 kseg0=0x800271C8 ra=0x800E8F8C sp=0x801FFFA8 f=0
[BLACKSCREEN][BOOT-CALL] #46 addr=0x800271C8 kseg0=0x800271C8 ra=0x800E8FAC sp=0x801FFFA8 f=0
[BLACKSCREEN][BOOT-CALL] #47 addr=0x800271C8 kseg0=0x800271C8 ra=0x800E8FCC sp=0x801FFFA8 f=0
[BLACKSCREEN][BOOT-CALL] #48 addr=0x800271C8 kseg0=0x800271C8 ra=0x800E8FEC sp=0x801FFFA8 f=0
[BLACKSCREEN][BOOT-CALL] #49 addr=0x80015C5C kseg0=0x80015C5C ra=0x800E8FFC sp=0x801FFFA8 f=0
[BLACKSCREEN][BOOT-CALL] #50 addr=0x800271D8 kseg0=0x800271D8 ra=0x800E900C sp=0x801FFFA8 f=0
[BLACKSCREEN][BOOT-CALL] #51 addr=0x800271D8 kseg0=0x800271D8 ra=0x800E901C sp=0x801FFFA8 f=0
[BLACKSCREEN][BOOT-CALL] #52 addr=0x800271D8 kseg0=0x800271D8 ra=0x800E902C sp=0x801FFFA8 f=0
[BLACKSCREEN][BOOT-CALL] #53 addr=0x800271D8 kseg0=0x800271D8 ra=0x800E903C sp=0x801FFFA8 f=0
[BLACKSCREEN][BOOT-CALL] #54 addr=0x800271D8 kseg0=0x800271D8 ra=0x800E904C sp=0x801FFFA8 f=0
[BLACKSCREEN][BOOT-CALL] #55 addr=0x800271D8 kseg0=0x800271D8 ra=0x800E905C sp=0x801FFFA8 f=0
[BLACKSCREEN][BOOT-CALL] #56 addr=0x800271D8 kseg0=0x800271D8 ra=0x800E906C sp=0x801FFFA8 f=0
[BLACKSCREEN][BOOT-CALL] #57 addr=0x800271D8 kseg0=0x800271D8 ra=0x800E907C sp=0x801FFFA8 f=0
[BLACKSCREEN][BOOT-CALL] #58 addr=0x80012434 kseg0=0x80012434 ra=0x800E39DC sp=0x801FFFC0 f=0
[BLACKSCREEN][BOOT-CALL] #59 addr=0x800154FC kseg0=0x800154FC ra=0x80012484 sp=0x801FFFA8 f=0
[BLACKSCREEN][INTERP] enter start=0x800154FC instr0=0x3C028003 a0=0x00000000 ra=0x80012484 sp=0x801FFFA8 f=0
[BLACKSCREEN][BOOT-CALL] #60 addr=0x80015694 kseg0=0x80015694 ra=0x8001551C sp=0x801FFF90 f=0
[BLACKSCREEN][INTERP] start=0x800154FC end=0x80015524 steps=10 reason=jr_ra target=0x80012484 ra=0x80012484 sp=0x801FFFA8 f=0
[BLACKSCREEN][BOOT-CALL] #61 addr=0x80014BD8 kseg0=0x80014BD8 ra=0x800124A0 sp=0x801FFFA8 f=0
[BLACKSCREEN][GPU-EVENT] #1 kind=GP1 value=0x00000000 aux0=0x00000000 aux1=0x00000000 ra=0x800124A0 sp=0x801FFF88 f=0
[BLACKSCREEN][GPU-EVENT] chain 0x80014BD8 0x80014BD8 0x80015694 0x80015694 0x800154FC 0x800154FC 0x80012434 0x80012434 0x800271D8 0x800271D8
[BLACKSCREEN][MMIO] GP1 write #1 value=0x00000000 ra=0x800124A0 sp=0x801FFF88 f=0
[BLACKSCREEN][GPU-EVENT] #2 kind=DMA2_CHCR value=0x1F801814 aux0=0x00000000 aux1=0x00000000 ra=0x800124A0 sp=0x801FFF88 f=0
[BLACKSCREEN][GPU-EVENT] chain 0x80014BD8 0x80014BD8 0x80015694 0x80015694 0x800154FC 0x800154FC 0x80012434 0x80012434 0x800271D8 0x800271D8
[BLACKSCREEN][MMIO] DMA2 CHCR #1 value=0x1F801814 sync=0 dir=0 madr=0x00000000 bcr=0x00000000 ra=0x800124A0 f=0
[BLACKSCREEN][GPU-EVENT] #3 kind=GP1 value=0x02000000 aux0=0x00000000 aux1=0x00000000 ra=0x800124A0 sp=0x801FFF88 f=0
[BLACKSCREEN][GPU-EVENT] chain 0x80014BD8 0x80014BD8 0x80015694 0x80015694 0x800154FC 0x800154FC 0x80012434 0x80012434 0x800271D8 0x800271D8
[BLACKSCREEN][MMIO] GP1 write #2 value=0x02000000 ra=0x800124A0 sp=0x801FFF88 f=0
[BLACKSCREEN][GPU-EVENT] #4 kind=GP1 value=0x01000000 aux0=0x00000000 aux1=0x00000000 ra=0x800124A0 sp=0x801FFF88 f=0
[BLACKSCREEN][GPU-EVENT] chain 0x80014BD8 0x80014BD8 0x80015694 0x80015694 0x800154FC 0x800154FC 0x80012434 0x80012434 0x800271D8 0x800271D8
[BLACKSCREEN][MMIO] GP1 write #3 value=0x01000000 ra=0x800124A0 sp=0x801FFF88 f=0
[BLACKSCREEN][GPU-EVENT] #5 kind=GP0 value=0xE1001000 aux0=0x00000000 aux1=0x00000000 ra=0x800124A0 sp=0x801FFF88 f=0
[BLACKSCREEN][GPU-EVENT] chain 0x80014BD8 0x80014BD8 0x80015694 0x80015694 0x800154FC 0x800154FC 0x80012434 0x80012434 0x800271D8 0x800271D8
[BLACKSCREEN][MMIO] GP0 write #1 value=0xE1001000 ra=0x800124A0 sp=0x801FFF88 f=0
[BLACKSCREEN][BOOT-CALL] #62 addr=0x80015168 kseg0=0x80015168 ra=0x800124C0 sp=0x801FFFA8 f=0
[BLACKSCREEN][BOOT-CALL] #63 addr=0x8001250C kseg0=0x8001250C ra=0x800124C0 sp=0x801FFFA8 f=0
[BLACKSCREEN][BOOT-CALL] #64 addr=0x8001510C kseg0=0x8001510C ra=0x80012520 sp=0x801FFFA8 f=0
[BLACKSCREEN][BOOT-CALL] #65 addr=0x8001510C kseg0=0x8001510C ra=0x80012534 sp=0x801FFFA8 f=0
[BLACKSCREEN][BOOT-CALL] #66 addr=0x80012714 kseg0=0x80012714 ra=0x800E39E4 sp=0x801FFFC0 f=0
[BLACKSCREEN][BOOT-CALL] #67 addr=0x80016E6C kseg0=0x80016E6C ra=0x800E39EC sp=0x801FFFC0 f=0
[BLACKSCREEN][BOOT-CALL] #68 addr=0x80016AA4 kseg0=0x80016AA4 ra=0x800E39F4 sp=0x801FFFC0 f=0
[BLACKSCREEN][BOOT-CALL] #69 addr=0x80012A90 kseg0=0x80012A90 ra=0x800E3A28 sp=0x801FFFC0 f=0
[BLACKSCREEN][BOOT-CALL] #70 addr=0x80012A90 kseg0=0x80012A90 ra=0x800E3A3C sp=0x801FFFC0 f=0
[BLACKSCREEN][BOOT-CALL] #71 addr=0x80020410 kseg0=0x80020410 ra=0x801325F4 sp=0x801FFFA8 f=0
[BLACKSCREEN][BOOT-CALL] #72 addr=0x80020798 kseg0=0x80020798 ra=0x801325FC sp=0x801FFFA8 f=0
[BLACKSCREEN][BOOT-CALL] #73 addr=0x80021188 kseg0=0x80021188 ra=0x80132594 sp=0x801FFF88 f=0
[BLACKSCREEN][BOOT-CALL] #74 addr=0x80019988 kseg0=0x80019988 ra=0x801325B0 sp=0x801FFF88 f=0
[BLACKSCREEN][BOOT-CALL] #75 addr=0x80021198 kseg0=0x80021198 ra=0x8013260C sp=0x801FFFA8 f=0
[BLACKSCREEN][BOOT-CALL] #76 addr=0x800206C8 kseg0=0x800206C8 ra=0x80132614 sp=0x801FFFA8 f=0
[BLACKSCREEN][BOOT-CALL] #77 addr=0x800209B4 kseg0=0x800209B4 ra=0x80132628 sp=0x801FFFA8 f=0
[BLACKSCREEN][BOOT-CALL] #78 addr=0x80021E38 kseg0=0x80021E38 ra=0x80132630 sp=0x801FFFA8 f=0
[BLACKSCREEN][BOOT-CALL] #79 addr=0x80029CE0 kseg0=0x80029CE0 ra=0x80132638 sp=0x801FFFA8 f=0
[BLACKSCREEN][BOOT-CALL] #80 addr=0x80021EEC kseg0=0x80021EEC ra=0x80132640 sp=0x801FFFA8 f=0
[BLACKSCREEN][BOOT-CALL] #81 addr=0x8001D290 kseg0=0x8001D290 ra=0x8013215C sp=0x801FFF90 f=0
[BLACKSCREEN][BOOT-CALL] #82 addr=0x8001D2E0 kseg0=0x8001D2E0 ra=0x80132664 sp=0x801FFFA8 f=0
[BLACKSCREEN][BOOT-CALL] #83 addr=0x8001D374 kseg0=0x8001D374 ra=0x801324F0 sp=0x801FFF88 f=0
[BLACKSCREEN][BOOT-CALL] #84 addr=0x80019570 kseg0=0x80019570 ra=0x80132060 sp=0x801FFF80 f=0
[BLACKSCREEN][BOOT-CALL] #85 addr=0x80021F6C kseg0=0x80021F6C ra=0x80131FBC sp=0x801FFF78 f=0
[BLACKSCREEN][BOOT-CALL] #86 addr=0x8002ABF4 kseg0=0x8002ABF4 ra=0x801326AC sp=0x801FFF90 f=0
[BLACKSCREEN][STATE-309C-W] #1 size=4 phys=0x0003309C old=0x00000000 new=0x00000000 ra=0x801326AC sp=0x801FFF90 pc=0x00000000 f=0
[BLACKSCREEN][BOOT-CALL] #87 addr=0x80029FBC kseg0=0x80029FBC ra=0x801326B4 sp=0x801FFF90 f=0
[BLACKSCREEN][BOOT-CALL] #88 addr=0x800195C8 kseg0=0x800195C8 ra=0x801326BC sp=0x801FFF90 f=0
[BLACKSCREEN][BOOT-CALL] #89 addr=0x80028D3C kseg0=0x80028D3C ra=0x801326C8 sp=0x801FFF90 f=0
[BLACKSCREEN][BOOT-CALL] #90 addr=0x800211D0 kseg0=0x800211D0 ra=0x800E328C sp=0x801FFF90 f=0
[BLACKSCREEN][BOOT-CALL] #91 addr=0x800219E0 kseg0=0x800219E0 ra=0x800E3298 sp=0x801FFF90 f=0
[BLACKSCREEN][CALL] enter #4 addr=0x800219E0 kseg0=0x800219E0 ra=0x800E3298 sp=0x801FFF90 f=0
[BLACKSCREEN][CALL] stage=before_overlay #4 addr=0x800219E0 ra=0x800E3298 f=0
[BLACKSCREEN][CALL] stage=before_inbinary #4 addr=0x800219E0 ra=0x800E3298 f=0
[BLACKSCREEN][CALL] route=interp #4 addr=0x800219E0 ra=0x800E3298 f=0
[BLACKSCREEN][INTERP] enter start=0x800219E0 instr0=0x27BDFFE8 a0=0x00000000 ra=0x800E3298 sp=0x801FFF90 f=0
[BLACKSCREEN][BOOT-IDLE] start=0x800219E0 step=1 pc=0x800219E0 instr=0x27BDFFE8 v0=0xFFFFFFFF a0=0x00000000 ra=0x800E3298 sp=0x801FFF90 f=0
[BLACKSCREEN][BOOT-IDLE-CALLER] #1 ra=0x800E3298 g309c=0x00000000 v0=0xFFFFFFFF a0=0x00000000 sp=0x801FFF90 f=0
[BLACKSCREEN][BOOT-IDLE-CALLER]   pc=0x800E3288 instr=0xAFB00010
[BLACKSCREEN][BOOT-IDLE-CALLER]   pc=0x800E328C instr=0x34100001
[BLACKSCREEN][BOOT-IDLE-CALLER]   pc=0x800E3290 instr=0x0C008678
[BLACKSCREEN][BOOT-IDLE-CALLER]   pc=0x800E3294 instr=0x00002021
[BLACKSCREEN][BOOT-IDLE-CALLER]   pc=0x800E3298 instr=0x1450FFFD
[BLACKSCREEN][BOOT-IDLE-CALLER]   pc=0x800E329C instr=0x00000000
[BLACKSCREEN][BOOT-IDLE-CALLER]   pc=0x800E32A0 instr=0x3C04800B
[BLACKSCREEN][BOOT-IDLE-CALLER]   pc=0x800E32A4 instr=0x2484107C
[BLACKSCREEN][BOOT-IDLE-CALLER]   pc=0x800E32A8 instr=0x3C06800C
[BLACKSCREEN][BOOT-IDLE] start=0x800219E0 step=2 pc=0x800219E4 instr=0xAFBF0010 v0=0xFFFFFFFF a0=0x00000000 ra=0x800E3298 sp=0x801FFF78 f=0
[BLACKSCREEN][BOOT-IDLE] start=0x800219E0 step=3 pc=0x800219E8 instr=0x00042400 v0=0xFFFFFFFF a0=0x00000000 ra=0x800E3298 sp=0x801FFF78 f=0
[BLACKSCREEN][BOOT-IDLE] start=0x800219E0 step=4 pc=0x800219EC instr=0x0C00AB2D v0=0xFFFFFFFF a0=0x00000000 ra=0x800E3298 sp=0x801FFF78 f=0
[BLACKSCREEN][BOOT-CALL] #92 addr=0x8002ACB4 kseg0=0x8002ACB4 ra=0x800219F4 sp=0x801FFF78 f=0
[BLACKSCREEN][BOOT-IDLE] start=0x800219E0 step=5 pc=0x800219F4 instr=0x00021400 v0=0x00000000 a0=0x00000000 ra=0x800219F4 sp=0x801FFF78 f=0
[BLACKSCREEN][BOOT-IDLE] start=0x800219E0 step=6 pc=0x800219F8 instr=0x00021403 v0=0x00000000 a0=0x00000000 ra=0x800219F4 sp=0x801FFF78 f=0
[BLACKSCREEN][BOOT-IDLE] start=0x800219E0 step=7 pc=0x800219FC instr=0x8FBF0010 v0=0x00000000 a0=0x00000000 ra=0x800219F4 sp=0x801FFF78 f=0
[BLACKSCREEN][BOOT-IDLE] start=0x800219E0 step=8 pc=0x80021A00 instr=0x27BD0018 v0=0x00000000 a0=0x00000000 ra=0x800E3298 sp=0x801FFF78 f=0
[BLACKSCREEN][BOOT-IDLE] start=0x800219E0 step=9 pc=0x80021A04 instr=0x03E00008 v0=0x00000000 a0=0x00000000 ra=0x800E3298 sp=0x801FFF90 f=0
[BLACKSCREEN][INTERP] start=0x800219E0 end=0x80021A04 steps=9 reason=jr_ra target=0x800E3298 ra=0x800E3298 sp=0x801FFF90 f=0
[BLACKSCREEN][BOOT-CALL] #93 addr=0x800219E0 kseg0=0x800219E0 ra=0x800E3298 sp=0x801FFF90 f=0
[BLACKSCREEN][CALL] enter #5 addr=0x800219E0 kseg0=0x800219E0 ra=0x800E3298 sp=0x801FFF90 f=0
[BLACKSCREEN][CALL] stage=before_overlay #5 addr=0x800219E0 ra=0x800E3298 f=0
[BLACKSCREEN][CALL] stage=before_inbinary #5 addr=0x800219E0 ra=0x800E3298 f=0
[BLACKSCREEN][CALL] route=interp #5 addr=0x800219E0 ra=0x800E3298 f=0
[BLACKSCREEN][INTERP] enter start=0x800219E0 instr0=0x27BDFFE8 a0=0x00000000 ra=0x800E3298 sp=0x801FFF90 f=0
[BLACKSCREEN][BOOT-IDLE] start=0x800219E0 step=1 pc=0x800219E0 instr=0x27BDFFE8 v0=0x00000000 a0=0x00000000 ra=0x800E3298 sp=0x801FFF90 f=0
[BLACKSCREEN][BOOT-IDLE-CALLER] #2 ra=0x800E3298 g309c=0x00000000 v0=0x00000000 a0=0x00000000 sp=0x801FFF90 f=0
[BLACKSCREEN][BOOT-IDLE-CALLER]   pc=0x800E3288 instr=0xAFB00010
[BLACKSCREEN][BOOT-IDLE-CALLER]   pc=0x800E328C instr=0x34100001
[BLACKSCREEN][BOOT-IDLE-CALLER]   pc=0x800E3290 instr=0x0C008678
[BLACKSCREEN][BOOT-IDLE-CALLER]   pc=0x800E3294 instr=0x00002021
[BLACKSCREEN][BOOT-IDLE-CALLER]   pc=0x800E3298 instr=0x1450FFFD
[BLACKSCREEN][BOOT-IDLE-CALLER]   pc=0x800E329C instr=0x00000000
[BLACKSCREEN][BOOT-IDLE-CALLER]   pc=0x800E32A0 instr=0x3C04800B
[BLACKSCREEN][BOOT-IDLE-CALLER]   pc=0x800E32A4 instr=0x2484107C
[BLACKSCREEN][BOOT-IDLE-CALLER]   pc=0x800E32A8 instr=0x3C06800C
[BLACKSCREEN][BOOT-IDLE] start=0x800219E0 step=2 pc=0x800219E4 instr=0xAFBF0010 v0=0x00000000 a0=0x00000000 ra=0x800E3298 sp=0x801FFF78 f=0
[BLACKSCREEN][BOOT-IDLE] start=0x800219E0 step=3 pc=0x800219E8 instr=0x00042400 v0=0x00000000 a0=0x00000000 ra=0x800E3298 sp=0x801FFF78 f=0
[BLACKSCREEN][BOOT-IDLE] start=0x800219E0 step=4 pc=0x800219EC instr=0x0C00AB2D v0=0x00000000 a0=0x00000000 ra=0x800E3298 sp=0x801FFF78 f=0
[BLACKSCREEN][BOOT-CALL] #94 addr=0x8002ACB4 kseg0=0x8002ACB4 ra=0x800219F4 sp=0x801FFF78 f=0
[BLACKSCREEN][BOOT-IDLE] start=0x800219E0 step=5 pc=0x800219F4 instr=0x00021400 v0=0x00000000 a0=0x00000000 ra=0x800219F4 sp=0x801FFF78 f=0
[BLACKSCREEN][BOOT-IDLE] start=0x800219E0 step=6 pc=0x800219F8 instr=0x00021403 v0=0x00000000 a0=0x00000000 ra=0x800219F4 sp=0x801FFF78 f=0
[BLACKSCREEN][BOOT-IDLE] start=0x800219E0 step=7 pc=0x800219FC instr=0x8FBF0010 v0=0x00000000 a0=0x00000000 ra=0x800219F4 sp=0x801FFF78 f=0
[BLACKSCREEN][BOOT-IDLE] start=0x800219E0 step=8 pc=0x80021A00 instr=0x27BD0018 v0=0x00000000 a0=0x00000000 ra=0x800E3298 sp=0x801FFF78 f=0
[BLACKSCREEN][BOOT-IDLE] start=0x800219E0 step=9 pc=0x80021A04 instr=0x03E00008 v0=0x00000000 a0=0x00000000 ra=0x800E3298 sp=0x801FFF90 f=0
[BLACKSCREEN][INTERP] start=0x800219E0 end=0x80021A04 steps=9 reason=jr_ra target=0x800E3298 ra=0x800E3298 sp=0x801FFF90 f=0
[BLACKSCREEN][BOOT-CALL] #95 addr=0x800219E0 kseg0=0x800219E0 ra=0x800E3298 sp=0x801FFF90 f=0
[BLACKSCREEN][CALL] enter #6 addr=0x800219E0 kseg0=0x800219E0 ra=0x800E3298 sp=0x801FFF90 f=0
[BLACKSCREEN][CALL] stage=before_overlay #6 addr=0x800219E0 ra=0x800E3298 f=0
[BLACKSCREEN][CALL] stage=before_inbinary #6 addr=0x800219E0 ra=0x800E3298 f=0
[BLACKSCREEN][CALL] route=interp #6 addr=0x800219E0 ra=0x800E3298 f=0
[BLACKSCREEN][INTERP] enter start=0x800219E0 instr0=0x27BDFFE8 a0=0x00000000 ra=0x800E3298 sp=0x801FFF90 f=0
[BLACKSCREEN][BOOT-IDLE] start=0x800219E0 step=1 pc=0x800219E0 instr=0x27BDFFE8 v0=0x00000000 a0=0x00000000 ra=0x800E3298 sp=0x801FFF90 f=0
[BLACKSCREEN][BOOT-IDLE-CALLER] #3 ra=0x800E3298 g309c=0x00000000 v0=0x00000000 a0=0x00000000 sp=0x801FFF90 f=0
[BLACKSCREEN][BOOT-IDLE-CALLER]   pc=0x800E3288 instr=0xAFB00010
[BLACKSCREEN][BOOT-IDLE-CALLER]   pc=0x800E328C instr=0x34100001
[BLACKSCREEN][BOOT-IDLE-CALLER]   pc=0x800E3290 instr=0x0C008678
[BLACKSCREEN][BOOT-IDLE-CALLER]   pc=0x800E3294 instr=0x00002021
[BLACKSCREEN][BOOT-IDLE-CALLER]   pc=0x800E3298 instr=0x1450FFFD
[BLACKSCREEN][BOOT-IDLE-CALLER]   pc=0x800E329C instr=0x00000000
[BLACKSCREEN][BOOT-IDLE-CALLER]   pc=0x800E32A0 instr=0x3C04800B
[BLACKSCREEN][BOOT-IDLE-CALLER]   pc=0x800E32A4 instr=0x2484107C
[BLACKSCREEN][BOOT-IDLE-CALLER]   pc=0x800E32A8 instr=0x3C06800C
[BLACKSCREEN][BOOT-IDLE] start=0x800219E0 step=2 pc=0x800219E4 instr=0xAFBF0010 v0=0x00000000 a0=0x00000000 ra=0x800E3298 sp=0x801FFF78 f=0
[BLACKSCREEN][BOOT-IDLE] start=0x800219E0 step=3 pc=0x800219E8 instr=0x00042400 v0=0x00000000 a0=0x00000000 ra=0x800E3298 sp=0x801FFF78 f=0
[BLACKSCREEN][BOOT-IDLE] start=0x800219E0 step=4 pc=0x800219EC instr=0x0C00AB2D v0=0x00000000 a0=0x00000000 ra=0x800E3298 sp=0x801FFF78 f=0
[BLACKSCREEN][BOOT-CALL] #96 addr=0x8002ACB4 kseg0=0x8002ACB4 ra=0x800219F4 sp=0x801FFF78 f=0
[BLACKSCREEN][BOOT-IDLE] start=0x800219E0 step=5 pc=0x800219F4 instr=0x00021400 v0=0x00000000 a0=0x00000000 ra=0x800219F4 sp=0x801FFF78 f=0
[BLACKSCREEN][BOOT-IDLE] start=0x800219E0 step=6 pc=0x800219F8 instr=0x00021403 v0=0x00000000 a0=0x00000000 ra=0x800219F4 sp=0x801FFF78 f=0
[BLACKSCREEN][BOOT-IDLE] start=0x800219E0 step=7 pc=0x800219FC instr=0x8FBF0010 v0=0x00000000 a0=0x00000000 ra=0x800219F4 sp=0x801FFF78 f=0
[BLACKSCREEN][BOOT-IDLE] start=0x800219E0 step=8 pc=0x80021A00 instr=0x27BD0018 v0=0x00000000 a0=0x00000000 ra=0x800E3298 sp=0x801FFF78 f=0
[BLACKSCREEN][BOOT-IDLE] start=0x800219E0 step=9 pc=0x80021A04 instr=0x03E00008 v0=0x00000000 a0=0x00000000 ra=0x800E3298 sp=0x801FFF90 f=0
[BLACKSCREEN][INTERP] start=0x800219E0 end=0x80021A04 steps=9 reason=jr_ra target=0x800E3298 ra=0x800E3298 sp=0x801FFF90 f=0
[BLACKSCREEN][BOOT-CALL] #97 addr=0x800219E0 kseg0=0x800219E0 ra=0x800E3298 sp=0x801FFF90 f=0
[BLACKSCREEN][CALL] enter #7 addr=0x800219E0 kseg0=0x800219E0 ra=0x800E3298 sp=0x801FFF90 f=0
[BLACKSCREEN][CALL] stage=before_overlay #7 addr=0x800219E0 ra=0x800E3298 f=0
[BLACKSCREEN][CALL] stage=before_inbinary #7 addr=0x800219E0 ra=0x800E3298 f=0
[BLACKSCREEN][CALL] route=interp #7 addr=0x800219E0 ra=0x800E3298 f=0
[BLACKSCREEN][INTERP] enter start=0x800219E0 instr0=0x27BDFFE8 a0=0x00000000 ra=0x800E3298 sp=0x801FFF90 f=0
[BLACKSCREEN][BOOT-IDLE] start=0x800219E0 step=1 pc=0x800219E0 instr=0x27BDFFE8 v0=0x00000000 a0=0x00000000 ra=0x800E3298 sp=0x801FFF90 f=0
[BLACKSCREEN][BOOT-IDLE-CALLER] #4 ra=0x800E3298 g309c=0x00000000 v0=0x00000000 a0=0x00000000 sp=0x801FFF90 f=0
[BLACKSCREEN][BOOT-IDLE-CALLER]   pc=0x800E3288 instr=0xAFB00010
[BLACKSCREEN][BOOT-IDLE-CALLER]   pc=0x800E328C instr=0x34100001
[BLACKSCREEN][BOOT-IDLE-CALLER]   pc=0x800E3290 instr=0x0C008678
[BLACKSCREEN][BOOT-IDLE-CALLER]   pc=0x800E3294 instr=0x00002021
[BLACKSCREEN][BOOT-IDLE-CALLER]   pc=0x800E3298 instr=0x1450FFFD
[BLACKSCREEN][BOOT-IDLE-CALLER]   pc=0x800E329C instr=0x00000000
[BLACKSCREEN][BOOT-IDLE-CALLER]   pc=0x800E32A0 instr=0x3C04800B
[BLACKSCREEN][BOOT-IDLE-CALLER]   pc=0x800E32A4 instr=0x2484107C
[BLACKSCREEN][BOOT-IDLE-CALLER]   pc=0x800E32A8 instr=0x3C06800C
[BLACKSCREEN][BOOT-IDLE] start=0x800219E0 step=2 pc=0x800219E4 instr=0xAFBF0010 v0=0x00000000 a0=0x00000000 ra=0x800E3298 sp=0x801FFF78 f=0
[BLACKSCREEN][BOOT-IDLE] start=0x800219E0 step=3 pc=0x800219E8 instr=0x00042400 v0=0x00000000 a0=0x00000000 ra=0x800E3298 sp=0x801FFF78 f=0
[BLACKSCREEN][BOOT-IDLE] start=0x800219E0 step=4 pc=0x800219EC instr=0x0C00AB2D v0=0x00000000 a0=0x00000000 ra=0x800E3298 sp=0x801FFF78 f=0
[BLACKSCREEN][BOOT-CALL] #98 addr=0x8002ACB4 kseg0=0x8002ACB4 ra=0x800219F4 sp=0x801FFF78 f=0
[BLACKSCREEN][BOOT-IDLE] start=0x800219E0 step=5 pc=0x800219F4 instr=0x00021400 v0=0x00000000 a0=0x00000000 ra=0x800219F4 sp=0x801FFF78 f=0
[BLACKSCREEN][BOOT-IDLE] start=0x800219E0 step=6 pc=0x800219F8 instr=0x00021403 v0=0x00000000 a0=0x00000000 ra=0x800219F4 sp=0x801FFF78 f=0
[BLACKSCREEN][BOOT-IDLE] start=0x800219E0 step=7 pc=0x800219FC instr=0x8FBF0010 v0=0x00000000 a0=0x00000000 ra=0x800219F4 sp=0x801FFF78 f=0
[BLACKSCREEN][BOOT-IDLE] start=0x800219E0 step=8 pc=0x80021A00 instr=0x27BD0018 v0=0x00000000 a0=0x00000000 ra=0x800E3298 sp=0x801FFF78 f=0
[BLACKSCREEN][BOOT-IDLE] start=0x800219E0 step=9 pc=0x80021A04 instr=0x03E00008 v0=0x00000000 a0=0x00000000 ra=0x800E3298 sp=0x801FFF90 f=0
[BLACKSCREEN][INTERP] start=0x800219E0 end=0x80021A04 steps=9 reason=jr_ra target=0x800E3298 ra=0x800E3298 sp=0x801FFF90 f=0
[BLACKSCREEN][BOOT-CALL] #99 addr=0x800219E0 kseg0=0x800219E0 ra=0x800E3298 sp=0x801FFF90 f=0
[BLACKSCREEN][CALL] enter #8 addr=0x800219E0 kseg0=0x800219E0 ra=0x800E3298 sp=0x801FFF90 f=0
[BLACKSCREEN][CALL] stage=before_overlay #8 addr=0x800219E0 ra=0x800E3298 f=0
[BLACKSCREEN][CALL] stage=before_inbinary #8 addr=0x800219E0 ra=0x800E3298 f=0
[BLACKSCREEN][CALL] route=interp #8 addr=0x800219E0 ra=0x800E3298 f=0
[BLACKSCREEN][INTERP] enter start=0x800219E0 instr0=0x27BDFFE8 a0=0x00000000 ra=0x800E3298 sp=0x801FFF90 f=0
[BLACKSCREEN][BOOT-IDLE] start=0x800219E0 step=1 pc=0x800219E0 instr=0x27BDFFE8 v0=0x00000000 a0=0x00000000 ra=0x800E3298 sp=0x801FFF90 f=0
[BLACKSCREEN][BOOT-IDLE-CALLER] #5 ra=0x800E3298 g309c=0x00000000 v0=0x00000000 a0=0x00000000 sp=0x801FFF90 f=0
[BLACKSCREEN][BOOT-IDLE-CALLER]   pc=0x800E3288 instr=0xAFB00010
[BLACKSCREEN][BOOT-IDLE-CALLER]   pc=0x800E328C instr=0x34100001
[BLACKSCREEN][BOOT-IDLE-CALLER]   pc=0x800E3290 instr=0x0C008678
[BLACKSCREEN][BOOT-IDLE-CALLER]   pc=0x800E3294 instr=0x00002021
[BLACKSCREEN][BOOT-IDLE-CALLER]   pc=0x800E3298 instr=0x1450FFFD
[BLACKSCREEN][BOOT-IDLE-CALLER]   pc=0x800E329C instr=0x00000000
[BLACKSCREEN][BOOT-IDLE-CALLER]   pc=0x800E32A0 instr=0x3C04800B
[BLACKSCREEN][BOOT-IDLE-CALLER]   pc=0x800E32A4 instr=0x2484107C
[BLACKSCREEN][BOOT-IDLE-CALLER]   pc=0x800E32A8 instr=0x3C06800C
[BLACKSCREEN][BOOT-IDLE] start=0x800219E0 step=2 pc=0x800219E4 instr=0xAFBF0010 v0=0x00000000 a0=0x00000000 ra=0x800E3298 sp=0x801FFF78 f=0
[BLACKSCREEN][BOOT-IDLE] start=0x800219E0 step=3 pc=0x800219E8 instr=0x00042400 v0=0x00000000 a0=0x00000000 ra=0x800E3298 sp=0x801FFF78 f=0
[BLACKSCREEN][BOOT-IDLE] start=0x800219E0 step=4 pc=0x800219EC instr=0x0C00AB2D v0=0x00000000 a0=0x00000000 ra=0x800E3298 sp=0x801FFF78 f=0
[BLACKSCREEN][BOOT-CALL] #100 addr=0x8002ACB4 kseg0=0x8002ACB4 ra=0x800219F4 sp=0x801FFF78 f=0
[BLACKSCREEN][BOOT-IDLE] start=0x800219E0 step=5 pc=0x800219F4 instr=0x00021400 v0=0x00000000 a0=0x00000000 ra=0x800219F4 sp=0x801FFF78 f=0
[BLACKSCREEN][BOOT-IDLE] start=0x800219E0 step=6 pc=0x800219F8 instr=0x00021403 v0=0x00000000 a0=0x00000000 ra=0x800219F4 sp=0x801FFF78 f=0
[BLACKSCREEN][BOOT-IDLE] start=0x800219E0 step=7 pc=0x800219FC instr=0x8FBF0010 v0=0x00000000 a0=0x00000000 ra=0x800219F4 sp=0x801FFF78 f=0
[BLACKSCREEN][BOOT-IDLE] start=0x800219E0 step=8 pc=0x80021A00 instr=0x27BD0018 v0=0x00000000 a0=0x00000000 ra=0x800E3298 sp=0x801FFF78 f=0
[BLACKSCREEN][BOOT-IDLE] start=0x800219E0 step=9 pc=0x80021A04 instr=0x03E00008 v0=0x00000000 a0=0x00000000 ra=0x800E3298 sp=0x801FFF90 f=0
[BLACKSCREEN][INTERP] start=0x800219E0 end=0x80021A04 steps=9 reason=jr_ra target=0x800E3298 ra=0x800E3298 sp=0x801FFF90 f=0
[BLACKSCREEN][BOOT-CALL] #101 addr=0x800219E0 kseg0=0x800219E0 ra=0x800E3298 sp=0x801FFF90 f=0
[BLACKSCREEN][CALL] enter #9 addr=0x800219E0 kseg0=0x800219E0 ra=0x800E3298 sp=0x801FFF90 f=0
[BLACKSCREEN][CALL] stage=before_overlay #9 addr=0x800219E0 ra=0x800E3298 f=0
[BLACKSCREEN][CALL] stage=before_inbinary #9 addr=0x800219E0 ra=0x800E3298 f=0
[BLACKSCREEN][CALL] route=interp #9 addr=0x800219E0 ra=0x800E3298 f=0
[BLACKSCREEN][INTERP] enter start=0x800219E0 instr0=0x27BDFFE8 a0=0x00000000 ra=0x800E3298 sp=0x801FFF90 f=0
[BLACKSCREEN][BOOT-IDLE] start=0x800219E0 step=1 pc=0x800219E0 instr=0x27BDFFE8 v0=0x00000000 a0=0x00000000 ra=0x800E3298 sp=0x801FFF90 f=0
[BLACKSCREEN][BOOT-IDLE-CALLER] #6 ra=0x800E3298 g309c=0x00000000 v0=0x00000000 a0=0x00000000 sp=0x801FFF90 f=0
[BLACKSCREEN][BOOT-IDLE-CALLER]   pc=0x800E3288 instr=0xAFB00010
[BLACKSCREEN][BOOT-IDLE-CALLER]   pc=0x800E328C instr=0x34100001
[BLACKSCREEN][BOOT-IDLE-CALLER]   pc=0x800E3290 instr=0x0C008678
[BLACKSCREEN][BOOT-IDLE-CALLER]   pc=0x800E3294 instr=0x00002021
[BLACKSCREEN][BOOT-IDLE-CALLER]   pc=0x800E3298 instr=0x1450FFFD
[BLACKSCREEN][BOOT-IDLE-CALLER]   pc=0x800E329C instr=0x00000000
[BLACKSCREEN][BOOT-IDLE-CALLER]   pc=0x800E32A0 instr=0x3C04800B
[BLACKSCREEN][BOOT-IDLE-CALLER]   pc=0x800E32A4 instr=0x2484107C
[BLACKSCREEN][BOOT-IDLE-CALLER]   pc=0x800E32A8 instr=0x3C06800C
[BLACKSCREEN][BOOT-IDLE] start=0x800219E0 step=2 pc=0x800219E4 instr=0xAFBF0010 v0=0x00000000 a0=0x00000000 ra=0x800E3298 sp=0x801FFF78 f=0
[BLACKSCREEN][BOOT-IDLE] start=0x800219E0 step=3 pc=0x800219E8 instr=0x00042400 v0=0x00000000 a0=0x00000000 ra=0x800E3298 sp=0x801FFF78 f=0
[BLACKSCREEN][BOOT-IDLE] start=0x800219E0 step=4 pc=0x800219EC instr=0x0C00AB2D v0=0x00000000 a0=0x00000000 ra=0x800E3298 sp=0x801FFF78 f=0
[BLACKSCREEN][BOOT-CALL] #102 addr=0x8002ACB4 kseg0=0x8002ACB4 ra=0x800219F4 sp=0x801FFF78 f=0
[BLACKSCREEN][BOOT-IDLE] start=0x800219E0 step=5 pc=0x800219F4 instr=0x00021400 v0=0x00000000 a0=0x00000000 ra=0x800219F4 sp=0x801FFF78 f=0
[BLACKSCREEN][BOOT-IDLE] start=0x800219E0 step=6 pc=0x800219F8 instr=0x00021403 v0=0x00000000 a0=0x00000000 ra=0x800219F4 sp=0x801FFF78 f=0
[BLACKSCREEN][BOOT-IDLE] start=0x800219E0 step=7 pc=0x800219FC instr=0x8FBF0010 v0=0x00000000 a0=0x00000000 ra=0x800219F4 sp=0x801FFF78 f=0
[BLACKSCREEN][BOOT-IDLE] start=0x800219E0 step=8 pc=0x80021A00 instr=0x27BD0018 v0=0x00000000 a0=0x00000000 ra=0x800E3298 sp=0x801FFF78 f=0
[BLACKSCREEN][BOOT-IDLE] start=0x800219E0 step=9 pc=0x80021A04 instr=0x03E00008 v0=0x00000000 a0=0x00000000 ra=0x800E3298 sp=0x801FFF90 f=0
[BLACKSCREEN][INTERP] start=0x800219E0 end=0x80021A04 steps=9 reason=jr_ra target=0x800E3298 ra=0x800E3298 sp=0x801FFF90 f=0
[BLACKSCREEN][BOOT-CALL] #103 addr=0x800219E0 kseg0=0x800219E0 ra=0x800E3298 sp=0x801FFF90 f=0
[BLACKSCREEN][CALL] enter #10 addr=0x800219E0 kseg0=0x800219E0 ra=0x800E3298 sp=0x801FFF90 f=0
[BLACKSCREEN][CALL] stage=before_overlay #10 addr=0x800219E0 ra=0x800E3298 f=0
[BLACKSCREEN][CALL] stage=before_inbinary #10 addr=0x800219E0 ra=0x800E3298 f=0
[BLACKSCREEN][CALL] route=interp #10 addr=0x800219E0 ra=0x800E3298 f=0
[BLACKSCREEN][INTERP] enter start=0x800219E0 instr0=0x27BDFFE8 a0=0x00000000 ra=0x800E3298 sp=0x801FFF90 f=0
[BLACKSCREEN][BOOT-IDLE] start=0x800219E0 step=1 pc=0x800219E0 instr=0x27BDFFE8 v0=0x00000000 a0=0x00000000 ra=0x800E3298 sp=0x801FFF90 f=0
[BLACKSCREEN][BOOT-IDLE-CALLER] #7 ra=0x800E3298 g309c=0x00000000 v0=0x00000000 a0=0x00000000 sp=0x801FFF90 f=0
[BLACKSCREEN][BOOT-IDLE-CALLER]   pc=0x800E3288 instr=0xAFB00010
[BLACKSCREEN][BOOT-IDLE-CALLER]   pc=0x800E328C instr=0x34100001
[BLACKSCREEN][BOOT-IDLE-CALLER]   pc=0x800E3290 instr=0x0C008678
[BLACKSCREEN][BOOT-IDLE-CALLER]   pc=0x800E3294 instr=0x00002021
[BLACKSCREEN][BOOT-IDLE-CALLER]   pc=0x800E3298 instr=0x1450FFFD
[BLACKSCREEN][BOOT-IDLE-CALLER]   pc=0x800E329C instr=0x00000000
[BLACKSCREEN][BOOT-IDLE-CALLER]   pc=0x800E32A0 instr=0x3C04800B
[BLACKSCREEN][BOOT-IDLE-CALLER]   pc=0x800E32A4 instr=0x2484107C
[BLACKSCREEN][BOOT-IDLE-CALLER]   pc=0x800E32A8 instr=0x3C06800C
[BLACKSCREEN][BOOT-IDLE] start=0x800219E0 step=2 pc=0x800219E4 instr=0xAFBF0010 v0=0x00000000 a0=0x00000000 ra=0x800E3298 sp=0x801FFF78 f=0
[BLACKSCREEN][BOOT-IDLE] start=0x800219E0 step=3 pc=0x800219E8 instr=0x00042400 v0=0x00000000 a0=0x00000000 ra=0x800E3298 sp=0x801FFF78 f=0
[BLACKSCREEN][BOOT-IDLE] start=0x800219E0 step=4 pc=0x800219EC instr=0x0C00AB2D v0=0x00000000 a0=0x00000000 ra=0x800E3298 sp=0x801FFF78 f=0
[BLACKSCREEN][BOOT-CALL] #104 addr=0x8002ACB4 kseg0=0x8002ACB4 ra=0x800219F4 sp=0x801FFF78 f=0
[BLACKSCREEN][BOOT-IDLE] start=0x800219E0 step=5 pc=0x800219F4 instr=0x00021400 v0=0x00000000 a0=0x00000000 ra=0x800219F4 sp=0x801FFF78 f=0
[BLACKSCREEN][BOOT-IDLE] start=0x800219E0 step=6 pc=0x800219F8 instr=0x00021403 v0=0x00000000 a0=0x00000000 ra=0x800219F4 sp=0x801FFF78 f=0
[BLACKSCREEN][BOOT-IDLE] start=0x800219E0 step=7 pc=0x800219FC instr=0x8FBF0010 v0=0x00000000 a0=0x00000000 ra=0x800219F4 sp=0x801FFF78 f=0
[BLACKSCREEN][BOOT-IDLE] start=0x800219E0 step=8 pc=0x80021A00 instr=0x27BD0018 v0=0x00000000 a0=0x00000000 ra=0x800E3298 sp=0x801FFF78 f=0
[BLACKSCREEN][BOOT-IDLE] start=0x800219E0 step=9 pc=0x80021A04 instr=0x03E00008 v0=0x00000000 a0=0x00000000 ra=0x800E3298 sp=0x801FFF90 f=0
[BLACKSCREEN][INTERP] start=0x800219E0 end=0x80021A04 steps=9 reason=jr_ra target=0x800E3298 ra=0x800E3298 sp=0x801FFF90 f=0
[BLACKSCREEN][BOOT-CALL] #105 addr=0x800219E0 kseg0=0x800219E0 ra=0x800E3298 sp=0x801FFF90 f=0
[BLACKSCREEN][CALL] enter #11 addr=0x800219E0 kseg0=0x800219E0 ra=0x800E3298 sp=0x801FFF90 f=0
[BLACKSCREEN][CALL] stage=before_overlay #11 addr=0x800219E0 ra=0x800E3298 f=0
[BLACKSCREEN][CALL] stage=before_inbinary #11 addr=0x800219E0 ra=0x800E3298 f=0
[BLACKSCREEN][CALL] route=interp #11 addr=0x800219E0 ra=0x800E3298 f=0
[BLACKSCREEN][INTERP] enter start=0x800219E0 instr0=0x27BDFFE8 a0=0x00000000 ra=0x800E3298 sp=0x801FFF90 f=0
[BLACKSCREEN][BOOT-IDLE] start=0x800219E0 step=1 pc=0x800219E0 instr=0x27BDFFE8 v0=0x00000000 a0=0x00000000 ra=0x800E3298 sp=0x801FFF90 f=0
[BLACKSCREEN][BOOT-IDLE-CALLER] #8 ra=0x800E3298 g309c=0x00000000 v0=0x00000000 a0=0x00000000 sp=0x801FFF90 f=0
[BLACKSCREEN][BOOT-IDLE-CALLER]   pc=0x800E3288 instr=0xAFB00010
[BLACKSCREEN][BOOT-IDLE-CALLER]   pc=0x800E328C instr=0x34100001
[BLACKSCREEN][BOOT-IDLE-CALLER]   pc=0x800E3290 instr=0x0C008678
[BLACKSCREEN][BOOT-IDLE-CALLER]   pc=0x800E3294 instr=0x00002021
[BLACKSCREEN][BOOT-IDLE-CALLER]   pc=0x800E3298 instr=0x1450FFFD
[BLACKSCREEN][BOOT-IDLE-CALLER]   pc=0x800E329C instr=0x00000000
[BLACKSCREEN][BOOT-IDLE-CALLER]   pc=0x800E32A0 instr=0x3C04800B
[BLACKSCREEN][BOOT-IDLE-CALLER]   pc=0x800E32A4 instr=0x2484107C
[BLACKSCREEN][BOOT-IDLE-CALLER]   pc=0x800E32A8 instr=0x3C06800C
[BLACKSCREEN][BOOT-IDLE] start=0x800219E0 step=2 pc=0x800219E4 instr=0xAFBF0010 v0=0x00000000 a0=0x00000000 ra=0x800E3298 sp=0x801FFF78 f=0
[BLACKSCREEN][BOOT-IDLE] start=0x800219E0 step=3 pc=0x800219E8 instr=0x00042400 v0=0x00000000 a0=0x00000000 ra=0x800E3298 sp=0x801FFF78 f=0
[BLACKSCREEN][BOOT-IDLE] start=0x800219E0 step=4 pc=0x800219EC instr=0x0C00AB2D v0=0x00000000 a0=0x00000000 ra=0x800E3298 sp=0x801FFF78 f=0
[BLACKSCREEN][BOOT-CALL] #106 addr=0x8002ACB4 kseg0=0x8002ACB4 ra=0x800219F4 sp=0x801FFF78 f=0
[BLACKSCREEN][BOOT-IDLE] start=0x800219E0 step=5 pc=0x800219F4 instr=0x00021400 v0=0x00000000 a0=0x00000000 ra=0x800219F4 sp=0x801FFF78 f=0
[BLACKSCREEN][BOOT-IDLE] start=0x800219E0 step=6 pc=0x800219F8 instr=0x00021403 v0=0x00000000 a0=0x00000000 ra=0x800219F4 sp=0x801FFF78 f=0
[BLACKSCREEN][BOOT-IDLE] start=0x800219E0 step=7 pc=0x800219FC instr=0x8FBF0010 v0=0x00000000 a0=0x00000000 ra=0x800219F4 sp=0x801FFF78 f=0
[BLACKSCREEN][BOOT-IDLE] start=0x800219E0 step=8 pc=0x80021A00 instr=0x27BD0018 v0=0x00000000 a0=0x00000000 ra=0x800E3298 sp=0x801FFF78 f=0
[BLACKSCREEN][BOOT-IDLE] start=0x800219E0 step=9 pc=0x80021A04 instr=0x03E00008 v0=0x00000000 a0=0x00000000 ra=0x800E3298 sp=0x801FFF90 f=0
[BLACKSCREEN][INTERP] start=0x800219E0 end=0x80021A04 steps=9 reason=jr_ra target=0x800E3298 ra=0x800E3298 sp=0x801FFF90 f=0
[BLACKSCREEN][BOOT-CALL] #107 addr=0x800219E0 kseg0=0x800219E0 ra=0x800E3298 sp=0x801FFF90 f=0
[BLACKSCREEN][CALL] enter #12 addr=0x800219E0 kseg0=0x800219E0 ra=0x800E3298 sp=0x801FFF90 f=0
[BLACKSCREEN][CALL] stage=before_overlay #12 addr=0x800219E0 ra=0x800E3298 f=0
[BLACKSCREEN][CALL] stage=before_inbinary #12 addr=0x800219E0 ra=0x800E3298 f=0
[BLACKSCREEN][CALL] route=interp #12 addr=0x800219E0 ra=0x800E3298 f=0
[BLACKSCREEN][INTERP] enter start=0x800219E0 instr0=0x27BDFFE8 a0=0x00000000 ra=0x800E3298 sp=0x801FFF90 f=0
[BLACKSCREEN][BOOT-IDLE] start=0x800219E0 step=1 pc=0x800219E0 instr=0x27BDFFE8 v0=0x00000000 a0=0x00000000 ra=0x800E3298 sp=0x801FFF90 f=0
[BLACKSCREEN][BOOT-IDLE-CALLER] #9 ra=0x800E3298 g309c=0x00000000 v0=0x00000000 a0=0x00000000 sp=0x801FFF90 f=0
[BLACKSCREEN][BOOT-IDLE-CALLER]   pc=0x800E3288 instr=0xAFB00010
[BLACKSCREEN][BOOT-IDLE-CALLER]   pc=0x800E328C instr=0x34100001
[BLACKSCREEN][BOOT-IDLE-CALLER]   pc=0x800E3290 instr=0x0C008678
[BLACKSCREEN][BOOT-IDLE-CALLER]   pc=0x800E3294 instr=0x00002021
[BLACKSCREEN][BOOT-IDLE-CALLER]   pc=0x800E3298 instr=0x1450FFFD
[BLACKSCREEN][BOOT-IDLE-CALLER]   pc=0x800E329C instr=0x00000000
[BLACKSCREEN][BOOT-IDLE-CALLER]   pc=0x800E32A0 instr=0x3C04800B
[BLACKSCREEN][BOOT-IDLE-CALLER]   pc=0x800E32A4 instr=0x2484107C
[BLACKSCREEN][BOOT-IDLE-CALLER]   pc=0x800E32A8 instr=0x3C06800C
[BLACKSCREEN][BOOT-IDLE] start=0x800219E0 step=2 pc=0x800219E4 instr=0xAFBF0010 v0=0x00000000 a0=0x00000000 ra=0x800E3298 sp=0x801FFF78 f=0
[BLACKSCREEN][BOOT-IDLE] start=0x800219E0 step=3 pc=0x800219E8 instr=0x00042400 v0=0x00000000 a0=0x00000000 ra=0x800E3298 sp=0x801FFF78 f=0
[BLACKSCREEN][BOOT-IDLE] start=0x800219E0 step=4 pc=0x800219EC instr=0x0C00AB2D v0=0x00000000 a0=0x00000000 ra=0x800E3298 sp=0x801FFF78 f=0
[BLACKSCREEN][BOOT-CALL] #108 addr=0x8002ACB4 kseg0=0x8002ACB4 ra=0x800219F4 sp=0x801FFF78 f=0
[BLACKSCREEN][BOOT-IDLE] start=0x800219E0 step=5 pc=0x800219F4 instr=0x00021400 v0=0x00000000 a0=0x00000000 ra=0x800219F4 sp=0x801FFF78 f=0
[BLACKSCREEN][BOOT-IDLE] start=0x800219E0 step=6 pc=0x800219F8 instr=0x00021403 v0=0x00000000 a0=0x00000000 ra=0x800219F4 sp=0x801FFF78 f=0
[BLACKSCREEN][BOOT-IDLE] start=0x800219E0 step=7 pc=0x800219FC instr=0x8FBF0010 v0=0x00000000 a0=0x00000000 ra=0x800219F4 sp=0x801FFF78 f=0
[BLACKSCREEN][BOOT-IDLE] start=0x800219E0 step=8 pc=0x80021A00 instr=0x27BD0018 v0=0x00000000 a0=0x00000000 ra=0x800E3298 sp=0x801FFF78 f=0
[BLACKSCREEN][BOOT-IDLE] start=0x800219E0 step=9 pc=0x80021A04 instr=0x03E00008 v0=0x00000000 a0=0x00000000 ra=0x800E3298 sp=0x801FFF90 f=0
[BLACKSCREEN][INTERP] start=0x800219E0 end=0x80021A04 steps=9 reason=jr_ra target=0x800E3298 ra=0x800E3298 sp=0x801FFF90 f=0
[BLACKSCREEN][BOOT-CALL] #109 addr=0x800219E0 kseg0=0x800219E0 ra=0x800E3298 sp=0x801FFF90 f=0
[BLACKSCREEN][CALL] enter #13 addr=0x800219E0 kseg0=0x800219E0 ra=0x800E3298 sp=0x801FFF90 f=0
[BLACKSCREEN][CALL] stage=before_overlay #13 addr=0x800219E0 ra=0x800E3298 f=0
[BLACKSCREEN][CALL] stage=before_inbinary #13 addr=0x800219E0 ra=0x800E3298 f=0
[BLACKSCREEN][CALL] route=interp #13 addr=0x800219E0 ra=0x800E3298 f=0
[BLACKSCREEN][INTERP] enter start=0x800219E0 instr0=0x27BDFFE8 a0=0x00000000 ra=0x800E3298 sp=0x801FFF90 f=0
[BLACKSCREEN][BOOT-IDLE] start=0x800219E0 step=1 pc=0x800219E0 instr=0x27BDFFE8 v0=0x00000000 a0=0x00000000 ra=0x800E3298 sp=0x801FFF90 f=0
[BLACKSCREEN][BOOT-IDLE-CALLER] #10 ra=0x800E3298 g309c=0x00000000 v0=0x00000000 a0=0x00000000 sp=0x801FFF90 f=0
[BLACKSCREEN][BOOT-IDLE-CALLER]   pc=0x800E3288 instr=0xAFB00010
[BLACKSCREEN][BOOT-IDLE-CALLER]   pc=0x800E328C instr=0x34100001
[BLACKSCREEN][BOOT-IDLE-CALLER]   pc=0x800E3290 instr=0x0C008678
[BLACKSCREEN][BOOT-IDLE-CALLER]   pc=0x800E3294 instr=0x00002021
[BLACKSCREEN][BOOT-IDLE-CALLER]   pc=0x800E3298 instr=0x1450FFFD
[BLACKSCREEN][BOOT-IDLE-CALLER]   pc=0x800E329C instr=0x00000000
[BLACKSCREEN][BOOT-IDLE-CALLER]   pc=0x800E32A0 instr=0x3C04800B
[BLACKSCREEN][BOOT-IDLE-CALLER]   pc=0x800E32A4 instr=0x2484107C
[BLACKSCREEN][BOOT-IDLE-CALLER]   pc=0x800E32A8 instr=0x3C06800C
[BLACKSCREEN][BOOT-IDLE] start=0x800219E0 step=2 pc=0x800219E4 instr=0xAFBF0010 v0=0x00000000 a0=0x00000000 ra=0x800E3298 sp=0x801FFF78 f=0
[BLACKSCREEN][BOOT-IDLE] start=0x800219E0 step=3 pc=0x800219E8 instr=0x00042400 v0=0x00000000 a0=0x00000000 ra=0x800E3298 sp=0x801FFF78 f=0
[BLACKSCREEN][BOOT-IDLE] start=0x800219E0 step=4 pc=0x800219EC instr=0x0C00AB2D v0=0x00000000 a0=0x00000000 ra=0x800E3298 sp=0x801FFF78 f=0
[BLACKSCREEN][BOOT-CALL] #110 addr=0x8002ACB4 kseg0=0x8002ACB4 ra=0x800219F4 sp=0x801FFF78 f=0
[BLACKSCREEN][BOOT-IDLE] start=0x800219E0 step=5 pc=0x800219F4 instr=0x00021400 v0=0x00000000 a0=0x00000000 ra=0x800219F4 sp=0x801FFF78 f=0
[BLACKSCREEN][BOOT-IDLE] start=0x800219E0 step=6 pc=0x800219F8 instr=0x00021403 v0=0x00000000 a0=0x00000000 ra=0x800219F4 sp=0x801FFF78 f=0
[BLACKSCREEN][BOOT-IDLE] start=0x800219E0 step=7 pc=0x800219FC instr=0x8FBF0010 v0=0x00000000 a0=0x00000000 ra=0x800219F4 sp=0x801FFF78 f=0
[BLACKSCREEN][BOOT-IDLE] start=0x800219E0 step=8 pc=0x80021A00 instr=0x27BD0018 v0=0x00000000 a0=0x00000000 ra=0x800E3298 sp=0x801FFF78 f=0
[BLACKSCREEN][BOOT-IDLE] start=0x800219E0 step=9 pc=0x80021A04 instr=0x03E00008 v0=0x00000000 a0=0x00000000 ra=0x800E3298 sp=0x801FFF90 f=0
[BLACKSCREEN][INTERP] start=0x800219E0 end=0x80021A04 steps=9 reason=jr_ra target=0x800E3298 ra=0x800E3298 sp=0x801FFF90 f=0
[BLACKSCREEN][BOOT-CALL] #111 addr=0x800219E0 kseg0=0x800219E0 ra=0x800E3298 sp=0x801FFF90 f=0
[BLACKSCREEN][CALL] enter #14 addr=0x800219E0 kseg0=0x800219E0 ra=0x800E3298 sp=0x801FFF90 f=0
[BLACKSCREEN][CALL] stage=before_overlay #14 addr=0x800219E0 ra=0x800E3298 f=0
[BLACKSCREEN][CALL] stage=before_inbinary #14 addr=0x800219E0 ra=0x800E3298 f=0
[BLACKSCREEN][CALL] route=interp #14 addr=0x800219E0 ra=0x800E3298 f=0
[BLACKSCREEN][INTERP] enter start=0x800219E0 instr0=0x27BDFFE8 a0=0x00000000 ra=0x800E3298 sp=0x801FFF90 f=0
[BLACKSCREEN][BOOT-IDLE] start=0x800219E0 step=1 pc=0x800219E0 instr=0x27BDFFE8 v0=0x00000000 a0=0x00000000 ra=0x800E3298 sp=0x801FFF90 f=0
[BLACKSCREEN][BOOT-IDLE-CALLER] #11 ra=0x800E3298 g309c=0x00000000 v0=0x00000000 a0=0x00000000 sp=0x801FFF90 f=0
[BLACKSCREEN][BOOT-IDLE-CALLER]   pc=0x800E3288 instr=0xAFB00010
[BLACKSCREEN][BOOT-IDLE-CALLER]   pc=0x800E328C instr=0x34100001
[BLACKSCREEN][BOOT-IDLE-CALLER]   pc=0x800E3290 instr=0x0C008678
[BLACKSCREEN][BOOT-IDLE-CALLER]   pc=0x800E3294 instr=0x00002021
[BLACKSCREEN][BOOT-IDLE-CALLER]   pc=0x800E3298 instr=0x1450FFFD
[BLACKSCREEN][BOOT-IDLE-CALLER]   pc=0x800E329C instr=0x00000000
[BLACKSCREEN][BOOT-IDLE-CALLER]   pc=0x800E32A0 instr=0x3C04800B
[BLACKSCREEN][BOOT-IDLE-CALLER]   pc=0x800E32A4 instr=0x2484107C
[BLACKSCREEN][BOOT-IDLE-CALLER]   pc=0x800E32A8 instr=0x3C06800C
[BLACKSCREEN][BOOT-IDLE] start=0x800219E0 step=2 pc=0x800219E4 instr=0xAFBF0010 v0=0x00000000 a0=0x00000000 ra=0x800E3298 sp=0x801FFF78 f=0
[BLACKSCREEN][BOOT-IDLE] start=0x800219E0 step=3 pc=0x800219E8 instr=0x00042400 v0=0x00000000 a0=0x00000000 ra=0x800E3298 sp=0x801FFF78 f=0
[BLACKSCREEN][BOOT-IDLE] start=0x800219E0 step=4 pc=0x800219EC instr=0x0C00AB2D v0=0x00000000 a0=0x00000000 ra=0x800E3298 sp=0x801FFF78 f=0
[BLACKSCREEN][BOOT-CALL] #112 addr=0x8002ACB4 kseg0=0x8002ACB4 ra=0x800219F4 sp=0x801FFF78 f=0
[BLACKSCREEN][BOOT-IDLE] start=0x800219E0 step=5 pc=0x800219F4 instr=0x00021400 v0=0x00000000 a0=0x00000000 ra=0x800219F4 sp=0x801FFF78 f=0
[BLACKSCREEN][BOOT-IDLE] start=0x800219E0 step=6 pc=0x800219F8 instr=0x00021403 v0=0x00000000 a0=0x00000000 ra=0x800219F4 sp=0x801FFF78 f=0
[BLACKSCREEN][BOOT-IDLE] start=0x800219E0 step=7 pc=0x800219FC instr=0x8FBF0010 v0=0x00000000 a0=0x00000000 ra=0x800219F4 sp=0x801FFF78 f=0
[BLACKSCREEN][BOOT-IDLE] start=0x800219E0 step=8 pc=0x80021A00 instr=0x27BD0018 v0=0x00000000 a0=0x00000000 ra=0x800E3298 sp=0x801FFF78 f=0
[BLACKSCREEN][BOOT-IDLE] start=0x800219E0 step=9 pc=0x80021A04 instr=0x03E00008 v0=0x00000000 a0=0x00000000 ra=0x800E3298 sp=0x801FFF90 f=0
[BLACKSCREEN][INTERP] start=0x800219E0 end=0x80021A04 steps=9 reason=jr_ra target=0x800E3298 ra=0x800E3298 sp=0x801FFF90 f=0
[BLACKSCREEN][BOOT-CALL] #113 addr=0x800219E0 kseg0=0x800219E0 ra=0x800E3298 sp=0x801FFF90 f=0
[BLACKSCREEN][CALL] enter #15 addr=0x800219E0 kseg0=0x800219E0 ra=0x800E3298 sp=0x801FFF90 f=0
[BLACKSCREEN][CALL] stage=before_overlay #15 addr=0x800219E0 ra=0x800E3298 f=0
[BLACKSCREEN][CALL] stage=before_inbinary #15 addr=0x800219E0 ra=0x800E3298 f=0
[BLACKSCREEN][CALL] route=interp #15 addr=0x800219E0 ra=0x800E3298 f=0
[BLACKSCREEN][INTERP] enter start=0x800219E0 instr0=0x27BDFFE8 a0=0x00000000 ra=0x800E3298 sp=0x801FFF90 f=0
[BLACKSCREEN][BOOT-IDLE] start=0x800219E0 step=1 pc=0x800219E0 instr=0x27BDFFE8 v0=0x00000000 a0=0x00000000 ra=0x800E3298 sp=0x801FFF90 f=0
[BLACKSCREEN][BOOT-IDLE-CALLER] #12 ra=0x800E3298 g309c=0x00000000 v0=0x00000000 a0=0x00000000 sp=0x801FFF90 f=0
[BLACKSCREEN][BOOT-IDLE-CALLER]   pc=0x800E3288 instr=0xAFB00010
[BLACKSCREEN][BOOT-IDLE-CALLER]   pc=0x800E328C instr=0x34100001
[BLACKSCREEN][BOOT-IDLE-CALLER]   pc=0x800E3290 instr=0x0C008678
[BLACKSCREEN][BOOT-IDLE-CALLER]   pc=0x800E3294 instr=0x00002021
[BLACKSCREEN][BOOT-IDLE-CALLER]   pc=0x800E3298 instr=0x1450FFFD
[BLACKSCREEN][BOOT-IDLE-CALLER]   pc=0x800E329C instr=0x00000000
[BLACKSCREEN][BOOT-IDLE-CALLER]   pc=0x800E32A0 instr=0x3C04800B
[BLACKSCREEN][BOOT-IDLE-CALLER]   pc=0x800E32A4 instr=0x2484107C
[BLACKSCREEN][BOOT-IDLE-CALLER]   pc=0x800E32A8 instr=0x3C06800C
[BLACKSCREEN][BOOT-IDLE] start=0x800219E0 step=2 pc=0x800219E4 instr=0xAFBF0010 v0=0x00000000 a0=0x00000000 ra=0x800E3298 sp=0x801FFF78 f=0
[BLACKSCREEN][BOOT-IDLE] start=0x800219E0 step=3 pc=0x800219E8 instr=0x00042400 v0=0x00000000 a0=0x00000000 ra=0x800E3298 sp=0x801FFF78 f=0
[BLACKSCREEN][BOOT-IDLE] start=0x800219E0 step=4 pc=0x800219EC instr=0x0C00AB2D v0=0x00000000 a0=0x00000000 ra=0x800E3298 sp=0x801FFF78 f=0
[BLACKSCREEN][BOOT-CALL] #114 addr=0x8002ACB4 kseg0=0x8002ACB4 ra=0x800219F4 sp=0x801FFF78 f=0
[BLACKSCREEN][BOOT-IDLE] start=0x800219E0 step=5 pc=0x800219F4 instr=0x00021400 v0=0x00000000 a0=0x00000000 ra=0x800219F4 sp=0x801FFF78 f=0
[BLACKSCREEN][BOOT-IDLE] start=0x800219E0 step=6 pc=0x800219F8 instr=0x00021403 v0=0x00000000 a0=0x00000000 ra=0x800219F4 sp=0x801FFF78 f=0
[BLACKSCREEN][BOOT-IDLE] start=0x800219E0 step=7 pc=0x800219FC instr=0x8FBF0010 v0=0x00000000 a0=0x00000000 ra=0x800219F4 sp=0x801FFF78 f=0
[BLACKSCREEN][BOOT-IDLE] start=0x800219E0 step=8 pc=0x80021A00 instr=0x27BD0018 v0=0x00000000 a0=0x00000000 ra=0x800E3298 sp=0x801FFF78 f=0
[BLACKSCREEN][BOOT-IDLE] start=0x800219E0 step=9 pc=0x80021A04 instr=0x03E00008 v0=0x00000000 a0=0x00000000 ra=0x800E3298 sp=0x801FFF90 f=0
[BLACKSCREEN][INTERP] start=0x800219E0 end=0x80021A04 steps=9 reason=jr_ra target=0x800E3298 ra=0x800E3298 sp=0x801FFF90 f=0
[BLACKSCREEN][BOOT-CALL] #115 addr=0x800219E0 kseg0=0x800219E0 ra=0x800E3298 sp=0x801FFF90 f=0
[BLACKSCREEN][CALL] enter #16 addr=0x800219E0 kseg0=0x800219E0 ra=0x800E3298 sp=0x801FFF90 f=0
[BLACKSCREEN][CALL] stage=before_overlay #16 addr=0x800219E0 ra=0x800E3298 f=0
[BLACKSCREEN][CALL] stage=before_inbinary #16 addr=0x800219E0 ra=0x800E3298 f=0
[BLACKSCREEN][CALL] route=interp #16 addr=0x800219E0 ra=0x800E3298 f=0
[BLACKSCREEN][INTERP] enter start=0x800219E0 instr0=0x27BDFFE8 a0=0x00000000 ra=0x800E3298 sp=0x801FFF90 f=0
[BLACKSCREEN][BOOT-IDLE] start=0x800219E0 step=1 pc=0x800219E0 instr=0x27BDFFE8 v0=0x00000000 a0=0x00000000 ra=0x800E3298 sp=0x801FFF90 f=0
[BLACKSCREEN][BOOT-IDLE-CALLER] #13 ra=0x800E3298 g309c=0x00000000 v0=0x00000000 a0=0x00000000 sp=0x801FFF90 f=0
[BLACKSCREEN][BOOT-IDLE-CALLER]   pc=0x800E3288 instr=0xAFB00010
[BLACKSCREEN][BOOT-IDLE-CALLER]   pc=0x800E328C instr=0x34100001
[BLACKSCREEN][BOOT-IDLE-CALLER]   pc=0x800E3290 instr=0x0C008678
[BLACKSCREEN][BOOT-IDLE-CALLER]   pc=0x800E3294 instr=0x00002021
[BLACKSCREEN][BOOT-IDLE-CALLER]   pc=0x800E3298 instr=0x1450FFFD
[BLACKSCREEN][BOOT-IDLE-CALLER]   pc=0x800E329C instr=0x00000000
[BLACKSCREEN][BOOT-IDLE-CALLER]   pc=0x800E32A0 instr=0x3C04800B
[BLACKSCREEN][BOOT-IDLE-CALLER]   pc=0x800E32A4 instr=0x2484107C
[BLACKSCREEN][BOOT-IDLE-CALLER]   pc=0x800E32A8 instr=0x3C06800C
[BLACKSCREEN][BOOT-IDLE] start=0x800219E0 step=2 pc=0x800219E4 instr=0xAFBF0010 v0=0x00000000 a0=0x00000000 ra=0x800E3298 sp=0x801FFF78 f=0
[BLACKSCREEN][BOOT-IDLE] start=0x800219E0 step=3 pc=0x800219E8 instr=0x00042400 v0=0x00000000 a0=0x00000000 ra=0x800E3298 sp=0x801FFF78 f=0
[BLACKSCREEN][BOOT-IDLE] start=0x800219E0 step=4 pc=0x800219EC instr=0x0C00AB2D v0=0x00000000 a0=0x00000000 ra=0x800E3298 sp=0x801FFF78 f=0
[BLACKSCREEN][BOOT-CALL] #116 addr=0x8002ACB4 kseg0=0x8002ACB4 ra=0x800219F4 sp=0x801FFF78 f=0
[BLACKSCREEN][BOOT-IDLE] start=0x800219E0 step=5 pc=0x800219F4 instr=0x00021400 v0=0x00000000 a0=0x00000000 ra=0x800219F4 sp=0x801FFF78 f=0
[BLACKSCREEN][BOOT-IDLE] start=0x800219E0 step=6 pc=0x800219F8 instr=0x00021403 v0=0x00000000 a0=0x00000000 ra=0x800219F4 sp=0x801FFF78 f=0
[BLACKSCREEN][BOOT-IDLE] start=0x800219E0 step=7 pc=0x800219FC instr=0x8FBF0010 v0=0x00000000 a0=0x00000000 ra=0x800219F4 sp=0x801FFF78 f=0
[BLACKSCREEN][BOOT-IDLE] start=0x800219E0 step=8 pc=0x80021A00 instr=0x27BD0018 v0=0x00000000 a0=0x00000000 ra=0x800E3298 sp=0x801FFF78 f=0
[BLACKSCREEN][BOOT-IDLE] start=0x800219E0 step=9 pc=0x80021A04 instr=0x03E00008 v0=0x00000000 a0=0x00000000 ra=0x800E3298 sp=0x801FFF90 f=0
[BLACKSCREEN][INTERP] start=0x800219E0 end=0x80021A04 steps=9 reason=jr_ra target=0x800E3298 ra=0x800E3298 sp=0x801FFF90 f=0
[BLACKSCREEN][BOOT-CALL] #117 addr=0x800219E0 kseg0=0x800219E0 ra=0x800E3298 sp=0x801FFF90 f=0
[BLACKSCREEN][CALL] enter #17 addr=0x800219E0 kseg0=0x800219E0 ra=0x800E3298 sp=0x801FFF90 f=0
[BLACKSCREEN][CALL] stage=before_overlay #17 addr=0x800219E0 ra=0x800E3298 f=0
[BLACKSCREEN][CALL] stage=before_inbinary #17 addr=0x800219E0 ra=0x800E3298 f=0
[BLACKSCREEN][CALL] route=interp #17 addr=0x800219E0 ra=0x800E3298 f=0
[BLACKSCREEN][INTERP] enter start=0x800219E0 instr0=0x27BDFFE8 a0=0x00000000 ra=0x800E3298 sp=0x801FFF90 f=0
[BLACKSCREEN][BOOT-IDLE] start=0x800219E0 step=1 pc=0x800219E0 instr=0x27BDFFE8 v0=0x00000000 a0=0x00000000 ra=0x800E3298 sp=0x801FFF90 f=0
[BLACKSCREEN][BOOT-IDLE-CALLER] #14 ra=0x800E3298 g309c=0x00000000 v0=0x00000000 a0=0x00000000 sp=0x801FFF90 f=0
[BLACKSCREEN][BOOT-IDLE-CALLER]   pc=0x800E3288 instr=0xAFB00010
[BLACKSCREEN][BOOT-IDLE-CALLER]   pc=0x800E328C instr=0x34100001
[BLACKSCREEN][BOOT-IDLE-CALLER]   pc=0x800E3290 instr=0x0C008678
[BLACKSCREEN][BOOT-IDLE-CALLER]   pc=0x800E3294 instr=0x00002021
[BLACKSCREEN][BOOT-IDLE-CALLER]   pc=0x800E3298 instr=0x1450FFFD
[BLACKSCREEN][BOOT-IDLE-CALLER]   pc=0x800E329C instr=0x00000000
[BLACKSCREEN][BOOT-IDLE-CALLER]   pc=0x800E32A0 instr=0x3C04800B
[BLACKSCREEN][BOOT-IDLE-CALLER]   pc=0x800E32A4 instr=0x2484107C
[BLACKSCREEN][BOOT-IDLE-CALLER]   pc=0x800E32A8 instr=0x3C06800C
[BLACKSCREEN][BOOT-IDLE] start=0x800219E0 step=2 pc=0x800219E4 instr=0xAFBF0010 v0=0x00000000 a0=0x00000000 ra=0x800E3298 sp=0x801FFF78 f=0
[BLACKSCREEN][BOOT-IDLE] start=0x800219E0 step=3 pc=0x800219E8 instr=0x00042400 v0=0x00000000 a0=0x00000000 ra=0x800E3298 sp=0x801FFF78 f=0
[BLACKSCREEN][BOOT-IDLE] start=0x800219E0 step=4 pc=0x800219EC instr=0x0C00AB2D v0=0x00000000 a0=0x00000000 ra=0x800E3298 sp=0x801FFF78 f=0
[BLACKSCREEN][BOOT-CALL] #118 addr=0x8002ACB4 kseg0=0x8002ACB4 ra=0x800219F4 sp=0x801FFF78 f=0
[BLACKSCREEN][BOOT-IDLE] start=0x800219E0 step=5 pc=0x800219F4 instr=0x00021400 v0=0x00000000 a0=0x00000000 ra=0x800219F4 sp=0x801FFF78 f=0
[BLACKSCREEN][BOOT-IDLE] start=0x800219E0 step=6 pc=0x800219F8 instr=0x00021403 v0=0x00000000 a0=0x00000000 ra=0x800219F4 sp=0x801FFF78 f=0
[BLACKSCREEN][BOOT-IDLE] start=0x800219E0 step=7 pc=0x800219FC instr=0x8FBF0010 v0=0x00000000 a0=0x00000000 ra=0x800219F4 sp=0x801FFF78 f=0
[BLACKSCREEN][BOOT-IDLE] start=0x800219E0 step=8 pc=0x80021A00 instr=0x27BD0018 v0=0x00000000 a0=0x00000000 ra=0x800E3298 sp=0x801FFF78 f=0
[BLACKSCREEN][BOOT-IDLE] start=0x800219E0 step=9 pc=0x80021A04 instr=0x03E00008 v0=0x00000000 a0=0x00000000 ra=0x800E3298 sp=0x801FFF90 f=0
[BLACKSCREEN][INTERP] start=0x800219E0 end=0x80021A04 steps=9 reason=jr_ra target=0x800E3298 ra=0x800E3298 sp=0x801FFF90 f=0
[BLACKSCREEN][BOOT-CALL] #119 addr=0x800219E0 kseg0=0x800219E0 ra=0x800E3298 sp=0x801FFF90 f=0
[BLACKSCREEN][CALL] enter #18 addr=0x800219E0 kseg0=0x800219E0 ra=0x800E3298 sp=0x801FFF90 f=0
[BLACKSCREEN][CALL] stage=before_overlay #18 addr=0x800219E0 ra=0x800E3298 f=0
[BLACKSCREEN][CALL] stage=before_inbinary #18 addr=0x800219E0 ra=0x800E3298 f=0
[BLACKSCREEN][CALL] route=interp #18 addr=0x800219E0 ra=0x800E3298 f=0
[BLACKSCREEN][INTERP] enter start=0x800219E0 instr0=0x27BDFFE8 a0=0x00000000 ra=0x800E3298 sp=0x801FFF90 f=0
[BLACKSCREEN][BOOT-IDLE] start=0x800219E0 step=1 pc=0x800219E0 instr=0x27BDFFE8 v0=0x00000000 a0=0x00000000 ra=0x800E3298 sp=0x801FFF90 f=0
[BLACKSCREEN][BOOT-IDLE-CALLER] #15 ra=0x800E3298 g309c=0x00000000 v0=0x00000000 a0=0x00000000 sp=0x801FFF90 f=0
[BLACKSCREEN][BOOT-IDLE-CALLER]   pc=0x800E3288 instr=0xAFB00010
[BLACKSCREEN][BOOT-IDLE-CALLER]   pc=0x800E328C instr=0x34100001
[BLACKSCREEN][BOOT-IDLE-CALLER]   pc=0x800E3290 instr=0x0C008678
[BLACKSCREEN][BOOT-IDLE-CALLER]   pc=0x800E3294 instr=0x00002021
[BLACKSCREEN][BOOT-IDLE-CALLER]   pc=0x800E3298 instr=0x1450FFFD
[BLACKSCREEN][BOOT-IDLE-CALLER]   pc=0x800E329C instr=0x00000000
[BLACKSCREEN][BOOT-IDLE-CALLER]   pc=0x800E32A0 instr=0x3C04800B
[BLACKSCREEN][BOOT-IDLE-CALLER]   pc=0x800E32A4 instr=0x2484107C
[BLACKSCREEN][BOOT-IDLE-CALLER]   pc=0x800E32A8 instr=0x3C06800C
[BLACKSCREEN][BOOT-IDLE] start=0x800219E0 step=2 pc=0x800219E4 instr=0xAFBF0010 v0=0x00000000 a0=0x00000000 ra=0x800E3298 sp=0x801FFF78 f=0
[BLACKSCREEN][BOOT-IDLE] start=0x800219E0 step=3 pc=0x800219E8 instr=0x00042400 v0=0x00000000 a0=0x00000000 ra=0x800E3298 sp=0x801FFF78 f=0
[BLACKSCREEN][BOOT-IDLE] start=0x800219E0 step=4 pc=0x800219EC instr=0x0C00AB2D v0=0x00000000 a0=0x00000000 ra=0x800E3298 sp=0x801FFF78 f=0
[BLACKSCREEN][BOOT-CALL] #120 addr=0x8002ACB4 kseg0=0x8002ACB4 ra=0x800219F4 sp=0x801FFF78 f=0
[BLACKSCREEN][BOOT-IDLE] start=0x800219E0 step=5 pc=0x800219F4 instr=0x00021400 v0=0x00000000 a0=0x00000000 ra=0x800219F4 sp=0x801FFF78 f=0
[BLACKSCREEN][BOOT-IDLE] start=0x800219E0 step=6 pc=0x800219F8 instr=0x00021403 v0=0x00000000 a0=0x00000000 ra=0x800219F4 sp=0x801FFF78 f=0
[BLACKSCREEN][BOOT-IDLE] start=0x800219E0 step=7 pc=0x800219FC instr=0x8FBF0010 v0=0x00000000 a0=0x00000000 ra=0x800219F4 sp=0x801FFF78 f=0
[BLACKSCREEN][BOOT-IDLE] start=0x800219E0 step=8 pc=0x80021A00 instr=0x27BD0018 v0=0x00000000 a0=0x00000000 ra=0x800E3298 sp=0x801FFF78 f=0
[BLACKSCREEN][BOOT-IDLE] start=0x800219E0 step=9 pc=0x80021A04 instr=0x03E00008 v0=0x00000000 a0=0x00000000 ra=0x800E3298 sp=0x801FFF90 f=0
[BLACKSCREEN][INTERP] start=0x800219E0 end=0x80021A04 steps=9 reason=jr_ra target=0x800E3298 ra=0x800E3298 sp=0x801FFF90 f=0
[BLACKSCREEN][BOOT-CALL] #121 addr=0x800219E0 kseg0=0x800219E0 ra=0x800E3298 sp=0x801FFF90 f=0
[BLACKSCREEN][CALL] enter #19 addr=0x800219E0 kseg0=0x800219E0 ra=0x800E3298 sp=0x801FFF90 f=0
[BLACKSCREEN][CALL] stage=before_overlay #19 addr=0x800219E0 ra=0x800E3298 f=0
[BLACKSCREEN][CALL] stage=before_inbinary #19 addr=0x800219E0 ra=0x800E3298 f=0
[BLACKSCREEN][CALL] route=interp #19 addr=0x800219E0 ra=0x800E3298 f=0
[BLACKSCREEN][INTERP] enter start=0x800219E0 instr0=0x27BDFFE8 a0=0x00000000 ra=0x800E3298 sp=0x801FFF90 f=0
[BLACKSCREEN][BOOT-IDLE] start=0x800219E0 step=1 pc=0x800219E0 instr=0x27BDFFE8 v0=0x00000000 a0=0x00000000 ra=0x800E3298 sp=0x801FFF90 f=0
[BLACKSCREEN][BOOT-IDLE-CALLER] #16 ra=0x800E3298 g309c=0x00000000 v0=0x00000000 a0=0x00000000 sp=0x801FFF90 f=0
[BLACKSCREEN][BOOT-IDLE-CALLER]   pc=0x800E3288 instr=0xAFB00010
[BLACKSCREEN][BOOT-IDLE-CALLER]   pc=0x800E328C instr=0x34100001
[BLACKSCREEN][BOOT-IDLE-CALLER]   pc=0x800E3290 instr=0x0C008678
[BLACKSCREEN][BOOT-IDLE-CALLER]   pc=0x800E3294 instr=0x00002021
[BLACKSCREEN][BOOT-IDLE-CALLER]   pc=0x800E3298 instr=0x1450FFFD
[BLACKSCREEN][BOOT-IDLE-CALLER]   pc=0x800E329C instr=0x00000000
[BLACKSCREEN][BOOT-IDLE-CALLER]   pc=0x800E32A0 instr=0x3C04800B
[BLACKSCREEN][BOOT-IDLE-CALLER]   pc=0x800E32A4 instr=0x2484107C
[BLACKSCREEN][BOOT-IDLE-CALLER]   pc=0x800E32A8 instr=0x3C06800C
[BLACKSCREEN][BOOT-IDLE] start=0x800219E0 step=2 pc=0x800219E4 instr=0xAFBF0010 v0=0x00000000 a0=0x00000000 ra=0x800E3298 sp=0x801FFF78 f=0
[BLACKSCREEN][BOOT-IDLE] start=0x800219E0 step=3 pc=0x800219E8 instr=0x00042400 v0=0x00000000 a0=0x00000000 ra=0x800E3298 sp=0x801FFF78 f=0
[BLACKSCREEN][BOOT-IDLE] start=0x800219E0 step=4 pc=0x800219EC instr=0x0C00AB2D v0=0x00000000 a0=0x00000000 ra=0x800E3298 sp=0x801FFF78 f=0
[BLACKSCREEN][BOOT-CALL] #122 addr=0x8002ACB4 kseg0=0x8002ACB4 ra=0x800219F4 sp=0x801FFF78 f=0
[BLACKSCREEN][BOOT-IDLE] start=0x800219E0 step=5 pc=0x800219F4 instr=0x00021400 v0=0x00000000 a0=0x00000000 ra=0x800219F4 sp=0x801FFF78 f=0
[BLACKSCREEN][BOOT-IDLE] start=0x800219E0 step=6 pc=0x800219F8 instr=0x00021403 v0=0x00000000 a0=0x00000000 ra=0x800219F4 sp=0x801FFF78 f=0
[BLACKSCREEN][BOOT-IDLE] start=0x800219E0 step=7 pc=0x800219FC instr=0x8FBF0010 v0=0x00000000 a0=0x00000000 ra=0x800219F4 sp=0x801FFF78 f=0
[BLACKSCREEN][BOOT-IDLE] start=0x800219E0 step=8 pc=0x80021A00 instr=0x27BD0018 v0=0x00000000 a0=0x00000000 ra=0x800E3298 sp=0x801FFF78 f=0
[BLACKSCREEN][BOOT-IDLE] start=0x800219E0 step=9 pc=0x80021A04 instr=0x03E00008 v0=0x00000000 a0=0x00000000 ra=0x800E3298 sp=0x801FFF90 f=0
[BLACKSCREEN][INTERP] start=0x800219E0 end=0x80021A04 steps=9 reason=jr_ra target=0x800E3298 ra=0x800E3298 sp=0x801FFF90 f=0
[BLACKSCREEN][BOOT-CALL] #123 addr=0x800219E0 kseg0=0x800219E0 ra=0x800E3298 sp=0x801FFF90 f=0
[BLACKSCREEN][CALL] enter #20 addr=0x800219E0 kseg0=0x800219E0 ra=0x800E3298 sp=0x801FFF90 f=0
[BLACKSCREEN][CALL] stage=before_overlay #20 addr=0x800219E0 ra=0x800E3298 f=0
[BLACKSCREEN][CALL] stage=before_inbinary #20 addr=0x800219E0 ra=0x800E3298 f=0
[BLACKSCREEN][CALL] route=interp #20 addr=0x800219E0 ra=0x800E3298 f=0
[BLACKSCREEN][INTERP] enter start=0x800219E0 instr0=0x27BDFFE8 a0=0x00000000 ra=0x800E3298 sp=0x801FFF90 f=0
[BLACKSCREEN][BOOT-IDLE] start=0x800219E0 step=1 pc=0x800219E0 instr=0x27BDFFE8 v0=0x00000000 a0=0x00000000 ra=0x800E3298 sp=0x801FFF90 f=0
[BLACKSCREEN][BOOT-IDLE-CALLER] #17 ra=0x800E3298 g309c=0x00000000 v0=0x00000000 a0=0x00000000 sp=0x801FFF90 f=0
[BLACKSCREEN][BOOT-IDLE-CALLER]   pc=0x800E3288 instr=0xAFB00010
[BLACKSCREEN][BOOT-IDLE-CALLER]   pc=0x800E328C instr=0x34100001
[BLACKSCREEN][BOOT-IDLE-CALLER]   pc=0x800E3290 instr=0x0C008678
[BLACKSCREEN][BOOT-IDLE-CALLER]   pc=0x800E3294 instr=0x00002021
[BLACKSCREEN][BOOT-IDLE-CALLER]   pc=0x800E3298 instr=0x1450FFFD
[BLACKSCREEN][BOOT-IDLE-CALLER]   pc=0x800E329C instr=0x00000000
[BLACKSCREEN][BOOT-IDLE-CALLER]   pc=0x800E32A0 instr=0x3C04800B
[BLACKSCREEN][BOOT-IDLE-CALLER]   pc=0x800E32A4 instr=0x2484107C
[BLACKSCREEN][BOOT-IDLE-CALLER]   pc=0x800E32A8 instr=0x3C06800C
[BLACKSCREEN][BOOT-IDLE] start=0x800219E0 step=2 pc=0x800219E4 instr=0xAFBF0010 v0=0x00000000 a0=0x00000000 ra=0x800E3298 sp=0x801FFF78 f=0
[BLACKSCREEN][BOOT-IDLE] start=0x800219E0 step=3 pc=0x800219E8 instr=0x00042400 v0=0x00000000 a0=0x00000000 ra=0x800E3298 sp=0x801FFF78 f=0
[BLACKSCREEN][BOOT-IDLE] start=0x800219E0 step=4 pc=0x800219EC instr=0x0C00AB2D v0=0x00000000 a0=0x00000000 ra=0x800E3298 sp=0x801FFF78 f=0
[BLACKSCREEN][BOOT-CALL] #124 addr=0x8002ACB4 kseg0=0x8002ACB4 ra=0x800219F4 sp=0x801FFF78 f=0
[BLACKSCREEN][BOOT-IDLE] start=0x800219E0 step=5 pc=0x800219F4 instr=0x00021400 v0=0x00000000 a0=0x00000000 ra=0x800219F4 sp=0x801FFF78 f=0
[BLACKSCREEN][BOOT-IDLE] start=0x800219E0 step=6 pc=0x800219F8 instr=0x00021403 v0=0x00000000 a0=0x00000000 ra=0x800219F4 sp=0x801FFF78 f=0
[BLACKSCREEN][BOOT-IDLE] start=0x800219E0 step=7 pc=0x800219FC instr=0x8FBF0010 v0=0x00000000 a0=0x00000000 ra=0x800219F4 sp=0x801FFF78 f=0
[BLACKSCREEN][BOOT-IDLE] start=0x800219E0 step=8 pc=0x80021A00 instr=0x27BD0018 v0=0x00000000 a0=0x00000000 ra=0x800E3298 sp=0x801FFF78 f=0
[BLACKSCREEN][BOOT-IDLE] start=0x800219E0 step=9 pc=0x80021A04 instr=0x03E00008 v0=0x00000000 a0=0x00000000 ra=0x800E3298 sp=0x801FFF90 f=0
[BLACKSCREEN][INTERP] start=0x800219E0 end=0x80021A04 steps=9 reason=jr_ra target=0x800E3298 ra=0x800E3298 sp=0x801FFF90 f=0
[BLACKSCREEN][BOOT-CALL] #125 addr=0x800219E0 kseg0=0x800219E0 ra=0x800E3298 sp=0x801FFF90 f=0
[BLACKSCREEN][CALL] enter #21 addr=0x800219E0 kseg0=0x800219E0 ra=0x800E3298 sp=0x801FFF90 f=0
[BLACKSCREEN][CALL] stage=before_overlay #21 addr=0x800219E0 ra=0x800E3298 f=0
[BLACKSCREEN][CALL] stage=before_inbinary #21 addr=0x800219E0 ra=0x800E3298 f=0
[BLACKSCREEN][CALL] route=interp #21 addr=0x800219E0 ra=0x800E3298 f=0
[BLACKSCREEN][INTERP] enter start=0x800219E0 instr0=0x27BDFFE8 a0=0x00000000 ra=0x800E3298 sp=0x801FFF90 f=0
[BLACKSCREEN][BOOT-IDLE] start=0x800219E0 step=1 pc=0x800219E0 instr=0x27BDFFE8 v0=0x00000000 a0=0x00000000 ra=0x800E3298 sp=0x801FFF90 f=0
[BLACKSCREEN][BOOT-IDLE-CALLER] #18 ra=0x800E3298 g309c=0x00000000 v0=0x00000000 a0=0x00000000 sp=0x801FFF90 f=0
[BLACKSCREEN][BOOT-IDLE-CALLER]   pc=0x800E3288 instr=0xAFB00010
[BLACKSCREEN][BOOT-IDLE-CALLER]   pc=0x800E328C instr=0x34100001
[BLACKSCREEN][BOOT-IDLE-CALLER]   pc=0x800E3290 instr=0x0C008678
[BLACKSCREEN][BOOT-IDLE-CALLER]   pc=0x800E3294 instr=0x00002021
[BLACKSCREEN][BOOT-IDLE-CALLER]   pc=0x800E3298 instr=0x1450FFFD
[BLACKSCREEN][BOOT-IDLE-CALLER]   pc=0x800E329C instr=0x00000000
[BLACKSCREEN][BOOT-IDLE-CALLER]   pc=0x800E32A0 instr=0x3C04800B
[BLACKSCREEN][BOOT-IDLE-CALLER]   pc=0x800E32A4 instr=0x2484107C
[BLACKSCREEN][BOOT-IDLE-CALLER]   pc=0x800E32A8 instr=0x3C06800C
[BLACKSCREEN][BOOT-IDLE] start=0x800219E0 step=2 pc=0x800219E4 instr=0xAFBF0010 v0=0x00000000 a0=0x00000000 ra=0x800E3298 sp=0x801FFF78 f=0
[BLACKSCREEN][BOOT-IDLE] start=0x800219E0 step=3 pc=0x800219E8 instr=0x00042400 v0=0x00000000 a0=0x00000000 ra=0x800E3298 sp=0x801FFF78 f=0
[BLACKSCREEN][BOOT-IDLE] start=0x800219E0 step=4 pc=0x800219EC instr=0x0C00AB2D v0=0x00000000 a0=0x00000000 ra=0x800E3298 sp=0x801FFF78 f=0
[BLACKSCREEN][BOOT-CALL] #126 addr=0x8002ACB4 kseg0=0x8002ACB4 ra=0x800219F4 sp=0x801FFF78 f=0
[BLACKSCREEN][BOOT-IDLE] start=0x800219E0 step=5 pc=0x800219F4 instr=0x00021400 v0=0x00000000 a0=0x00000000 ra=0x800219F4 sp=0x801FFF78 f=0
[BLACKSCREEN][BOOT-IDLE] start=0x800219E0 step=6 pc=0x800219F8 instr=0x00021403 v0=0x00000000 a0=0x00000000 ra=0x800219F4 sp=0x801FFF78 f=0
[BLACKSCREEN][BOOT-IDLE] start=0x800219E0 step=7 pc=0x800219FC instr=0x8FBF0010 v0=0x00000000 a0=0x00000000 ra=0x800219F4 sp=0x801FFF78 f=0
[BLACKSCREEN][BOOT-IDLE] start=0x800219E0 step=8 pc=0x80021A00 instr=0x27BD0018 v0=0x00000000 a0=0x00000000 ra=0x800E3298 sp=0x801FFF78 f=0
[BLACKSCREEN][BOOT-IDLE] start=0x800219E0 step=9 pc=0x80021A04 instr=0x03E00008 v0=0x00000000 a0=0x00000000 ra=0x800E3298 sp=0x801FFF90 f=0
[BLACKSCREEN][INTERP] start=0x800219E0 end=0x80021A04 steps=9 reason=jr_ra target=0x800E3298 ra=0x800E3298 sp=0x801FFF90 f=0
[BLACKSCREEN][BOOT-CALL] #127 addr=0x800219E0 kseg0=0x800219E0 ra=0x800E3298 sp=0x801FFF90 f=0
[BLACKSCREEN][CALL] enter #22 addr=0x800219E0 kseg0=0x800219E0 ra=0x800E3298 sp=0x801FFF90 f=0
[BLACKSCREEN][CALL] stage=before_overlay #22 addr=0x800219E0 ra=0x800E3298 f=0
[BLACKSCREEN][CALL] stage=before_inbinary #22 addr=0x800219E0 ra=0x800E3298 f=0
[BLACKSCREEN][CALL] route=interp #22 addr=0x800219E0 ra=0x800E3298 f=0
[BLACKSCREEN][INTERP] enter start=0x800219E0 instr0=0x27BDFFE8 a0=0x00000000 ra=0x800E3298 sp=0x801FFF90 f=0
[BLACKSCREEN][BOOT-IDLE] start=0x800219E0 step=1 pc=0x800219E0 instr=0x27BDFFE8 v0=0x00000000 a0=0x00000000 ra=0x800E3298 sp=0x801FFF90 f=0
[BLACKSCREEN][BOOT-IDLE-CALLER] #19 ra=0x800E3298 g309c=0x00000000 v0=0x00000000 a0=0x00000000 sp=0x801FFF90 f=0
[BLACKSCREEN][BOOT-IDLE-CALLER]   pc=0x800E3288 instr=0xAFB00010
[BLACKSCREEN][BOOT-IDLE-CALLER]   pc=0x800E328C instr=0x34100001
[BLACKSCREEN][BOOT-IDLE-CALLER]   pc=0x800E3290 instr=0x0C008678
[BLACKSCREEN][BOOT-IDLE-CALLER]   pc=0x800E3294 instr=0x00002021
[BLACKSCREEN][BOOT-IDLE-CALLER]   pc=0x800E3298 instr=0x1450FFFD
[BLACKSCREEN][BOOT-IDLE-CALLER]   pc=0x800E329C instr=0x00000000
[BLACKSCREEN][BOOT-IDLE-CALLER]   pc=0x800E32A0 instr=0x3C04800B
[BLACKSCREEN][BOOT-IDLE-CALLER]   pc=0x800E32A4 instr=0x2484107C
[BLACKSCREEN][BOOT-IDLE-CALLER]   pc=0x800E32A8 instr=0x3C06800C
[BLACKSCREEN][BOOT-IDLE] start=0x800219E0 step=2 pc=0x800219E4 instr=0xAFBF0010 v0=0x00000000 a0=0x00000000 ra=0x800E3298 sp=0x801FFF78 f=0
[BLACKSCREEN][BOOT-IDLE] start=0x800219E0 step=3 pc=0x800219E8 instr=0x00042400 v0=0x00000000 a0=0x00000000 ra=0x800E3298 sp=0x801FFF78 f=0
[BLACKSCREEN][BOOT-IDLE] start=0x800219E0 step=4 pc=0x800219EC instr=0x0C00AB2D v0=0x00000000 a0=0x00000000 ra=0x800E3298 sp=0x801FFF78 f=0
[BLACKSCREEN][BOOT-CALL] #128 addr=0x8002ACB4 kseg0=0x8002ACB4 ra=0x800219F4 sp=0x801FFF78 f=0
[BLACKSCREEN][BOOT-IDLE] start=0x800219E0 step=5 pc=0x800219F4 instr=0x00021400 v0=0x00000000 a0=0x00000000 ra=0x800219F4 sp=0x801FFF78 f=0
[BLACKSCREEN][BOOT-IDLE] start=0x800219E0 step=6 pc=0x800219F8 instr=0x00021403 v0=0x00000000 a0=0x00000000 ra=0x800219F4 sp=0x801FFF78 f=0
[BLACKSCREEN][BOOT-IDLE] start=0x800219E0 step=7 pc=0x800219FC instr=0x8FBF0010 v0=0x00000000 a0=0x00000000 ra=0x800219F4 sp=0x801FFF78 f=0
[BLACKSCREEN][BOOT-IDLE] start=0x800219E0 step=8 pc=0x80021A00 instr=0x27BD0018 v0=0x00000000 a0=0x00000000 ra=0x800E3298 sp=0x801FFF78 f=0
[BLACKSCREEN][BOOT-IDLE] start=0x800219E0 step=9 pc=0x80021A04 instr=0x03E00008 v0=0x00000000 a0=0x00000000 ra=0x800E3298 sp=0x801FFF90 f=0
[BLACKSCREEN][INTERP] start=0x800219E0 end=0x80021A04 steps=9 reason=jr_ra target=0x800E3298 ra=0x800E3298 sp=0x801FFF90 f=0
[BLACKSCREEN][BOOT-CALL] #129 addr=0x800219E0 kseg0=0x800219E0 ra=0x800E3298 sp=0x801FFF90 f=0
[BLACKSCREEN][CALL] enter #23 addr=0x800219E0 kseg0=0x800219E0 ra=0x800E3298 sp=0x801FFF90 f=0
[BLACKSCREEN][CALL] stage=before_overlay #23 addr=0x800219E0 ra=0x800E3298 f=0
[BLACKSCREEN][CALL] stage=before_inbinary #23 addr=0x800219E0 ra=0x800E3298 f=0
[BLACKSCREEN][CALL] route=interp #23 addr=0x800219E0 ra=0x800E3298 f=0
[BLACKSCREEN][INTERP] enter start=0x800219E0 instr0=0x27BDFFE8 a0=0x00000000 ra=0x800E3298 sp=0x801FFF90 f=0
[BLACKSCREEN][BOOT-IDLE] start=0x800219E0 step=1 pc=0x800219E0 instr=0x27BDFFE8 v0=0x00000000 a0=0x00000000 ra=0x800E3298 sp=0x801FFF90 f=0
[BLACKSCREEN][BOOT-IDLE-CALLER] #20 ra=0x800E3298 g309c=0x00000000 v0=0x00000000 a0=0x00000000 sp=0x801FFF90 f=0
[BLACKSCREEN][BOOT-IDLE-CALLER]   pc=0x800E3288 instr=0xAFB00010
[BLACKSCREEN][BOOT-IDLE-CALLER]   pc=0x800E328C instr=0x34100001
[BLACKSCREEN][BOOT-IDLE-CALLER]   pc=0x800E3290 instr=0x0C008678
[BLACKSCREEN][BOOT-IDLE-CALLER]   pc=0x800E3294 instr=0x00002021
[BLACKSCREEN][BOOT-IDLE-CALLER]   pc=0x800E3298 instr=0x1450FFFD
[BLACKSCREEN][BOOT-IDLE-CALLER]   pc=0x800E329C instr=0x00000000
[BLACKSCREEN][BOOT-IDLE-CALLER]   pc=0x800E32A0 instr=0x3C04800B
[BLACKSCREEN][BOOT-IDLE-CALLER]   pc=0x800E32A4 instr=0x2484107C
[BLACKSCREEN][BOOT-IDLE-CALLER]   pc=0x800E32A8 instr=0x3C06800C
[BLACKSCREEN][BOOT-IDLE] start=0x800219E0 step=2 pc=0x800219E4 instr=0xAFBF0010 v0=0x00000000 a0=0x00000000 ra=0x800E3298 sp=0x801FFF78 f=0
[BLACKSCREEN][BOOT-IDLE] start=0x800219E0 step=3 pc=0x800219E8 instr=0x00042400 v0=0x00000000 a0=0x00000000 ra=0x800E3298 sp=0x801FFF78 f=0
[BLACKSCREEN][BOOT-IDLE] start=0x800219E0 step=4 pc=0x800219EC instr=0x0C00AB2D v0=0x00000000 a0=0x00000000 ra=0x800E3298 sp=0x801FFF78 f=0
[BLACKSCREEN][BOOT-CALL] #130 addr=0x8002ACB4 kseg0=0x8002ACB4 ra=0x800219F4 sp=0x801FFF78 f=0
[BLACKSCREEN][BOOT-IDLE] start=0x800219E0 step=5 pc=0x800219F4 instr=0x00021400 v0=0x00000000 a0=0x00000000 ra=0x800219F4 sp=0x801FFF78 f=0
[BLACKSCREEN][BOOT-IDLE] start=0x800219E0 step=6 pc=0x800219F8 instr=0x00021403 v0=0x00000000 a0=0x00000000 ra=0x800219F4 sp=0x801FFF78 f=0
[BLACKSCREEN][BOOT-IDLE] start=0x800219E0 step=7 pc=0x800219FC instr=0x8FBF0010 v0=0x00000000 a0=0x00000000 ra=0x800219F4 sp=0x801FFF78 f=0
[BLACKSCREEN][BOOT-IDLE] start=0x800219E0 step=8 pc=0x80021A00 instr=0x27BD0018 v0=0x00000000 a0=0x00000000 ra=0x800E3298 sp=0x801FFF78 f=0
[BLACKSCREEN][BOOT-IDLE] start=0x800219E0 step=9 pc=0x80021A04 instr=0x03E00008 v0=0x00000000 a0=0x00000000 ra=0x800E3298 sp=0x801FFF90 f=0
[BLACKSCREEN][INTERP] start=0x800219E0 end=0x80021A04 steps=9 reason=jr_ra target=0x800E3298 ra=0x800E3298 sp=0x801FFF90 f=0
[BLACKSCREEN][BOOT-CALL] #131 addr=0x800219E0 kseg0=0x800219E0 ra=0x800E3298 sp=0x801FFF90 f=0
[BLACKSCREEN][CALL] enter #24 addr=0x800219E0 kseg0=0x800219E0 ra=0x800E3298 sp=0x801FFF90 f=0
[BLACKSCREEN][CALL] stage=before_overlay #24 addr=0x800219E0 ra=0x800E3298 f=0
[BLACKSCREEN][CALL] stage=before_inbinary #24 addr=0x800219E0 ra=0x800E3298 f=0
[BLACKSCREEN][CALL] route=interp #24 addr=0x800219E0 ra=0x800E3298 f=0
[BLACKSCREEN][INTERP] enter start=0x800219E0 instr0=0x27BDFFE8 a0=0x00000000 ra=0x800E3298 sp=0x801FFF90 f=0
[BLACKSCREEN][BOOT-IDLE] start=0x800219E0 step=1 pc=0x800219E0 instr=0x27BDFFE8 v0=0x00000000 a0=0x00000000 ra=0x800E3298 sp=0x801FFF90 f=0
[BLACKSCREEN][BOOT-IDLE-CALLER] #21 ra=0x800E3298 g309c=0x00000000 v0=0x00000000 a0=0x00000000 sp=0x801FFF90 f=0
[BLACKSCREEN][BOOT-IDLE-CALLER]   pc=0x800E3288 instr=0xAFB00010
[BLACKSCREEN][BOOT-IDLE-CALLER]   pc=0x800E328C instr=0x34100001
[BLACKSCREEN][BOOT-IDLE-CALLER]   pc=0x800E3290 instr=0x0C008678
[BLACKSCREEN][BOOT-IDLE-CALLER]   pc=0x800E3294 instr=0x00002021
[BLACKSCREEN][BOOT-IDLE-CALLER]   pc=0x800E3298 instr=0x1450FFFD
[BLACKSCREEN][BOOT-IDLE-CALLER]   pc=0x800E329C instr=0x00000000
[BLACKSCREEN][BOOT-IDLE-CALLER]   pc=0x800E32A0 instr=0x3C04800B
[BLACKSCREEN][BOOT-IDLE-CALLER]   pc=0x800E32A4 instr=0x2484107C
[BLACKSCREEN][BOOT-IDLE-CALLER]   pc=0x800E32A8 instr=0x3C06800C
[BLACKSCREEN][BOOT-IDLE] start=0x800219E0 step=2 pc=0x800219E4 instr=0xAFBF0010 v0=0x00000000 a0=0x00000000 ra=0x800E3298 sp=0x801FFF78 f=0
[BLACKSCREEN][BOOT-IDLE] start=0x800219E0 step=3 pc=0x800219E8 instr=0x00042400 v0=0x00000000 a0=0x00000000 ra=0x800E3298 sp=0x801FFF78 f=0
[BLACKSCREEN][BOOT-IDLE] start=0x800219E0 step=4 pc=0x800219EC instr=0x0C00AB2D v0=0x00000000 a0=0x00000000 ra=0x800E3298 sp=0x801FFF78 f=0
[BLACKSCREEN][BOOT-CALL] #132 addr=0x8002ACB4 kseg0=0x8002ACB4 ra=0x800219F4 sp=0x801FFF78 f=0
[BLACKSCREEN][BOOT-IDLE] start=0x800219E0 step=5 pc=0x800219F4 instr=0x00021400 v0=0x00000000 a0=0x00000000 ra=0x800219F4 sp=0x801FFF78 f=0
[BLACKSCREEN][BOOT-IDLE] start=0x800219E0 step=6 pc=0x800219F8 instr=0x00021403 v0=0x00000000 a0=0x00000000 ra=0x800219F4 sp=0x801FFF78 f=0
[BLACKSCREEN][BOOT-IDLE] start=0x800219E0 step=7 pc=0x800219FC instr=0x8FBF0010 v0=0x00000000 a0=0x00000000 ra=0x800219F4 sp=0x801FFF78 f=0
[BLACKSCREEN][BOOT-IDLE] start=0x800219E0 step=8 pc=0x80021A00 instr=0x27BD0018 v0=0x00000000 a0=0x00000000 ra=0x800E3298 sp=0x801FFF78 f=0
[BLACKSCREEN][BOOT-IDLE] start=0x800219E0 step=9 pc=0x80021A04 instr=0x03E00008 v0=0x00000000 a0=0x00000000 ra=0x800E3298 sp=0x801FFF90 f=0
[BLACKSCREEN][INTERP] start=0x800219E0 end=0x80021A04 steps=9 reason=jr_ra target=0x800E3298 ra=0x800E3298 sp=0x801FFF90 f=0
[BLACKSCREEN][BOOT-CALL] #133 addr=0x800219E0 kseg0=0x800219E0 ra=0x800E3298 sp=0x801FFF90 f=0
[BLACKSCREEN][CALL] enter #25 addr=0x800219E0 kseg0=0x800219E0 ra=0x800E3298 sp=0x801FFF90 f=0
[BLACKSCREEN][CALL] stage=before_overlay #25 addr=0x800219E0 ra=0x800E3298 f=0
[BLACKSCREEN][CALL] stage=before_inbinary #25 addr=0x800219E0 ra=0x800E3298 f=0
[BLACKSCREEN][CALL] route=interp #25 addr=0x800219E0 ra=0x800E3298 f=0
[BLACKSCREEN][INTERP] enter start=0x800219E0 instr0=0x27BDFFE8 a0=0x00000000 ra=0x800E3298 sp=0x801FFF90 f=0
[BLACKSCREEN][BOOT-IDLE] start=0x800219E0 step=1 pc=0x800219E0 instr=0x27BDFFE8 v0=0x00000000 a0=0x00000000 ra=0x800E3298 sp=0x801FFF90 f=0
[BLACKSCREEN][BOOT-IDLE-CALLER] #22 ra=0x800E3298 g309c=0x00000000 v0=0x00000000 a0=0x00000000 sp=0x801FFF90 f=0
[BLACKSCREEN][BOOT-IDLE-CALLER]   pc=0x800E3288 instr=0xAFB00010
[BLACKSCREEN][BOOT-IDLE-CALLER]   pc=0x800E328C instr=0x34100001
[BLACKSCREEN][BOOT-IDLE-CALLER]   pc=0x800E3290 instr=0x0C008678
[BLACKSCREEN][BOOT-IDLE-CALLER]   pc=0x800E3294 instr=0x00002021
[BLACKSCREEN][BOOT-IDLE-CALLER]   pc=0x800E3298 instr=0x1450FFFD
[BLACKSCREEN][BOOT-IDLE-CALLER]   pc=0x800E329C instr=0x00000000
[BLACKSCREEN][BOOT-IDLE-CALLER]   pc=0x800E32A0 instr=0x3C04800B
[BLACKSCREEN][BOOT-IDLE-CALLER]   pc=0x800E32A4 instr=0x2484107C
[BLACKSCREEN][BOOT-IDLE-CALLER]   pc=0x800E32A8 instr=0x3C06800C
[BLACKSCREEN][BOOT-IDLE] start=0x800219E0 step=2 pc=0x800219E4 instr=0xAFBF0010 v0=0x00000000 a0=0x00000000 ra=0x800E3298 sp=0x801FFF78 f=0
[BLACKSCREEN][BOOT-IDLE] start=0x800219E0 step=3 pc=0x800219E8 instr=0x00042400 v0=0x00000000 a0=0x00000000 ra=0x800E3298 sp=0x801FFF78 f=0
[BLACKSCREEN][BOOT-IDLE] start=0x800219E0 step=4 pc=0x800219EC instr=0x0C00AB2D v0=0x00000000 a0=0x00000000 ra=0x800E3298 sp=0x801FFF78 f=0
[BLACKSCREEN][BOOT-CALL] #134 ad