[Launcher] Disc: C:\Users\Leona\Documents\GitHub\psxrecomp\CastlevaniaRecomp\isos\Castlevania - Symphony of the Night (USA).cue
=== PSXRecomp v2 ===
EXE: C:\Users\Leona\Documents\GitHub\psxrecomp\CastlevaniaRecomp\isos\SLUS_000.67
CUE: C:\Users\Leona\Documents\GitHub\psxrecomp\CastlevaniaRecomp\isos\Castlevania - Symphony of the Night (USA).cue

[KeyConfig] Loading from C:/Users/Leona/Documents/GitHub/psxrecomp/CastlevaniaRecomp/build/keyconfig.ini
[XA] Volume set to 50%
[KeyConfig] UP=265 DOWN=264 CROSS=83 START=257
[XA] Opened C:\Users\Leona\Documents\GitHub\psxrecomp\CastlevaniaRecomp\isos\Castlevania - Symphony of the Night (USA) (Track 1).bin
[XA] WAV capture: C:/temp/xa_capture.wav (up to 30s)
[XA] Audio ready (decode 37800 Hz → waveOut 44100 Hz)
[FMV] Opened C:\Users\Leona\Documents\GitHub\psxrecomp\CastlevaniaRecomp\isos\Castlevania - Symphony of the Night (USA) (Track 1).bin
[SPU] Initialised — 24 voices, 44100 Hz stereo
Detected PS-X header, skipping 2048 bytes
Loaded 561152 bytes
Loaded into PS1 RAM at 0x80010000
[OpenGLRenderer] Initialize() called
[OpenGLRenderer] InitializeWindow() - Creating GLFW window...
[OpenGLRenderer] GLFW window created successfully (960x720)
[OpenGLRenderer] InitializeOpenGL() - Loading OpenGL functions...
[OpenGLRenderer] OpenGL initialized successfully!
[OpenGLRenderer]   Version:  3.3.0 - Build 31.0.101.5522
[OpenGLRenderer]   Renderer: Intel(R) Iris(R) Xe Graphics
[OpenGLRenderer]   Vendor:   Intel
[OpenGLRenderer] OpenGL 3.3 Core Profile ready
[OpenGLRenderer] InitializeShaders() - Compiling shaders...
[OpenGLRenderer]   - Primitive shader compiled (program ID: 3)
[OpenGLRenderer]   - Textured shader compiled (program ID: 4)
[OpenGLRenderer]   - Fill shader compiled (program ID: 5)
[OpenGLRenderer]   - Copy shader compiled (program ID: 6)
[OpenGLRenderer] All 4 shaders compiled successfully!
[OpenGLRenderer] InitializeBuffers() - Creating VAO and VBO...
[OpenGLRenderer] VAO and VBO created (max 4096 vertices per batch)
[OpenGLRenderer] InitializeVRAM() - Creating VRAM texture and FBO...
[OpenGLRenderer] VRAM texture created (1024x512, RGB5A1, 1024 KB)
[OpenGLRenderer] VRAM FBO created and verified (complete)
[OpenGLRenderer] Initialization complete!
Renderer ready

Calling entry point 0x80010DF4...
[BLACKSCREEN][PROBE] dynamic probe enabled for 'Castlevania Recomp'
[BLACKSCREEN][CALL] enter #1 addr=0x80010DF4 kseg0=0x80010DF4 ra=0x00000000 sp=0x801FFF00 f=0
[OVERRIDE] runtime overrides: tomba=0 castlevania=1 for 'Castlevania Recomp'
[OVERRIDE] castlevania timer helper override=0 (env PSX_CASTLE_TIMER_OVERRIDE) 15308_override=1 (env PSX_CASTLE_15308_OVERRIDE)
[OVERRIDE] castlevania boot unblock override=0 (env PSX_CASTLE_BOOT_UNBLOCK)
[BLACKSCREEN][INIT] timer ptrs mode=default c2a8=0x1F801814 c2ac=0x1F801110
[BLACKSCREEN][CALL] stage=before_overlay #1 addr=0x80010DF4 ra=0x00000000 f=0
[BLACKSCREEN][CALL] stage=before_inbinary #1 addr=0x80010DF4 ra=0x00000000 f=0
[BLACKSCREEN][CALL] route=interp #1 addr=0x80010DF4 ra=0x00000000 f=0
[BLACKSCREEN][INTERP] enter start=0x80010DF4 instr0=0x03E00008 a0=0x00000000 ra=0x00000000 sp=0x801FFF00 f=0
[BLACKSCREEN][INTERP] start=0x80010DF4 end=0x80010DF4 steps=1 reason=invalid_target target=0x00000000 a0=0x00000000 ra=0x00000000 sp=0x801FFF00 f=0
Entry point returned.
[BLACKSCREEN] Entry 0x80010DF4 returned immediately; trying bootstrap entry 0x80010DFC
[BLACKSCREEN][CALL] enter #2 addr=0x80010DFC kseg0=0x80010DFC ra=0x00000000 sp=0x801FFF00 f=0
[BLACKSCREEN][CALL] stage=before_overlay #2 addr=0x80010DFC ra=0x00000000 f=0
[BLACKSCREEN][CALL] stage=before_inbinary #2 addr=0x80010DFC ra=0x00000000 f=0
[BLACKSCREEN][CALL] route=interp #2 addr=0x80010DFC ra=0x00000000 f=0
[BLACKSCREEN][INTERP] enter start=0x80010DFC instr0=0x3C028003 a0=0x00000000 ra=0x00000000 sp=0x801FFF00 f=0
[BLACKSCREEN][CALL] enter #3 addr=0x80010DF4 kseg0=0x80010DF4 ra=0x80010EC8 sp=0x801FFFE8 f=0
[BLACKSCREEN][CALL] stage=before_overlay #3 addr=0x80010DF4 ra=0x80010EC8 f=0
[BLACKSCREEN][CALL] stage=before_inbinary #3 addr=0x80010DF4 ra=0x80010EC8 f=0
[BLACKSCREEN][CALL] route=interp #3 addr=0x80010DF4 ra=0x80010EC8 f=0
[BLACKSCREEN][INTERP] enter start=0x80010DF4 instr0=0x03E00008 a0=0x00000000 ra=0x80010EC8 sp=0x801FFFE8 f=0
[BLACKSCREEN][INTERP] start=0x80010DF4 end=0x80010DF4 steps=1 reason=jr_ra target=0x80010EC8 ra=0x80010EC8 sp=0x801FFFE8 f=0
[BLACKSCREEN][INTERP-LOCALJ] start=0x80010DFC pc=0x80010FCC target=0x80011104 sp=0x801FFFE8 ra=0x80010FCC f=0
[BLACKSCREEN][INTERP] start=0x80010DFC end=0x80011124 steps=413467 reason=jr_ra target=0x80010EA4 ra=0x80010EA4 sp=0x80200000 f=0
[BLACKSCREEN] Bootstrap entry 0x80010DFC returned
[BLACKSCREEN] Entry returned before first PS1 frame; trying display entry 0x800191E0
[BLACKSCREEN][CALL] enter #4 addr=0x800191E0 kseg0=0x800191E0 ra=0x80010EA4 sp=0x80200000 f=0
[BLACKSCREEN][CALL] stage=before_overlay #4 addr=0x800191E0 ra=0x80010EA4 f=0
[BLACKSCREEN][CALL] stage=before_inbinary #4 addr=0x800191E0 ra=0x80010EA4 f=0
[BLACKSCREEN][CALL] route=interp #4 addr=0x800191E0 ra=0x80010EA4 f=0
[BLACKSCREEN][INTERP] enter start=0x800191E0 instr0=0x00000000 a0=0x00000002 ra=0x80010EA4 sp=0x80200000 f=0
[BLACKSCREEN][INTERP] start=0x800191E0 end=0x80019224 steps=14 reason=jr_ra target=0x80010EA4 ra=0x80010EA4 sp=0x80200000 f=0
[BLACKSCREEN] Display entry returned
[BLACKSCREEN] Display entry 0x800191E0 returned; trying alternate display entry 0x80019844
[BLACKSCREEN][CALL] enter #5 addr=0x80019844 kseg0=0x80019844 ra=0x80010EA4 sp=0x80200000 f=0
[BLACKSCREEN][CALL] stage=before_overlay #5 addr=0x80019844 ra=0x80010EA4 f=0
[BLACKSCREEN][CALL] stage=before_inbinary #5 addr=0x80019844 ra=0x80010EA4 f=0
[BLACKSCREEN][CALL] route=interp #5 addr=0x80019844 ra=0x80010EA4 f=0
[BLACKSCREEN][INTERP] enter start=0x80019844 instr0=0x27BDFFD0 a0=0x00000000 ra=0x80010EA4 sp=0x80200000 f=0
[BLACKSCREEN][INTERP-RA] pre-save pc=0x80019890 sp=0x801FFFD0 ra=0x80010EA4 slot_before=0x80010EA4 f=0
[BLACKSCREEN][19844-TAIL] pc=0x80019944 instr=0x0C006844 v0=0x00000000 a0=0x00000000 a1=0x801E0000 ra=0x8001991C sp=0x801FFFD0 f=0
[BLACKSCREEN][19844-STATE] pc=0x80019944 v0=0x00000000 v1=0x80032A24 a0=0x00000000 a1=0x801E0000 a0m0=0x00000000 a0m1=0x00000000 a1m0=0x00000000 a1m1=0x00000000 s0=0x00000003 s1=0x801E0000 ra=0x8001991C c2a8=0x1F801814 c2ac=0x1F801110 t0=0x1C080000 t1=0x00000000 f=0
[BLACKSCREEN][CALL] enter #6 addr=0x8001A110 kseg0=0x8001A110 ra=0x8001994C sp=0x801FFFD0 f=0
[BLACKSCREEN][CALL] stage=before_overlay #6 addr=0x8001A110 ra=0x8001994C f=0
[BLACKSCREEN][CALL] stage=before_inbinary #6 addr=0x8001A110 ra=0x8001994C f=0
[BLACKSCREEN][CALL] route=interp #6 addr=0x8001A110 ra=0x8001994C f=0
[BLACKSCREEN][INTERP] enter start=0x8001A110 instr0=0x27BDFFC8 a0=0x00000000 ra=0x8001994C sp=0x801FFFD0 f=0
[BLACKSCREEN][CALL] enter #7 addr=0x80015308 kseg0=0x80015308 ra=0x8001A144 sp=0x801FFF98 f=0
[BLACKSCREEN][A110-CONT] start=0x8001A110 pc=0x8001A150 instr=0x26522D80 sp=0x801FFF98 ra=0x8001A144 a0=0xFFFFFFFF s0=0x00000003 f=0
[BLACKSCREEN][A110-CONT] start=0x8001A110 pc=0x8001A154 instr=0x26540001 sp=0x801FFF98 ra=0x8001A144 a0=0xFFFFFFFF s0=0x00000003 f=0
[BLACKSCREEN][A110-CONT] start=0x8001A110 pc=0x8001A158 instr=0x244203C0 sp=0x801FFF98 ra=0x8001A144 a0=0xFFFFFFFF s0=0x00000003 f=0
[BLACKSCREEN][A110-CONT] start=0x8001A110 pc=0x8001A15C instr=0x3C018004 sp=0x801FFF98 ra=0x8001A144 a0=0xFFFFFFFF s0=0x00000003 f=0
[BLACKSCREEN][A110-CONT] start=0x8001A110 pc=0x8001A160 instr=0xAC229278 sp=0x801FFF98 ra=0x8001A144 a0=0xFFFFFFFF s0=0x00000003 f=0
[BLACKSCREEN][A110-INIT] pc=0x8001A160 v0=0x000003C1 v1=0x00000000 c9278=0x00000000 c927c=0x00000000 a0=0xFFFFFFFF sp=0x801FFF98 f=0
[BLACKSCREEN][A110-CONT] start=0x8001A110 pc=0x8001A164 instr=0x3C028001 sp=0x801FFF98 ra=0x8001A144 a0=0xFFFFFFFF s0=0x00000003 f=0
[BLACKSCREEN][A110-CONT] start=0x8001A110 pc=0x8001A168 instr=0x2442072C sp=0x801FFF98 ra=0x8001A144 a0=0xFFFFFFFF s0=0x00000003 f=0
[BLACKSCREEN][A110-CONT] start=0x8001A110 pc=0x8001A16C instr=0x3C018004 sp=0x801FFF98 ra=0x8001A144 a0=0xFFFFFFFF s0=0x00000003 f=0
[BLACKSCREEN][A110-CONT] start=0x8001A110 pc=0x8001A170 instr=0xAC20927C sp=0x801FFF98 ra=0x8001A144 a0=0xFFFFFFFF s0=0x00000003 f=0
[BLACKSCREEN][A110-INIT] pc=0x8001A170 v0=0x8001072C v1=0x00000000 c9278=0x000003C1 c927c=0x00000000 a0=0xFFFFFFFF sp=0x801FFF98 f=0
[BLACKSCREEN][A110-CONT] start=0x8001A110 pc=0x8001A174 instr=0x3C018004 sp=0x801FFF98 ra=0x8001A144 a0=0xFFFFFFFF s0=0x00000003 f=0
[BLACKSCREEN][A110-CONT] start=0x8001A110 pc=0x8001A178 instr=0xAC229280 sp=0x801FFF98 ra=0x8001A144 a0=0xFFFFFFFF s0=0x00000003 f=0
[BLACKSCREEN][A110-CONT] start=0x8001A110 pc=0x8001A17C instr=0x0C0054C2 sp=0x801FFF98 ra=0x8001A144 a0=0xFFFFFFFF s0=0x00000003 f=0
[BLACKSCREEN][CALL] enter #8 addr=0x80015308 kseg0=0x80015308 ra=0x8001A184 sp=0x801FFF98 f=0
[BLACKSCREEN][A110-CONT] start=0x8001A110 pc=0x8001A184 instr=0x3C038004 sp=0x801FFF98 ra=0x8001A184 a0=0xFFFFFFFF s0=0x00000003 f=0
[BLACKSCREEN][A110-CONT] start=0x8001A110 pc=0x8001A188 instr=0x8C639278 sp=0x801FFF98 ra=0x8001A184 a0=0xFFFFFFFF s0=0x00000003 f=0
[BLACKSCREEN][A110-CONT] start=0x8001A110 pc=0x8001A18C instr=0x00000000 sp=0x801FFF98 ra=0x8001A184 a0=0xFFFFFFFF s0=0x00000003 f=0
[BLACKSCREEN][A110-CONT] start=0x8001A110 pc=0x8001A190 instr=0x0062182A sp=0x801FFF98 ra=0x8001A184 a0=0xFFFFFFFF s0=0x00000003 f=0
[BLACKSCREEN][A110-CONT] start=0x8001A110 pc=0x8001A194 instr=0x1460000B sp=0x801FFF98 ra=0x8001A184 a0=0xFFFFFFFF s0=0x00000003 f=0
[BLACKSCREEN][A110-EXIT-COND] pc=0x8001A194 v1=0x00000000 v0=0x00000002 will_branch=0 next=0x8001A19C else=0x8001A1C4 c9278=0x000003C1 c927c=0x00000000 ra=0x8001A184 sp=0x801FFF98 f=0
[BLACKSCREEN][A110-CONT] start=0x8001A110 pc=0x8001A19C instr=0x3C038004 sp=0x801FFF98 ra=0x8001A184 a0=0xFFFFFFFF s0=0x00000003 f=0
[BLACKSCREEN][A110-CONT] start=0x8001A110 pc=0x8001A1A0 instr=0x8C63927C sp=0x801FFF98 ra=0x8001A184 a0=0xFFFFFFFF s0=0x00000003 f=0
[BLACKSCREEN][A110-CONT] start=0x8001A110 pc=0x8001A1A4 instr=0x00000000 sp=0x801FFF98 ra=0x8001A184 a0=0xFFFFFFFF s0=0x00000003 f=0
[BLACKSCREEN][A110-CONT] start=0x8001A110 pc=0x8001A1A8 instr=0x24620001 sp=0x801FFF98 ra=0x8001A184 a0=0xFFFFFFFF s0=0x00000003 f=0
[BLACKSCREEN][A110-CONT] start=0x8001A110 pc=0x8001A1AC instr=0x3C018004 sp=0x801FFF98 ra=0x8001A184 a0=0xFFFFFFFF s0=0x00000003 f=0
[BLACKSCREEN][A110-CONT] start=0x8001A110 pc=0x8001A1B0 instr=0xAC22927C sp=0x801FFF98 ra=0x8001A184 a0=0xFFFFFFFF s0=0x00000003 f=0
[BLACKSCREEN][A110-CONT] start=0x8001A110 pc=0x8001A1B4 instr=0x3C02003C sp=0x801FFF98 ra=0x8001A184 a0=0xFFFFFFFF s0=0x00000003 f=0
[BLACKSCREEN][A110-CONT] start=0x8001A110 pc=0x8001A1B8 instr=0x0043102A sp=0x801FFF98 ra=0x8001A184 a0=0xFFFFFFFF s0=0x00000003 f=0
[BLACKSCREEN][CALL] enter #9 addr=0x80015650 kseg0=0x80015650 ra=0x8001A24C sp=0x801FFF98 f=0
[BLACKSCREEN][CALL] stage=before_overlay #7 addr=0x80015650 ra=0x8001A24C f=0
[BLACKSCREEN][CALL] stage=before_inbinary #7 addr=0x80015650 ra=0x8001A24C f=0
[BLACKSCREEN][CALL] route=interp #7 addr=0x80015650 ra=0x8001A24C f=0
[BLACKSCREEN][INTERP] enter start=0x80015650 instr0=0x3C028003 a0=0xFFFFFFFF ra=0x8001A24C sp=0x801FFF98 f=0
[BLACKSCREEN][INTERP] start=0x80015650 end=0x80015658 steps=3 reason=jr_ra target=0x8001A24C ra=0x8001A24C sp=0x801FFF98 f=0
[BLACKSCREEN][A110-CONT] start=0x8001A110 pc=0x8001A17C instr=0x0C0054C2 sp=0x801FFF98 ra=0x8001A24C a0=0xFFFFFFFF s0=0x00000003 f=0
[BLACKSCREEN][CALL] enter #10 addr=0x80015308 kseg0=0x80015308 ra=0x8001A184 sp=0x801FFF98 f=0
[BLACKSCREEN][A110-CONT] start=0x8001A110 pc=0x8001A184 instr=0x3C038004 sp=0x801FFF98 ra=0x8001A184 a0=0xFFFFFFFF s0=0x00000003 f=0
[BLACKSCREEN][A110-CONT] start=0x8001A110 pc=0x8001A188 instr=0x8C639278 sp=0x801FFF98 ra=0x8001A184 a0=0xFFFFFFFF s0=0x00000003 f=0
[BLACKSCREEN][A110-CONT] start=0x8001A110 pc=0x8001A18C instr=0x00000000 sp=0x801FFF98 ra=0x8001A184 a0=0xFFFFFFFF s0=0x00000003 f=0
[BLACKSCREEN][A110-CONT] start=0x8001A110 pc=0x8001A190 instr=0x0062182A sp=0x801FFF98 ra=0x8001A184 a0=0xFFFFFFFF s0=0x00000003 f=0
[BLACKSCREEN][A110-CONT] start=0x8001A110 pc=0x8001A194 instr=0x1460000B sp=0x801FFF98 ra=0x8001A184 a0=0xFFFFFFFF s0=0x00000003 f=0
[BLACKSCREEN][A110-EXIT-COND] pc=0x8001A194 v1=0x00000000 v0=0x00000003 will_branch=0 next=0x8001A19C else=0x8001A1C4 c9278=0x000003C1 c927c=0x00000001 ra=0x8001A184 sp=0x801FFF98 f=0
[BLACKSCREEN][A110-CONT] start=0x8001A110 pc=0x8001A19C instr=0x3C038004 sp=0x801FFF98 ra=0x8001A184 a0=0xFFFFFFFF s0=0x00000003 f=0
[BLACKSCREEN][A110-CONT] start=0x8001A110 pc=0x8001A1A0 instr=0x8C63927C sp=0x801FFF98 ra=0x8001A184 a0=0xFFFFFFFF s0=0x00000003 f=0
[BLACKSCREEN][A110-CONT] start=0x8001A110 pc=0x8001A1A4 instr=0x00000000 sp=0x801FFF98 ra=0x8001A184 a0=0xFFFFFFFF s0=0x00000003 f=0
[BLACKSCREEN][A110-CONT] start=0x8001A110 pc=0x8001A1A8 instr=0x24620001 sp=0x801FFF98 ra=0x8001A184 a0=0xFFFFFFFF s0=0x00000003 f=0
[BLACKSCREEN][A110-CONT] start=0x8001A110 pc=0x8001A1AC instr=0x3C018004 sp=0x801FFF98 ra=0x8001A184 a0=0xFFFFFFFF s0=0x00000003 f=0
[BLACKSCREEN][A110-CONT] start=0x8001A110 pc=0x8001A1B0 instr=0xAC22927C sp=0x801FFF98 ra=0x8001A184 a0=0xFFFFFFFF s0=0x00000003 f=0
[BLACKSCREEN][A110-CONT] start=0x8001A110 pc=0x8001A1B4 instr=0x3C02003C sp=0x801FFF98 ra=0x8001A184 a0=0xFFFFFFFF s0=0x00000003 f=0
[BLACKSCREEN][A110-CONT] start=0x8001A110 pc=0x8001A1B8 instr=0x0043102A sp=0x801FFF98 ra=0x8001A184 a0=0xFFFFFFFF s0=0x00000003 f=0
[BLACKSCREEN][CALL] enter #11 addr=0x80015650 kseg0=0x80015650 ra=0x8001A24C sp=0x801FFF98 f=0
[BLACKSCREEN][CALL] stage=before_overlay #8 addr=0x80015650 ra=0x8001A24C f=0
[BLACKSCREEN][CALL] stage=before_inbinary #8 addr=0x80015650 ra=0x8001A24C f=0
[BLACKSCREEN][CALL] route=interp #8 addr=0x80015650 ra=0x8001A24C f=0
[BLACKSCREEN][INTERP] enter start=0x80015650 instr0=0x3C028003 a0=0xFFFFFFFF ra=0x8001A24C sp=0x801FFF98 f=0
[BLACKSCREEN][INTERP] start=0x80015650 end=0x80015658 steps=3 reason=jr_ra target=0x8001A24C ra=0x8001A24C sp=0x801FFF98 f=0
[BLACKSCREEN][A110-CONT] start=0x8001A110 pc=0x8001A17C instr=0x0C0054C2 sp=0x801FFF98 ra=0x8001A24C a0=0xFFFFFFFF s0=0x00000003 f=0
[BLACKSCREEN][CALL] enter #12 addr=0x80015308 kseg0=0x80015308 ra=0x8001A184 sp=0x801FFF98 f=0
[BLACKSCREEN][A110-CONT] start=0x8001A110 pc=0x8001A184 instr=0x3C038004 sp=0x801FFF98 ra=0x8001A184 a0=0xFFFFFFFF s0=0x00000003 f=0
[BLACKSCREEN][A110-CONT] start=0x8001A110 pc=0x8001A188 instr=0x8C639278 sp=0x801FFF98 ra=0x8001A184 a0=0xFFFFFFFF s0=0x00000003 f=0
[BLACKSCREEN][A110-CONT] start=0x8001A110 pc=0x8001A18C instr=0x00000000 sp=0x801FFF98 ra=0x8001A184 a0=0xFFFFFFFF s0=0x00000003 f=0
[BLACKSCREEN][A110-CONT] start=0x8001A110 pc=0x8001A190 instr=0x0062182A sp=0x801FFF98 ra=0x8001A184 a0=0xFFFFFFFF s0=0x00000003 f=0
[BLACKSCREEN][A110-CONT] start=0x8001A110 pc=0x8001A194 instr=0x1460000B sp=0x801FFF98 ra=0x8001A184 a0=0xFFFFFFFF s0=0x00000003 f=0
[BLACKSCREEN][A110-EXIT-COND] pc=0x8001A194 v1=0x00000000 v0=0x00000004 will_branch=0 next=0x8001A19C else=0x8001A1C4 c9278=0x000003C1 c927c=0x00000002 ra=0x8001A184 sp=0x801FFF98 f=0
[BLACKSCREEN][A110-CONT] start=0x8001A110 pc=0x8001A19C instr=0x3C038004 sp=0x801FFF98 ra=0x8001A184 a0=0xFFFFFFFF s0=0x00000003 f=0
[BLACKSCREEN][A110-CONT] start=0x8001A110 pc=0x8001A1A0 instr=0x8C63927C sp=0x801FFF98 ra=0x8001A184 a0=0xFFFFFFFF s0=0x00000003 f=0
[BLACKSCREEN][A110-CONT] start=0x8001A110 pc=0x8001A1A4 instr=0x00000000 sp=0x801FFF98 ra=0x8001A184 a0=0xFFFFFFFF s0=0x00000003 f=0
[BLACKSCREEN][A110-CONT] start=0x8001A110 pc=0x8001A1A8 instr=0x24620001 sp=0x801FFF98 ra=0x8001A184 a0=0xFFFFFFFF s0=0x00000003 f=0
[BLACKSCREEN][A110-CONT] start=0x8001A110 pc=0x8001A1AC instr=0x3C018004 sp=0x801FFF98 ra=0x8001A184 a0=0xFFFFFFFF s0=0x00000003 f=0
[BLACKSCREEN][A110-CONT] start=0x8001A110 pc=0x8001A1B0 instr=0xAC22927C sp=0x801FFF98 ra=0x8001A184 a0=0xFFFFFFFF s0=0x00000003 f=0
[BLACKSCREEN][A110-CONT] start=0x8001A110 pc=0x8001A1B4 instr=0x3C02003C sp=0x801FFF98 ra=0x8001A184 a0=0xFFFFFFFF s0=0x00000003 f=0
[BLACKSCREEN][A110-CONT] start=0x8001A110 pc=0x8001A1B8 instr=0x0043102A sp=0x801FFF98 ra=0x8001A184 a0=0xFFFFFFFF s0=0x00000003 f=0
[BLACKSCREEN][CALL] enter #13 addr=0x80015650 kseg0=0x80015650 ra=0x8001A24C sp=0x801FFF98 f=0
[BLACKSCREEN][CALL] stage=before_overlay #9 addr=0x80015650 ra=0x8001A24C f=0
[BLACKSCREEN][CALL] stage=before_inbinary #9 addr=0x80015650 ra=0x8001A24C f=0
[BLACKSCREEN][CALL] route=interp #9 addr=0x80015650 ra=0x8001A24C f=0
[BLACKSCREEN][INTERP] enter start=0x80015650 instr0=0x3C028003 a0=0xFFFFFFFF ra=0x8001A24C sp=0x801FFF98 f=0
[BLACKSCREEN][INTERP] start=0x80015650 end=0x80015658 steps=3 reason=jr_ra target=0x8001A24C ra=0x8001A24C sp=0x801FFF98 f=0
[BLACKSCREEN][A110-CONT] start=0x8001A110 pc=0x8001A17C instr=0x0C0054C2 sp=0x801FFF98 ra=0x8001A24C a0=0xFFFFFFFF s0=0x00000003 f=0
[BLACKSCREEN][CALL] enter #14 addr=0x80015308 kseg0=0x80015308 ra=0x8001A184 sp=0x801FFF98 f=0
[BLACKSCREEN][A110-CONT] start=0x8001A110 pc=0x8001A184 instr=0x3C038004 sp=0x801FFF98 ra=0x8001A184 a0=0xFFFFFFFF s0=0x00000003 f=0
[BLACKSCREEN][A110-CONT] start=0x8001A110 pc=0x8001A188 instr=0x8C639278 sp=0x801FFF98 ra=0x8001A184 a0=0xFFFFFFFF s0=0x00000003 f=0
[BLACKSCREEN][A110-CONT] start=0x8001A110 pc=0x8001A18C instr=0x00000000 sp=0x801FFF98 ra=0x8001A184 a0=0xFFFFFFFF s0=0x00000003 f=0
[BLACKSCREEN][A110-CONT] start=0x8001A110 pc=0x8001A190 instr=0x0062182A sp=0x801FFF98 ra=0x8001A184 a0=0xFFFFFFFF s0=0x00000003 f=0
[BLACKSCREEN][A110-CONT] start=0x8001A110 pc=0x8001A194 instr=0x1460000B sp=0x801FFF98 ra=0x8001A184 a0=0xFFFFFFFF s0=0x00000003 f=0
[BLACKSCREEN][A110-EXIT-COND] pc=0x8001A194 v1=0x00000000 v0=0x00000005 will_branch=0 next=0x8001A19C else=0x8001A1C4 c9278=0x000003C1 c927c=0x00000003 ra=0x8001A184 sp=0x801FFF98 f=0
[BLACKSCREEN][A110-CONT] start=0x8001A110 pc=0x8001A19C instr=0x3C038004 sp=0x801FFF98 ra=0x8001A184 a0=0xFFFFFFFF s0=0x00000003 f=0
[BLACKSCREEN][A110-CONT] start=0x8001A110 pc=0x8001A1A0 instr=0x8C63927C sp=0x801FFF98 ra=0x8001A184 a0=0xFFFFFFFF s0=0x00000003 f=0
[BLACKSCREEN][A110-CONT] start=0x8001A110 pc=0x8001A1A4 instr=0x00000000 sp=0x801FFF98 ra=0x8001A184 a0=0xFFFFFFFF s0=0x00000003 f=0
[BLACKSCREEN][A110-CONT] start=0x8001A110 pc=0x8001A1A8 instr=0x24620001 sp=0x801FFF98 ra=0x8001A184 a0=0xFFFFFFFF s0=0x00000003 f=0
[BLACKSCREEN][A110-CONT] start=0x8001A110 pc=0x8001A1AC instr=0x3C018004 sp=0x801FFF98 ra=0x8001A184 a0=0xFFFFFFFF s0=0x00000003 f=0
[BLACKSCREEN][A110-CONT] start=0x8001A110 pc=0x8001A1B0 instr=0xAC22927C sp=0x801FFF98 ra=0x8001A184 a0=0xFFFFFFFF s0=0x00000003 f=0
[BLACKSCREEN][A110-CONT] start=0x8001A110 pc=0x8001A1B4 instr=0x3C02003C sp=0x801FFF98 ra=0x8001A184 a0=0xFFFFFFFF s0=0x00000003 f=0
[BLACKSCREEN][A110-CONT] start=0x8001A110 pc=0x8001A1B8 instr=0x0043102A sp=0x801FFF98 ra=0x8001A184 a0=0xFFFFFFFF s0=0x00000003 f=0
[BLACKSCREEN][CALL] enter #15 addr=0x80015650 kseg0=0x80015650 ra=0x8001A24C sp=0x801FFF98 f=0
[BLACKSCREEN][CALL] stage=before_overlay #10 addr=0x80015650 ra=0x8001A24C f=0
[BLACKSCREEN][CALL] stage=before_inbinary #10 addr=0x80015650 ra=0x8001A24C f=0
[BLACKSCREEN][CALL] route=interp #10 addr=0x80015650 ra=0x8001A24C f=0
[BLACKSCREEN][INTERP] enter start=0x80015650 instr0=0x3C028003 a0=0xFFFFFFFF ra=0x8001A24C sp=0x801FFF98 f=0
[BLACKSCREEN][INTERP] start=0x80015650 end=0x80015658 steps=3 reason=jr_ra target=0x8001A24C ra=0x8001A24C sp=0x801FFF98 f=0
[BLACKSCREEN][A110-CONT] start=0x8001A110 pc=0x8001A17C instr=0x0C0054C2 sp=0x801FFF98 ra=0x8001A24C a0=0xFFFFFFFF s0=0x00000003 f=0
[BLACKSCREEN][CALL] enter #16 addr=0x80015308 kseg0=0x80015308 ra=0x8001A184 sp=0x801FFF98 f=0
[BLACKSCREEN][A110-CONT] start=0x8001A110 pc=0x8001A184 instr=0x3C038004 sp=0x801FFF98 ra=0x8001A184 a0=0xFFFFFFFF s0=0x00000003 f=0
[BLACKSCREEN][A110-CONT] start=0x8001A110 pc=0x8001A188 instr=0x8C639278 sp=0x801FFF98 ra=0x8001A184 a0=0xFFFFFFFF s0=0x00000003 f=0
[BLACKSCREEN][A110-CONT] start=0x8001A110 pc=0x8001A18C instr=0x00000000 sp=0x801FFF98 ra=0x8001A184 a0=0xFFFFFFFF s0=0x00000003 f=0
[BLACKSCREEN][A110-CONT] start=0x8001A110 pc=0x8001A190 instr=0x0062182A sp=0x801FFF98 ra=0x8001A184 a0=0xFFFFFFFF s0=0x00000003 f=0
[BLACKSCREEN][A110-CONT] start=0x8001A110 pc=0x8001A194 instr=0x1460000B sp=0x801FFF98 ra=0x8001A184 a0=0xFFFFFFFF s0=0x00000003 f=0
[BLACKSCREEN][A110-EXIT-COND] pc=0x8001A194 v1=0x00000000 v0=0x00000006 will_branch=0 next=0x8001A19C else=0x8001A1C4 c9278=0x000003C1 c927c=0x00000004 ra=0x8001A184 sp=0x801FFF98 f=0
[BLACKSCREEN][A110-CONT] start=0x8001A110 pc=0x8001A19C instr=0x3C038004 sp=0x801FFF98 ra=0x8001A184 a0=0xFFFFFFFF s0=0x00000003 f=0
[BLACKSCREEN][A110-CONT] start=0x8001A110 pc=0x8001A1A0 instr=0x8C63927C sp=0x801FFF98 ra=0x8001A184 a0=0xFFFFFFFF s0=0x00000003 f=0
[BLACKSCREEN][A110-CONT] start=0x8001A110 pc=0x8001A1A4 instr=0x00000000 sp=0x801FFF98 ra=0x8001A184 a0=0xFFFFFFFF s0=0x00000003 f=0
[BLACKSCREEN][A110-CONT] start=0x8001A110 pc=0x8001A1A8 instr=0x24620001 sp=0x801FFF98 ra=0x8001A184 a0=0xFFFFFFFF s0=0x00000003 f=0
[BLACKSCREEN][A110-CONT] start=0x8001A110 pc=0x8001A1AC instr=0x3C018004 sp=0x801FFF98 ra=0x8001A184 a0=0xFFFFFFFF s0=0x00000003 f=0
[BLACKSCREEN][A110-CONT] start=0x8001A110 pc=0x8001A1B0 instr=0xAC22927C sp=0x801FFF98 ra=0x8001A184 a0=0xFFFFFFFF s0=0x00000003 f=0
[BLACKSCREEN][A110-CONT] start=0x8001A110 pc=0x8001A1B4 instr=0x3C02003C sp=0x801FFF98 ra=0x8001A184 a0=0xFFFFFFFF s0=0x00000003 f=0
[BLACKSCREEN][A110-CONT] start=0x8001A110 pc=0x8001A1B8 instr=0x0043102A sp=0x801FFF98 ra=0x8001A184 a0=0xFFFFFFFF s0=0x00000003 f=0
[BLACKSCREEN][CALL] enter #17 addr=0x80015650 kseg0=0x80015650 ra=0x8001A24C sp=0x801FFF98 f=0
[BLACKSCREEN][CALL] stage=before_overlay #11 addr=0x80015650 ra=0x8001A24C f=0
[BLACKSCREEN][CALL] stage=before_inbinary #11 addr=0x80015650 ra=0x8001A24C f=0
[BLACKSCREEN][CALL] route=interp #11 addr=0x80015650 ra=0x8001A24C f=0
[BLACKSCREEN][INTERP] enter start=0x80015650 instr0=0x3C028003 a0=0xFFFFFFFF ra=0x8001A24C sp=0x801FFF98 f=0
[BLACKSCREEN][INTERP] start=0x80015650 end=0x80015658 steps=3 reason=jr_ra target=0x8001A24C ra=0x8001A24C sp=0x801FFF98 f=0
[BLACKSCREEN][A110-CONT] start=0x8001A110 pc=0x8001A17C instr=0x0C0054C2 sp=0x801FFF98 ra=0x8001A24C a0=0xFFFFFFFF s0=0x00000003 f=0
[BLACKSCREEN][CALL] enter #18 addr=0x80015308 kseg0=0x80015308 ra=0x8001A184 sp=0x801FFF98 f=0
[BLACKSCREEN][A110-CONT] start=0x8001A110 pc=0x8001A184 instr=0x3C038004 sp=0x801FFF98 ra=0x8001A184 a0=0xFFFFFFFF s0=0x00000003 f=0
[BLACKSCREEN][A110-CONT] start=0x8001A110 pc=0x8001A188 instr=0x8C639278 sp=0x801FFF98 ra=0x8001A184 a0=0xFFFFFFFF s0=0x00000003 f=0
[BLACKSCREEN][A110-CONT] start=0x8001A110 pc=0x8001A18C instr=0x00000000 sp=0x801FFF98 ra=0x8001A184 a0=0xFFFFFFFF s0=0x00000003 f=0
[BLACKSCREEN][A110-CONT] start=0x8001A110 pc=0x8001A190 instr=0x0062182A sp=0x801FFF98 ra=0x8001A184 a0=0xFFFFFFFF s0=0x00000003 f=0
[BLACKSCREEN][A110-CONT] start=0x8001A110 pc=0x8001A194 instr=0x1460000B sp=0x801FFF98 ra=0x8001A184 a0=0xFFFFFFFF s0=0x00000003 f=0
[BLACKSCREEN][A110-EXIT-COND] pc=0x8001A194 v1=0x00000000 v0=0x00000007 will_branch=0 next=0x8001A19C else=0x8001A1C4 c9278=0x000003C1 c927c=0x00000005 ra=0x8001A184 sp=0x801FFF98 f=0
[BLACKSCREEN][A110-CONT] start=0x8001A110 pc=0x8001A19C instr=0x3C038004 sp=0x801FFF98 ra=0x8001A184 a0=0xFFFFFFFF s0=0x00000003 f=0
[BLACKSCREEN][A110-CONT] start=0x8001A110 pc=0x8001A1A0 instr=0x8C63927C sp=0x801FFF98 ra=0x8001A184 a0=0xFFFFFFFF s0=0x00000003 f=0
[BLACKSCREEN][A110-CONT] start=0x8001A110 pc=0x8001A1A4 instr=0x00000000 sp=0x801FFF98 ra=0x8001A184 a0=0xFFFFFFFF s0=0x00000003 f=0
[BLACKSCREEN][A110-CONT] start=0x8001A110 pc=0x8001A1A8 instr=0x24620001 sp=0x801FFF98 ra=0x8001A184 a0=0xFFFFFFFF s0=0x00000003 f=0
[BLACKSCREEN][A110-CONT] start=0x8001A110 pc=0x8001A1AC instr=0x3C018004 sp=0x801FFF98 ra=0x8001A184 a0=0xFFFFFFFF s0=0x00000003 f=0
[BLACKSCREEN][A110-CONT] start=0x8001A110 pc=0x8001A1B0 instr=0xAC22927C sp=0x801FFF98 ra=0x8001A184 a0=0xFFFFFFFF s0=0x00000003 f=0
[BLACKSCREEN][A110-CONT] start=0x8001A110 pc=0x8001A1B4 instr=0x3C02003C sp=0x801FFF98 ra=0x8001A184 a0=0xFFFFFFFF s0=0x00000003 f=0
[BLACKSCREEN][A110-CONT] start=0x8001A110 pc=0x8001A1B8 instr=0x0043102A sp=0x801FFF98 ra=0x8001A184 a0=0xFFFFFFFF s0=0x00000003 f=0
[BLACKSCREEN][CALL] enter #19 addr=0x80015650 kseg0=0x80015650 ra=0x8001A24C sp=0x801FFF98 f=0
[BLACKSCREEN][CALL] stage=before_overlay #12 addr=0x80015650 ra=0x8001A24C f=0
[BLACKSCREEN][CALL] stage=before_inbinary #12 addr=0x80015650 ra=0x8001A24C f=0
[BLACKSCREEN][CALL] route=interp #12 addr=0x80015650 ra=0x8001A24C f=0
[BLACKSCREEN][INTERP] enter start=0x80015650 instr0=0x3C028003 a0=0xFFFFFFFF ra=0x8001A24C sp=0x801FFF98 f=0
[BLACKSCREEN][INTERP] start=0x80015650 end=0x80015658 steps=3 reason=jr_ra target=0x8001A24C ra=0x8001A24C sp=0x801FFF98 f=0
[BLACKSCREEN][A110-CONT] start=0x8001A110 pc=0x8001A17C instr=0x0C0054C2 sp=0x801FFF98 ra=0x8001A24C a0=0xFFFFFFFF s0=0x00000003 f=0
[BLACKSCREEN][CALL] enter #20 addr=0x80015308 kseg0=0x80015308 ra=0x8001A184 sp=0x801FFF98 f=0
[BLACKSCREEN][A110-CONT] start=0x8001A110 pc=0x8001A184 instr=0x3C038004 sp=0x801FFF98 ra=0x8001A184 a0=0xFFFFFFFF s0=0x00000003 f=0
[BLACKSCREEN][A110-CONT] start=0x8001A110 pc=0x8001A188 instr=0x8C639278 sp=0x801FFF98 ra=0x8001A184 a0=0xFFFFFFFF s0=0x00000003 f=0
[BLACKSCREEN][A110-CONT] start=0x8001A110 pc=0x8001A18C instr=0x00000000 sp=0x801FFF98 ra=0x8001A184 a0=0xFFFFFFFF s0=0x00000003 f=0
[BLACKSCREEN][A110-CONT] start=0x8001A110 pc=0x8001A190 instr=0x0062182A sp=0x801FFF98 ra=0x8001A184 a0=0xFFFFFFFF s0=0x00000003 f=0
[BLACKSCREEN][A110-CONT] start=0x8001A110 pc=0x8001A194 instr=0x1460000B sp=0x801FFF98 ra=0x8001A184 a0=0xFFFFFFFF s0=0x00000003 f=0
[BLACKSCREEN][A110-EXIT-COND] pc=0x8001A194 v1=0x00000000 v0=0x00000008 will_branch=0 next=0x8001A19C else=0x8001A1C4 c9278=0x000003C1 c927c=0x00000006 ra=0x8001A184 sp=0x801FFF98 f=0
[BLACKSCREEN][A110-CONT] start=0x8001A110 pc=0x8001A19C instr=0x3C038004 sp=0x801FFF98 ra=0x8001A184 a0=0xFFFFFFFF s0=0x00000003 f=0
[BLACKSCREEN][A110-CONT] start=0x8001A110 pc=0x8001A1A0 instr=0x8C63927C sp=0x801FFF98 ra=0x8001A184 a0=0xFFFFFFFF s0=0x00000003 f=0
[BLACKSCREEN][A110-CONT] start=0x8001A110 pc=0x8001A1A4 instr=0x00000000 sp=0x801FFF98 ra=0x8001A184 a0=0xFFFFFFFF s0=0x00000003 f=0
[BLACKSCREEN][A110-CONT] start=0x8001A110 pc=0x8001A1A8 instr=0x24620001 sp=0x801FFF98 ra=0x8001A184 a0=0xFFFFFFFF s0=0x00000003 f=0
[BLACKSCREEN][A110-CONT] start=0x8001A110 pc=0x8001A1AC instr=0x3C018004 sp=0x801FFF98 ra=0x8001A184 a0=0xFFFFFFFF s0=0x00000003 f=0
[BLACKSCREEN][A110-CONT] start=0x8001A110 pc=0x8001A1B0 instr=0xAC22927C sp=0x801FFF98 ra=0x8001A184 a0=0xFFFFFFFF s0=0x00000003 f=0
[BLACKSCREEN][A110-CONT] start=0x8001A110 pc=0x8001A1B4 instr=0x3C02003C sp=0x801FFF98 ra=0x8001A184 a0=0xFFFFFFFF s0=0x00000003 f=0
[BLACKSCREEN][A110-CONT] start=0x8001A110 pc=0x8001A1B8 instr=0x0043102A sp=0x801FFF98 ra=0x8001A184 a0=0xFFFFFFFF s0=0x00000003 f=0
[BLACKSCREEN][CALL] enter #21 addr=0x80015650 kseg0=0x80015650 ra=0x8001A24C sp=0x801FFF98 f=0
[BLACKSCREEN][CALL] stage=before_overlay #13 addr=0x80015650 ra=0x8001A24C f=0
[BLACKSCREEN][CALL] stage=before_inbinary #13 addr=0x80015650 ra=0x8001A24C f=0
[BLACKSCREEN][CALL] route=interp #13 addr=0x80015650 ra=0x8001A24C f=0
[BLACKSCREEN][INTERP] enter start=0x80015650 instr0=0x3C028003 a0=0xFFFFFFFF ra=0x8001A24C sp=0x801FFF98 f=0
[BLACKSCREEN][INTERP] start=0x80015650 end=0x80015658 steps=3 reason=jr_ra target=0x8001A24C ra=0x8001A24C sp=0x801FFF98 f=0
[BLACKSCREEN][A110-CONT] start=0x8001A110 pc=0x8001A17C instr=0x0C0054C2 sp=0x801FFF98 ra=0x8001A24C a0=0xFFFFFFFF s0=0x00000003 f=0
[BLACKSCREEN][CALL] enter #22 addr=0x80015308 kseg0=0x80015308 ra=0x8001A184 sp=0x801FFF98 f=0
[BLACKSCREEN][A110-CONT] start=0x8001A110 pc=0x8001A184 instr=0x3C038004 sp=0x801FFF98 ra=0x8001A184 a0=0xFFFFFFFF s0=0x00000003 f=0
[BLACKSCREEN][A110-CONT] start=0x8001A110 pc=0x8001A188 instr=0x8C639278 sp=0x801FFF98 ra=0x8001A184 a0=0xFFFFFFFF s0=0x00000003 f=0
[BLACKSCREEN][A110-CONT] start=0x8001A110 pc=0x8001A18C instr=0x00000000 sp=0x801FFF98 ra=0x8001A184 a0=0xFFFFFFFF s0=0x00000003 f=0
[BLACKSCREEN][A110-CONT] start=0x8001A110 pc=0x8001A190 instr=0x0062182A sp=0x801FFF98 ra=0x8001A184 a0=0xFFFFFFFF s0=0x00000003 f=0
[BLACKSCREEN][A110-CONT] start=0x8001A110 pc=0x8001A194 instr=0x1460000B sp=0x801FFF98 ra=0x8001A184 a0=0xFFFFFFFF s0=0x00000003 f=0
[BLACKSCREEN][A110-EXIT-COND] pc=0x8001A194 v1=0x00000000 v0=0x00000009 will_branch=0 next=0x8001A19C else=0x8001A1C4 c9278=0x000003C1 c927c=0x00000007 ra=0x8001A184 sp=0x801FFF98 f=0
[BLACKSCREEN][A110-CONT] start=0x8001A110 pc=0x8001A19C instr=0x3C038004 sp=0x801FFF98 ra=0x8001A184 a0=0xFFFFFFFF s0=0x00000003 f=0
[BLACKSCREEN][A110-CONT] start=0x8001A110 pc=0x8001A1A0 instr=0x8C63927C sp=0x801FFF98 ra=0x8001A184 a0=0xFFFFFFFF s0=0x00000003 f=0
[BLACKSCREEN][A110-CONT] start=0x8001A110 pc=0x8001A1A4 instr=0x00000000 sp=0x801FFF98 ra=0x8001A184 a0=0xFFFFFFFF s0=0x00000003 f=0
[BLACKSCREEN][A110-CONT] start=0x8001A110 pc=0x8001A1A8 instr=0x24620001 sp=0x801FFF98 ra=0x8001A184 a0=0xFFFFFFFF s0=0x00000003 f=0
[BLACKSCREEN][A110-CONT] start=0x8001A110 pc=0x8001A1AC instr=0x3C018004 sp=0x801FFF98 ra=0x8001A184 a0=0xFFFFFFFF s0=0x00000003 f=0
[BLACKSCREEN][CALL] enter #23 addr=0x80015650 kseg0=0x80015650 ra=0x8001A24C sp=0x801FFF98 f=0
[BLACKSCREEN][CALL] stage=before_overlay #14 addr=0x80015650 ra=0x8001A24C f=0
[BLACKSCREEN][CALL] stage=before_inbinary #14 addr=0x80015650 ra=0x8001A24C f=0
[BLACKSCREEN][CALL] route=interp #14 addr=0x80015650 ra=0x8001A24C f=0
[BLACKSCREEN][INTERP] enter start=0x80015650 instr0=0x3C028003 a0=0xFFFFFFFF ra=0x8001A24C sp=0x801FFF98 f=0
[BLACKSCREEN][INTERP] start=0x80015650 end=0x80015658 steps=3 reason=jr_ra target=0x8001A24C ra=0x8001A24C sp=0x801FFF98 f=0
[BLACKSCREEN][CALL] enter #24 addr=0x80015308 kseg0=0x80015308 ra=0x8001A184 sp=0x801FFF98 f=0
[BLACKSCREEN][A110-EXIT-COND] pc=0x8001A194 v1=0x00000000 v0=0x0000000A will_branch=0 next=0x8001A19C else=0x8001A1C4 c9278=0x000003C1 c927c=0x00000008 ra=0x8001A184 sp=0x801FFF98 f=0
[BLACKSCREEN][CALL] enter #25 addr=0x80015650 kseg0=0x80015650 ra=0x8001A24C sp=0x801FFF98 f=0
[BLACKSCREEN][CALL] stage=before_overlay #15 addr=0x80015650 ra=0x8001A24C f=0
[BLACKSCREEN][CALL] stage=before_inbinary #15 addr=0x80015650 ra=0x8001A24C f=0
[BLACKSCREEN][CALL] route=interp #15 addr=0x80015650 ra=0x8001A24C f=0
[BLACKSCREEN][INTERP] enter start=0x80015650 instr0=0x3C028003 a0=0xFFFFFFFF ra=0x8001A24C sp=0x801FFF98 f=0
[BLACKSCREEN][INTERP] start=0x80015650 end=0x80015658 steps=3 reason=jr_ra target=0x8001A24C ra=0x8001A24C sp=0x801FFF98 f=0
[BLACKSCREEN][CALL] enter #26 addr=0x80015308 kseg0=0x80015308 ra=0x8001A184 sp=0x801FFF98 f=0
[BLACKSCREEN][A110-EXIT-COND] pc=0x8001A194 v1=0x00000000 v0=0x0000000B will_branch=0 next=0x8001A19C else=0x8001A1C4 c9278=0x000003C1 c927c=0x00000009 ra=0x8001A184 sp=0x801FFF98 f=0
[BLACKSCREEN][CALL] enter #27 addr=0x80015650 kseg0=0x80015650 ra=0x8001A24C sp=0x801FFF98 f=0
[BLACKSCREEN][CALL] stage=before_overlay #16 addr=0x80015650 ra=0x8001A24C f=0
[BLACKSCREEN][CALL] stage=before_inbinary #16 addr=0x80015650 ra=0x8001A24C f=0
[BLACKSCREEN][CALL] route=interp #16 addr=0x80015650 ra=0x8001A24C f=0
[BLACKSCREEN][INTERP] enter start=0x80015650 instr0=0x3C028003 a0=0xFFFFFFFF ra=0x8001A24C sp=0x801FFF98 f=0
[BLACKSCREEN][INTERP] start=0x80015650 end=0x80015658 steps=3 reason=jr_ra target=0x8001A24C ra=0x8001A24C sp=0x801FFF98 f=0
[BLACKSCREEN][CALL] enter #28 addr=0x80015308 kseg0=0x80015308 ra=0x8001A184 sp=0x801FFF98 f=0
[BLACKSCREEN][A110-EXIT-COND] pc=0x8001A194 v1=0x00000000 v0=0x0000000C will_branch=0 next=0x8001A19C else=0x8001A1C4 c9278=0x000003C1 c927c=0x0000000A ra=0x8001A184 sp=0x801FFF98 f=0
[BLACKSCREEN][CALL] enter #29 addr=0x80015650 kseg0=0x80015650 ra=0x8001A24C sp=0x801FFF98 f=0
[BLACKSCREEN][CALL] stage=before_overlay #17 addr=0x80015650 ra=0x8001A24C f=0
[BLACKSCREEN][CALL] stage=before_inbinary #17 addr=0x80015650 ra=0x8001A24C f=0
[BLACKSCREEN][CALL] route=interp #17 addr=0x80015650 ra=0x8001A24C f=0
[BLACKSCREEN][INTERP] enter start=0x80015650 instr0=0x3C028003 a0=0xFFFFFFFF ra=0x8001A24C sp=0x801FFF98 f=0
[BLACKSCREEN][INTERP] start=0x80015650 end=0x80015658 steps=3 reason=jr_ra target=0x8001A24C ra=0x8001A24C sp=0x801FFF98 f=0
[BLACKSCREEN][CALL] enter #30 addr=0x80015308 kseg0=0x80015308 ra=0x8001A184 sp=0x801FFF98 f=0
[BLACKSCREEN][A110-EXIT-COND] pc=0x8001A194 v1=0x00000000 v0=0x0000000D will_branch=0 next=0x8001A19C else=0x8001A1C4 c9278=0x000003C1 c927c=0x0000000B ra=0x8001A184 sp=0x801FFF98 f=0
[BLACKSCREEN][CALL] enter #31 addr=0x80015650 kseg0=0x80015650 ra=0x8001A24C sp=0x801FFF98 f=0
[BLACKSCREEN][CALL] stage=before_overlay #18 addr=0x80015650 ra=0x8001A24C f=0
[BLACKSCREEN][CALL] stage=before_inbinary #18 addr=0x80015650 ra=0x8001A24C f=0
[BLACKSCREEN][CALL] route=interp #18 addr=0x80015650 ra=0x8001A24C f=0
[BLACKSCREEN][INTERP] enter start=0x80015650 instr0=0x3C028003 a0=0xFFFFFFFF ra=0x8001A24C sp=0x801FFF98 f=0
[BLACKSCREEN][INTERP] start=0x80015650 end=0x80015658 steps=3 reason=jr_ra target=0x8001A24C ra=0x8001A24C sp=0x801FFF98 f=0
[BLACKSCREEN][CALL] enter #32 addr=0x80015308 kseg0=0x80015308 ra=0x8001A184 sp=0x801FFF98 f=0
[BLACKSCREEN][A110-EXIT-COND] pc=0x8001A194 v1=0x00000000 v0=0x0000000E will_branch=0 next=0x8001A19C else=0x8001A1C4 c9278=0x000003C1 c927c=0x0000000C ra=0x8001A184 sp=0x801FFF98 f=0
[BLACKSCREEN][CALL] enter #33 addr=0x80015650 kseg0=0x80015650 ra=0x8001A24C sp=0x801FFF98 f=0
[BLACKSCREEN][CALL] stage=before_overlay #19 addr=0x80015650 ra=0x8001A24C f=0
[BLACKSCREEN][CALL] stage=before_inbinary #19 addr=0x80015650 ra=0x8001A24C f=0
[BLACKSCREEN][CALL] route=interp #19 addr=0x80015650 ra=0x8001A24C f=0
[BLACKSCREEN][INTERP] enter start=0x80015650 instr0=0x3C028003 a0=0xFFFFFFFF ra=0x8001A24C sp=0x801FFF98 f=0
[BLACKSCREEN][INTERP] start=0x80015650 end=0x80015658 steps=3 reason=jr_ra target=0x8001A24C ra=0x8001A24C sp=0x801FFF98 f=0
[BLACKSCREEN][CALL] enter #34 addr=0x80015308 kseg0=0x80015308 ra=0x8001A184 sp=0x801FFF98 f=0
[BLACKSCREEN][A110-EXIT-COND] pc=0x8001A194 v1=0x00000000 v0=0x0000000F will_branch=0 next=0x8001A19C else=0x8001A1C4 c9278=0x000003C1 c927c=0x0000000D ra=0x8001A184 sp=0x801FFF98 f=0
[BLACKSCREEN][CALL] enter #35 addr=0x80015650 kseg0=0x80015650 ra=0x8001A24C sp=0x801FFF98 f=0
[BLACKSCREEN][CALL] stage=before_overlay #20 addr=0x80015650 ra=0x8001A24C f=0
[BLACKSCREEN][CALL] stage=before_inbinary #20 addr=0x80015650 ra=0x8001A24C f=0
[BLACKSCREEN][CALL] route=interp #20 addr=0x80015650 ra=0x8001A24C f=0
[BLACKSCREEN][INTERP] enter start=0x80015650 instr0=0x3C028003 a0=0xFFFFFFFF ra=0x8001A24C sp=0x801FFF98 f=0
[BLACKSCREEN][INTERP] start=0x80015650 end=0x80015658 steps=3 reason=jr_ra target=0x8001A24C ra=0x8001A24C sp=0x801FFF98 f=0
[BLACKSCREEN][CALL] enter #36 addr=0x80015308 kseg0=0x80015308 ra=0x8001A184 sp=0x801FFF98 f=0
[BLACKSCREEN][A110-EXIT-COND] pc=0x8001A194 v1=0x00000000 v0=0x00000010 will_branch=0 next=0x8001A19C else=0x8001A1C4 c9278=0x000003C1 c927c=0x0000000E ra=0x8001A184 sp=0x801FFF98 f=0
[BLACKSCREEN][CALL] enter #37 addr=0x80015650 kseg0=0x80015650 ra=0x8001A24C sp=0x801FFF98 f=0
[BLACKSCREEN][CALL] stage=before_overlay #21 addr=0x80015650 ra=0x8001A24C f=0
[BLACKSCREEN][CALL] stage=before_inbinary #21 addr=0x80015650 ra=0x8001A24C f=0
[BLACKSCREEN][CALL] route=interp #21 addr=0x80015650 ra=0x8001A24C f=0
[BLACKSCREEN][INTERP] enter start=0x80015650 instr0=0x3C028003 a0=0xFFFFFFFF ra=0x8001A24C sp=0x801FFF98 f=0
[BLACKSCREEN][INTERP] start=0x80015650 end=0x80015658 steps=3 reason=jr_ra target=0x8001A24C ra=0x8001A24C sp=0x801FFF98 f=0
[BLACKSCREEN][CALL] enter #38 addr=0x80015308 kseg0=0x80015308 ra=0x8001A184 sp=0x801FFF98 f=0
[BLACKSCREEN][A110-EXIT-COND] pc=0x8001A194 v1=0x00000000 v0=0x00000011 will_branch=0 next=0x8001A19C else=0x8001A1C4 c9278=0x000003C1 c927c=0x0000000F ra=0x8001A184 sp=0x801FFF98 f=0
[BLACKSCREEN][CALL] enter #39 addr=0x80015650 kseg0=0x80015650 ra=0x8001A24C sp=0x801FFF98 f=0
[BLACKSCREEN][CALL] stage=before_overlay #22 addr=0x80015650 ra=0x8001A24C f=0
[BLACKSCREEN][CALL] stage=before_inbinary #22 addr=0x80015650 ra=0x8001A24C f=0
[BLACKSCREEN][CALL] route=interp #22 addr=0x80015650 ra=0x8001A24C f=0
[BLACKSCREEN][INTERP] enter start=0x80015650 instr0=0x3C028003 a0=0xFFFFFFFF ra=0x8001A24C sp=0x801FFF98 f=0
[BLACKSCREEN][INTERP] start=0x80015650 end=0x80015658 steps=3 reason=jr_ra target=0x8001A24C ra=0x8001A24C sp=0x801FFF98 f=0
[BLACKSCREEN][CALL] enter #40 addr=0x80015308 kseg0=0x80015308 ra=0x8001A184 sp=0x801FFF98 f=0
[BLACKSCREEN][A110-EXIT-COND] pc=0x8001A194 v1=0x00000000 v0=0x00000012 will_branch=0 next=0x8001A19C else=0x8001A1C4 c9278=0x000003C1 c927c=0x00000010 ra=0x8001A184 sp=0x801FFF98 f=0
[BLACKSCREEN][CALL] enter #41 addr=0x80015650 kseg0=0x80015650 ra=0x8001A24C sp=0x801FFF98 f=0
[BLACKSCREEN][CALL] stage=before_overlay #23 addr=0x80015650 ra=0x8001A24C f=0
[BLACKSCREEN][CALL] stage=before_inbinary #23 addr=0x80015650 ra=0x8001A24C f=0
[BLACKSCREEN][CALL] route=interp #23 addr=0x80015650 ra=0x8001A24C f=0
[BLACKSCREEN][INTERP] enter start=0x80015650 instr0=0x3C028003 a0=0xFFFFFFFF ra=0x8001A24C sp=0x801FFF98 f=0
[BLACKSCREEN][INTERP] start=0x80015650 end=0x80015658 steps=3 reason=jr_ra target=0x8001A24C ra=0x8001A24C sp=0x801FFF98 f=0
[BLACKSCREEN][CALL] enter #42 addr=0x80015308 kseg0=0x80015308 ra=0x8001A184 sp=0x801FFF98 f=0
[BLACKSCREEN][A110-EXIT-COND] pc=0x8001A194 v1=0x00000000 v0=0x00000013 will_branch=0 next=0x8001A19C else=0x8001A1C4 c9278=0x000003C1 c927c=0x00000011 ra=0x8001A184 sp=0x801FFF98 f=0
[BLACKSCREEN][CALL] enter #43 addr=0x80015650 kseg0=0x80015650 ra=0x8001A24C sp=0x801FFF98 f=0
[BLACKSCREEN][CALL] stage=before_overlay #24 addr=0x80015650 ra=0x8001A24C f=0
[BLACKSCREEN][CALL] stage=before_inbinary #24 addr=0x80015650 ra=0x8001A24C f=0
[BLACKSCREEN][CALL] route=interp #24 addr=0x80015650 ra=0x8001A24C f=0
[BLACKSCREEN][INTERP] enter start=0x80015650 instr0=0x3C028003 a0=0xFFFFFFFF ra=0x8001A24C sp=0x801FFF98 f=0
[BLACKSCREEN][INTERP] start=0x80015650 end=0x80015658 steps=3 reason=jr_ra target=0x8001A24C ra=0x8001A24C sp=0x801FFF98 f=0
[BLACKSCREEN][CALL] enter #44 addr=0x80015308 kseg0=0x80015308 ra=0x8001A184 sp=0x801FFF98 f=0
[BLACKSCREEN][A110-EXIT-COND] pc=0x8001A194 v1=0x00000000 v0=0x00000014 will_branch=0 next=0x8001A19C else=0x8001A1C4 c9278=0x000003C1 c927c=0x00000012 ra=0x8001A184 sp=0x801FFF98 f=0
[BLACKSCREEN][CALL] enter #45 addr=0x80015650 kseg0=0x80015650 ra=0x8001A24C sp=0x801FFF98 f=0
[BLACKSCREEN][CALL] stage=before_overlay #25 addr=0x80015650 ra=0x8001A24C f=0
[BLACKSCREEN][CALL] stage=before_inbinary #25 addr=0x80015650 ra=0x8001A24C f=0
[BLACKSCREEN][CALL] route=interp #25 addr=0x80015650 ra=0x8001A24C f=0
[BLACKSCREEN][INTERP] enter start=0x80015650 instr0=0x3C028003 a0=0xFFFFFFFF ra=0x8001A24C sp=0x801FFF98 f=0
[BLACKSCREEN][INTERP] start=0x80015650 end=0x80015658 steps=3 reason=jr_ra target=0x8001A24C ra=0x8001A24C sp=0x801FFF98 f=0
[BLACKSCREEN][CALL] enter #46 addr=0x80015308 kseg0=0x80015308 ra=0x8001A184 sp=0x801FFF98 f=0
[BLACKSCREEN][A110-EXIT-COND] pc=0x8001A194 v1=0x00000000 v0=0x00000015 will_branch=0 next=0x8001A19C else=0x8001A1C4 c9278=0x000003C1 c927c=0x00000013 ra=0x8001A184 sp=0x801FFF98 f=0
[BLACKSCREEN][CALL] enter #47 addr=0x80015650 kseg0=0x80015650 ra=0x8001A24C sp=0x801FFF98 f=0
[BLACKSCREEN][CALL] stage=before_overlay #26 addr=0x80015650 ra=0x8001A24C f=0
[BLACKSCREEN][CALL] stage=before_inbinary #26 addr=0x80015650 ra=0x8001A24C f=0
[BLACKSCREEN][CALL] route=interp #26 addr=0x80015650 ra=0x8001A24C f=0
[BLACKSCREEN][INTERP] enter start=0x80015650 instr0=0x3C028003 a0=0xFFFFFFFF ra=0x8001A24C sp=0x801FFF98 f=0
[BLACKSCREEN][INTERP] start=0x80015650 end=0x80015658 steps=3 reason=jr_ra target=0x8001A24C ra=0x8001A24C sp=0x801FFF98 f=0
[BLACKSCREEN][CALL] enter #48 addr=0x80015308 kseg0=0x80015308 ra=0x8001A184 sp=0x801FFF98 f=0
[BLACKSCREEN][A110-EXIT-COND] pc=0x8001A194 v1=0x00000000 v0=0x00000016 will_branch=0 next=0x8001A19C else=0x8001A1C4 c9278=0x000003C1 c927c=0x00000014 ra=0x8001A184 sp=0x801FFF98 f=0
[BLACKSCREEN][CALL] enter #49 addr=0x80015650 kseg0=0x80015650 ra=0x8001A24C sp=0x801FFF98 f=0
[BLACKSCREEN][CALL] stage=before_overlay #27 addr=0x80015650 ra=0x8001A24C f=0
[BLACKSCREEN][CALL] stage=before_inbinary #27 addr=0x80015650 ra=0x8001A24C f=0
[BLACKSCREEN][CALL] route=interp #27 addr=0x80015650 ra=0x8001A24C f=0
[BLACKSCREEN][INTERP] enter start=0x80015650 instr0=0x3C028003 a0=0xFFFFFFFF ra=0x8001A24C sp=0x801FFF98 f=0
[BLACKSCREEN][INTERP] start=0x80015650 end=0x80015658 steps=3 reason=jr_ra target=0x8001A24C ra=0x8001A24C sp=0x801FFF98 f=0
[BLACKSCREEN][CALL] enter #50 addr=0x80015308 kseg0=0x80015308 ra=0x8001A184 sp=0x801FFF98 f=0
[BLACKSCREEN][A110-EXIT-COND] pc=0x8001A194 v1=0x00000000 v0=0x00000017 will_branch=0 next=0x8001A19C else=0x8001A1C4 c9278=0x000003C1 c927c=0x00000015 ra=0x8001A184 sp=0x801FFF98 f=0
[BLACKSCREEN][CALL] enter #51 addr=0x80015650 kseg0=0x80015650 ra=0x8001A24C sp=0x801FFF98 f=0
[BLACKSCREEN][CALL] stage=before_overlay #28 addr=0x80015650 ra=0x8001A24C f=0
[BLACKSCREEN][CALL] stage=before_inbinary #28 addr=0x80015650 ra=0x8001A24C f=0
[BLACKSCREEN][CALL] route=interp #28 addr=0x80015650 ra=0x8001A24C f=0
[BLACKSCREEN][INTERP] enter start=0x80015650 instr0=0x3C028003 a0=0xFFFFFFFF ra=0x8001A24C sp=0x801FFF98 f=0
[BLACKSCREEN][INTERP] start=0x80015650 end=0x80015658 steps=3 reason=jr_ra target=0x8001A24C ra=0x8001A24C sp=0x801FFF98 f=0
[BLACKSCREEN][CALL] enter #52 addr=0x80015308 kseg0=0x80015308 ra=0x8001A184 sp=0x801FFF98 f=0
[BLACKSCREEN][A110-EXIT-COND] pc=0x8001A194 v1=0x00000000 v0=0x00000018 will_branch=0 next=0x8001A19C else=0x8001A1C4 c9278=0x000003C1 c927c=0x00000016 ra=0x8001A184 sp=0x801FFF98 f=0
[BLACKSCREEN][CALL] enter #53 addr=0x80015650 kseg0=0x80015650 ra=0x8001A24C sp=0x801FFF98 f=0
[BLACKSCREEN][CALL] stage=before_overlay #29 addr=0x80015650 ra=0x8001A24C f=0
[BLACKSCREEN][CALL] stage=before_inbinary #29 addr=0x80015650 ra=0x8001A24C f=0
[BLACKSCREEN][CALL] route=interp #29 addr=0x80015650 ra=0x8001A24C f=0
[BLACKSCREEN][INTERP] enter start=0x80015650 instr0=0x3C028003 a0=0xFFFFFFFF ra=0x8001A24C sp=0x801FFF98 f=0
[BLACKSCREEN][INTERP] start=0x80015650 end=0x80015658 steps=3 reason=jr_ra target=0x8001A24C ra=0x8001A24C sp=0x801FFF98 f=0
[BLACKSCREEN][CALL] enter #54 addr=0x80015308 kseg0=0x80015308 ra=0x8001A184 sp=0x801FFF98 f=0
[BLACKSCREEN][A110-EXIT-COND] pc=0x8001A194 v1=0x00000000 v0=0x00000019 will_branch=0 next=0x8001A19C else=0x8001A1C4 c9278=0x000003C1 c927c=0x00000017 ra=0x8001A184 sp=0x801FFF98 f=0
[BLACKSCREEN][CALL] enter #55 addr=0x80015650 kseg0=0x80015650 ra=0x8001A24C sp=0x801FFF98 f=0
[BLACKSCREEN][CALL] stage=before_overlay #30 addr=0x80015650 ra=0x8001A24C f=0
[BLACKSCREEN][CALL] stage=before_inbinary #30 addr=0x80015650 ra=0x8001A24C f=0
[BLACKSCREEN][CALL] route=interp #30 addr=0x80015650 ra=0x8001A24C f=0
[BLACKSCREEN][INTERP] enter start=0x80015650 instr0=0x3C028003 a0=0xFFFFFFFF ra=0x8001A24C sp=0x801FFF98 f=0
[BLACKSCREEN][INTERP] start=0x80015650 end=0x80015658 steps=3 reason=jr_ra target=0x8001A24C ra=0x8001A24C sp=0x801FFF98 f=0
[BLACKSCREEN][CALL] enter #56 addr=0x80015308 kseg0=0x80015308 ra=0x8001A184 sp=0x801FFF98 f=0
[BLACKSCREEN][A110-EXIT-COND] pc=0x8001A194 v1=0x00000000 v0=0x0000001A will_branch=0 next=0x8001A19C else=0x8001A1C4 c9278=0x000003C1 c927c=0x00000018 ra=0x8001A184 sp=0x801FFF98 f=0
[BLACKSCREEN][CALL] enter #57 addr=0x80015650 kseg0=0x80015650 ra=0x8001A24C sp=0x801FFF98 f=0
[BLACKSCREEN][CALL] stage=before_overlay #31 addr=0x80015650 ra=0x8001A24C f=0
[BLACKSCREEN][CALL] stage=before_inbinary #31 addr=0x80015650 ra=0x8001A24C f=0
[BLACKSCREEN][CALL] route=interp #31 addr=0x80015650 ra=0x8001A24C f=0
[BLACKSCREEN][INTERP] enter start=0x80015650 instr0=0x3C028003 a0=0xFFFFFFFF ra=0x8001A24C sp=0x801FFF98 f=0
[BLACKSCREEN][INTERP] start=0x80015650 end=0x80015658 steps=3 reason=jr_ra target=0x8001A24C ra=0x8001A24C sp=0x801FFF98 f=0
[BLACKSCREEN][CALL] enter #58 addr=0x80015308 kseg0=0x80015308 ra=0x8001A184 sp=0x801FFF98 f=0
[BLACKSCREEN][A110-EXIT-COND] pc=0x8001A194 v1=0x00000000 v0=0x0000001B will_branch=0 next=0x8001A19C else=0x8001A1C4 c9278=0x000003C1 c927c=0x00000019 ra=0x8001A184 sp=0x801FFF98 f=0
[BLACKSCREEN][CALL] enter #59 addr=0x80015650 kseg0=0x80015650 ra=0x8001A24C sp=0x801FFF98 f=0
[BLACKSCREEN][CALL] stage=before_overlay #32 addr=0x80015650 ra=0x8001A24C f=0
[BLACKSCREEN][CALL] stage=before_inbinary #32 addr=0x80015650 ra=0x8001A24C f=0
[BLACKSCREEN][CALL] route=interp #32 addr=0x80015650 ra=0x8001A24C f=0
[BLACKSCREEN][INTERP] enter start=0x80015650 instr0=0x3C028003 a0=0xFFFFFFFF ra=0x8001A24C sp=0x801FFF98 f=0
[BLACKSCREEN][INTERP] start=0x80015650 end=0x80015658 steps=3 reason=jr_ra target=0x8001A24C ra=0x8001A24C sp=0x801FFF98 f=0
[BLACKSCREEN][CALL] enter #60 addr=0x80015308 kseg0=0x80015308 ra=0x8001A184 sp=0x801FFF98 f=0
[BLACKSCREEN][A110-EXIT-COND] pc=0x8001A194 v1=0x00000000 v0=0x0000001C will_branch=0 next=0x8001A19C else=0x8001A1C4 c9278=0x000003C1 c927c=0x0000001A ra=0x8001A184 sp=0x801FFF98 f=0
[BLACKSCREEN][CALL] enter #61 addr=0x80015650 kseg0=0x80015650 ra=0x8001A24C sp=0x801FFF98 f=0
[BLACKSCREEN][CALL] stage=before_overlay #33 addr=0x80015650 ra=0x8001A24C f=0
[BLACKSCREEN][CALL] stage=before_inbinary #33 addr=0x80015650 ra=0x8001A24C f=0
[BLACKSCREEN][CALL] route=interp #33 addr=0x80015650 ra=0x8001A24C f=0
[BLACKSCREEN][INTERP] enter start=0x80015650 instr0=0x3C028003 a0=0xFFFFFFFF ra=0x8001A24C sp=0x801FFF98 f=0
[BLACKSCREEN][INTERP] start=0x80015650 end=0x80015658 steps=3 reason=jr_ra target=0x8001A24C ra=0x8001A24C sp=0x801FFF98 f=0
[BLACKSCREEN][CALL] enter #62 addr=0x80015308 kseg0=0x80015308 ra=0x8001A184 sp=0x801FFF98 f=0
[BLACKSCREEN][A110-EXIT-COND] pc=0x8001A194 v1=0x00000000 v0=0x0000001D will_branch=0 next=0x8001A19C else=0x8001A1C4 c9278=0x000003C1 c927c=0x0000001B ra=0x8001A184 sp=0x801FFF98 f=0
[BLACKSCREEN][CALL] enter #63 addr=0x80015650 kseg0=0x80015650 ra=0x8001A24C sp=0x801FFF98 f=0
[BLACKSCREEN][CALL] stage=before_overlay #34 addr=0x80015650 ra=0x8001A24C f=0
[BLACKSCREEN][CALL] stage=before_inbinary 