[Launcher] Disc: C:\Users\Leona\Documents\GitHub\psxrecomp\CastlevaniaRecomp\isos\Castlevania - Symphony of the Night (USA).cue
=== PSXRecomp v2 ===
EXE: C:\Users\Leona\Documents\GitHub\psxrecomp\CastlevaniaRecomp\isos\SLUS_000.67
CUE: C:\Users\Leona\Documents\GitHub\psxrecomp\CastlevaniaRecomp\isos\Castlevania - Symphony of the Night (USA).cue

[KeyConfig] Loading from C:/Users/Leona/Documents/GitHub/psxrecomp/CastlevaniaRecomp/build/keyconfig.ini
[XA] Volume set to 50%
[KeyConfig] UP=265 DOWN=264 CROSS=83 START=257
[XA] Opened C:\Users\Leona\Documents\GitHub\psxrecomp\CastlevaniaRecomp\isos\Castlevania - Symphony of the Night (USA) (Track 1).bin
[XA] WAV capture: C:/temp/xa_capture.wav (up to 30s)
[XA] Audio ready (decode 37800 Hz → waveOut 44100 Hz)
[FMV] Opened C:\Users\Leona\Documents\GitHub\psxrecomp\CastlevaniaRecomp\isos\Castlevania - Symphony of the Night (USA) (Track 1).bin
[SPU] Initialised — 24 voices, 44100 Hz stereo
Detected PS-X header, skipping 2048 bytes
Loaded 561152 bytes
Loaded into PS1 RAM at 0x80010000
[OpenGLRenderer] Initialize() called
[OpenGLRenderer] InitializeWindow() - Creating GLFW window...
[OpenGLRenderer] GLFW window created successfully (960x720)
[OpenGLRenderer] InitializeOpenGL() - Loading OpenGL functions...
[OpenGLRenderer] OpenGL initialized successfully!
[OpenGLRenderer]   Version:  3.3.0 - Build 31.0.101.5522
[OpenGLRenderer]   Renderer: Intel(R) Iris(R) Xe Graphics
[OpenGLRenderer]   Vendor:   Intel
[OpenGLRenderer] OpenGL 3.3 Core Profile ready
[OpenGLRenderer] InitializeShaders() - Compiling shaders...
[OpenGLRenderer]   - Primitive shader compiled (program ID: 3)
[OpenGLRenderer]   - Textured shader compiled (program ID: 4)
[OpenGLRenderer]   - Fill shader compiled (program ID: 5)
[OpenGLRenderer]   - Copy shader compiled (program ID: 6)
[OpenGLRenderer] All 4 shaders compiled successfully!
[OpenGLRenderer] InitializeBuffers() - Creating VAO and VBO...
[OpenGLRenderer] VAO and VBO created (max 4096 vertices per batch)
[OpenGLRenderer] InitializeVRAM() - Creating VRAM texture and FBO...
[OpenGLRenderer] VRAM texture created (1024x512, RGB5A1, 1024 KB)
[OpenGLRenderer] VRAM FBO created and verified (complete)
[OpenGLRenderer] Initialization complete!
Renderer ready

Calling entry point 0x80010DF4...
[BLACKSCREEN][BOOT-CALL] #1 addr=0x80010DF4 kseg0=0x80010DF4 ra=0x00000000 sp=0x801FFF00 f=0
[BLACKSCREEN][PROBE] dynamic probe enabled for 'Castlevania Recomp'
[BLACKSCREEN][CALL] enter #1 addr=0x80010DF4 kseg0=0x80010DF4 ra=0x00000000 sp=0x801FFF00 f=0
[OVERRIDE] runtime overrides: tomba=0 castlevania=1 for 'Castlevania Recomp'
[OVERRIDE] castlevania timer helper override=1 (env PSX_CASTLE_TIMER_OVERRIDE) 15308_override=1 (env PSX_CASTLE_15308_OVERRIDE)
[OVERRIDE] castlevania boot unblock override=1 (env PSX_CASTLE_BOOT_UNBLOCK)
[BLACKSCREEN][INIT] timer ptrs mode=default c2a8=0x1F801814 c2ac=0x1F801110
[BLACKSCREEN][CALL] stage=before_overlay #1 addr=0x80010DF4 ra=0x00000000 f=0
[BLACKSCREEN][CALL] stage=before_inbinary #1 addr=0x80010DF4 ra=0x00000000 f=0
[BLACKSCREEN][CALL] route=interp #1 addr=0x80010DF4 ra=0x00000000 f=0
[BLACKSCREEN][INTERP] enter start=0x80010DF4 instr0=0x03E00008 a0=0x00000000 ra=0x00000000 sp=0x801FFF00 f=0
[BLACKSCREEN][INTERP] start=0x80010DF4 end=0x80010DF4 steps=1 reason=invalid_target target=0x00000000 a0=0x00000000 ra=0x00000000 sp=0x801FFF00 f=0
Entry point returned.
[BLACKSCREEN] Manual display bootstrap disabled by env PSX_BLACKSCREEN_MANUAL_DISPLAY_ENTRY=off
[BLACKSCREEN] Entry 0x80010DF4 returned immediately; trying bootstrap entry 0x80010DFC
[BLACKSCREEN][BOOT-CALL] #2 addr=0x80010DFC kseg0=0x80010DFC ra=0x00000000 sp=0x801FFF00 f=0
[BLACKSCREEN][CALL] enter #2 addr=0x80010DFC kseg0=0x80010DFC ra=0x00000000 sp=0x801FFF00 f=0
[BLACKSCREEN][CALL] stage=before_overlay #2 addr=0x80010DFC ra=0x00000000 f=0
[BLACKSCREEN][CALL] stage=before_inbinary #2 addr=0x80010DFC ra=0x00000000 f=0
[BLACKSCREEN][CALL] route=interp #2 addr=0x80010DFC ra=0x00000000 f=0
[BLACKSCREEN][INTERP] enter start=0x80010DFC instr0=0x3C028003 a0=0x00000000 ra=0x00000000 sp=0x801FFF00 f=0
[BLACKSCREEN][BOOT-CALL] #3 addr=0x80015138 kseg0=0x80015138 ra=0x80010E90 sp=0x80200000 f=0
[BLACKSCREEN][INTERP] enter start=0x80015138 instr0=0x240A00A0 a0=0x800988A4 ra=0x80010E90 sp=0x80200000 f=0
[BLACKSCREEN][BOOT-CALL] #4 addr=0x000000A0 kseg0=0x800000A0 ra=0x80010E90 sp=0x80200000 f=0
[BLACKSCREEN][BIOS-A0] #1 fn=0x39 a0=0x800988A4 a1=0x0015F760 a2=0x00000000 ra=0x80010E90 sp=0x80200000 f=0
[BLACKSCREEN][INTERP] start=0x80015138 end=0x8001513C steps=2 reason=bios_return target=0x000000A0 ra=0x80010E90 sp=0x80200000 f=0
[BLACKSCREEN][BOOT-CALL] #5 addr=0x80010EB8 kseg0=0x80010EB8 ra=0x80010EA4 sp=0x80200000 f=0
[BLACKSCREEN][BOOT-CALL] #6 addr=0x80010DF4 kseg0=0x80010DF4 ra=0x80010EC8 sp=0x801FFFE8 f=0
[BLACKSCREEN][CALL] enter #3 addr=0x80010DF4 kseg0=0x80010DF4 ra=0x80010EC8 sp=0x801FFFE8 f=0
[BLACKSCREEN][CALL] stage=before_overlay #3 addr=0x80010DF4 ra=0x80010EC8 f=0
[BLACKSCREEN][CALL] stage=before_inbinary #3 addr=0x80010DF4 ra=0x80010EC8 f=0
[BLACKSCREEN][CALL] route=interp #3 addr=0x80010DF4 ra=0x80010EC8 f=0
[BLACKSCREEN][INTERP] enter start=0x80010DF4 instr0=0x03E00008 a0=0x00000000 ra=0x80010EC8 sp=0x801FFFE8 f=0
[BLACKSCREEN][INTERP] start=0x80010DF4 end=0x80010DF4 steps=1 reason=jr_ra target=0x80010EC8 ra=0x80010EC8 sp=0x801FFFE8 f=0
[BLACKSCREEN][BOOT-CALL] #7 addr=0x800154FC kseg0=0x800154FC ra=0x80010ED0 sp=0x801FFFE8 f=0
[BLACKSCREEN][INTERP] enter start=0x800154FC instr0=0x3C028003 a0=0x00000000 ra=0x80010ED0 sp=0x801FFFE8 f=0
[BLACKSCREEN][BOOT-CALL] #8 addr=0x80015694 kseg0=0x80015694 ra=0x8001551C sp=0x801FFFD0 f=0
[BLACKSCREEN][INTERP] start=0x800154FC end=0x80015524 steps=10 reason=jr_ra target=0x80010ED0 ra=0x80010ED0 sp=0x801FFFE8 f=0
[BLACKSCREEN][BOOT-CALL] #9 addr=0x80015138 kseg0=0x80015138 ra=0x80010EDC sp=0x801FFFE8 f=0
[BLACKSCREEN][INTERP] enter start=0x80015138 instr0=0x240A00A0 a0=0x801F0000 ra=0x80010EDC sp=0x801FFFE8 f=0
[BLACKSCREEN][BOOT-CALL] #10 addr=0x000000A0 kseg0=0x800000A0 ra=0x80010EDC sp=0x801FFFE8 f=0
[BLACKSCREEN][BIOS-A0] #2 fn=0x39 a0=0x801F0000 a1=0x00007800 a2=0x00000080 ra=0x80010EDC sp=0x801FFFE8 f=0
[BLACKSCREEN][INTERP] start=0x80015138 end=0x8001513C steps=2 reason=bios_return target=0x000000A0 ra=0x80010EDC sp=0x801FFFE8 f=0
[BLACKSCREEN][BOOT-CALL] #11 addr=0x8001930C kseg0=0x8001930C ra=0x80010EE4 sp=0x801FFFE8 f=0
[BLACKSCREEN][INTERP] enter start=0x8001930C instr0=0x27BDFFE8 a0=0x801F0000 ra=0x80010EE4 sp=0x801FFFE8 f=0
[BLACKSCREEN][BOOT-CALL] #12 addr=0x80019464 kseg0=0x80019464 ra=0x80019324 sp=0x801FFFD0 f=0
[BLACKSCREEN][BOOT-CALL] #13 addr=0x800195B0 kseg0=0x800195B0 ra=0x80019340 sp=0x801FFFD0 f=0
[BLACKSCREEN][BOOT-CALL] #14 addr=0x800195C8 kseg0=0x800195C8 ra=0x80019350 sp=0x801FFFD0 f=0
[BLACKSCREEN][BOOT-CALL] #15 addr=0x8001C254 kseg0=0x8001C254 ra=0x80019360 sp=0x801FFFD0 f=0
[BLACKSCREEN][BOOT-CALL] #16 addr=0x80019388 kseg0=0x80019388 ra=0x80019360 sp=0x801FFFD0 f=0
[BLACKSCREEN][INTERP] start=0x8001930C end=0x80019360 steps=17 reason=tail_to_compiled target=0x80019388 ra=0x80010EE4 sp=0x801FFFE8 f=0
[BLACKSCREEN][BOOT-CALL] #17 addr=0x80015188 kseg0=0x80015188 ra=0x80010F00 sp=0x801FFFE8 f=0
[BLACKSCREEN][INTERP] enter start=0x80015188 instr0=0x240A00B0 a0=0x80010000 ra=0x80010F00 sp=0x801FFFE8 f=0
[BLACKSCREEN][BOOT-CALL] #18 addr=0x000000B0 kseg0=0x800000B0 ra=0x80010F00 sp=0x801FFFE8 f=0
[BLACKSCREEN][BIOS-B0] #1 fn=0x32 a0=0x80010000 a1=0x00000001 a2=0x00000080 ra=0x80010F00 sp=0x801FFFE8 f=0
[MEMCARD open] bad path a0=0x80010000 flags=0x00001 path='sim:c:\bin\dra.bin'
[MEMCARD open] fallback non-bu open -> fake fd=100 path='sim:c:\bin\dra.bin' data=1153136
[BLACKSCREEN][INTERP] start=0x80015188 end=0x8001518C steps=2 reason=bios_return target=0x000000B0 ra=0x80010F00 sp=0x801FFFE8 f=0
[BLACKSCREEN][BOOT-CALL] #19 addr=0x800151A8 kseg0=0x800151A8 ra=0x80010F50 sp=0x801FFFE8 f=0
[BLACKSCREEN][INTERP] enter start=0x800151A8 instr0=0x240A00B0 a0=0x00000064 ra=0x80010F50 sp=0x801FFFE8 f=0
[BLACKSCREEN][BOOT-CALL] #20 addr=0x000000B0 kseg0=0x800000B0 ra=0x80010F50 sp=0x801FFFE8 f=0
[BLACKSCREEN][BIOS-B0] #2 fn=0x34 a0=0x00000064 a1=0x800A0000 a2=0x00130000 ra=0x80010F50 sp=0x801FFFE8 f=0
[MEMCARD read] fd=100 buf=0x800A0000 len=1245184 ra=0x80010F50
[BLACKSCREEN][INTERP] start=0x800151A8 end=0x800151AC steps=2 reason=bios_return target=0x000000B0 ra=0x80010F50 sp=0x801FFFE8 f=0
[BLACKSCREEN][BOOT-CALL] #21 addr=0x800151C8 kseg0=0x800151C8 ra=0x80010F60 sp=0x801FFFE8 f=0
[BLACKSCREEN][INTERP] enter start=0x800151C8 instr0=0x240A00B0 a0=0x00000064 ra=0x80010F60 sp=0x801FFFE8 f=0
[BLACKSCREEN][BOOT-CALL] #22 addr=0x000000B0 kseg0=0x800000B0 ra=0x80010F60 sp=0x801FFFE8 f=0
[BLACKSCREEN][BIOS-B0] #3 fn=0x36 a0=0x00000064 a1=0x800A0000 a2=0x00130000 ra=0x80010F60 sp=0x801FFFE8 f=0
[MEMCARD close] fd=100 ra=0x80010F60
[BLACKSCREEN][INTERP] start=0x800151C8 end=0x800151CC steps=2 reason=bios_return target=0x000000B0 ra=0x80010F60 sp=0x801FFFE8 f=0
[BLACKSCREEN][BOOT-CALL] #23 addr=0x80015188 kseg0=0x80015188 ra=0x80010F78 sp=0x801FFFE8 f=0
[BLACKSCREEN][INTERP] enter start=0x80015188 instr0=0x240A00B0 a0=0x80010014 ra=0x80010F78 sp=0x801FFFE8 f=0
[BLACKSCREEN][BOOT-CALL] #24 addr=0x000000B0 kseg0=0x800000B0 ra=0x80010F78 sp=0x801FFFE8 f=0
[BLACKSCREEN][BIOS-B0] #4 fn=0x32 a0=0x80010014 a1=0x00000001 a2=0x00130000 ra=0x80010F78 sp=0x801FFFE8 f=0
[MEMCARD open] bad path a0=0x80010014 flags=0x00001 path='sim:c:\bin\dra.bio'
[MEMCARD open] fallback non-bu open -> fake fd=101 path='sim:c:\bin\dra.bio' data=1153136
[BLACKSCREEN][INTERP] start=0x80015188 end=0x8001518C steps=2 reason=bios_return target=0x000000B0 ra=0x80010F78 sp=0x801FFFE8 f=0
[BLACKSCREEN][BOOT-CALL] #25 addr=0x80015188 kseg0=0x80015188 ra=0x80010FA0 sp=0x801FFFE8 f=0
[BLACKSCREEN][INTERP] enter start=0x80015188 instr0=0x240A00B0 a0=0x80010028 ra=0x80010FA0 sp=0x801FFFE8 f=0
[BLACKSCREEN][BOOT-CALL] #26 addr=0x000000B0 kseg0=0x800000B0 ra=0x80010FA0 sp=0x801FFFE8 f=0
[BLACKSCREEN][BIOS-B0] #5 fn=0x32 a0=0x80010028 a1=0x00000001 a2=0x00130000 ra=0x80010FA0 sp=0x801FFFE8 f=0
[MEMCARD open] bad path a0=0x80010028 flags=0x00001 path='sim:c:\bin\f_map.bin'
[MEMCARD open] fallback non-bu open -> fake fd=102 path='sim:c:\bin\f_map.bin' data=32768
[BLACKSCREEN][INTERP] start=0x80015188 end=0x8001518C steps=2 reason=bios_return target=0x000000B0 ra=0x80010FA0 sp=0x801FFFE8 f=0
[BLACKSCREEN][BOOT-CALL] #27 addr=0x800151A8 kseg0=0x800151A8 ra=0x80010FBC sp=0x801FFFE8 f=0
[BLACKSCREEN][INTERP] enter start=0x800151A8 instr0=0x240A00B0 a0=0x00000066 ra=0x80010FBC sp=0x801FFFE8 f=0
[BLACKSCREEN][BOOT-CALL] #28 addr=0x000000B0 kseg0=0x800000B0 ra=0x80010FBC sp=0x801FFFE8 f=0
[BLACKSCREEN][BIOS-B0] #6 fn=0x34 a0=0x00000066 a1=0x801E0000 a2=0x00008000 ra=0x80010FBC sp=0x801FFFE8 f=0
[MEMCARD read] fd=102 buf=0x801E0000 len=32768 ra=0x80010FBC
[BLACKSCREEN][INTERP] start=0x800151A8 end=0x800151AC steps=2 reason=bios_return target=0x000000B0 ra=0x80010FBC sp=0x801FFFE8 f=0
[BLACKSCREEN][BOOT-CALL] #29 addr=0x800151C8 kseg0=0x800151C8 ra=0x80010FCC sp=0x801FFFE8 f=0
[BLACKSCREEN][INTERP] enter start=0x800151C8 instr0=0x240A00B0 a0=0x00000066 ra=0x80010FCC sp=0x801FFFE8 f=0
[BLACKSCREEN][BOOT-CALL] #30 addr=0x000000B0 kseg0=0x800000B0 ra=0x80010FCC sp=0x801FFFE8 f=0
[BLACKSCREEN][BIOS-B0] #7 fn=0x36 a0=0x00000066 a1=0x801E0000 a2=0x00008000 ra=0x80010FCC sp=0x801FFFE8 f=0
[MEMCARD close] fd=102 ra=0x80010FCC
[BLACKSCREEN][INTERP] start=0x800151C8 end=0x800151CC steps=2 reason=bios_return target=0x000000B0 ra=0x80010FCC sp=0x801FFFE8 f=0
[BLACKSCREEN][INTERP-LOCALJ] start=0x80010DFC pc=0x80010FCC target=0x80011104 sp=0x801FFFE8 ra=0x80010FCC f=0
[BLACKSCREEN][BOOT-CALL] #31 addr=0x8001603C kseg0=0x8001603C ra=0x800E39A4 sp=0x801FFFC0 f=0
[BLACKSCREEN][BOOT-CALL] #32 addr=0x80015238 kseg0=0x80015238 ra=0x800E8E00 sp=0x801FFFA8 f=0
[BLACKSCREEN][BOOT-CALL] #33 addr=0x80016A2C kseg0=0x80016A2C ra=0x800E39B4 sp=0x801FFFC0 f=0
[BLACKSCREEN][BOOT-CALL] #34 addr=0x000000B0 kseg0=0x800000B0 ra=0x800E39B4 sp=0x801FFFC0 f=0
[BLACKSCREEN][BIOS-B0] #8 fn=0x4A a0=0x00000001 a1=0x00000002 a2=0x00008000 ra=0x800E39B4 sp=0x801FFFC0 f=0
[BLACKSCREEN][BOOT-CALL] #35 addr=0x80016A3C kseg0=0x80016A3C ra=0x800E39BC sp=0x801FFFC0 f=0
[BLACKSCREEN][BOOT-CALL] #36 addr=0x000000B0 kseg0=0x800000B0 ra=0x800E39BC sp=0x801FFFC0 f=0
[BLACKSCREEN][BIOS-B0] #9 fn=0x4B a0=0x00000001 a1=0x00000002 a2=0x00008000 ra=0x800E39BC sp=0x801FFFC0 f=0
[BLACKSCREEN][BOOT-CALL] #37 addr=0x80015178 kseg0=0x80015178 ra=0x800E39C4 sp=0x801FFFC0 f=0
[BLACKSCREEN][BOOT-CALL] #38 addr=0x000000A0 kseg0=0x800000A0 ra=0x800E39C4 sp=0x801FFFC0 f=0
[BLACKSCREEN][BIOS-A0] #3 fn=0x70 a0=0x00000001 a1=0x00000002 a2=0x00008000 ra=0x800E39C4 sp=0x801FFFC0 f=0
[BLACKSCREEN][BOOT-CALL] #39 addr=0x80015228 kseg0=0x80015228 ra=0x800E39CC sp=0x801FFFC0 f=0
[BLACKSCREEN][BOOT-CALL] #40 addr=0x80015C4C kseg0=0x80015C4C ra=0x800E8EF4 sp=0x801FFFA8 f=0
[BLACKSCREEN][BOOT-CALL] #41 addr=0x800271C8 kseg0=0x800271C8 ra=0x800E8F0C sp=0x801FFFA8 f=0
[BLACKSCREEN][BOOT-CALL] #42 addr=0x800271C8 kseg0=0x800271C8 ra=0x800E8F2C sp=0x801FFFA8 f=0
[BLACKSCREEN][BOOT-CALL] #43 addr=0x800271C8 kseg0=0x800271C8 ra=0x800E8F4C sp=0x801FFFA8 f=0
[BLACKSCREEN][BOOT-CALL] #44 addr=0x800271C8 kseg0=0x800271C8 ra=0x800E8F6C sp=0x801FFFA8 f=0
[BLACKSCREEN][BOOT-CALL] #45 addr=0x800271C8 kseg0=0x800271C8 ra=0x800E8F8C sp=0x801FFFA8 f=0
[BLACKSCREEN][BOOT-CALL] #46 addr=0x800271C8 kseg0=0x800271C8 ra=0x800E8FAC sp=0x801FFFA8 f=0
[BLACKSCREEN][BOOT-CALL] #47 addr=0x800271C8 kseg0=0x800271C8 ra=0x800E8FCC sp=0x801FFFA8 f=0
[BLACKSCREEN][BOOT-CALL] #48 addr=0x800271C8 kseg0=0x800271C8 ra=0x800E8FEC sp=0x801FFFA8 f=0
[BLACKSCREEN][BOOT-CALL] #49 addr=0x80015C5C kseg0=0x80015C5C ra=0x800E8FFC sp=0x801FFFA8 f=0
[BLACKSCREEN][BOOT-CALL] #50 addr=0x800271D8 kseg0=0x800271D8 ra=0x800E900C sp=0x801FFFA8 f=0
[BLACKSCREEN][BOOT-CALL] #51 addr=0x800271D8 kseg0=0x800271D8 ra=0x800E901C sp=0x801FFFA8 f=0
[BLACKSCREEN][BOOT-CALL] #52 addr=0x800271D8 kseg0=0x800271D8 ra=0x800E902C sp=0x801FFFA8 f=0
[BLACKSCREEN][BOOT-CALL] #53 addr=0x800271D8 kseg0=0x800271D8 ra=0x800E903C sp=0x801FFFA8 f=0
[BLACKSCREEN][BOOT-CALL] #54 addr=0x800271D8 kseg0=0x800271D8 ra=0x800E904C sp=0x801FFFA8 f=0
[BLACKSCREEN][BOOT-CALL] #55 addr=0x800271D8 kseg0=0x800271D8 ra=0x800E905C sp=0x801FFFA8 f=0
[BLACKSCREEN][BOOT-CALL] #56 addr=0x800271D8 kseg0=0x800271D8 ra=0x800E906C sp=0x801FFFA8 f=0
[BLACKSCREEN][BOOT-CALL] #57 addr=0x800271D8 kseg0=0x800271D8 ra=0x800E907C sp=0x801FFFA8 f=0
[BLACKSCREEN][BOOT-CALL] #58 addr=0x80012434 kseg0=0x80012434 ra=0x800E39DC sp=0x801FFFC0 f=0
[BLACKSCREEN][BOOT-CALL] #59 addr=0x800154FC kseg0=0x800154FC ra=0x80012484 sp=0x801FFFA8 f=0
[BLACKSCREEN][INTERP] enter start=0x800154FC instr0=0x3C028003 a0=0x00000000 ra=0x80012484 sp=0x801FFFA8 f=0
[BLACKSCREEN][BOOT-CALL] #60 addr=0x80015694 kseg0=0x80015694 ra=0x8001551C sp=0x801FFF90 f=0
[BLACKSCREEN][INTERP] start=0x800154FC end=0x80015524 steps=10 reason=jr_ra target=0x80012484 ra=0x80012484 sp=0x801FFFA8 f=0
[BLACKSCREEN][BOOT-CALL] #61 addr=0x80014BD8 kseg0=0x80014BD8 ra=0x800124A0 sp=0x801FFFA8 f=0
[BLACKSCREEN][GPU-EVENT] #1 kind=GP1 value=0x00000000 aux0=0x00000000 aux1=0x00000000 ra=0x800124A0 sp=0x801FFF88 f=0
[BLACKSCREEN][GPU-EVENT] chain 0x80014BD8 0x80014BD8 0x80015694 0x80015694 0x800154FC 0x800154FC 0x80012434 0x80012434 0x800271D8 0x800271D8
[BLACKSCREEN][MMIO] GP1 write #1 value=0x00000000 ra=0x800124A0 sp=0x801FFF88 f=0
[BLACKSCREEN][GPU-EVENT] #2 kind=DMA2_CHCR value=0x1F801814 aux0=0x00000000 aux1=0x00000000 ra=0x800124A0 sp=0x801FFF88 f=0
[BLACKSCREEN][GPU-EVENT] chain 0x80014BD8 0x80014BD8 0x80015694 0x80015694 0x800154FC 0x800154FC 0x80012434 0x80012434 0x800271D8 0x800271D8
[BLACKSCREEN][MMIO] DMA2 CHCR #1 value=0x1F801814 sync=0 dir=0 madr=0x00000000 bcr=0x00000000 ra=0x800124A0 f=0
[BLACKSCREEN][GPU-EVENT] #3 kind=GP1 value=0x02000000 aux0=0x00000000 aux1=0x00000000 ra=0x800124A0 sp=0x801FFF88 f=0
[BLACKSCREEN][GPU-EVENT] chain 0x80014BD8 0x80014BD8 0x80015694 0x80015694 0x800154FC 0x800154FC 0x80012434 0x80012434 0x800271D8 0x800271D8
[BLACKSCREEN][MMIO] GP1 write #2 value=0x02000000 ra=0x800124A0 sp=0x801FFF88 f=0
[BLACKSCREEN][GPU-EVENT] #4 kind=GP1 value=0x01000000 aux0=0x00000000 aux1=0x00000000 ra=0x800124A0 sp=0x801FFF88 f=0
[BLACKSCREEN][GPU-EVENT] chain 0x80014BD8 0x80014BD8 0x80015694 0x80015694 0x800154FC 0x800154FC 0x80012434 0x80012434 0x800271D8 0x800271D8
[BLACKSCREEN][MMIO] GP1 write #3 value=0x01000000 ra=0x800124A0 sp=0x801FFF88 f=0
[BLACKSCREEN][GPU-EVENT] #5 kind=GP0 value=0xE1001000 aux0=0x00000000 aux1=0x00000000 ra=0x800124A0 sp=0x801FFF88 f=0
[BLACKSCREEN][GPU-EVENT] chain 0x80014BD8 0x80014BD8 0x80015694 0x80015694 0x800154FC 0x800154FC 0x80012434 0x80012434 0x800271D8 0x800271D8
[BLACKSCREEN][MMIO] GP0 write #1 value=0xE1001000 ra=0x800124A0 sp=0x801FFF88 f=0
[BLACKSCREEN][BOOT-CALL] #62 addr=0x80015168 kseg0=0x80015168 ra=0x800124C0 sp=0x801FFFA8 f=0
[BLACKSCREEN][BOOT-CALL] #63 addr=0x8001250C kseg0=0x8001250C ra=0x800124C0 sp=0x801FFFA8 f=0
[BLACKSCREEN][BOOT-CALL] #64 addr=0x8001510C kseg0=0x8001510C ra=0x80012520 sp=0x801FFFA8 f=0
[BLACKSCREEN][BOOT-CALL] #65 addr=0x8001510C kseg0=0x8001510C ra=0x80012534 sp=0x801FFFA8 f=0
[BLACKSCREEN][BOOT-CALL] #66 addr=0x80012714 kseg0=0x80012714 ra=0x800E39E4 sp=0x801FFFC0 f=0
[BLACKSCREEN][BOOT-CALL] #67 addr=0x80016E6C kseg0=0x80016E6C ra=0x800E39EC sp=0x801FFFC0 f=0
[BLACKSCREEN][BOOT-CALL] #68 addr=0x80016AA4 kseg0=0x80016AA4 ra=0x800E39F4 sp=0x801FFFC0 f=0
[BLACKSCREEN][BOOT-CALL] #69 addr=0x80012A90 kseg0=0x80012A90 ra=0x800E3A28 sp=0x801FFFC0 f=0
[BLACKSCREEN][BOOT-CALL] #70 addr=0x80012A90 kseg0=0x80012A90 ra=0x800E3A3C sp=0x801FFFC0 f=0
[BLACKSCREEN][BOOT-CALL] #71 addr=0x80020410 kseg0=0x80020410 ra=0x801325F4 sp=0x801FFFA8 f=0
[BLACKSCREEN][BOOT-CALL] #72 addr=0x80020798 kseg0=0x80020798 ra=0x801325FC sp=0x801FFFA8 f=0
[BLACKSCREEN][BOOT-CALL] #73 addr=0x80021188 kseg0=0x80021188 ra=0x80132594 sp=0x801FFF88 f=0
[BLACKSCREEN][BOOT-CALL] #74 addr=0x80019988 kseg0=0x80019988 ra=0x801325B0 sp=0x801FFF88 f=0
[BLACKSCREEN][BOOT-CALL] #75 addr=0x80021198 kseg0=0x80021198 ra=0x8013260C sp=0x801FFFA8 f=0
[BLACKSCREEN][BOOT-CALL] #76 addr=0x800206C8 kseg0=0x800206C8 ra=0x80132614 sp=0x801FFFA8 f=0
[BLACKSCREEN][BOOT-CALL] #77 addr=0x800209B4 kseg0=0x800209B4 ra=0x80132628 sp=0x801FFFA8 f=0
[BLACKSCREEN][BOOT-CALL] #78 addr=0x80021E38 kseg0=0x80021E38 ra=0x80132630 sp=0x801FFFA8 f=0
[BLACKSCREEN][BOOT-CALL] #79 addr=0x80029CE0 kseg0=0x80029CE0 ra=0x80132638 sp=0x801FFFA8 f=0
[BLACKSCREEN][BOOT-CALL] #80 addr=0x80021EEC kseg0=0x80021EEC ra=0x80132640 sp=0x801FFFA8 f=0
[BLACKSCREEN][BOOT-CALL] #81 addr=0x8001D290 kseg0=0x8001D290 ra=0x8013215C sp=0x801FFF90 f=0
[BLACKSCREEN][BOOT-CALL] #82 addr=0x8001D2E0 kseg0=0x8001D2E0 ra=0x80132664 sp=0x801FFFA8 f=0
[BLACKSCREEN][BOOT-CALL] #83 addr=0x8001D374 kseg0=0x8001D374 ra=0x801324F0 sp=0x801FFF88 f=0
[BLACKSCREEN][BOOT-CALL] #84 addr=0x80019570 kseg0=0x80019570 ra=0x80132060 sp=0x801FFF80 f=0
[BLACKSCREEN][BOOT-CALL] #85 addr=0x80021F6C kseg0=0x80021F6C ra=0x80131FBC sp=0x801FFF78 f=0
[BLACKSCREEN][BOOT-CALL] #86 addr=0x8002ABF4 kseg0=0x8002ABF4 ra=0x801326AC sp=0x801FFF90 f=0
[BLACKSCREEN][STATE-309C-W] #1 size=4 phys=0x0003309C old=0x00000000 new=0x00000000 ra=0x801326AC sp=0x801FFF90 pc=0x00000000 f=0
[BLACKSCREEN][BOOT-CALL] #87 addr=0x80029FBC kseg0=0x80029FBC ra=0x801326B4 sp=0x801FFF90 f=0
[BLACKSCREEN][BOOT-CALL] #88 addr=0x800195C8 kseg0=0x800195C8 ra=0x801326BC sp=0x801FFF90 f=0
[BLACKSCREEN][BOOT-CALL] #89 addr=0x80028D3C kseg0=0x80028D3C ra=0x801326C8 sp=0x801FFF90 f=0
[BLACKSCREEN][BOOT-CALL] #90 addr=0x800211D0 kseg0=0x800211D0 ra=0x800E328C sp=0x801FFF90 f=0
[BLACKSCREEN][BOOT-CALL] #91 addr=0x800219E0 kseg0=0x800219E0 ra=0x800E3298 sp=0x801FFF90 f=0
[BLACKSCREEN][CALL] enter #4 addr=0x800219E0 kseg0=0x800219E0 ra=0x800E3298 sp=0x801FFF90 f=0
[BLACKSCREEN][CALL] stage=before_overlay #4 addr=0x800219E0 ra=0x800E3298 f=0
[BLACKSCREEN][CALL] stage=before_inbinary #4 addr=0x800219E0 ra=0x800E3298 f=0
[BLACKSCREEN][CALL] route=interp #4 addr=0x800219E0 ra=0x800E3298 f=0
[BLACKSCREEN][INTERP] enter start=0x800219E0 instr0=0x27BDFFE8 a0=0x00000000 ra=0x800E3298 sp=0x801FFF90 f=0
[BLACKSCREEN][BOOT-IDLE] start=0x800219E0 step=1 pc=0x800219E0 instr=0x27BDFFE8 v0=0xFFFFFFFF a0=0x00000000 ra=0x800E3298 sp=0x801FFF90 f=0
[BLACKSCREEN][BOOT-IDLE-CALLER] #1 ra=0x800E3298 g309c=0x00000000 v0=0xFFFFFFFF a0=0x00000000 sp=0x801FFF90 f=0
[BLACKSCREEN][BOOT-IDLE-CALLER]   pc=0x800E3288 instr=0xAFB00010
[BLACKSCREEN][BOOT-IDLE-CALLER]   pc=0x800E328C instr=0x34100001
[BLACKSCREEN][BOOT-IDLE-CALLER]   pc=0x800E3290 instr=0x0C008678
[BLACKSCREEN][BOOT-IDLE-CALLER]   pc=0x800E3294 instr=0x00002021
[BLACKSCREEN][BOOT-IDLE-CALLER]   pc=0x800E3298 instr=0x1450FFFD
[BLACKSCREEN][BOOT-IDLE-CALLER]   pc=0x800E329C instr=0x00000000
[BLACKSCREEN][BOOT-IDLE-CALLER]   pc=0x800E32A0 instr=0x3C04800B
[BLACKSCREEN][BOOT-IDLE-CALLER]   pc=0x800E32A4 instr=0x2484107C
[BLACKSCREEN][BOOT-IDLE-CALLER]   pc=0x800E32A8 instr=0x3C06800C
[BLACKSCREEN][BOOT-IDLE] start=0x800219E0 step=2 pc=0x800219E4 instr=0xAFBF0010 v0=0xFFFFFFFF a0=0x00000000 ra=0x800E3298 sp=0x801FFF78 f=0
[BLACKSCREEN][BOOT-IDLE] start=0x800219E0 step=3 pc=0x800219E8 instr=0x00042400 v0=0xFFFFFFFF a0=0x00000000 ra=0x800E3298 sp=0x801FFF78 f=0
[BLACKSCREEN][BOOT-IDLE] start=0x800219E0 step=4 pc=0x800219EC instr=0x0C00AB2D v0=0xFFFFFFFF a0=0x00000000 ra=0x800E3298 sp=0x801FFF78 f=0
[BLACKSCREEN][BOOT-CALL] #92 addr=0x8002ACB4 kseg0=0x8002ACB4 ra=0x800219F4 sp=0x801FFF78 f=0
[BLACKSCREEN][BOOT-UNBLOCK] #1 force 0x8002ACB4 -> v0=1 ra=0x800219F4 sp=0x801FFF78 f=0
[BLACKSCREEN][BOOT-IDLE] start=0x800219E0 step=5 pc=0x800219F4 instr=0x00021400 v0=0x00000001 a0=0x00000000 ra=0x800219F4 sp=0x801FFF78 f=0
[BLACKSCREEN][BOOT-IDLE] start=0x800219E0 step=6 pc=0x800219F8 instr=0x00021403 v0=0x00010000 a0=0x00000000 ra=0x800219F4 sp=0x801FFF78 f=0
[BLACKSCREEN][BOOT-IDLE] start=0x800219E0 step=7 pc=0x800219FC instr=0x8FBF0010 v0=0x00000001 a0=0x00000000 ra=0x800219F4 sp=0x801FFF78 f=0
[BLACKSCREEN][BOOT-IDLE] start=0x800219E0 step=8 pc=0x80021A00 instr=0x27BD0018 v0=0x00000001 a0=0x00000000 ra=0x800E3298 sp=0x801FFF78 f=0
[BLACKSCREEN][BOOT-IDLE] start=0x800219E0 step=9 pc=0x80021A04 instr=0x03E00008 v0=0x00000001 a0=0x00000000 ra=0x800E3298 sp=0x801FFF90 f=0
[BLACKSCREEN][INTERP] start=0x800219E0 end=0x80021A04 steps=9 reason=jr_ra target=0x800E3298 ra=0x800E3298 sp=0x801FFF90 f=0
[BLACKSCREEN][BOOT-CALL] #93 addr=0x80021350 kseg0=0x80021350 ra=0x800E32B8 sp=0x801FFF90 f=0
[BLACKSCREEN][BOOT-CALL] #94 addr=0x80021880 kseg0=0x80021880 ra=0x800E32D4 sp=0x801FFF90 f=0
[BLACKSCREEN][BOOT-CALL] #95 addr=0x800219E0 kseg0=0x800219E0 ra=0x800E32E4 sp=0x801FFF90 f=0
[BLACKSCREEN][CALL] enter #5 addr=0x800219E0 kseg0=0x800219E0 ra=0x800E32E4 sp=0x801FFF90 f=0
[BLACKSCREEN][CALL] stage=before_overlay #5 addr=0x800219E0 ra=0x800E32E4 f=0
[BLACKSCREEN][CALL] stage=before_inbinary #5 addr=0x800219E0 ra=0x800E32E4 f=0
[BLACKSCREEN][CALL] route=interp #5 addr=0x800219E0 ra=0x800E32E4 f=0
[BLACKSCREEN][INTERP] enter start=0x800219E0 instr0=0x27BDFFE8 a0=0x00000000 ra=0x800E32E4 sp=0x801FFF90 f=0
[BLACKSCREEN][BOOT-IDLE] start=0x800219E0 step=1 pc=0x800219E0 instr=0x27BDFFE8 v0=0x00000000 a0=0x00000000 ra=0x800E32E4 sp=0x801FFF90 f=0
[BLACKSCREEN][BOOT-IDLE-CALLER] #2 ra=0x800E32E4 g309c=0x00000000 v0=0x00000000 a0=0x00000000 sp=0x801FFF90 f=0
[BLACKSCREEN][BOOT-IDLE-CALLER]   pc=0x800E32D4 instr=0x0440004D
[BLACKSCREEN][BOOT-IDLE-CALLER]   pc=0x800E32D8 instr=0x34100001
[BLACKSCREEN][BOOT-IDLE-CALLER]   pc=0x800E32DC instr=0x0C008678
[BLACKSCREEN][BOOT-IDLE-CALLER]   pc=0x800E32E0 instr=0x00002021
[BLACKSCREEN][BOOT-IDLE-CALLER]   pc=0x800E32E4 instr=0x1450FFFD
[BLACKSCREEN][BOOT-IDLE-CALLER]   pc=0x800E32E8 instr=0x00000000
[BLACKSCREEN][BOOT-IDLE-CALLER]   pc=0x800E32EC instr=0x0C008474
[BLACKSCREEN][BOOT-IDLE-CALLER]   pc=0x800E32F0 instr=0x34040001
[BLACKSCREEN][BOOT-IDLE-CALLER]   pc=0x800E32F4 instr=0x34100001
[BLACKSCREEN][BOOT-IDLE] start=0x800219E0 step=2 pc=0x800219E4 instr=0xAFBF0010 v0=0x00000000 a0=0x00000000 ra=0x800E32E4 sp=0x801FFF78 f=0
[BLACKSCREEN][BOOT-IDLE] start=0x800219E0 step=3 pc=0x800219E8 instr=0x00042400 v0=0x00000000 a0=0x00000000 ra=0x800E32E4 sp=0x801FFF78 f=0
[BLACKSCREEN][BOOT-IDLE] start=0x800219E0 step=4 pc=0x800219EC instr=0x0C00AB2D v0=0x00000000 a0=0x00000000 ra=0x800E32E4 sp=0x801FFF78 f=0
[BLACKSCREEN][BOOT-CALL] #96 addr=0x8002ACB4 kseg0=0x8002ACB4 ra=0x800219F4 sp=0x801FFF78 f=0
[BLACKSCREEN][BOOT-UNBLOCK] #2 force 0x8002ACB4 -> v0=1 ra=0x800219F4 sp=0x801FFF78 f=0
[BLACKSCREEN][BOOT-IDLE] start=0x800219E0 step=5 pc=0x800219F4 instr=0x00021400 v0=0x00000001 a0=0x00000000 ra=0x800219F4 sp=0x801FFF78 f=0
[BLACKSCREEN][BOOT-IDLE] start=0x800219E0 step=6 pc=0x800219F8 instr=0x00021403 v0=0x00010000 a0=0x00000000 ra=0x800219F4 sp=0x801FFF78 f=0
[BLACKSCREEN][BOOT-IDLE] start=0x800219E0 step=7 pc=0x800219FC instr=0x8FBF0010 v0=0x00000001 a0=0x00000000 ra=0x800219F4 sp=0x801FFF78 f=0
[BLACKSCREEN][BOOT-IDLE] start=0x800219E0 step=8 pc=0x80021A00 instr=0x27BD0018 v0=0x00000001 a0=0x00000000 ra=0x800E32E4 sp=0x801FFF78 f=0
[BLACKSCREEN][BOOT-IDLE] start=0x800219E0 step=9 pc=0x80021A04 instr=0x03E00008 v0=0x00000001 a0=0x00000000 ra=0x800E32E4 sp=0x801FFF90 f=0
[BLACKSCREEN][INTERP] start=0x800219E0 end=0x80021A04 steps=9 reason=jr_ra target=0x800E32E4 ra=0x800E32E4 sp=0x801FFF90 f=0
[BLACKSCREEN][BOOT-CALL] #97 addr=0x800211D0 kseg0=0x800211D0 ra=0x800E32F4 sp=0x801FFF90 f=0
[BLACKSCREEN][BOOT-CALL] #98 addr=0x800219E0 kseg0=0x800219E0 ra=0x800E3300 sp=0x801FFF90 f=0
[BLACKSCREEN][CALL] enter #6 addr=0x800219E0 kseg0=0x800219E0 ra=0x800E3300 sp=0x801FFF90 f=0
[BLACKSCREEN][CALL] stage=before_overlay #6 addr=0x800219E0 ra=0x800E3300 f=0
[BLACKSCREEN][CALL] stage=before_inbinary #6 addr=0x800219E0 ra=0x800E3300 f=0
[BLACKSCREEN][CALL] route=interp #6 addr=0x800219E0 ra=0x800E3300 f=0
[BLACKSCREEN][INTERP] enter start=0x800219E0 instr0=0x27BDFFE8 a0=0x00000000 ra=0x800E3300 sp=0x801FFF90 f=0
[BLACKSCREEN][BOOT-IDLE] start=0x800219E0 step=1 pc=0x800219E0 instr=0x27BDFFE8 v0=0x0000FFFE a0=0x00000000 ra=0x800E3300 sp=0x801FFF90 f=0
[BLACKSCREEN][BOOT-IDLE-CALLER] #3 ra=0x800E3300 g309c=0x00000000 v0=0x0000FFFE a0=0x00000000 sp=0x801FFF90 f=0
[BLACKSCREEN][BOOT-IDLE-CALLER]   pc=0x800E32F0 instr=0x34040001
[BLACKSCREEN][BOOT-IDLE-CALLER]   pc=0x800E32F4 instr=0x34100001
[BLACKSCREEN][BOOT-IDLE-CALLER]   pc=0x800E32F8 instr=0x0C008678
[BLACKSCREEN][BOOT-IDLE-CALLER]   pc=0x800E32FC instr=0x00002021
[BLACKSCREEN][BOOT-IDLE-CALLER]   pc=0x800E3300 instr=0x1450FFFD
[BLACKSCREEN][BOOT-IDLE-CALLER]   pc=0x800E3304 instr=0x00000000
[BLACKSCREEN][BOOT-IDLE-CALLER]   pc=0x800E3308 instr=0x3C04800B
[BLACKSCREEN][BOOT-IDLE-CALLER]   pc=0x800E330C instr=0x2484407C
[BLACKSCREEN][BOOT-IDLE-CALLER]   pc=0x800E3310 instr=0x3C06800C
[BLACKSCREEN][BOOT-IDLE] start=0x800219E0 step=2 pc=0x800219E4 instr=0xAFBF0010 v0=0x0000FFFE a0=0x00000000 ra=0x800E3300 sp=0x801FFF78 f=0
[BLACKSCREEN][BOOT-IDLE] start=0x800219E0 step=3 pc=0x800219E8 instr=0x00042400 v0=0x0000FFFE a0=0x00000000 ra=0x800E3300 sp=0x801FFF78 f=0
[BLACKSCREEN][BOOT-IDLE] start=0x800219E0 step=4 pc=0x800219EC instr=0x0C00AB2D v0=0x0000FFFE a0=0x00000000 ra=0x800E3300 sp=0x801FFF78 f=0
[BLACKSCREEN][BOOT-CALL] #99 addr=0x8002ACB4 kseg0=0x8002ACB4 ra=0x800219F4 sp=0x801FFF78 f=0
[BLACKSCREEN][BOOT-UNBLOCK] #3 force 0x8002ACB4 -> v0=1 ra=0x800219F4 sp=0x801FFF78 f=0
[BLACKSCREEN][BOOT-IDLE] start=0x800219E0 step=5 pc=0x800219F4 instr=0x00021400 v0=0x00000001 a0=0x00000000 ra=0x800219F4 sp=0x801FFF78 f=0
[BLACKSCREEN][BOOT-IDLE] start=0x800219E0 step=6 pc=0x800219F8 instr=0x00021403 v0=0x00010000 a0=0x00000000 ra=0x800219F4 sp=0x801FFF78 f=0
[BLACKSCREEN][BOOT-IDLE] start=0x800219E0 step=7 pc=0x800219FC instr=0x8FBF0010 v0=0x00000001 a0=0x00000000 ra=0x800219F4 sp=0x801FFF78 f=0
[BLACKSCREEN][BOOT-IDLE] start=0x800219E0 step=8 pc=0x80021A00 instr=0x27BD0018 v0=0x00000001 a0=0x00000000 ra=0x800E3300 sp=0x801FFF78 f=0
[BLACKSCREEN][BOOT-IDLE] start=0x800219E0 step=9 pc=0x80021A04 instr=0x03E00008 v0=0x00000001 a0=0x00000000 ra=0x800E3300 sp=0x801FFF90 f=0
[BLACKSCREEN][INTERP] start=0x800219E0 end=0x80021A04 steps=9 reason=jr_ra target=0x800E3300 ra=0x800E3300 sp=0x801FFF90 f=0
[BLACKSCREEN][BOOT-CALL] #100 addr=0x80021350 kseg0=0x80021350 ra=0x800E3320 sp=0x801FFF90 f=0
[BLACKSCREEN][BOOT-CALL] #101 addr=0x80021880 kseg0=0x80021880 ra=0x800E3338 sp=0x801FFF90 f=0
[BLACKSCREEN][BOOT-CALL] #102 addr=0x800219E0 kseg0=0x800219E0 ra=0x800E3348 sp=0x801FFF90 f=0
[BLACKSCREEN][CALL] enter #7 addr=0x800219E0 kseg0=0x800219E0 ra=0x800E3348 sp=0x801FFF90 f=0
[BLACKSCREEN][CALL] stage=before_overlay #7 addr=0x800219E0 ra=0x800E3348 f=0
[BLACKSCREEN][CALL] stage=before_inbinary #7 addr=0x800219E0 ra=0x800E3348 f=0
[BLACKSCREEN][CALL] route=interp #7 addr=0x800219E0 ra=0x800E3348 f=0
[BLACKSCREEN][INTERP] enter start=0x800219E0 instr0=0x27BDFFE8 a0=0x00000000 ra=0x800E3348 sp=0x801FFF90 f=0
[BLACKSCREEN][BOOT-IDLE] start=0x800219E0 step=1 pc=0x800219E0 instr=0x27BDFFE8 v0=0x00000001 a0=0x00000000 ra=0x800E3348 sp=0x801FFF90 f=0
[BLACKSCREEN][BOOT-IDLE-CALLER] #4 ra=0x800E3348 g309c=0x00000000 v0=0x00000001 a0=0x00000000 sp=0x801FFF90 f=0
[BLACKSCREEN][BOOT-IDLE-CALLER]   pc=0x800E3338 instr=0x04400034
[BLACKSCREEN][BOOT-IDLE-CALLER]   pc=0x800E333C instr=0x34100001
[BLACKSCREEN][BOOT-IDLE-CALLER]   pc=0x800E3340 instr=0x0C008678
[BLACKSCREEN][BOOT-IDLE-CALLER]   pc=0x800E3344 instr=0x00002021
[BLACKSCREEN][BOOT-IDLE-CALLER]   pc=0x800E3348 instr=0x1450FFFD
[BLACKSCREEN][BOOT-IDLE-CALLER]   pc=0x800E334C instr=0x00000000
[BLACKSCREEN][BOOT-IDLE-CALLER]   pc=0x800E3350 instr=0x0C008474
[BLACKSCREEN][BOOT-IDLE-CALLER]   pc=0x800E3354 instr=0x34040002
[BLACKSCREEN][BOOT-IDLE-CALLER]   pc=0x800E3358 instr=0x34100001
[BLACKSCREEN][BOOT-IDLE] start=0x800219E0 step=2 pc=0x800219E4 instr=0xAFBF0010 v0=0x00000001 a0=0x00000000 ra=0x800E3348 sp=0x801FFF78 f=0
[BLACKSCREEN][BOOT-IDLE] start=0x800219E0 step=3 pc=0x800219E8 instr=0x00042400 v0=0x00000001 a0=0x00000000 ra=0x800E3348 sp=0x801FFF78 f=0
[BLACKSCREEN][BOOT-IDLE] start=0x800219E0 step=4 pc=0x800219EC instr=0x0C00AB2D v0=0x00000001 a0=0x00000000 ra=0x800E3348 sp=0x801FFF78 f=0
[BLACKSCREEN][BOOT-CALL] #103 addr=0x8002ACB4 kseg0=0x8002ACB4 ra=0x800219F4 sp=0x801FFF78 f=0
[BLACKSCREEN][BOOT-UNBLOCK] #4 force 0x8002ACB4 -> v0=1 ra=0x800219F4 sp=0x801FFF78 f=0
[BLACKSCREEN][BOOT-IDLE] start=0x800219E0 step=5 pc=0x800219F4 instr=0x00021400 v0=0x00000001 a0=0x00000000 ra=0x800219F4 sp=0x801FFF78 f=0
[BLACKSCREEN][BOOT-IDLE] start=0x800219E0 step=6 pc=0x800219F8 instr=0x00021403 v0=0x00010000 a0=0x00000000 ra=0x800219F4 sp=0x801FFF78 f=0
[BLACKSCREEN][BOOT-IDLE] start=0x800219E0 step=7 pc=0x800219FC instr=0x8FBF0010 v0=0x00000001 a0=0x00000000 ra=0x800219F4 sp=0x801FFF78 f=0
[BLACKSCREEN][BOOT-IDLE] start=0x800219E0 step=8 pc=0x80021A00 instr=0x27BD0018 v0=0x00000001 a0=0x00000000 ra=0x800E3348 sp=0x801FFF78 f=0
[BLACKSCREEN][BOOT-IDLE] start=0x800219E0 step=9 pc=0x80021A04 instr=0x03E00008 v0=0x00000001 a0=0x00000000 ra=0x800E3348 sp=0x801FFF90 f=0
[BLACKSCREEN][INTERP] start=0x800219E0 end=0x80021A04 steps=9 reason=jr_ra target=0x800E3348 ra=0x800E3348 sp=0x801FFF90 f=0
[BLACKSCREEN][BOOT-CALL] #104 addr=0x800211D0 kseg0=0x800211D0 ra=0x800E3358 sp=0x801FFF90 f=0
[BLACKSCREEN][BOOT-CALL] #105 addr=0x800219E0 kseg0=0x800219E0 ra=0x800E3364 sp=0x801FFF90 f=0
[BLACKSCREEN][CALL] enter #8 addr=0x800219E0 kseg0=0x800219E0 ra=0x800E3364 sp=0x801FFF90 f=0
[BLACKSCREEN][CALL] stage=before_overlay #8 addr=0x800219E0 ra=0x800E3364 f=0
[BLACKSCREEN][CALL] stage=before_inbinary #8 addr=0x800219E0 ra=0x800E3364 f=0
[BLACKSCREEN][CALL] route=interp #8 addr=0x800219E0 ra=0x800E3364 f=0
[BLACKSCREEN][INTERP] enter start=0x800219E0 instr0=0x27BDFFE8 a0=0x00000000 ra=0x800E3364 sp=0x801FFF90 f=0
[BLACKSCREEN][BOOT-IDLE] start=0x800219E0 step=1 pc=0x800219E0 instr=0x27BDFFE8 v0=0x0000FFFD a0=0x00000000 ra=0x800E3364 sp=0x801FFF90 f=0
[BLACKSCREEN][BOOT-IDLE-CALLER] #5 ra=0x800E3364 g309c=0x00000000 v0=0x0000FFFD a0=0x00000000 sp=0x801FFF90 f=0
[BLACKSCREEN][BOOT-IDLE-CALLER]   pc=0x800E3354 instr=0x34040002
[BLACKSCREEN][BOOT-IDLE-CALLER]   pc=0x800E3358 instr=0x34100001
[BLACKSCREEN][BOOT-IDLE-CALLER]   pc=0x800E335C instr=0x0C008678
[BLACKSCREEN][BOOT-IDLE-CALLER]   pc=0x800E3360 instr=0x00002021
[BLACKSCREEN][BOOT-IDLE-CALLER]   pc=0x800E3364 instr=0x1450FFFD
[BLACKSCREEN][BOOT-IDLE-CALLER]   pc=0x800E3368 instr=0x00000000
[BLACKSCREEN][BOOT-IDLE-CALLER]   pc=0x800E336C instr=0x3C04800C
[BLACKSCREEN][BOOT-IDLE-CALLER]   pc=0x800E3370 instr=0x2484807C
[BLACKSCREEN][BOOT-IDLE-CALLER]   pc=0x800E3374 instr=0x3C06800C
[BLACKSCREEN][BOOT-IDLE] start=0x800219E0 step=2 pc=0x800219E4 instr=0xAFBF0010 v0=0x0000FFFD a0=0x00000000 ra=0x800E3364 sp=0x801FFF78 f=0
[BLACKSCREEN][BOOT-IDLE] start=0x800219E0 step=3 pc=0x800219E8 instr=0x00042400 v0=0x0000FFFD a0=0x00000000 ra=0x800E3364 sp=0x801FFF78 f=0
[BLACKSCREEN][BOOT-IDLE] start=0x800219E0 step=4 pc=0x800219EC instr=0x0C00AB2D v0=0x0000FFFD a0=0x00000000 ra=0x800E3364 sp=0x801FFF78 f=0
[BLACKSCREEN][BOOT-CALL] #106 addr=0x8002ACB4 kseg0=0x8002ACB4 ra=0x800219F4 sp=0x801FFF78 f=0
[BLACKSCREEN][BOOT-UNBLOCK] #5 force 0x8002ACB4 -> v0=1 ra=0x800219F4 sp=0x801FFF78 f=0
[BLACKSCREEN][BOOT-IDLE] start=0x800219E0 step=5 pc=0x800219F4 instr=0x00021400 v0=0x00000001 a0=0x00000000 ra=0x800219F4 sp=0x801FFF78 f=0
[BLACKSCREEN][BOOT-IDLE] start=0x800219E0 step=6 pc=0x800219F8 instr=0x00021403 v0=0x00010000 a0=0x00000000 ra=0x800219F4 sp=0x801FFF78 f=0
[BLACKSCREEN][BOOT-IDLE] start=0x800219E0 step=7 pc=0x800219FC instr=0x8FBF0010 v0=0x00000001 a0=0x00000000 ra=0x800219F4 sp=0x801FFF78 f=0
[BLACKSCREEN][BOOT-IDLE] start=0x800219E0 step=8 pc=0x80021A00 instr=0x27BD0018 v0=0x00000001 a0=0x00000000 ra=0x800E3364 sp=0x801FFF78 f=0
[BLACKSCREEN][BOOT-IDLE] start=0x800219E0 step=9 pc=0x80021A04 instr=0x03E00008 v0=0x00000001 a0=0x00000000 ra=0x800E3364 sp=0x801FFF90 f=0
[BLACKSCREEN][INTERP] start=0x800219E0 end=0x80021A04 steps=9 reason=jr_ra target=0x800E3364 ra=0x800E3364 sp=0x801FFF90 f=0
[BLACKSCREEN][BOOT-CALL] #107 addr=0x80021350 kseg0=0x80021350 ra=0x800E3384 sp=0x801FFF90 f=0
[BLACKSCREEN][BOOT-CALL] #108 addr=0x80021880 kseg0=0x80021880 ra=0x800E339C sp=0x801FFF90 f=0
[BLACKSCREEN][BOOT-CALL] #109 addr=0x800219E0 kseg0=0x800219E0 ra=0x800E33AC sp=0x801FFF90 f=0
[BLACKSCREEN][CALL] enter #9 addr=0x800219E0 kseg0=0x800219E0 ra=0x800E33AC sp=0x801FFF90 f=0
[BLACKSCREEN][CALL] stage=before_overlay #9 addr=0x800219E0 ra=0x800E33AC f=0
[BLACKSCREEN][CALL] stage=before_inbinary #9 addr=0x800219E0 ra=0x800E33AC f=0
[BLACKSCREEN][CALL] route=interp #9 addr=0x800219E0 ra=0x800E33AC f=0
[BLACKSCREEN][INTERP] enter start=0x800219E0 instr0=0x27BDFFE8 a0=0x00000000 ra=0x800E33AC sp=0x801FFF90 f=0
[BLACKSCREEN][BOOT-IDLE] start=0x800219E0 step=1 pc=0x800219E0 instr=0x27BDFFE8 v0=0x00000002 a0=0x00000000 ra=0x800E33AC sp=0x801FFF90 f=0
[BLACKSCREEN][BOOT-IDLE-CALLER] #6 ra=0x800E33AC g309c=0x00000000 v0=0x00000002 a0=0x00000000 sp=0x801FFF90 f=0
[BLACKSCREEN][BOOT-IDLE-CALLER]   pc=0x800E339C instr=0x0440001B
[BLACKSCREEN][BOOT-IDLE-CALLER]   pc=0x800E33A0 instr=0x34100001
[BLACKSCREEN][BOOT-IDLE-CALLER]   pc=0x800E33A4 instr=0x0C008678
[BLACKSCREEN][BOOT-IDLE-CALLER]   pc=0x800E33A8 instr=0x00002021
[BLACKSCREEN][BOOT-IDLE-CALLER]   pc=0x800E33AC instr=0x1450FFFD
[BLACKSCREEN][BOOT-IDLE-CALLER]   pc=0x800E33B0 instr=0x00000000
[BLACKSCREEN][BOOT-IDLE-CALLER]   pc=0x800E33B4 instr=0x0C008474
[BLACKSCREEN][BOOT-IDLE-CALLER]   pc=0x800E33B8 instr=0x34040003
[BLACKSCREEN][BOOT-IDLE-CALLER]   pc=0x800E33BC instr=0x34100001
[BLACKSCREEN][BOOT-IDLE] start=0x800219E0 step=2 pc=0x800219E4 instr=0xAFBF0010 v0=0x00000002 a0=0x00000000 ra=0x800E33AC sp=0x801FFF78 f=0
[BLACKSCREEN][BOOT-IDLE] start=0x800219E0 step=3 pc=0x800219E8 instr=0x00042400 v0=0x00000002 a0=0x00000000 ra=0x800E33AC sp=0x801FFF78 f=0
[BLACKSCREEN][BOOT-IDLE] start=0x800219E0 step=4 pc=0x800219EC instr=0x0C00AB2D v0=0x00000002 a0=0x00000000 ra=0x800E33AC sp=0x801FFF78 f=0
[BLACKSCREEN][BOOT-CALL] #110 addr=0x8002ACB4 kseg0=0x8002ACB4 ra=0x800219F4 sp=0x801FFF78 f=0
[BLACKSCREEN][BOOT-UNBLOCK] #6 force 0x8002ACB4 -> v0=1 ra=0x800219F4 sp=0x801FFF78 f=0
[BLACKSCREEN][BOOT-IDLE] start=0x800219E0 step=5 pc=0x800219F4 instr=0x00021400 v0=0x00000001 a0=0x00000000 ra=0x800219F4 sp=0x801FFF78 f=0
[BLACKSCREEN][BOOT-IDLE] start=0x800219E0 step=6 pc=0x800219F8 instr=0x00021403 v0=0x00010000 a0=0x00000000 ra=0x800219F4 sp=0x801FFF78 f=0
[BLACKSCREEN][BOOT-IDLE] start=0x800219E0 step=7 pc=0x800219FC instr=0x8FBF0010 v0=0x00000001 a0=0x00000000 ra=0x800219F4 sp=0x801FFF78 f=0
[BLACKSCREEN][BOOT-IDLE] start=0x800219E0 step=8 pc=0x80021A00 instr=0x27BD0018 v0=0x00000001 a0=0x00000000 ra=0x800E33AC sp=0x801FFF78 f=0
[BLACKSCREEN][BOOT-IDLE] start=0x800219E0 step=9 pc=0x80021A04 instr=0x03E00008 v0=0x00000001 a0=0x00000000 ra=0x800E33AC sp=0x801FFF90 f=0
[BLACKSCREEN][INTERP] start=0x800219E0 end=0x80021A04 steps=9 reason=jr_ra target=0x800E33AC ra=0x800E33AC sp=0x801FFF90 f=0
[BLACKSCREEN][BOOT-CALL] #111 addr=0x800211D0 kseg0=0x800211D0 ra=0x800E33BC sp=0x801FFF90 f=0
[BLACKSCREEN][BOOT-CALL] #112 addr=0x800219E0 kseg0=0x800219E0 ra=0x800E33C8 sp=0x801FFF90 f=0
[BLACKSCREEN][CALL] enter #10 addr=0x800219E0 kseg0=0x800219E0 ra=0x800E33C8 sp=0x801FFF90 f=0
[BLACKSCREEN][CALL] stage=before_overlay #10 addr=0x800219E0 ra=0x800E33C8 f=0
[BLACKSCREEN][CALL] stage=before_inbinary #10 addr=0x800219E0 ra=0x800E33C8 f=0
[BLACKSCREEN][CALL] route=interp #10 addr=0x800219E0 ra=0x800E33C8 f=0
[BLACKSCREEN][INTERP] enter start=0x800219E0 instr0=0x27BDFFE8 a0=0x00000000 ra=0x800E33C8 sp=0x801FFF90 f=0
[BLACKSCREEN][BOOT-IDLE] start=0x800219E0 step=1 pc=0x800219E0 instr=0x27BDFFE8 v0=0x0000FFFC a0=0x00000000 ra=0x800E33C8 sp=0x801FFF90 f=0
[BLACKSCREEN][BOOT-IDLE-CALLER] #7 ra=0x800E33C8 g309c=0x00000000 v0=0x0000FFFC a0=0x00000000 sp=0x801FFF90 f=0
[BLACKSCREEN][BOOT-IDLE-CALLER]   pc=0x800E33B8 instr=0x34040003
[BLACKSCREEN][BOOT-IDLE-CALLER]   pc=0x800E33BC instr=0x34100001
[BLACKSCREEN][BOOT-IDLE-CALLER]   pc=0x800E33C0 instr=0x0C008678
[BLACKSCREEN][BOOT-IDLE-CALLER]   pc=0x800E33C4 instr=0x00002021
[BLACKSCREEN][BOOT-IDLE-CALLER]   pc=0x800E33C8 instr=0x1450FFFD
[BLACKSCREEN][BOOT-IDLE-CALLER]   pc=0x800E33CC instr=0x00000000
[BLACKSCREEN][BOOT-IDLE-CALLER]   pc=0x800E33D0 instr=0x3C04800B
[BLACKSCREEN][BOOT-IDLE-CALLER]   pc=0x800E33D4 instr=0x2484607C
[BLACKSCREEN][BOOT-IDLE-CALLER]   pc=0x800E33D8 instr=0x3C06800C
[BLACKSCREEN][BOOT-IDLE] start=0x800219E0 step=2 pc=0x800219E4 instr=0xAFBF0010 v0=0x0000FFFC a0=0x00000000 ra=0x800E33C8 sp=0x801FFF78 f=0
[BLACKSCREEN][BOOT-IDLE] start=0x800219E0 step=3 pc=0x800219E8 instr=0x00042400 v0=0x0000FFFC a0=0x00000000 ra=0x800E33C8 sp=0x801FFF78 f=0
[BLACKSCREEN][BOOT-IDLE] start=0x800219E0 step=4 pc=0x800219EC instr=0x0C00AB2D v0=0x0000FFFC a0=0x00000000 ra=0x800E33C8 sp=0x801FFF78 f=0
[BLACKSCREEN][BOOT-CALL] #113 addr=0x8002ACB4 kseg0=0x8002ACB4 ra=0x800219F4 sp=0x801FFF78 f=0
[BLACKSCREEN][BOOT-UNBLOCK] #7 force 0x8002ACB4 -> v0=1 ra=0x800219F4 sp=0x801FFF78 f=0
[BLACKSCREEN][BOOT-IDLE] start=0x800219E0 step=5 pc=0x800219F4 instr=0x00021400 v0=0x00000001 a0=0x00000000 ra=0x800219F4 sp=0x801FFF78 f=0
[BLACKSCREEN][BOOT-IDLE] start=0x800219E0 step=6 pc=0x800219F8 instr=0x00021403 v0=0x00010000 a0=0x00000000 ra=0x800219F4 sp=0x801FFF78 f=0
[BLACKSCREEN][BOOT-IDLE] start=0x800219E0 step=7 pc=0x800219FC instr=0x8FBF0010 v0=0x00000001 a0=0x00000000 ra=0x800219F4 sp=0x801FFF78 f=0
[BLACKSCREEN][BOOT-IDLE] start=0x800219E0 step=8 pc=0x80021A00 instr=0x27BD0018 v0=0x00000001 a0=0x00000000 ra=0x800E33C8 sp=0x801FFF78 f=0
[BLACKSCREEN][BOOT-IDLE] start=0x800219E0 step=9 pc=0x80021A04 instr=0x03E00008 v0=0x00000001 a0=0x00000000 ra=0x800E33C8 sp=0x801FFF90 f=0
[BLACKSCREEN][INTERP] start=0x800219E0 end=0x80021A04 steps=9 reason=jr_ra target=0x800E33C8 ra=0x800E33C8 sp=0x801FFF90 f=0
[BLACKSCREEN][BOOT-CALL] #114 addr=0x80021350 kseg0=0x80021350 ra=0x800E33E8 sp=0x801FFF90 f=0
[BLACKSCREEN][BOOT-CALL] #115 addr=0x80021880 kseg0=0x80021880 ra=0x800E3404 sp=0x801FFF90 f=0
[BLACKSCREEN][BOOT-CALL] #116 addr=0x800219E0 kseg0=0x800219E0 ra=0x800E341C sp=0x801FFF90 f=0
[BLACKSCREEN][CALL] enter #11 addr=0x800219E0 kseg0=0x800219E0 ra=0x800E341C sp=0x801FFF90 f=0
[BLACKSCREEN][CALL] stage=before_overlay #11 addr=0x800219E0 ra=0x800E341C f=0
[BLACKSCREEN][CALL] stage=before_inbinary #11 addr=0x800219E0 ra=0x800E341C f=0
[BLACKSCREEN][CALL] route=interp #11 addr=0x800219E0 ra=0x800E341C f=0
[BLACKSCREEN][INTERP] enter start=0x800219E0 instr0=0x27BDFFE8 a0=0x00000000 ra=0x800E341C sp=0x801FFF90 f=0
[BLACKSCREEN][BOOT-IDLE] start=0x800219E0 step=1 pc=0x800219E0 instr=0x27BDFFE8 v0=0x00000003 a0=0x00000000 ra=0x800E341C sp=0x801FFF90 f=0
[BLACKSCREEN][BOOT-IDLE-CALLER] #8 ra=0x800E341C g309c=0x00000000 v0=0x00000003 a0=0x00000000 sp=0x801FFF90 f=0
[BLACKSCREEN][BOOT-IDLE-CALLER]   pc=0x800E340C instr=0x08038D16
[BLACKSCREEN][BOOT-IDLE-CALLER]   pc=0x800E3410 instr=0x2402FFFF
[BLACKSCREEN][BOOT-IDLE-CALLER]   pc=0x800E3414 instr=0x0C008678
[BLACKSCREEN][BOOT-IDLE-CALLER]   pc=0x800E3418 instr=0x00002021
[BLACKSCREEN][BOOT-IDLE-CALLER]   pc=0x800E341C instr=0x1450FFFD
[BLACKSCREEN][BOOT-IDLE-CALLER]   pc=0x800E3420 instr=0x00000000
[BLACKSCREEN][BOOT-IDLE-CALLER]   pc=0x800E3424 instr=0x3C04800C
[BLACKSCREEN][BOOT-IDLE-CALLER]   pc=0x800E3428 instr=0x2484C37D
[BLACKSCREEN][BOOT-IDLE-CALLER]   pc=0x800E342C instr=0x0C04C7AF
[BLACKSCREEN][BOOT-IDLE] start=0x800219E0 step=2 pc=0x800219E4 instr=0xAFBF0010 v0=0x00000003 a0=0x00000000 ra=0x800E341C sp=0x801FFF78 f=0
[BLACKSCREEN][BOOT-IDLE] start=0x800219E0 step=3 pc=0x800219E8 instr=0x00042400 v0=0x00000003 a0=0x00000000 ra=0x800E341C sp=0x801FFF78 f=0
[BLACKSCREEN][BOOT-IDLE] start=0x800219E0 step=4 pc=0x800219EC instr=0x0C00AB2D v0=0x00000003 a0=0x00000000 ra=0x800E341C sp=0x801FFF78 f=0
[BLACKSCREEN][BOOT-CALL] #117 addr=0x8002ACB4 kseg0=0x8002ACB4 ra=0x800219F4 sp=0x801FFF78 f=0
[BLACKSCREEN][BOOT-UNBLOCK] #8 force 0x8002ACB4 -> v0=1 ra=0x800219F4 sp=0x801FFF78 f=0
[BLACKSCREEN][BOOT-IDLE] start=0x800219E0 step=5 pc=0x800219F4 instr=0x00021400 v0=0x00000001 a0=0x00000000 ra=0x800219F4 sp=0x801FFF78 f=0
[BLACKSCREEN][BOOT-IDLE] start=0x800219E0 step=6 pc=0x800219F8 instr=0x00021403 v0=0x00010000 a0=0x00000000 ra=0x800219F4 sp=0x801FFF78 f=0
[BLACKSCREEN][BOOT-IDLE] start=0x800219E0 step=7 pc=0x800219FC instr=0x8FBF0010 v0=0x00000001 a0=0x00000000 ra=0x800219F4 sp=0x801FFF78 f=0
[BLACKSCREEN][BOOT-IDLE] start=0x800219E0 step=8 pc=0x80021A00 instr=0x27BD0018 v0=0x00000001 a0=0x00000000 ra=0x800E341C sp=0x801FFF78 f=0
[BLACKSCREEN][BOOT-IDLE] start=0x800219E0 step=9 pc=0x80021A04 instr=0x03E00008 v0=0x00000001 a0=0x00000000 ra=0x800E341C sp=0x801FFF90 f=0
[BLACKSCREEN][INTERP] start=0x800219E0 end=0x80021A04 steps=9 reason=jr_ra target=0x800E341C ra=0x800E341C sp=0x801FFF90 f=0
[BLACKSCREEN][BOOT-CALL] #118 addr=0x8001558C kseg0=0x8001558C ra=0x800E3AD4 sp=0x801FFFA8 f=0
[BLACKSCREEN][BOOT-CALL] #119 addr=0x8001138C kseg0=0x8001138C ra=0x800E3AE0 sp=0x801FFFA8 f=0
[BLACKSCREEN][BOOT-CALL] #120 addr=0x80011430 kseg0=0x80011430 ra=0x800E3B00 sp=0x801FFFA8 f=0
[BLACKSCREEN][BOOT-CALL] #121 addr=0x800135F0 kseg0=0x800135F0 ra=0x800114EC sp=0x801FFF68 f=0
[BLACKSCREEN][BOOT-CALL] #122 addr=0x800120BC kseg0=0x800120BC ra=0x80011680 sp=0x801FFF68 f=0
[BLACKSCREEN][BOOT-CALL] #123 addr=0x80011FF4 kseg0=0x80011FF4 ra=0x8001168C sp=0x801FFF68 f=0
[BLACKSCREEN][BOOT-CALL] #124 addr=0x800120BC kseg0=0x800120BC ra=0x80011680 sp=0x801FFF68 f=0
[BLACKSCREEN][BOOT-CALL] #125 addr=0x80011FF4 kseg0=0x80011FF4 ra=0x8001168C sp=0x801FFF68 f=0
[BLACKSCREEN][BOOT-CALL] #126 addr=0x800120BC kseg0=0x800120BC ra=0x80011680 sp=0x801FFF68 f=0
[BLACKSCREEN][BOOT-CALL] #127 addr=0x80011FF4 kseg0=0x80011FF4 ra=0x8001168C sp=0x801FFF68 f=0
[BLACKSCREEN][BOOT-CALL] #128 addr=0x800120BC kseg0=0x800120BC ra=0x80011680 sp=0x801FFF68 f=0
[BLACKSCREEN][BOOT-CALL] #129 addr=0x80011FF4 kseg0=0x80011FF4 ra=0x8001168C sp=0x801FFF68 f=0
[BLACKSCREEN][BOOT-CALL] #130 addr=0x800120BC kseg0=0x800120BC ra=0x80011680 sp=0x801FFF68 f=0
[BLACKSCREEN][BOOT-CALL] #131 addr=0x80011FF4 kseg0=0x80011FF4 ra=0x8001168C sp=0x801FFF68 f=0
[BLACKSCREEN][BOOT-CALL] #132 addr=0x800120BC kseg0=0x800120BC ra=0x80011680 sp=0x801FFF68 f=0
[BLACKSCREEN][BOOT-CALL] #133 addr=0x80011FF4 kseg0=0x80011FF4 ra=0x8001168C sp=0x801FFF68 f=0
[BLACKSCREEN][BOOT-CALL] #134 addr=0x800120BC kseg0=0x800120BC ra=0x80011680 sp=0x801FFF68 f=0
[BLACKSCREEN][BOOT-CALL] #135 addr=0x80011FF4 kseg0=0x80011FF4 ra=0x8001168C sp=0x801FFF68 f=0
[BLACKSCREEN][BOOT-CALL] #136 addr=0x800120BC kseg0=0x800120BC ra=0x80011680 sp=0x801FFF68 f=0
[BLACKSCREEN][BOOT-CALL] #137 addr=0x80011FF4 kseg0=0x80011FF4 ra=0x8001168C sp=0x801FFF68 f=0
[BLACKSCREEN][BOOT-CALL] #138 addr=0x800120BC kseg0=0x800120BC ra=0x80011680 sp=0x801FFF68 f=0
[BLACKSCREEN][BOOT-CALL] #139 addr=0x80011FF4 kseg0=0x80011FF4 ra=0x8001168C sp=0x801FFF68 f=0
[BLACKSCREEN][BOOT-CALL] #140 addr=0x800120BC kseg0=0x800120BC ra=0x80011680 sp=0x801FFF68 f=0
[BLACKSCREEN][BOOT-CALL] #141 addr=0x80011FF4 kseg0=0x80011FF4 ra=0x8001168C sp=0x801FFF68 f=0
[BLACKSCREEN][BOOT-CALL] #142 addr=0x800120BC kseg0=0x800120BC ra=0x80011680 sp=0x801FFF68 f=0
[BLACKSCREEN][BOOT-CALL] #143 addr=0x80011FF4 kseg0=0x80011FF4 ra=0x8001168C sp=0x801FFF68 f=0
[BLACKSCREEN][BOOT-CALL] #144 addr=0x800120BC kseg0=0x800120BC ra=0x80011680 sp=0x801FFF68 f=0
[BLACKSCREEN][BOOT-CALL] #145 addr=0x80011FF4 kseg0=0x80011FF4 ra=0x8001168C sp=0x801FFF68 f=0
[BLACKSCREEN][BOOT-CALL] #146 addr=0x800120BC kseg0=0x800120BC ra=0x80011680 sp=0x801FFF68 f=0
[BLACKSCREEN][BOOT-CALL] #147 addr=0x80011FF4 kseg0=0x80011FF4 ra=0x8001168C sp=0x801FFF68 f=0
[BLACKSCREEN][BOOT-CALL] #148 addr=0x800120BC kseg0=0x800120BC ra=0x80011680 sp=0x801FFF68 f=0
[BLACKSCREEN][BOOT-CALL] #149 addr=0x80011FF4 kseg0=0x80011FF4 ra=0x8001168C sp=0x801FFF68 f=0
[BLACKSCREEN][BOOT-CALL] #150 addr=0x800120BC kseg0=0x800120BC ra=0x80011680 sp=0x801FFF68 f=0
[BLACKSCREEN][BOOT-CALL] #151 addr=0x80011FF4 kseg0=0x80011FF4 ra=0x8001168C sp=0x801FFF68 f=0
[BLACKSCREEN][BOOT-CALL] #152 addr=0x800120BC kseg0=0x800120BC ra=0x80011680 sp=0x801FFF68 f=0
[BLACKSCREEN][BOOT-CALL] #153 addr=0x80011FF4 kseg0=0x80011FF4 ra=0x8001168C sp=0x801FFF68 f=0
[BLACKSCREEN][BOOT-CALL] #154 addr=0x800120BC kseg0=0x800120BC ra=0x80011680 sp=0x801FFF68 f=0
[BLACKSCREEN][BOOT-CALL] #155 addr=0x80011FF4 kseg0=0x80011FF4 ra=0x8001168C sp=0x801FFF68 f=0
[BLACKSCREEN][BOOT-CALL] #156 addr=0x800120BC kseg0=0x800120BC ra=0x80011680 sp=0x801FFF68 f=0
[BLACKSCREEN][BOOT-CALL] #157 addr=0x80011FF4 kseg0=0x80011FF4 ra=0x8001168C sp=0x801FFF68 f=0
[BLACKSCREEN][BOOT-CALL] #158 addr=0x800120BC kseg0=0x800120BC ra=0x80011680 sp=0x801FFF68 f=0
[BLACKSCREEN][BOOT-CALL] #159 addr=0x80011FF4 kseg0=0x80011FF4 ra=0x8001168C sp=0x801FFF68 f=0
[BLACKSCREEN][BOOT-CALL] #160 addr=0x800120BC kseg0=0x800120BC ra=0x80011680 sp=0x801FFF68 f=0
[BLACKSCREEN][BOOT-CALL] #161 addr=0x80011FF4 kseg0=0x80011FF4 ra=0x8001168C sp=0x801FFF68 f=0
[BLACKSCREEN][BOOT-CALL] #162 addr=0x800120BC kseg0=0x800120BC ra=0x80011680 sp=0x801FFF68 f=0
[BLACKSCREEN][BOOT-CALL] #163 addr=0x80011FF4 kseg0=0x80011FF4 ra=0x8001168C sp=0x801FFF68 f=0
[BLACKSCREEN][BOOT-CALL] #164 addr=0x800120BC kseg0=0x800120BC ra=0x80011680 sp=0x801FFF68 f=0
[BLACKSCREEN][BOOT-CALL] #165 addr=0x80011FF4 kseg0=0x80011FF4 ra=0x8001168C sp=0x801FFF68 f=0
[BLACKSCREEN][BOOT-CALL] #166 addr=0x800120BC kseg0=0x800120BC ra=0x80011680 sp=0x801FFF68 f=0
[BLACKSCREEN][BOOT-CALL] #167 addr=0x80011FF4 kseg0=0x80011FF4 ra=0x8001168C sp=0x801FFF68 f=0
[BLACKSCREEN][BOOT-CALL] #168 addr=0x800120BC kseg0=0x800120BC ra=0x80011680 sp=0x801FFF68 f=0
[BLACKSCREEN][BOOT-CALL] #169 addr=0x80011FF4 kseg0=0x80011FF4 ra=0x8001168C sp=0x801FFF68 f=0
[BLACKSCREEN][BOOT-CALL] #170 addr=0x800120BC kseg0=0x800120BC ra=0x80011680 sp=0x801FFF68 f=0
[BLACKSCREEN][BOOT-CALL] #171 addr=0x80011FF4 kseg0=0x80011FF4 ra=0x8001168C sp=0x801FFF68 f=0
[BLACKSCREEN][BOOT-CALL] #172 addr=0x800120BC kseg0=0x800120BC ra=0x80011680 sp=0x801FFF68 f=0
[BLACKSCREEN][BOOT-CALL] #173 addr=0x80011FF4 kseg0=0x80011FF4 ra=0x8001168C sp=0x801FFF68 f=0
[BLACKSCREEN][BOOT-CALL] #174 addr=0x800120BC kseg0=0x800120BC ra=0x80011680 sp=0x801FFF68 f=0
[BLACKSCREEN][BOOT-CALL] #175 addr=0x80011FF4 kseg0=0x80011FF4 ra=0x8001168C sp=0x801FFF68 f=0
[BLACKSCREEN][BOOT-CALL] #176 addr=0x800120BC kseg0=0x800120BC ra=0x80011680 sp=0x801FFF68 f=0
[BLACKSCREEN][BOOT-CALL] #177 addr=0x80011FF4 kseg0=0x80011FF4 ra=0x8001168C sp=0x801FFF68 f=0
[BLACKSCREEN][BOOT-CALL] #178 addr=0x800120BC kseg0=0x800120BC ra=0x80011680 sp=0x801FFF68 f=0
[BLACKSCREEN][BOOT-CALL] #179 addr=0x80011FF4 kseg0=0x80011FF4 ra=0x8001168C sp=0x801FFF68 f=0
[BLACKSCREEN][BOOT-CALL] #180 addr=0x800120BC kseg0=0x800120BC ra=0x80011680 sp=0x801FFF68 f=0
[BLACKSCREEN][BOOT-CALL] #181 addr=0x80011FF4 kseg0=0x80011FF4 ra=0x8001168C sp=0x801FFF68 f=0
[BLACKSCREEN][BOOT-CALL] #182 addr=0x800120BC kseg0=0x800120BC ra=0x80011680 sp=0x801FFF68 f=0
[BLACKSCREEN][BOOT-CALL] #183 addr=0x80011FF4 kseg0=0x80011FF4 ra=0x8001168C sp=0x801FFF68 f=0
[BLACKSCREEN][BOOT-CALL] #184 addr=0x800120BC kseg0=0x800120BC ra=0x80011680 sp=0x801FFF68 f=0
[BLACKSCREEN][BOOT-CALL] #185 addr=0x80011FF4 kseg0=0x80011FF4 ra=0x8001168C sp=0x801FFF68 f=0
[BLACKSCREEN][BOOT-CALL] #186 addr=0x800120BC kseg0=0x800120BC ra=0x80011680 sp=0x801FFF68 f=0
[BLACKSCREEN][BOOT-CALL] #187 addr=0x80011FF4 kseg0=0x80011FF4 ra=0x8001168C sp=0x801FFF68 f=0
[BLACKSCREEN][BOOT-CALL] #188 addr=0x800120BC kseg0=0x800120BC ra=0x80011680 sp=0x801FFF68 f=0
[BLACKSCREEN][BOOT-CALL] #189 addr=0x80011FF4 kseg0=0x80011FF4 ra=0x8001168C sp=0x801FFF68 f=0
[BLACKSCREEN][BOOT-CALL] #190 addr=0x800120BC kseg0=0x800120BC ra=0x80011680 sp=0x801FFF68 f=0
[BLACKSCREEN][BOOT-CALL] #191 addr=0x80011FF4 kseg0=0x80011FF4 ra=0x8001168C sp=0x801FFF68 f=0
[BLACKSCREEN][BOOT-CALL] #192 addr=0x800120BC kseg0=0x800120BC ra=0x80011680 sp=0x801FFF68 f=0
[BLACKSCREEN][BOOT-CALL] #193 addr=0x80011FF4 kseg0=0x80011FF4 ra=0x8001168C sp=0x801FFF68 f=0
[BLACKSCREEN][BOOT-CALL] #194 addr=0x800120BC kseg0=0x800120BC ra=0x80011680 sp=0x801FFF68 f=0
[BLACKSCREEN][BOOT-CALL] #195 addr=0x80011FF4 kseg0=0x80011FF4 ra=0x8001168C sp=0x801FFF68 f=0
[BLACKSCREEN][BOOT-CALL] #196 addr=0x800120BC kseg0=0x800120BC ra=0x80011680 sp=0x801FFF68 f=0
[BLACKSCREEN][BOOT-CALL] #197 addr=0x80011FF4 kseg0=0x80011FF4 ra=0x8001168C sp=0x801FFF68 f=0
[BLACKSCREEN][BOOT-CALL] #198 addr=0x800120BC kseg0=0x800120BC ra=0x80011680 sp=0x801FFF68 f=0
[BLACKSCREEN][BOOT-CALL] #199 addr=0x80011FF4 kseg0=0x80011FF4 ra=0x8001168C sp=0x801FFF68 f=0
[BLACKSCREEN][BOOT-CALL] #200 addr=0x800120BC kseg0=0x800120BC ra=0x80011680 sp=0x801FFF68 f=0
[BLACKSCREEN][BOOT-CALL] #201 addr=0x80011FF4 kseg0=0x80011FF4 ra=0x8001168C sp=0x801FFF68 f=0
[BLACKSCREEN][BOOT-CALL] #202 addr=0x800120BC kseg0=0x800120BC ra=0x80011680 sp=0x801FFF68 f=0
[BLACKSCREEN][BOOT-CALL] #203 addr=0x80011FF4 kseg0=0x80011FF4 ra=0x8001168C sp=0x801FFF68 f=0
[BLACKSCREEN][BOOT-CALL] #204 addr=0x800120BC kseg0=0x800120BC ra=0x80011680 sp=0x801FFF68 f=0
[BLACKSCREEN][BOOT-CALL] #205 addr=0x80011FF4 kseg0=0x80011FF4 ra=0x8001168C sp=0x801FFF68 f=0
[BLACKSCREEN][BOOT-CALL] #206 addr=0x800120BC kseg0=0x800120BC ra=0x80011680 sp=0x801FFF68 f=0
[BLACKSCREEN][BOOT-CALL] #207 addr=0x80011FF4 kseg0=0x80011FF4 ra=0x8001168C sp=0x801FFF68 f=0
[BLACKSCREEN][BOOT-CALL] #208 addr=0x800120BC kseg0=0x800120BC ra=0x80011680 sp=0x801FFF68 f=0
[BLACKSCREEN][BOOT-CALL] #209 addr=0x80011FF4 kseg0=0x80011FF4 ra=0x8001168C sp=0x801FFF68 f=0
[BLACKSCREEN][BOOT-CALL] #210 addr=0x800120BC kseg0=0x800120BC ra=0x80011680 sp=0x801FFF68 f=0
[BLACKSCREEN][BOOT-CALL] #211 addr=0x80011FF4 kseg0=0x80011FF4 ra=0x8001168C sp=0x801FFF68 f=0
[BLACKSCREEN][BOOT-CALL] #212 addr=0x800120BC kseg0=0x800120BC ra=0x80011680 sp=0x801FFF68 f=0
[BLACKSCREEN][BOOT-CALL] #213 addr=0x80011FF4 kseg0=0x80011FF4 ra=0x8001168C sp=0x801FFF68 f=0
[BLACKSCREEN][BOOT-CALL] #214 addr=0x800120BC kseg0=0x800120BC ra=0x80011680 sp=0x801FFF68 f=0
[BLACKSCREEN][BOOT-CALL] #215 addr=0x80011FF4 kseg0=0x80011FF4 ra=0x8001168C sp=0x801FFF68 f=0
[BLACKSCREEN][BOOT-CALL] #216 addr=0x800120BC kseg0=0x800120BC ra=0x80011680 sp=0x801FFF68 f=0
[BLACKSCREEN][BOOT-CALL] #217 addr=0x80011FF4 kseg0=0x80011FF4 ra=0x8001168C sp=0x801FFF68 f=0
[BLACKSCREEN][BOOT-CALL] #218 addr=0x800120BC kseg0=0x800120BC ra=0x80011680 sp=0x801FFF68 f=0
[BLACKSCREEN][BOOT-CALL] #219 addr=0x80011FF4 kseg0=0x80011FF4 ra=0x8001168C sp=0x801FFF68 f=0
[BLACKSCREEN][BOOT-CALL] #220 addr=0x800120BC kseg0=0x800120BC ra=0x80011680 sp=0x801FFF68 f=0
[BLACKSCREEN][BOOT-CALL] #221 addr=0x80011FF4 kseg0=0x80011FF4 ra=0x8001168C sp=0x801FFF68 f=0
[BLACKSCREEN][BOOT-CALL] #222 addr=0x800120BC kseg0=0x800120BC ra=0x80011680 sp=0x801FFF68 f=0
[BLACKSCREEN][BOOT-CALL] #223 addr=0x80011FF4 kseg0=0x80011FF4 ra=0x8001168C sp=0x801FFF68 f=0
[BLACKSCREEN][BOOT-CALL] #224 addr=0x800120BC kseg0=0x800120BC ra=0x80011680 sp=0x801FFF68 f=0
[BLACKSCREEN][BOOT-CALL] #225 addr=0x80011FF4 kseg0=0x80011FF4 ra=0x8001168C sp=0x801FFF68 f=0
[BLACKSCREEN][BOOT-CALL] #226 addr=0x800120BC kseg0=0x800120BC ra=0x80011680 sp=0x801FFF68 f=0
[BLACKSCREEN][BOOT-CALL] #227 addr=0x80011FF4 kseg0=0x80011FF4 ra=0x8001168C sp=0x801FFF68 f=0
[BLACKSCREEN][BOOT-CALL] #228 addr=0x800120BC kseg0=0x800120BC ra=0x80011680 sp=0x801FFF68 f=0
[BLACKSCREEN][BOOT-CALL] #229 addr=0x80011FF4 kseg0=0x80011FF4 ra=0x8001168C sp=0x801FFF68 f=0
[BLACKSCREEN][BOOT-CALL] #230 addr=0x800120BC kseg0=0x800120BC ra=0x80011680 sp=0x801FFF68 f=0
[BLACKSCREEN][BOOT-CALL] #231 addr=0x80011FF4 kseg0=0x80011FF4 ra=0x8001168C sp=0x801FFF68 f=0
[BLACKSCREEN][BOOT-CALL] #232 addr=0x800120BC kseg0=0x800120BC ra=0x80011680 sp=0x801FFF68 f=0
[BLACKSCREEN][BOOT-CALL] #233 addr=0x80011FF4 kseg0=0x80011FF4 ra=0x8001168C sp=0x801FFF68 f=0
[BLACKSCREEN][BOOT-CALL] #234 addr=0x800120BC kseg0=0x800120BC ra=0x80011680 sp=0x801FFF68 f=0
[BLACKSCREEN][BOOT-CALL] #235 addr=0x80011FF4 kseg0=0x80011FF4 ra=0x8001168C sp=0x801FFF68 f=0
[BLACKSCREEN][BOOT-CALL] #236 addr=0x800120BC kseg0=0x800120BC ra=0x80011680 sp=0x801FFF68 f=0
[BLACKSCREEN][BOOT-CALL] #237 addr=0x80011FF4 kseg0=0x80011FF4 ra=0x8001168C sp=0x801FFF68 f=0
[BLACKSCREEN][BOOT-CALL] #238 addr=0x800120BC kseg0=0x800120BC ra=0x80011680 sp=0x801FFF68 f=0
[BLACKSCREEN][BOOT-CALL] #239 addr=0x80011FF4 kseg0=0x80011FF4 ra=0x8001168C sp=0x801FFF68 f=0
[BLACKSCREEN][BOOT-CALL] #240 addr=0x800120BC kseg0=0x800120BC ra=0x80011680 sp=0x801FFF68 f=0
[BLACKSCREEN][BOOT-CALL] #241 addr=0x80011FF4 kseg0=0x80011FF4 ra=0x8001168C sp=0x801FFF68 f=0
[BLACKSCREEN][BOOT-CALL] #242 addr=0x800120BC kseg0=0x800120BC ra=0x80011680 sp=0x801FFF68 f=0
[BLACKSCREEN][BOOT-CALL] #243 addr=0x80011FF4 kseg0=0x80011FF4 ra=0x8001168C sp=0x801FFF68 f=0
[BLACKSCREEN][BOOT-CALL] #244 addr=0x800120BC kseg0=0x800120BC ra=0x80011680 sp=0x801FFF68 f=0
[BLACKSCREEN][BOOT-CALL] #245 addr=0x80011FF4 kseg0=0x80011FF4 ra=0x8001168C sp=0x801FFF68 f=0
[BLACKSCREEN][BOOT-CALL] #246 addr=0x800120BC kseg0=0x800120BC ra=0x80011680 sp=0x801FFF68 f=0
[BLACKSCREEN][BOOT-CALL] #247 addr=0x80011FF4 kseg0=0x80011FF4 ra=0x8001168C sp=0x801FFF68 f=0
[BLACKSCREEN][BOOT-CALL] #248 addr=0x800120BC kseg0=0x800120BC ra=0x80011680 sp=0x801FFF68 f=0
[BLACKSCREEN][BOOT-CALL] #249 addr=0x80011FF4 kseg0=0x80011FF4 ra=0x8001168C sp=0x801FFF68 f=0
[BLACKSCREEN][BOOT-CALL] #250 addr=0x800120BC kseg0=0x800120BC ra=0x80011680 sp=0x801FFF68 f=0
[BLACKSCREEN][BOOT-CALL] #251 addr=0x80011FF4 kseg0=0x80011FF4 ra=0x8001168C sp=0x801FFF68 f=0
[BLACKSCREEN][BOOT-CALL] #252 addr=0x800120BC kseg0=0x800120BC ra=0x80011680 sp=0x801FFF68 f=0
[BLACKSCREEN][BOOT-CALL] #253 addr=0x80011FF4 kseg0=0x80011FF4 ra=0x8001168C sp=0x801FFF68 f=0
[BLACKSCREEN][BOOT-CALL] #254 addr=0x800120BC kseg0=0x800120BC ra=0x80011680 sp=0x801FFF68 f=0
[BLACKSCREEN][BOOT-CALL] #255 addr=0x80011FF4 kseg0=0x80011FF4 ra=0x8001168C sp=0x801FFF68 f=0
[BLACKSCREEN][BOOT-CALL] #256 addr=0x800120BC kseg0=0x800120BC ra=0x80011680 sp=0x801FFF68 f=0
[BLACKSCREEN][BOOT-CALL] #257 addr=0x80011FF4 kseg0=0x80011FF4 ra=0x8001168C sp=0x801FFF68 f=0
[BLACKSCREEN][BOOT-CALL] #258 addr=0x800120BC kseg0=0x800120BC ra=0x80011680 sp=0x801FFF68 f=0
[BLACKSCREEN][BOOT-CALL] #259 addr=0x80011FF4 kseg0=0x80011FF4 ra=0x8001168C sp=0x801FFF68 f=0
[BLACKSCREEN][BOOT-CALL] #260 addr=0x800120BC kseg0=0x800120BC ra=0x80011680 sp=0x801FFF68 f=0
[BLACKSCREEN][BOOT-CALL] #261 addr=0x80011FF4 kseg0=0x80011FF4 ra=0x8001168C sp=0x801FFF68 f=0
[BLACKSCREEN][BOOT-CALL] #262 addr=0x800120BC kseg0=0x800120BC ra=0x80011680 sp=0x801FFF68 f=0
[BLACKSCREEN][BOOT-CALL] #263 addr=0x80011FF4 kseg0=0x80011FF4 ra=0x8001168C sp=0x801FFF68 f=0
[BLACKSCREEN][BOOT-CALL] #264 addr=0x800120BC kseg0=0x800120BC ra=0x80011680 sp=0x801FFF68 f=0
[BLACKSCREEN][BOOT-CALL] #265 addr=0x80011FF4 kseg0=0x80011FF4 ra=0x8001168C sp=0x801FFF68 f=0
[BLACKSCREEN][BOOT-CALL] #266 addr=0x800120BC kseg0=0x800120BC ra=0x80011680 sp=0x801FFF68 f=0
[BLACKSCREEN][BOOT-CALL] #267 addr=0x80011FF4 kseg0=0x80011FF4 ra=0x8001168C sp=0x801FFF68 f=0
[BLACKSCREEN][BOOT-CALL] #268 addr=0x800120BC kseg0=0x800120BC ra=0x80011680 sp=0x801FFF68 f=0
[BLACKSCREEN][BOOT-CALL] #269 addr=0x80011FF4 kseg0=0x80011FF4 ra=0x8001168C sp=0x801FFF68 f=0
[BLACKSCREEN][BOOT-CALL] #270 addr=0x800120BC kseg0=0x800120BC ra=0x80011680 sp=0x801FFF68 f=0
[BLACKSCREEN][BOOT-CALL] #271 addr=0x80011FF4 kseg0=0x80011FF4 ra=0x8001168C sp=0x801FFF68 f=0
[BLACKSCREEN][BOOT-CALL] #272 addr=0x800120BC kseg0=0x800120BC ra=0x80011680 sp=0x801FFF68 f=0
[BLACKSCREEN][BOOT-CALL] #273 addr=0x80011FF4 kseg0=0x80011FF4 ra=0x8001168C sp=0x801FFF68 f=0
[BLACKSCREEN][BOOT-CALL] #274 addr=0x800120BC kseg0=0x800120BC ra=0x80011680 sp=0x801FFF68 f=0
[BLACKSCREEN][BOOT-CALL] #275 addr=0x80011FF4 kseg0=0x80011FF4 ra=0x8001168C sp=0x801FFF68 f=0
[BLACKSCREEN][BOOT-CALL] #276 addr=0x800120BC kseg0=0x800120BC ra=0x80011680 sp=0x801FFF68 f=0
[BLACKSCREEN][BOOT-CALL] #277 addr=0x80011FF4 kseg0=0x80011FF4 ra=0x8001168C sp=0x801FFF68 f=0
[BLACKSCREEN][BOOT-CALL] #278 addr=0x800120BC kseg0=0x800120BC ra=0x80011680 sp=0x801FFF68 f=0
[BLACKSCREEN][BOOT-CALL] #279 addr=0x80011FF4 kseg0=0x80011FF4 ra=0x8001168C sp=0x801FFF68 f=0
[BLACKSCREEN][BOOT-CALL] #280 addr=0x800120BC kseg0=0x800120BC ra=0x80011680 sp=0x801FFF68 f=0
[BLACKSCREEN][BOOT-CALL] #281 addr=0x80011FF4 kseg0=0x80011FF4 ra=0x8001168C sp=0x801FFF68 f=0
[BLACKSCREEN][BOOT-CALL] #282 addr=0x800120BC kseg0=0x800120BC ra=0x80011680 sp=0x801FFF68 f=0
[BLACKSCREEN][BOOT-CALL] #283 addr=0x80011FF4 kseg0=0x80011FF4 ra=0x8001168C sp=0x801FFF68 f=0
[BLACKSCREEN][BOOT-CALL] #284 addr=0x800120BC kseg0=0x800120BC ra=0x80011680 sp=0x801FFF68 f=0
[BLACKSCREEN][BOOT-CALL] #285 addr=0x80011FF4 kseg0=0x80011FF4 ra=0x8001168C sp=0x801FFF68 f=0
[BLACKSCREEN][BOOT-CALL] #286 addr=0x800120BC kseg0=0x800120BC ra=0x80011680 sp=0x801FFF68 f=0
[BLACKSCREEN][BOOT-CALL] #287 addr=0x80011FF4 kseg0=0x80011FF4 ra=0x8001168C sp=0x801FFF68 f=0
[BLACKSCREEN][BOOT-CALL] #288 addr=0x800120BC kseg0=0x800120BC ra=0x80011680 sp=0x801FFF68 f=0
[BLACKSCREEN][BOOT-CALL] #289 addr=0x80011FF4 kseg0=0x80011FF4 ra=0x8001168C sp=0x801FFF68 f=0
[BLACKSCREEN][BOOT-CALL] #290 addr=0x800120BC kseg0=0x800120BC ra=0x80011680 sp=0x801FFF68 f=0
[BLACKSCREEN][BOOT-CALL] #291 addr=0x80011FF4 kseg0=0x80011FF4 ra=0x8001168C sp=0x801FFF68 f=0
[BLACKSCREEN][BOOT-CALL] #292 addr=0x800120BC kseg0=0x800120BC ra=0x80011680 sp=0x801FFF68 f=0
[BLACKSCREEN][BOOT-CALL] #293 addr=0x80011FF4 kseg0=0x80011FF4 ra=0x8001168C sp=0x801FFF68 f=0
[BLACKSCREEN][BOOT-CALL] #294 addr=0x800120BC kseg0=0x800120BC ra=0x80011680 sp=0x801FFF68 f=0
[BLACKSCREEN][BOOT-CALL] #295 addr=0x80011FF4 kseg0=0x80011FF4 ra=0x8001168C sp=0x801FFF68 f=0
[BLACKSCREEN][BOOT-CALL] #296 addr=0x800120BC kseg0=0x800120BC ra=0x80011680 sp=0x801FFF68 f=0
[BLACKSCREEN][BOOT-CALL] #297 addr=0x80011FF4 kseg0=0x80011FF4 ra=0x8001168C sp=0x801FFF68 f=0
[BLACKSCREEN][BOOT-CALL] #298 addr=0x800120BC kseg0=0x800120BC ra=0x80011680 sp=0x801FFF68 f=0
[BLACKSCREEN][BOOT-CALL] #299 addr=0x80011FF4 kseg0=0x80011FF4 ra=0x8001168C sp=0x801FFF68 f=0
[BLACKSCREEN][BOOT-CALL] #300 addr=0x800120BC kseg0=0x800120BC ra=0x80011680 sp=0x801FFF68 f=0
[BLACKSCREEN][BOOT-CALL] #301 addr=0x80011FF4 kseg0=0x80011FF4 ra=0x8001168C sp=0x801FFF68 f=0
[BLACKSCREEN][BOOT-CALL] #302 addr=0x800120BC kseg0=0x800120BC ra=0x80011680 sp=0x801FFF68 f=0
[BLACKSCREEN][BOOT-CALL] #303 addr=0x80011FF4 kseg0=0x80011FF4 ra=0x8001168C sp=0x801FFF68 f=0
[BLACKSCREEN][BOOT-CALL] #304 addr=0x800120BC kseg0=0x800120BC ra=0x80011680 sp=0x801FFF68 f=0
[BLACKSCREEN][BOOT-CALL] #305 addr=0x80011FF4 kseg0=0x80011FF4 ra=0x8001168C sp=0x801FFF68 f=0
[BLACKSCREEN][BOOT-CALL] #306 addr=0x800120BC kseg0=0x800120BC ra=0x80011680 sp=0x801FFF68 f=0
[BLACKSCREEN][BOOT-CALL] #307 addr=0x80011FF4 kseg0=0x80011FF4 ra=0x8001168C sp=0x801FFF68 f=0
[BLACKSCREEN][BOOT-CALL] #308 addr=0x800120BC kseg0=0x800120BC ra=0x80011680 sp=0x801FFF68 f=0
[BLACKSCREEN][BOOT-CALL] #309 addr=0x80011FF4 kseg0=0x80011FF4 ra=0x8001168C sp=0x801FFF68 f=0
[BLACKSCREEN][BOOT-CALL] #310 addr=0x800120BC kseg0=0x800120BC ra=0x80011680 sp=0x801FFF68 f=0
[BLACKSCREEN][BOOT-CALL] #311 addr=0x80011FF4 kseg0=0x80011FF4 ra=0x8001168C sp=0x801FFF68 f=0
[BLACKSCREEN][BOOT-CALL] #312 addr=0x800120BC kseg0=0x800120BC ra=0x80011680 sp=0x801FFF68 f=0
[BLACKSCREEN][BOOT-CALL] #313 addr=0x80011FF4 kseg0=0x80011FF4 ra=0x8001168C sp=0x801FFF68 f=0
[BLACKSCREEN][BOOT-CALL] #314 addr=0x800120BC kseg0=0x800120BC ra=0x80011680 sp=0x801FFF68 f=0
[BLACKSCREEN][BOOT-CALL] #315 addr=0x80011FF4 kseg0=0x80011FF4 ra=0x8001168C sp=0x801FFF68 f=0
[BLACKSCREEN][BOOT-CALL] #316 addr=0x800120BC kseg0=0x800120BC ra=0x80011680 sp=0x801FFF68 f=0
[BLACKSCREEN][BOOT-CALL] #317 addr=0x80011FF4 kseg0=0x80011FF4 ra=0x8001168C sp=0x801FFF68 f=0
[BLACKSCREEN][BOOT-CALL] #318 addr=0x800120BC kseg0=0x800120BC ra=0x80011680 sp=0x801FFF68 f=0
[BLACKSCREEN][BOOT-CALL] #319 addr=0x80011FF4 kseg0=0x80011FF4 ra=0x8001168C sp=0x801FFF68 f=0
[BLACKSCREEN][BOOT-CALL] #320 addr=0x800120BC kseg0=0x800120BC ra=0x80011680 sp=0x801FFF68 f=0
[BLACKSCREEN][BOOT-CALL] #321 addr=0x80011FF4 kseg0=0x80011FF4 ra=0x8001168C sp=0x801FFF68 f=0
[BLACKSCREEN][BOOT-CALL] #322 addr=0x800120BC kseg0=0x800120BC ra=0x80011680 sp=0x801FFF68 f=0
[BLACKSCREEN][BOOT-CALL] #323 addr=0x80011FF4 kseg0=0x80011FF4 ra=0x8001168C sp=0x801FFF68 f=0
[BLACKSCREEN][BOOT-CALL] #324 addr=0x800120BC kseg0=0x800120BC ra=0x80011680 sp=0x801FFF68 f=0
[BLACKSCREEN][BOOT-CALL] #325 addr=0x80011FF4 kseg0=0x80011FF4 ra=0x8001168C sp=0x801FFF68 f=0
[BLACKSCREEN][BOOT-CALL] #326 addr=0x800120BC kseg0=0x800120BC ra=0x80011680 sp=0x801FFF68 f=0
[BLACKSCREEN][BOOT-CALL] #327 addr=0x80011FF4 kseg0=0x80011FF4 ra=0x8001168C sp=0x801FFF68 f=0
[BLACKSCREEN][BOOT-CALL] #328 addr=0x800120BC kseg0=0x800120BC ra=0x80011680 sp=0x801FFF68 f=0
[BLACKSCREEN][BOOT-CALL] #329 addr=0x80011FF4 kseg0=0x80011FF4 ra=0x8001168C sp=0x801FFF68 f=0
[BLACKSCREEN][BOOT-CALL] #330 addr=0x800120BC kseg0=0x800120BC ra=0x80011680 sp=0x801FFF68 f=0
[BLACKSCREEN][BOOT-CALL] #331 addr=0x80011FF4 kseg0=0x80011FF4 ra=0x8001168C sp=0x801FFF68 f=0
[BLACKSCREEN][BOOT-CALL] #332 addr=0x800120BC kseg0=0x800120BC ra=0x80011680 sp=0x801FFF68 f=0
[BLACKSCREEN][BOOT-CALL] #333 addr=0x80011FF4 kseg0=0x80011FF4 ra=0x8001168C sp=0x801FFF68 f=0
[BLACKSCREEN][BOOT-CALL] #334 addr=0x800120BC kseg0=0x800120BC ra=0x80011680 sp=0x801FFF68 f=0
[BLACKSCREEN][BOOT-CALL] #335 addr=0x80011FF4 kseg0=0x80011FF4 ra=0x8001168C sp=0x801FFF68 f=0
[BLACKSCREEN][BOOT-CALL] #336 addr=0x800120BC kseg0=0x800120BC ra=0x80011680 sp=0x801FFF68 f=0
[BLACKSCREEN][BOOT-CALL] #337 addr=0x80011FF4 kseg0=0x80011FF4 ra=0x8001168C sp=0x801FFF68 f=0
[BLACKSCREEN][BOOT-CALL] #338 addr=0x800120BC kseg0=0x800120BC ra=0x80011680 sp=0x801FFF68 f=0
[BLACKSCREEN][BOOT-CALL] #339 addr=0x80011FF4 kseg0=0x80011FF4 ra=0x8001168C sp=0x801FFF68 f=0
[BLACKSCREEN][BOOT-CALL] #340 addr=0x800120BC kseg0=0x800120BC ra=0x80011680 sp=0x801FFF68 f=0
[BLACKSCREEN][BOOT-CALL] #341 addr=0x80011FF4 kseg0=0x80011FF4 ra=0x8001168C sp=0x801FFF68 f=0
[BLACKSCREEN][BOOT-CALL] #342 addr=0x800120BC kseg0=0x800120BC ra=0x80011680 sp=0x801FFF68 f=0
[BLACKSCREEN][BOOT-CALL] #343 addr=0x80011FF4 kseg0=0x80011FF4 ra=0x8001168C sp=0x801FFF68 f=0
[BLACKSCREEN][BOOT-CALL] #344 addr=0x800120BC kseg0=0x800120BC ra=0x80011680 sp=0x801FFF68 f=0
[BLACKSCREEN][BOOT-CALL] #345 addr=0x80011FF4 kseg0=0x80011FF4 ra=0x8001168C sp=0x801FFF68 f=0
[BLACKSCREEN][BOOT-CALL] #346 addr=0x800120BC kseg0=0x800120BC ra=0x80011680 sp=0x801FFF68 f=0
[BLACKSCREEN][BOOT-CALL] #347 addr=0x80011FF4 kseg0=0x80011FF4 ra=0x8001168C sp=0x801FFF68 f=0
[BLACKSCREEN][BOOT-CALL] #348 addr=0x800120BC kseg0=0x800120BC ra=0x80011680 sp=0x801FFF68 f=0
[BLACKSCREEN][BOOT-CALL] #349 addr=0x80011FF4 kseg0=0x80011FF4 ra=0x8001168C sp=0x801FFF68 f=0
[BLACKSCREEN][BOOT-CALL] #350 addr=0x800120BC kseg0=0x800120BC ra=0x80011680 sp=0x801FFF68 f=0
[BLACKSCREEN][BOOT-CALL] #351 addr=0x80011FF4 kseg0=0x80011FF4 ra=0x8001168C sp=0x801FFF68 f=0
[BLACKSCREEN][BOOT-CALL] #352 addr=0x800120BC kseg0=0x800120BC ra=0x80011680 sp=0x801FFF68 f=0
[BLACKSCREEN][BOOT-CALL] #353 addr=0x80011FF4 kseg0=0x80011FF4 ra=0x8001168C sp=0x801FFF68 f=0
[BLACKSCREEN][BOOT-CALL] #354 addr=0x800120BC kseg0=0x800120BC ra=0x80011680 sp=0x801FFF68 f=0
[BLACKSCREEN][BOOT-CALL] #355 addr=0x80011FF4 kseg0=0x80011FF4 ra=0x8001168C sp=0x801FFF68 f=0
[BLACKSCREEN][BOOT-CALL] #356 addr=0x800120BC kseg0=0x800120BC ra=0x80011680 sp=0x801FFF68 f=0
[BLACKSCREEN][BOOT-CALL] #357 addr=0x80011FF4 kseg0=0x80011FF4 ra=0x8001168C sp=0x801FFF68 f=0
[BLACKSCREEN][BOOT-CALL] #358 addr=0x800120BC kseg0=0x800120BC ra=0x80011680 sp=0x801FFF68 f=0
[BLACKSCREEN][BOOT-CALL] #359 addr=0x80011FF4 kseg0=0x80011FF4 ra=0x8001168C sp=0x801FFF68 f=0
[BLACKSCREEN][BOOT-CALL] #360 addr=0x800120BC kseg0=0x800120BC ra=0x80011680 sp=0x801FFF68 f=0
[BLACKSCREEN][BOOT-CALL] #361 addr=0x80011FF4 kseg0=0x80011FF4 ra=0x8001168C sp=0x801FFF68 f=0
[BLACKSCREEN][BOOT-CALL] #362 addr=0x800120BC kseg0=0x800120BC ra=0x80011680 sp=0x801FFF68 f=0
[BLACKSCREEN][BOOT-CALL] #363 addr=0x80011FF4 kseg0=0x80011FF4 ra=0x8001168C sp=0x801FFF68 f=0
[BLACKSCREEN][BOOT-CALL] #364 addr=0x800120BC kseg0=0x800120BC ra=0x80011680 sp=0x801FFF68 f=0
[BLACKSCREEN][BOOT-CALL] #365 addr=0x80011FF4 kseg0=0x80011FF4 ra=0x8001168C sp=0x801FFF68 f=0
[BLACKSCREEN][BOOT-CALL] #366 addr=0x800120BC kseg0=0x800120BC ra=0x80011680 sp=0x801FFF68 f=0
[BLACKSCREEN][BOOT-CALL] #367 addr=0x80011FF4 kseg0=0x80011FF4 ra=0x8001168C sp=0x801FFF68 f=0
[BLACKSCREEN][BOOT-CALL] #368 addr=0x800120BC kseg0=0x800120BC ra=0x80011680 sp=0x801FFF68 f=0
[BLACKSCREEN][BOOT-CALL] #369 addr=0x80011FF4 kseg0=0x80011FF4 ra=0x8001168C sp=0x801FFF68 f=0
[BLACKSCREEN][BOOT-CALL] #370 addr=0x800120BC kseg0=0x800120BC ra=0x80011680 sp=0x801FFF68 f=0
[BLACKSCREEN][BOOT-CALL] #371 addr=0x80011FF4 kseg0=0x80011FF4 ra=0x8001168C sp=0x801FFF68 f=0
[BLACKSCREEN][BOOT-CALL] #372 addr=0x800120BC kseg0=0x800120BC ra=0x80011680 sp=0x801FFF68 f=0
[BLACKSCREEN][BOOT-CALL] #373 addr=0x80011FF4 kseg0=0x80011FF4 ra=0x8001168C sp=0x801FFF68 f=0
[BLACKSCREEN][BOOT-CALL] #374 addr=0x800120BC kseg0=0x800120BC ra=0x80011680 sp=0x801FFF68 f=0
[BLACKSCREEN][BOOT-CALL] #375 addr=0x80011FF4 kseg0=0x80011FF4 ra=0x8001168C sp=0x801FFF68 f=0
[BLACKSCREEN][BOOT-CALL] #376 addr=0x800120BC kseg0=0x800120BC ra=0x80011680 sp=0x801FFF68 f=0
[BLACKSCREEN][BOOT-CALL] #377 addr=0x80011FF4 kseg0=0x80011FF4 ra=0x8001168C sp=0x801FFF68 f=0
[BLACKSCREEN][BOOT-CALL] #378 addr=0x800120BC kseg0=0x800120BC ra=0x80011680 sp=0x801FFF68 f=0
[BLACKSCREEN][BOOT-CALL] #379 addr=0x80011FF4 kseg0=0x80011FF4 ra=0x8001168C sp=0x801FFF68 f=0
[BLACKSCREEN][BOOT-CALL] #380 addr=0x800120BC kseg0=0x800120BC ra=0x80011680 sp=0x801FFF68 f=0
[BLACKSCREEN][BOOT-CALL] #381 addr=0x80011FF4 kseg0=0x80011FF4 ra=0x8001168C sp=0x801FFF68 f=0
[BLACKSCREEN][BOOT-CALL] #382 addr=0x800120BC kseg0=0x800120BC ra=0x80011680 sp=0x801FFF68 f=0
[BLACKSCREEN][BOOT-CALL] #383 addr=0x80011FF4 kseg0=0x80011FF4 ra=0x8001168C sp=0x801FFF68 f=0
[BLACKSCREEN][BOOT-CALL] #384 addr=0x800120BC kseg0=0x800120BC ra=0x80011680 sp=0x801FFF68 f=0
[BLACKSCREEN][BOOT-CALL] #385 addr=0x80011FF4 kseg0=0x80011FF4 ra=0x8001168C sp=0x801FFF68 f=0
[BLACKSCREEN][BOOT-CALL] #386 addr=0x800120BC kseg0=0x800120BC ra=0x80011680 sp=0x801FFF68 f=0
[BLACKSCREEN][BOOT-CALL] #387 addr=0x80011FF4 kseg0=0x80011FF4 ra=0x8001168C sp=0x801FFF68 f=0
[BLACKSCREEN][BOOT-CALL] #388 addr=0x800120BC kseg0=0x800120BC ra=0x80011680 sp=0x801FFF68 f=0
[BLACKSCREEN][BOOT-CALL] #389 addr=0x80011FF4 kseg0=0x80011FF4 ra=0x8001168C sp=0x801FFF68 f=0
[BLACKSCREEN][BOOT-CALL] #390 addr=0x800120BC kseg0=0x800120BC ra=0x80011680 sp=0x801FFF68 f=0
[BLACKSCREEN][BOOT-CALL] #391 addr=0x80011FF4 kseg0=0x80011FF4 ra=0x8001168C sp=0x801FFF68 f=0
[BLACKSCREEN][BOOT-CALL] #392 addr=0x800120BC kseg0=0x800120BC ra=0x80011680 sp=0x801FFF68 f=0
[BLACKSCREEN][BOOT-CALL] #393 addr=0x80011FF4 kseg0=0x80011FF4 ra=0x8001168C sp=0x801FFF68 f=0
[BLACKSCREEN][BOOT-CALL] #394 addr=0x800120BC kseg0=0x800120BC ra=0x80011680 sp=0x801FFF68 f=0
[BLACKSCREEN][BOOT-CALL] #395 addr=0x80011FF4 kseg0=0x80011FF4 ra=0x8001168C sp=0x801FFF68 f=0
[BLACKSCREEN][BOOT-CALL] #396 addr=0x800120BC kseg0=0x800120BC ra=0x80011680 sp=0x801FFF68 f=0
[BLACKSCREEN][BOOT-CALL] #397 addr=0x80011FF4 kseg0=0x80011FF4 ra=0x8001168C sp=0x801FFF68 f=0
[BLACKSCREEN][BOOT-CALL] #398 addr=0x800120BC kseg0=0x800120BC ra=0x80011680 sp=0x801FFF68 f=0
[BLACKSCREEN][BOOT-CALL] #399 addr=0x80011FF4 kseg0=0x80011FF4 ra=0x8001168C sp=0x801FFF68 f=0
[BLACKSCREEN][BOOT-CALL] #400 addr=0x800120BC kseg0=0x800120BC ra=0x80011680 sp=0x801FFF68 f=0
[BLACKSCREEN][BOOT-CALL] #401 addr=0x80011FF4 kseg0=0x80011FF4 ra=0x8001168C sp=0x801FFF68 f=0
[BLACKSCREEN][BOOT-CALL] #402 addr=0x800120BC kseg0=0x800120BC ra=0x80011680 sp=0x801FFF68 f=0
[BLACKSCREEN][BOOT-CALL] #403 addr=0x80011FF4 kseg0=0x80011FF4 ra=0x8001168C sp=0x801FFF68 f=0
[BLACKSCREEN][BOOT-CALL] #404 addr=0x800120BC kseg0=0x800120BC ra=0x80011680 sp=0x801FFF68 f=0
[BLACKSCREEN][BOOT-CALL] #405 addr=0x80011FF4 kseg0=0x80011FF4 ra=0x8001168C sp=0x801FFF68 f=0
[BLACKSCREEN][BOOT-CALL] #406 addr=0x800120BC kseg0=0x800120BC ra=0x80011680 sp=0x801FFF68 f=0
[BLACKSCREEN][BOOT-CALL] #407 addr=0x80011FF4 kseg0=0x80011FF4 ra=0x8001168C sp=0x801FFF68 f=0
[BLACKSCREEN][BOOT-CALL] #408 addr=0x800120BC kseg0=0x800120BC ra=0x80011680 sp=0x801FFF68 f=0
[BLACKSCREEN][BOOT-CALL] #409 addr=0x80011FF4 kseg0=0x80011FF4 ra=0x8001168C sp=0x801FFF68 f=0
[BLACKSCREEN][BOOT-CALL] #410 addr=0x800120BC kseg0=0x800120BC ra=0x80011680 sp=0x801FFF68 f=0
[BLACKSCREEN][BOOT-CALL] #411 addr=0x80011FF4 kseg0=0x80011FF4 ra=0x8001168C sp=0x801FFF68 f=0
[BLACKSCREEN][BOOT-CALL] #412 addr=0x800120BC kseg0=0x800120BC ra=0x80011680 sp=0x801FFF68 f=0
[BLACKSCREEN][BOOT-CALL] #413 addr=0x80011FF4 kseg0=0x80011FF4 ra=0x8001168C sp=0x801FFF68 f=0
[BLACKSCREEN][BOOT-CALL] #414 addr=0x800120BC kseg0=0x800120BC ra=0x80011680 sp=0x801FFF68 f=0
[BLACKSCREEN][BOOT-CALL] #415 addr=0x80011FF4 kseg0=0x80011FF4 ra=0x8001168C sp=0x801FFF68 f=0
[BLACKSCREEN][BOOT-CALL] #416 addr=0x800120BC kseg0=0x800120BC ra=0x80011680 sp=0x801FFF68 f=0
[BLACKSCREEN][BOOT-CALL] #417 addr=0x80011FF4 kseg0=0x80011FF4 ra=0x8001168C sp=0x801FFF68 f=0
[BLACKSCREEN][BOOT-CALL] #418 addr=0x800120BC kseg0=0x800120BC ra=0x80011680 sp=0x801FFF68 f=0
[BLACKSCREEN][BOOT-CALL] #419 addr=0x80011FF4 kseg0=0x80011FF4 ra=0x8001168C sp=0x801FFF68 f=0
[BLACKSCREEN][BOOT-CALL] #420 addr=0x800120BC kseg0=0x800120BC ra=0x80011680 sp=0x801FFF68 f=0
[BLACKSCREEN][BOOT-CALL] #421 addr=0x80011FF4 kseg0=0x80011FF4 ra=0x8001168C sp=0x801FFF68 f=0
[BLACKSCREEN][BOOT-CALL] #422 addr=0x800120BC kseg0=0x800120BC ra=0x80011680 sp=0x801FFF68 f=0
[BLACKSCREEN][BOOT-CALL] #423 addr=0x80011FF4 kseg0=0x80011FF4 ra=0x8001168C sp=0x801FFF68 f=0
[BLACKSCREEN][BOOT-CALL] #424 addr=0x800120BC kseg0=0x800120BC ra=0x80011680 sp=0x801FFF68 f=0
[BLACKSCREEN][BOOT-CALL] #425 addr=0x80011FF4 kseg0=0x80011FF4 ra=0x8001168C sp=0x801FFF68 f=0
[BLACKSCREEN][BOOT-CALL] #426 addr=0x800120BC kseg0=0x800120BC ra=0x80011680 sp=0x801FFF68 f=0
[BLACKSCREEN][BOOT-CALL] #427 addr=0x80011FF4 kseg0=0x80011FF4 ra=0x8001168C sp=0x801FFF68 f=0
[BLACKSCREEN][BOOT-CALL] #428 addr=0x800120BC kseg0=0x800120BC ra=0x80011680 sp=0x801FFF68 f=0
[BLACKSCREEN][BOOT-CALL] #429 addr=0x80011FF4 kseg0=0x80011FF4 ra=0x8001168C sp=0x801FFF68 f=0
[BLACKSCREEN][BOOT-CALL] #430 addr=0x800120BC kseg0=0x800120BC ra=0x80011680 sp=0x801FFF68 f=0
[BLACKSCREEN][BOOT-CALL] #431 addr=0x80011FF4 kseg0=0x80011FF4 ra=0x8001168C sp=0x801FFF68 f=0
[BLACKSCREEN][BOOT-CALL] #432 addr=0x800120BC kseg0=0x800120BC ra=0x80011680 sp=0x801FFF68 f=0
[BLACKSCREEN][BOOT-CALL] #433 addr=0x80011FF4 kseg0=0x80011FF4 ra=0x8001168C sp=0x801FFF68 f=0
[BLACKSCREEN][BOOT-CALL] #434 addr=0x800120BC kseg0=0x800120BC ra=0x80011680 sp=0x801FFF68 f=0
[BLACKSCREEN][BOOT-CALL] #435 addr=0x80011FF4 kseg0=0x80011FF4 ra=0x8001168C sp=0x801FFF68 f=0
[BLACKSCREEN][BOOT-CALL] #436 addr=0x800120BC kseg0=0x800120BC ra=0x80011680 sp=0x801FFF68 f=0
[BLACKSCREEN][BOOT-CALL] #437 addr=0x80011FF4 kseg0=0x80011FF4 ra=0x8001168C sp=0x801FFF68 f=0
[BLACKSCREEN][BOOT-CALL] #438 addr=0x800120BC kseg0=0x800120BC ra=0x80011680 sp=0x801FFF68 f=0
[BLACKSCREEN][BOOT-CALL] #439 addr=0x80011FF4 kseg0=0x80011FF4 ra=0x8001168C sp=0x801FFF68 f=0
[BLACKSCREEN][BOOT-CALL] #440 addr=0x800120BC kseg0=0x800120BC ra=0x80011680 sp=0x801FFF68 f=0
[BLACKSCREEN][BOOT-CALL] #441 addr=0x80011FF4 kseg0=0x80011FF4 ra=0x8001168C sp=0x801FFF68 f=0
[BLACKSCREEN][BOOT-CALL] #442 addr=0x800120BC kseg0=0x800120BC ra=0x80011680 sp=0x801FFF68 f=0
[BLACKSCREEN][BOOT-CALL] #443 addr=0x80011FF4 kseg0=0x80011FF4 ra=0x8001168C sp=0x801FFF68 f=0
[BLACKSCREEN][BOOT-CALL] #444 addr=0x800120BC kseg0=0x800120BC ra=0x80011680 sp=0x801FFF68 f=0
[BLACKSCREEN][BOOT-CALL] #445 addr=0x80011FF4 kseg0=0x80011FF4 ra=0x8001168C sp=0x801FFF68 f=0
[BLACKSCREEN][BOOT-CALL] #446 addr=0x800120BC kseg0=0x800120BC ra=0x80011680 sp=0x801FFF68 f=0
[BLACKSCREEN][BOOT-CALL] #447 addr=0x80011FF4 kseg0=0x80011FF4 ra=0x8001168C sp=0x801FFF68 f=0
[BLACKSCREEN][BOOT-CALL] #448 addr=0x800120BC kseg0=0x800120BC ra=0x80011680 sp=0x801FFF68 f=0
[BLACKSCREEN][BOOT-CALL] #449 addr=0x80011FF4 kseg0=0x80011FF4 ra=0x8001168C sp=0x801FFF68 f=0
[BLACKSCREEN][BOOT-CALL] #450 addr=0x800120BC kseg0=0x800120BC ra=0x80011680 sp=0x801FFF68 f=0
[BLACKSCREEN][BOOT-CALL] #451 addr=0x80011FF4 kseg0=0x80011FF4 ra=0x8001168C sp=0x801FFF68 f=0
[BLACKSCREEN][BOOT-CALL] #452 addr=0x800120BC kseg0=0x800120BC ra=0x80011680 sp=0x801FFF68 f=0
[BLACKSCREEN][BOOT-CALL] #453 addr=0x80011FF4 kseg0=0x80011FF4 ra=0x8001168C sp=0x801FFF68 f=0
[BLACKSCREEN][BOOT-CALL] #454 addr=0x800120BC kseg0=0x800120BC ra=0x80011680 sp=0x801FFF68 f=0
[BLACKSCREEN][BOOT-CALL] #455 addr=0x80011FF4 kseg0=0x80011FF4 ra=0x8001168C sp=0x801FFF68 f=0
[BLACKSCREEN][BOOT-CALL] #456 addr=0x800120BC kseg0=0x800120BC ra=0x80011680 sp=0x801FFF68 f=0
[BLACKSCREEN][BOOT-CALL] #457 addr=0x80011FF4 kseg0=0x80011FF4 ra=0x8001168C sp=0x801FFF68 f=0
[BLACKSCREEN][BOOT-CALL] #458 addr=0x800120BC kseg0=0x800120BC ra=0x80011680 sp=0x801FFF68 f=0
[BLACKSCREEN][BOOT-CALL] #459 addr=0x80011FF4 kseg0=0x80011FF4 ra=0x8001168C sp=0x801FFF68 f=0
[BLACKSCREEN][BOOT-CALL] #460 addr=0x800120BC kseg0=0x800120BC ra=0x80011680 sp=0x801FFF68 f=0
[BLACKSCREEN][BOOT-CALL] #461 addr=0x80011FF4 kseg0=0x80011FF4 ra=0x8001168C sp=0x801FFF68 f=0
[BLACKSCREEN][BOOT-CALL] #462 addr=0x800120BC kseg0=0x800120BC ra=0x80011680 sp=0x801FFF68 f=0
[BLACKSCREEN][BOOT-CALL] #463 addr=0x80011FF4 kseg0=0x80011FF4 ra=0x8001168C sp=0x801FFF68 f=0
[BLACKSCREEN][BOOT-CALL] #464 addr=0x800120BC kseg0=0x800120BC ra=0x80011680 sp=0x801FFF68 f=0
[BLACKSCREEN][BOOT-CALL] #465 addr=0x80011FF4 kseg0=0x80011FF4 ra=0x8001168C sp=0x801FFF68 f=0
[BLACKSCREEN][BOOT-CALL] #466 addr=0x800120BC kseg0=0x800120BC ra=0x80011680 sp=0x801FFF68 f=0
[BLACKSCREEN][BOOT-CALL] #467 addr=0x80011FF4 kseg0=0x80011FF4 ra=0x8001168C sp=0x801FFF68 f=0
[BLACKSCREEN][BOOT-CALL] #468 addr=0x800120BC kseg0=0x800120BC ra=0x80011680 sp=0x801FFF68 f=0
[BLACKSCREEN][BOOT-CALL] #469 addr=0x80011FF4 kseg0=0x80011FF4 ra=0x8001168C sp=0x801FFF68 f=0
[BLACKSCREEN][BOOT-CALL] #470 addr=0x800120BC kseg0=0x800120BC ra=0x80011680 sp=0x801FFF68 f=0
[BLACKSCREEN][BOOT-CALL] #471 addr=0x80011FF4 kseg0=0x80011FF4 ra=0x8001168C sp=0x801FFF68 f=0
[BLACKSCREEN][BOOT-CALL] #472 addr=0x800120BC kseg0=0x800120BC ra=0x80011680 sp=0x801FFF68 f=0
[BLACKSCREEN][BOOT-CALL] #473 addr=0x80011FF4 kseg0=0x80011FF4 ra=0x8001168C sp=0x801FFF68 f=0
[BLACKSCREEN][BOOT-CALL] #474 addr=0x800120BC kseg0=0x800120BC ra=0x80011680 sp=0x801FFF68 f=0
[BLACKSCREEN][BOOT-CALL] #475 addr=0x80011FF4 kseg0=0x80011FF4 ra=0x8001168C sp=0x801FFF68 f=0
[BLACKSCREEN][BOOT-CALL] #476 addr=0x800120BC kseg0=0x800120BC ra=0x80011680 sp=0x801FFF68 f=0
[BLACKSCREEN][BOOT-CALL] #477 addr=0x80011FF4 kseg0=0x80011FF4 ra=0x8001168C sp=0x801FFF68 f=0
[BLACKSCREEN][BOOT-CALL] #478 addr=0x800120BC kseg0=0x800120BC ra=0x80011680 sp=0x801FFF68 f=0
[BLACKSCREEN][BOOT-CALL] #479 addr=0x80011FF4 kseg0=0x80011FF4 ra=0x8001168C sp=0x801FFF68 f=0
[BLACKSCREEN][BOOT-CALL] #480 addr=0x800120BC kseg0=0x800120BC ra=0x80011680 sp=0x801FFF68 f=0
[BLACKSCREEN][BOOT-CALL] #481 addr=0x80011FF4 kseg0=0x80011FF4 ra=0x8001168C sp=0x801FFF68 f=0
[BLACKSCREEN][BOOT-CALL] #482 addr=0x800120BC kseg0=0x800120BC ra=0x80011680 sp=0x801FFF68 f=0
[BLACKSCREEN][BOOT-CALL] #483 addr=0x80011FF4 kseg0=0x80011FF4 ra=0x8001168C sp=0x801FFF68 f=0
[BLACKSCREEN][BOOT-CALL] #484 addr=0x800120BC kseg0=0x800120BC ra=0x80011680 sp=0x801FFF68 f=0
[BLACKSCREEN][BOOT-CALL] #485 addr=0x80011FF4 kseg0=0x80011FF4 ra=0x8001168C sp=0x801FFF68 f=0
[BLACKSCREEN][BOOT-CALL] #486 addr=0x800120BC kseg0=0x800120BC ra=0x80011680 sp=0x801FFF68 f=0
[BLACKSCREEN][BOOT-CALL] #487 addr=0x80011FF4 kseg0=0x80011FF4 ra=0x8001168C sp=0x801FFF68 f=0
[BLACKSCREEN][BOOT-CALL] #488 addr=0x800120BC kseg0=0x800120BC ra=0x80011680 sp=0x801FFF68 f=0
[BLACKSCREEN][BOOT-CALL] #489 addr=0x80011FF4 kseg0=0x80011FF4 ra=0x8001168C sp=0x801FFF68 f=0
[BLACKSCREEN][BOOT-CALL] #490 addr=0x800120BC kseg0=0x800120BC ra=0x80011680 sp=0x801FFF68 f=0
[BLACKSCREEN][BOOT-CALL] #491 addr=0x80011FF4 kseg0=0x80011FF4 ra=0x8001168C sp=0x801FFF68 f=0
[BLACKSCREEN][BOOT-CALL] #492 addr=0x800120BC kseg0=0x800120BC ra=0x80011680 sp=0x801FFF68 f=0
[BLACKSCREEN][BOOT-CALL] #493 addr=0x80011FF4 kseg0=0x80011FF4 ra=0x8001168C sp=0x801FFF68 f=0
[BLACKSCREEN][BOOT-CALL] #494 addr=0x800120BC kseg0=0x800120BC ra=0x80011680 sp=0x801FFF68 f=0
[BLACKSCREEN][BOOT-CALL] #495 addr=0x80011FF4 kseg0=0x80011FF4 ra=0x8001168C sp=0x801FFF68 f=0
[BLACKSCREEN][BOOT-CALL] #496 addr=0x800120BC kseg0=0x800120BC ra=0x80011680 sp=0x801FFF68 f=0
[BLACKSCREEN][BOOT-CALL] #497 addr=0x80011FF4 kseg0=0x80011FF4 ra=0x8001168C sp=0x801FFF68 f=0
[BLACKSCREEN][BOOT-CALL] #498 addr=0x800120BC kseg0=0x800120BC ra=0x80011680 sp=0x801FFF68 f=0
[BLACKSCREEN][BOOT-CALL] #499 addr=0x80011FF4 kseg0=0x80011FF4 ra=0x8001168C sp=0x801FFF68 f=0
[BLACKSCREEN][BOOT-CALL] #500 addr=0x800120BC kseg0=0x800120BC ra=0x80011680 sp=0x801FFF68 f=0
[BLACKSCREEN][BOOT-CALL] #501 addr=0x80011FF4 kseg0=0x80011FF4 ra=0x8001168C sp=0x801FFF68 f=0
[BLACKSCREEN][BOOT-CALL] #502 addr=0x800120BC kseg0=0x800120BC ra=0x80011680 sp=0x801FFF68 f=0
[BLACKSCREEN][BOOT-CALL] #503 addr=0x80011FF4 kseg0=0x80011FF4 ra=0x8001168C sp=0x801FFF68 f=0
[BLACKSCREEN][BOOT-CALL] #504 addr=0x800120BC kseg0=0x800120BC ra=0x80011680 sp=0x801FFF68 f=0
[BLACKSCREEN][BOOT-CALL] #505 addr=0x80011FF4 kseg0=0x80011FF4 ra=0x8001168C sp=0x801FFF68 f=0
[BLACKSCREEN][BOOT-CALL] #506 addr=0x800120BC kseg0=0x800120BC ra=0x80011680 sp=0x801FFF68 f=0
[BLACKSCREEN][BOOT-CALL] #507 addr=0x80011FF4 kseg0=0x80011FF4 ra=0x8001168C sp=0x801FFF68 f=0
[BLACKSCREEN][BOOT-CALL] #508 addr=0x800120BC kseg0=0x800120BC ra=0x80011680 sp=0x801FFF68 f=0
[BLACKSCREEN][BOOT-CALL] #509 addr=0x80011FF4 kseg0=0x80011FF4 ra=0x8001168C sp=0x801FFF68 f=0
[BLACKSCREEN][BOOT-CALL] #510 addr=0x800120BC kseg0=0x800120BC ra=0x80011680 sp=0x801FFF68 f=0
[BLACKSCREEN][BOOT-CALL] #511 addr=0x80011FF4 kseg0=0x80011FF4 ra=0x8001168C sp=0x801FFF68 f=0
[BLACKSCREEN][BOOT-CALL] #512 addr=0x800120BC kseg0=0x800120BC ra=0x80011680 sp=0x801FFF68 f=0
[BLACKSCREEN][BOOT-CALL] #513 addr=0x80011FF4 kseg0=0x80011FF4 ra=0x8001168C sp=0x801FFF68 f=0
[BLACKSCREEN][BOOT-CALL] #514 addr=0x800120BC kseg0=0x800120BC ra=0x80011680 sp=0x801FFF68 f=0
[BLACKSCREEN][BOOT-CALL] #515 addr=0x80011FF4 kseg0=0x80011FF4 ra=0x8001168C sp=0x801FFF68 f=0
[BLACKSCREEN][BOOT-CALL] #516 addr=0x800120BC kseg0=0x800120BC ra=0x80011680 sp=0x801FFF68 f=0
[BLACKSCREEN][BOOT-CALL] #517 addr=0x80011FF4 kseg0=0x80011FF4 ra=0x8001168C sp=0x801FFF68 f=0
[BLACKSCREEN][BOOT-CALL] #518 addr=0x800120BC kseg0=0x800120BC ra=0x80011680 sp=0x801FFF68 f=0
[BLACKSCREEN][BOOT-CALL] #519 addr=0x80011FF4 kseg0=0x80011FF4 ra=0x8001168C sp=0x801FFF68 f=0
[BLACKSCREEN][BOOT-CALL] #520 addr=0x800120BC kseg0=0x800120BC ra=0x80011680 sp=0x801FFF68 f=0
[BLACKSCREEN][BOOT-CALL] #521 addr=0x80011FF4 kseg0=0x80011FF4 ra=0x8001168C sp=0x801FFF68 f=0
[BLACKSCREEN][BOOT-CALL] #522 addr=0x800120BC kseg0=0x800120BC ra=0x80011680 sp=0x801FFF68 f=0
[BLACKSCREEN][BOOT-CALL] #523 addr=0x80011FF4 kseg0=0x80011FF4 ra=0x8001168C sp=0x801FFF68 f=0
[BLACKSCREEN][BOOT-CALL] #524 addr=0x800120BC kseg0=0x800120BC ra=0x80011680 sp=0x801FFF68 f=0
[BLACKSCREEN][BOOT-CALL] #525 addr=0x80011FF4 kseg0=0x80011FF4 ra=0x8001168C sp=0x801FFF68 f=0
[BLACKSCREEN][BOOT-CALL] #526 addr=0x800120BC kseg0=0x800120BC ra=0x80011680 sp=0x801FFF68 f=0
[BLACKSCREEN][BOOT-CALL] #527 addr=0x80011FF4 kseg0=0x80011FF4 ra=0x8001168C sp=0x801FFF68 f=0
[BLACKSCREEN][BOOT-CALL] #528 addr=0x800120BC kseg0=0x800120BC ra=0x80011680 sp=0x801FFF68 f=0
[BLACKSCREEN][BOOT-CALL] #529 addr=0x80011FF4 kseg0=0x80011FF4 ra=0x8001168C sp=0x801FFF68 f=0
[BLACKSCREEN][BOOT-CALL] #530 addr=0x800120BC kseg0=0x800120BC ra=0x80011680 sp=0x801FFF68 f=0
[BLACKSCREEN][BOOT-CALL] #531 addr=0x80011FF4 kseg0=0x80011FF4 ra=0x8001168C sp=0x801FFF68 f=0
[BLACKSCREEN][BOOT-CALL] #532 addr=0x800120BC kseg0=0x800120BC ra=0x80011680 sp=0x801FFF68 f=0
[BLACKSCREEN][BOOT-CALL] #533 addr=0x80011FF4 kseg0=0x80011FF4 ra=0x8001168C sp=0x801FFF68 f=0
[BLACKSCREEN][BOOT-CALL] #534 addr=0x800120BC kseg0=0x800120BC ra=0x80011680 sp=0x801FFF68 f=0
[BLACKSCREEN][BOOT-CALL] #535 addr=0x80011FF4 kseg0=0x80011FF4 ra=0x8001168C sp=0x801FFF68 f=0
[BLACKSCREEN][BOOT-CALL] #536 addr=0x800120BC kseg0=0x800120BC ra=0x80011680 sp=0x801FFF68 f=0
[BLACKSCREEN][BOOT-CALL] #537 addr=0x80011FF4 kseg0=0x80011FF4 ra=0x8001168C sp=0x801FFF68 f=0
[BLACKSCREEN][BOOT-CALL] #538 addr=0x800120BC kseg0=0x800120BC ra=0x80011680 sp=0x801FFF68 f=0
[BLACKSCREEN][BOOT-CALL] #539 addr=0x80011FF4 kseg0=0x80011FF4 ra=0x8001168C sp=0x801FFF68 f=0
[BLACKSCREEN][BOOT-CALL] #540 addr=0x800120BC kseg0=0x800120BC ra=0x80011680 sp=0x801FFF68 f=0
[BLACKSCREEN][BOOT-CALL] #541 addr=0x80011FF4 kseg0=0x80011FF4 ra=0x8001168C sp=0x801FFF68 f=0
[BLACKSCREEN][BOOT-CALL] #542 addr=0x800120BC kseg0=0x800120BC ra=0x80011680 sp=0x801FFF68 f=0
[BLACKSCREEN][BOOT-CALL] #543 addr=0x80011FF4 kseg0=0x80011FF4 ra=0x8001168C sp=0x801FFF68 f=0
[BLACKSCREEN][BOOT-CALL] #544 addr=0x800120BC kseg0=0x800120BC ra=0x80011680 sp=0x801FFF68 f=0
[BLACKSCREEN][BOOT-CALL] #545 addr=0x80011FF4 kseg0=0x80011FF4 ra=0x8001168C sp=0x801FFF68 f=0
[BLACKSCREEN][BOOT-CALL] #546 addr=0x800120BC kseg0=0x800120BC ra=0x80011680 sp=0x801FFF68 f=0
[BLACKSCREEN][BOOT-CALL] #547 addr=0x80011FF4 kseg0=0x80011FF4 ra=0x8001168C sp=0x801FFF68 f=0
[BLACKSCREEN][BOOT-CALL] #548 addr=0x800120BC kseg0=0x800120BC ra=0x80011680 sp=0x801FFF68 f=0
[BLACKSCREEN][BOOT-CALL] #549 addr=0x80011FF4 kseg0=0x80011FF4 ra=0x8001168C sp=0x801FFF68 f=0
[BLACKSCREEN][BOOT-CALL] #550 addr=0x800120BC kseg0=0x800120BC ra=0x80011680 sp=0x801FFF68 f=0
[BLACKSCREEN][BOOT-CALL] #551 addr=0x80011FF4 kseg0=0x80011FF4 ra=0x8001168C sp=0x801FFF68 f=0
[BLACKSCREEN][BOOT-CALL] #552 addr=0x800120BC kseg0=0x800120BC ra=0x80011680 sp=0x801FFF68 f=0
[BLACKSCREEN][BOOT-CALL] #553 addr=0x80011FF4 kseg0=0x80011FF4 ra=0x8001168C sp=0x801FFF68 f=0
[BLACKSCREEN][BOOT-CALL] #554 addr=0x800120BC kseg0=0x800120BC ra=0x80011680 sp=0x801FFF68 f=0
[BLACKSCREEN][BOOT-CALL] #555 addr=0x80011FF4 kseg0=0x80011FF4 ra=0x8001168C sp=0x801FFF68 f=0
[BLACKSCREEN][BOOT-CALL] #556 addr=0x800120BC kseg0=0x800120BC ra=0x80011680 sp=0x801FFF68 f=0
[BLACKSCREEN][BOOT-CALL] #557 addr=0x80011FF4 kseg0=0x80011FF4 ra=0x8001168C sp=0x801FFF68 f=0
[BLACKSCREEN][BOOT-CALL] #558 addr=0x800120BC kseg0=0x800120BC ra=0x80011680 sp=0x801FFF68 f=0
[BLACKSCREEN][BOOT-CALL] #559 addr=0x80011FF4 kseg0=0x80011FF4 ra=0x8001168C sp=0x801FFF68 f=0
[BLACKSCREEN][BOOT-CALL] #560 addr=0x800120BC kseg0=0x800120BC ra=0x80011680 sp=0x801FFF68 f=0
[BLACKSCREEN][BOOT-CALL] #561 addr=0x80011FF4 kseg0=0x80011FF4 ra=0x8001168C sp=0x801FFF68 f=0
[BLACKSCREEN][BOOT-CALL] #562 addr=0x800120BC kseg0=0x800120BC ra=0x80011680 sp=0x801FFF68 f=0
[BLACKSCREEN][BOOT-CALL] #563 addr=0x80011FF4 kseg0=0x80011FF4 ra=0x8001168C sp=0x801FFF68 f=0
[BLACKSCREEN][BOOT-CALL] #564 addr=0x800120BC kseg0=0x800120BC ra=0x80011680 sp=0x801FFF68 f=0
[BLACKSCREEN][BOOT-CALL] #565 addr=0x80011FF4 kseg0=0x80011FF4 ra=0x8001168C sp=0x801FFF68 f=0
[BLACKSCREEN][BOOT-CALL] #566 addr=0x800120BC kseg0=0x800120BC ra=0x80011680 sp=0x801FFF68 f=0
[BLACKSCREEN][BOOT-CALL] #567 addr=0x80011FF4 kseg0=0x80011FF4 ra=0x8001168C sp=0x801FFF68 f=0
[BLACKSCREEN][BOOT-CALL] #568 addr=0x800120BC kseg0=0x800120BC ra=0x80011680 sp=0x801FFF68 f=0
[BLACKSCREEN][BOOT-CALL] #569 addr=0x80011FF4 kseg0=0x80011FF4 ra=0x8001168C sp=0x801FFF68 f=0
[BLACKSCREEN][BOOT-CALL] #570 addr=0x800120BC kseg0=0x800120BC ra=0x80011680 sp=0x801FFF68 f=0
[BLACKSCREEN][BOOT-CALL] #571 addr=0x80011FF4 kseg0=0x80011FF4 ra=0x8001168C sp=0x801FFF68 f=0
[BLACKSCREEN][BOOT-CALL] #572 addr=0x800120BC kseg0=0x800120BC ra=0x80011680 sp=0x801FFF68 f=0
[BLACKSCREEN][BOOT-CALL] #573 addr=0x80011FF4 kseg0=0x80011FF4 ra=0x8001168C sp=0x801FFF68 f=0
[BLACKSCREEN][BOOT-CALL] #574 addr=0x800120BC kseg0=0x800120BC ra=0x80011680 sp=0x801FFF68 f=0
[BLACKSCREEN][BOOT-CALL] #575 addr=0x80011FF4 kseg0=0x80011FF4 ra=0x8001168C sp=0x801FFF68 f=0
[BLACKSCREEN][BOOT-CALL] #576 addr=0x800120BC kseg0=0x800120BC ra=0x80011680 sp=0x801FFF68 f=0
[BLACKSCREEN][BOOT-CALL] #577 addr=0x80011FF4 kseg0=0x80011FF4 ra=0x8001168C sp=0x801FFF68 f=0
[BLACKSCREEN][BOOT-CALL] #578 addr=0x800120BC kseg0=0x800120BC ra=0x80011680 sp=0x801FFF68 f=0
[BLACKSCREEN][BOOT-CALL] #579 addr=0x80011FF4 kseg0=0x80011FF4 ra=0x8001168C sp=0x801FFF68 f=0
[BLACKSCREEN][BOOT-CALL] #580 addr=0x800120BC kseg0=0x800120BC ra=0x80011680 sp=0x801FFF68 f=0
[BLACKSCREEN][BOOT-CALL] #581 addr=0x80011FF4 kseg0=0x80011FF4 ra=0x8001168C sp=0x801FFF68 f=0
[BLACKSCREEN][BOOT-CALL] #582 addr=0x800120BC kseg0=0x800120BC ra=0x80011680 sp=0x801FFF68 f=0
[BLACKSCREEN][BOOT-CALL] #583 addr=0x80011FF4 kseg0=0x80011FF4 ra=0x8001168C sp=0x801FFF68 f=0
[BLACKSCREEN][BOOT-CALL] #584 addr=0x800120BC kseg0=0x800120BC ra=0x80011680 sp=0x801FFF68 f=0
[BLACKSCREEN][BOOT-CALL] #585 addr=0x80011FF4 kseg0=0x80011FF4 ra=0x8001168C sp=0x801FFF68 f=0
[BLACKSCREEN][BOOT-CALL] #586 addr=0x800120BC kseg0=0x800120BC ra=0x80011680 sp=0x801FFF68 f=0
[BLACKSCREEN][BOOT-CALL] #587 addr=0x80011FF4 kseg0=0x80011FF4 ra=0x8001168C sp=0x801FFF68 f=0
[BLACKSCREEN][BOOT-CALL] #588 addr=0x800120BC kseg0=0x800120BC ra=0x80011680 sp=0x801FFF68 f=0
[BLACKSCREEN][BOOT-CALL] #589 addr=0x80011FF4 kseg0=0x80011FF4 ra=0x8001168C sp=0x801FFF68 f=0
[BLACKSCREEN][BOOT-CALL] #590 addr=0x800120BC kseg0=0x800120BC ra=0x80011680 sp=0x801FFF68 f=0
[BLACKSCREEN][BOOT-CALL] #591 addr=0x80011FF4 kseg0=0x80011FF4 ra=0x8001168C sp=0x801FFF68 f=0
[BLACKSCREEN][BOOT-CALL] #592 addr=0x800120BC kseg0=0x800120BC ra=0x80011680 sp=0x801FFF68 f=0
[BLACKSCREEN][BOOT-CALL] #593 addr=0x80011FF4 kseg