[Launcher] Disc: C:\Users\Leona\Documents\GitHub\psxrecomp\CastlevaniaRecomp\isos\Castlevania - Symphony of the Night (USA).cue
=== PSXRecomp v2 ===
EXE: C:\Users\Leona\Documents\GitHub\psxrecomp\CastlevaniaRecomp\isos\SLUS_000.67
CUE: C:\Users\Leona\Documents\GitHub\psxrecomp\CastlevaniaRecomp\isos\Castlevania - Symphony of the Night (USA).cue

[KeyConfig] Loading from C:/Users/Leona/Documents/GitHub/psxrecomp/CastlevaniaRecomp/build/keyconfig.ini
[XA] Volume set to 50%
[KeyConfig] UP=265 DOWN=264 CROSS=83 START=257
[XA] Opened C:\Users\Leona\Documents\GitHub\psxrecomp\CastlevaniaRecomp\isos\Castlevania - Symphony of the Night (USA) (Track 1).bin
[XA] WAV capture: C:/temp/xa_capture.wav (up to 30s)
[XA] Audio ready (decode 37800 Hz → waveOut 44100 Hz)
[FMV] Opened C:\Users\Leona\Documents\GitHub\psxrecomp\CastlevaniaRecomp\isos\Castlevania - Symphony of the Night (USA) (Track 1).bin
[SPU] Initialised — 24 voices, 44100 Hz stereo
Detected PS-X header, skipping 2048 bytes
Loaded 561152 bytes
Loaded into PS1 RAM at 0x80010000
[OpenGLRenderer] Initialize() called
[OpenGLRenderer] InitializeWindow() - Creating GLFW window...
[OpenGLRenderer] GLFW window created successfully (960x720)
[OpenGLRenderer] InitializeOpenGL() - Loading OpenGL functions...
[OpenGLRenderer] OpenGL initialized successfully!
[OpenGLRenderer]   Version:  3.3.0 - Build 31.0.101.5522
[OpenGLRenderer]   Renderer: Intel(R) Iris(R) Xe Graphics
[OpenGLRenderer]   Vendor:   Intel
[OpenGLRenderer] OpenGL 3.3 Core Profile ready
[OpenGLRenderer] InitializeShaders() - Compiling shaders...
[OpenGLRenderer]   - Primitive shader compiled (program ID: 3)
[OpenGLRenderer]   - Textured shader compiled (program ID: 4)
[OpenGLRenderer]   - Fill shader compiled (program ID: 5)
[OpenGLRenderer]   - Copy shader compiled (program ID: 6)
[OpenGLRenderer] All 4 shaders compiled successfully!
[OpenGLRenderer] InitializeBuffers() - Creating VAO and VBO...
[OpenGLRenderer] VAO and VBO created (max 4096 vertices per batch)
[OpenGLRenderer] InitializeVRAM() - Creating VRAM texture and FBO...
[OpenGLRenderer] VRAM texture created (1024x512, RGB5A1, 1024 KB)
[OpenGLRenderer] VRAM FBO created and verified (complete)
[OpenGLRenderer] Initialization complete!
Renderer ready

Calling entry point 0x80010DF4...
[BLACKSCREEN][PROBE] dynamic probe enabled for 'Castlevania Recomp'
[BLACKSCREEN][CALL] enter #1 addr=0x80010DF4 kseg0=0x80010DF4 ra=0x00000000 sp=0x801FFF00 f=0
[OVERRIDE] runtime overrides: tomba=0 castlevania=1 for 'Castlevania Recomp'
[OVERRIDE] castlevania timer helper override=1 (env PSX_CASTLE_TIMER_OVERRIDE) 15308_override=1 (env PSX_CASTLE_15308_OVERRIDE)
[OVERRIDE] castlevania boot unblock override=1 (env PSX_CASTLE_BOOT_UNBLOCK)
[BLACKSCREEN][INIT] timer ptrs mode=default c2a8=0x1F801814 c2ac=0x1F801110
[BLACKSCREEN][CALL] stage=before_overlay #1 addr=0x80010DF4 ra=0x00000000 f=0
[BLACKSCREEN][CALL] stage=before_inbinary #1 addr=0x80010DF4 ra=0x00000000 f=0
[BLACKSCREEN][CALL] route=interp #1 addr=0x80010DF4 ra=0x00000000 f=0
[BLACKSCREEN][INTERP] enter start=0x80010DF4 instr0=0x03E00008 a0=0x00000000 ra=0x00000000 sp=0x801FFF00 f=0
[BLACKSCREEN][INTERP] start=0x80010DF4 end=0x80010DF4 steps=1 reason=invalid_target target=0x00000000 a0=0x00000000 ra=0x00000000 sp=0x801FFF00 f=0
Entry point returned.
[BLACKSCREEN] Manual display bootstrap disabled by env PSX_BLACKSCREEN_MANUAL_DISPLAY_ENTRY=off
[BLACKSCREEN] Entry 0x80010DF4 returned immediately; trying bootstrap entry 0x80010DFC
[BLACKSCREEN][CALL] enter #2 addr=0x80010DFC kseg0=0x80010DFC ra=0x00000000 sp=0x801FFF00 f=0
[BLACKSCREEN][CALL] stage=before_overlay #2 addr=0x80010DFC ra=0x00000000 f=0
[BLACKSCREEN][CALL] stage=before_inbinary #2 addr=0x80010DFC ra=0x00000000 f=0
[BLACKSCREEN][CALL] route=interp #2 addr=0x80010DFC ra=0x00000000 f=0
[BLACKSCREEN][INTERP] enter start=0x80010DFC instr0=0x3C028003 a0=0x00000000 ra=0x00000000 sp=0x801FFF00 f=0
[BLACKSCREEN][INTERP] enter start=0x80015138 instr0=0x240A00A0 a0=0x800988A4 ra=0x80010E90 sp=0x80200000 f=0
[BLACKSCREEN][BIOS-A0] #1 fn=0x39 a0=0x800988A4 a1=0x0015F760 a2=0x00000000 ra=0x80010E90 sp=0x80200000 f=0
[BLACKSCREEN][INTERP] start=0x80015138 end=0x8001513C steps=2 reason=bios_return target=0x000000A0 ra=0x80010E90 sp=0x80200000 f=0
[BLACKSCREEN][CALL] enter #3 addr=0x80010DF4 kseg0=0x80010DF4 ra=0x80010EC8 sp=0x801FFFE8 f=0
[BLACKSCREEN][CALL] stage=before_overlay #3 addr=0x80010DF4 ra=0x80010EC8 f=0
[BLACKSCREEN][CALL] stage=before_inbinary #3 addr=0x80010DF4 ra=0x80010EC8 f=0
[BLACKSCREEN][CALL] route=interp #3 addr=0x80010DF4 ra=0x80010EC8 f=0
[BLACKSCREEN][INTERP] enter start=0x80010DF4 instr0=0x03E00008 a0=0x00000000 ra=0x80010EC8 sp=0x801FFFE8 f=0
[BLACKSCREEN][INTERP] start=0x80010DF4 end=0x80010DF4 steps=1 reason=jr_ra target=0x80010EC8 ra=0x80010EC8 sp=0x801FFFE8 f=0
[BLACKSCREEN][INTERP] enter start=0x800154FC instr0=0x3C028003 a0=0x00000000 ra=0x80010ED0 sp=0x801FFFE8 f=0
[BLACKSCREEN][INTERP] start=0x800154FC end=0x80015524 steps=10 reason=jr_ra target=0x80010ED0 ra=0x80010ED0 sp=0x801FFFE8 f=0
[BLACKSCREEN][INTERP] enter start=0x80015138 instr0=0x240A00A0 a0=0x801F0000 ra=0x80010EDC sp=0x801FFFE8 f=0
[BLACKSCREEN][BIOS-A0] #2 fn=0x39 a0=0x801F0000 a1=0x00007800 a2=0x00000080 ra=0x80010EDC sp=0x801FFFE8 f=0
[BLACKSCREEN][INTERP] start=0x80015138 end=0x8001513C steps=2 reason=bios_return target=0x000000A0 ra=0x80010EDC sp=0x801FFFE8 f=0
[BLACKSCREEN][INTERP] enter start=0x8001930C instr0=0x27BDFFE8 a0=0x801F0000 ra=0x80010EE4 sp=0x801FFFE8 f=0
[BLACKSCREEN][INTERP] start=0x8001930C end=0x80019360 steps=17 reason=tail_to_compiled target=0x80019388 ra=0x80010EE4 sp=0x801FFFE8 f=0
[BLACKSCREEN][INTERP] enter start=0x80015188 instr0=0x240A00B0 a0=0x80010000 ra=0x80010F00 sp=0x801FFFE8 f=0
[BLACKSCREEN][BIOS-B0] #1 fn=0x32 a0=0x80010000 a1=0x00000001 a2=0x00000080 ra=0x80010F00 sp=0x801FFFE8 f=0
[MEMCARD open] bad path a0=0x80010000 flags=0x00001 path='sim:c:\bin\dra.bin'
[MEMCARD open] fallback non-bu open -> fake fd=100 path='sim:c:\bin\dra.bin' data=1153136
[BLACKSCREEN][INTERP] start=0x80015188 end=0x8001518C steps=2 reason=bios_return target=0x000000B0 ra=0x80010F00 sp=0x801FFFE8 f=0
[BLACKSCREEN][INTERP] enter start=0x800151A8 instr0=0x240A00B0 a0=0x00000064 ra=0x80010F50 sp=0x801FFFE8 f=0
[BLACKSCREEN][BIOS-B0] #2 fn=0x34 a0=0x00000064 a1=0x800A0000 a2=0x00130000 ra=0x80010F50 sp=0x801FFFE8 f=0
[MEMCARD read] fd=100 buf=0x800A0000 len=1245184 ra=0x80010F50
[BLACKSCREEN][INTERP] start=0x800151A8 end=0x800151AC steps=2 reason=bios_return target=0x000000B0 ra=0x80010F50 sp=0x801FFFE8 f=0
[BLACKSCREEN][INTERP] enter start=0x800151C8 instr0=0x240A00B0 a0=0x00000064 ra=0x80010F60 sp=0x801FFFE8 f=0
[BLACKSCREEN][BIOS-B0] #3 fn=0x36 a0=0x00000064 a1=0x800A0000 a2=0x00130000 ra=0x80010F60 sp=0x801FFFE8 f=0
[MEMCARD close] fd=100 ra=0x80010F60
[BLACKSCREEN][INTERP] start=0x800151C8 end=0x800151CC steps=2 reason=bios_return target=0x000000B0 ra=0x80010F60 sp=0x801FFFE8 f=0
[BLACKSCREEN][INTERP] enter start=0x80015188 instr0=0x240A00B0 a0=0x80010014 ra=0x80010F78 sp=0x801FFFE8 f=0
[BLACKSCREEN][BIOS-B0] #4 fn=0x32 a0=0x80010014 a1=0x00000001 a2=0x00130000 ra=0x80010F78 sp=0x801FFFE8 f=0
[MEMCARD open] bad path a0=0x80010014 flags=0x00001 path='sim:c:\bin\dra.bio'
[MEMCARD open] fallback non-bu open -> fake fd=101 path='sim:c:\bin\dra.bio' data=1153136
[BLACKSCREEN][INTERP] start=0x80015188 end=0x8001518C steps=2 reason=bios_return target=0x000000B0 ra=0x80010F78 sp=0x801FFFE8 f=0
[BLACKSCREEN][INTERP] enter start=0x80015188 instr0=0x240A00B0 a0=0x80010028 ra=0x80010FA0 sp=0x801FFFE8 f=0
[BLACKSCREEN][BIOS-B0] #5 fn=0x32 a0=0x80010028 a1=0x00000001 a2=0x00130000 ra=0x80010FA0 sp=0x801FFFE8 f=0
[MEMCARD open] bad path a0=0x80010028 flags=0x00001 path='sim:c:\bin\f_map.bin'
[MEMCARD open] fallback non-bu open -> fake fd=102 path='sim:c:\bin\f_map.bin' data=32768
[BLACKSCREEN][INTERP] start=0x80015188 end=0x8001518C steps=2 reason=bios_return target=0x000000B0 ra=0x80010FA0 sp=0x801FFFE8 f=0
[BLACKSCREEN][INTERP] enter start=0x800151A8 instr0=0x240A00B0 a0=0x00000066 ra=0x80010FBC sp=0x801FFFE8 f=0
[BLACKSCREEN][BIOS-B0] #6 fn=0x34 a0=0x00000066 a1=0x801E0000 a2=0x00008000 ra=0x80010FBC sp=0x801FFFE8 f=0
[MEMCARD read] fd=102 buf=0x801E0000 len=32768 ra=0x80010FBC
[BLACKSCREEN][INTERP] start=0x800151A8 end=0x800151AC steps=2 reason=bios_return target=0x000000B0 ra=0x80010FBC sp=0x801FFFE8 f=0
[BLACKSCREEN][INTERP] enter start=0x800151C8 instr0=0x240A00B0 a0=0x00000066 ra=0x80010FCC sp=0x801FFFE8 f=0
[BLACKSCREEN][BIOS-B0] #7 fn=0x36 a0=0x00000066 a1=0x801E0000 a2=0x00008000 ra=0x80010FCC sp=0x801FFFE8 f=0
[MEMCARD close] fd=102 ra=0x80010FCC
[BLACKSCREEN][INTERP] start=0x800151C8 end=0x800151CC steps=2 reason=bios_return target=0x000000B0 ra=0x80010FCC sp=0x801FFFE8 f=0
[BLACKSCREEN][INTERP-LOCALJ] start=0x80010DFC pc=0x80010FCC target=0x80011104 sp=0x801FFFE8 ra=0x80010FCC f=0
[BLACKSCREEN][BIOS-B0] #8 fn=0x4A a0=0x00000001 a1=0x00000002 a2=0x00008000 ra=0x800E39B4 sp=0x801FFFC0 f=0
[BLACKSCREEN][BIOS-B0] #9 fn=0x4B a0=0x00000001 a1=0x00000002 a2=0x00008000 ra=0x800E39BC sp=0x801FFFC0 f=0
[BLACKSCREEN][BIOS-A0] #3 fn=0x70 a0=0x00000001 a1=0x00000002 a2=0x00008000 ra=0x800E39C4 sp=0x801FFFC0 f=0
[BLACKSCREEN][INTERP] enter start=0x800154FC instr0=0x3C028003 a0=0x00000000 ra=0x80012484 sp=0x801FFFA8 f=0
[BLACKSCREEN][INTERP] start=0x800154FC end=0x80015524 steps=10 reason=jr_ra target=0x80012484 ra=0x80012484 sp=0x801FFFA8 f=0
[BLACKSCREEN][GPU-EVENT] #1 kind=GP1 value=0x00000000 aux0=0x00000000 aux1=0x00000000 ra=0x800124A0 sp=0x801FFF88 f=0
[BLACKSCREEN][GPU-EVENT] chain 0x80014BD8 0x80014BD8 0x80015694 0x80015694 0x800154FC 0x800154FC 0x80012434 0x80012434 0x800271D8 0x800271D8
[BLACKSCREEN][MMIO] GP1 write #1 value=0x00000000 ra=0x800124A0 sp=0x801FFF88 f=0
[BLACKSCREEN][GPU-EVENT] #2 kind=DMA2_CHCR value=0x1F801814 aux0=0x00000000 aux1=0x00000000 ra=0x800124A0 sp=0x801FFF88 f=0
[BLACKSCREEN][GPU-EVENT] chain 0x80014BD8 0x80014BD8 0x80015694 0x80015694 0x800154FC 0x800154FC 0x80012434 0x80012434 0x800271D8 0x800271D8
[BLACKSCREEN][MMIO] DMA2 CHCR #1 value=0x1F801814 sync=0 dir=0 madr=0x00000000 bcr=0x00000000 ra=0x800124A0 f=0
[BLACKSCREEN][GPU-EVENT] #3 kind=GP1 value=0x02000000 aux0=0x00000000 aux1=0x00000000 ra=0x800124A0 sp=0x801FFF88 f=0
[BLACKSCREEN][GPU-EVENT] chain 0x80014BD8 0x80014BD8 0x80015694 0x80015694 0x800154FC 0x800154FC 0x80012434 0x80012434 0x800271D8 0x800271D8
[BLACKSCREEN][MMIO] GP1 write #2 value=0x02000000 ra=0x800124A0 sp=0x801FFF88 f=0
[BLACKSCREEN][GPU-EVENT] #4 kind=GP1 value=0x01000000 aux0=0x00000000 aux1=0x00000000 ra=0x800124A0 sp=0x801FFF88 f=0
[BLACKSCREEN][GPU-EVENT] chain 0x80014BD8 0x80014BD8 0x80015694 0x80015694 0x800154FC 0x800154FC 0x80012434 0x80012434 0x800271D8 0x800271D8
[BLACKSCREEN][MMIO] GP1 write #3 value=0x01000000 ra=0x800124A0 sp=0x801FFF88 f=0
[BLACKSCREEN][GPU-EVENT] #5 kind=GP0 value=0xE1001000 aux0=0x00000000 aux1=0x00000000 ra=0x800124A0 sp=0x801FFF88 f=0
[BLACKSCREEN][GPU-EVENT] chain 0x80014BD8 0x80014BD8 0x80015694 0x80015694 0x800154FC 0x800154FC 0x80012434 0x80012434 0x800271D8 0x800271D8
[BLACKSCREEN][MMIO] GP0 write #1 value=0xE1001000 ra=0x800124A0 sp=0x801FFF88 f=0
[BLACKSCREEN][STATE-309C-FN] #1 fn=0x8002ABF4 a0=0x00000000 v0=0xFFFD850F state=0x00000000 ra=0x801326AC sp=0x801FFF90 f=0
[BLACKSCREEN][STATE-309C-FN] #2 fn=0x8002ABF4 a0=0x00000000 v0=0xFFFD850F state=0x00000000 ra=0x801326AC sp=0x801FFF90 f=0
[BLACKSCREEN][STATE-309C-W] #1 size=4 phys=0x0003309C old=0x00000000 new=0x00000000 ra=0x801326AC sp=0x801FFF90 pc=0x00000000 f=0
[BLACKSCREEN][CALL] enter #4 addr=0x800219E0 kseg0=0x800219E0 ra=0x800E3298 sp=0x801FFF90 f=0
[BLACKSCREEN][CALL] stage=before_overlay #4 addr=0x800219E0 ra=0x800E3298 f=0
[BLACKSCREEN][CALL] stage=before_inbinary #4 addr=0x800219E0 ra=0x800E3298 f=0
[BLACKSCREEN][CALL] route=interp #4 addr=0x800219E0 ra=0x800E3298 f=0
[BLACKSCREEN][INTERP] enter start=0x800219E0 instr0=0x27BDFFE8 a0=0x00000000 ra=0x800E3298 sp=0x801FFF90 f=0
[BLACKSCREEN][BOOT-IDLE] start=0x800219E0 step=1 pc=0x800219E0 instr=0x27BDFFE8 v0=0xFFFFFFFF a0=0x00000000 ra=0x800E3298 sp=0x801FFF90 f=0
[BLACKSCREEN][BOOT-IDLE-CALLER] #1 ra=0x800E3298 g309c=0x00000000 v0=0xFFFFFFFF a0=0x00000000 sp=0x801FFF90 f=0
[BLACKSCREEN][BOOT-IDLE-CALLER]   pc=0x800E3288 instr=0xAFB00010
[BLACKSCREEN][BOOT-IDLE-CALLER]   pc=0x800E328C instr=0x34100001
[BLACKSCREEN][BOOT-IDLE-CALLER]   pc=0x800E3290 instr=0x0C008678
[BLACKSCREEN][BOOT-IDLE-CALLER]   pc=0x800E3294 instr=0x00002021
[BLACKSCREEN][BOOT-IDLE-CALLER]   pc=0x800E3298 instr=0x1450FFFD
[BLACKSCREEN][BOOT-IDLE-CALLER]   pc=0x800E329C instr=0x00000000
[BLACKSCREEN][BOOT-IDLE-CALLER]   pc=0x800E32A0 instr=0x3C04800B
[BLACKSCREEN][BOOT-IDLE-CALLER]   pc=0x800E32A4 instr=0x2484107C
[BLACKSCREEN][BOOT-IDLE-CALLER]   pc=0x800E32A8 instr=0x3C06800C
[BLACKSCREEN][BOOT-IDLE] start=0x800219E0 step=2 pc=0x800219E4 instr=0xAFBF0010 v0=0xFFFFFFFF a0=0x00000000 ra=0x800E3298 sp=0x801FFF78 f=0
[BLACKSCREEN][BOOT-IDLE] start=0x800219E0 step=3 pc=0x800219E8 instr=0x00042400 v0=0xFFFFFFFF a0=0x00000000 ra=0x800E3298 sp=0x801FFF78 f=0
[BLACKSCREEN][BOOT-IDLE] start=0x800219E0 step=4 pc=0x800219EC instr=0x0C00AB2D v0=0xFFFFFFFF a0=0x00000000 ra=0x800E3298 sp=0x801FFF78 f=0
[BLACKSCREEN][STATE-309C-FN] #3 fn=0x8002ACB4 a0=0x00000000 v0=0xFFFFFFFF state=0x00000000 ra=0x800219F4 sp=0x801FFF78 f=0
[BLACKSCREEN][BOOT-UNBLOCK] #1 force 0x8002ACB4 -> v0=1 ra=0x800219F4 sp=0x801FFF78 f=0
[BLACKSCREEN][BOOT-IDLE] start=0x800219E0 step=5 pc=0x800219F4 instr=0x00021400 v0=0x00000001 a0=0x00000000 ra=0x800219F4 sp=0x801FFF78 f=0
[BLACKSCREEN][BOOT-IDLE] start=0x800219E0 step=6 pc=0x800219F8 instr=0x00021403 v0=0x00010000 a0=0x00000000 ra=0x800219F4 sp=0x801FFF78 f=0
[BLACKSCREEN][BOOT-IDLE] start=0x800219E0 step=7 pc=0x800219FC instr=0x8FBF0010 v0=0x00000001 a0=0x00000000 ra=0x800219F4 sp=0x801FFF78 f=0
[BLACKSCREEN][BOOT-IDLE] start=0x800219E0 step=8 pc=0x80021A00 instr=0x27BD0018 v0=0x00000001 a0=0x00000000 ra=0x800E3298 sp=0x801FFF78 f=0
[BLACKSCREEN][BOOT-IDLE] start=0x800219E0 step=9 pc=0x80021A04 instr=0x03E00008 v0=0x00000001 a0=0x00000000 ra=0x800E3298 sp=0x801FFF90 f=0
[BLACKSCREEN][INTERP] start=0x800219E0 end=0x80021A04 steps=9 reason=jr_ra target=0x800E3298 ra=0x800E3298 sp=0x801FFF90 f=0
[BLACKSCREEN][CALL] enter #5 addr=0x800219E0 kseg0=0x800219E0 ra=0x800E32E4 sp=0x801FFF90 f=0
[BLACKSCREEN][CALL] stage=before_overlay #5 addr=0x800219E0 ra=0x800E32E4 f=0
[BLACKSCREEN][CALL] stage=before_inbinary #5 addr=0x800219E0 ra=0x800E32E4 f=0
[BLACKSCREEN][CALL] route=interp #5 addr=0x800219E0 ra=0x800E32E4 f=0
[BLACKSCREEN][INTERP] enter start=0x800219E0 instr0=0x27BDFFE8 a0=0x00000000 ra=0x800E32E4 sp=0x801FFF90 f=0
[BLACKSCREEN][BOOT-IDLE] start=0x800219E0 step=1 pc=0x800219E0 instr=0x27BDFFE8 v0=0x00000000 a0=0x00000000 ra=0x800E32E4 sp=0x801FFF90 f=0
[BLACKSCREEN][BOOT-IDLE-CALLER] #2 ra=0x800E32E4 g309c=0x00000000 v0=0x00000000 a0=0x00000000 sp=0x801FFF90 f=0
[BLACKSCREEN][BOOT-IDLE-CALLER]   pc=0x800E32D4 instr=0x0440004D
[BLACKSCREEN][BOOT-IDLE-CALLER]   pc=0x800E32D8 instr=0x34100001
[BLACKSCREEN][BOOT-IDLE-CALLER]   pc=0x800E32DC instr=0x0C008678
[BLACKSCREEN][BOOT-IDLE-CALLER]   pc=0x800E32E0 instr=0x00002021
[BLACKSCREEN][BOOT-IDLE-CALLER]   pc=0x800E32E4 instr=0x1450FFFD
[BLACKSCREEN][BOOT-IDLE-CALLER]   pc=0x800E32E8 instr=0x00000000
[BLACKSCREEN][BOOT-IDLE-CALLER]   pc=0x800E32EC instr=0x0C008474
[BLACKSCREEN][BOOT-IDLE-CALLER]   pc=0x800E32F0 instr=0x34040001
[BLACKSCREEN][BOOT-IDLE-CALLER]   pc=0x800E32F4 instr=0x34100001
[BLACKSCREEN][BOOT-IDLE] start=0x800219E0 step=2 pc=0x800219E4 instr=0xAFBF0010 v0=0x00000000 a0=0x00000000 ra=0x800E32E4 sp=0x801FFF78 f=0
[BLACKSCREEN][BOOT-IDLE] start=0x800219E0 step=3 pc=0x800219E8 instr=0x00042400 v0=0x00000000 a0=0x00000000 ra=0x800E32E4 sp=0x801FFF78 f=0
[BLACKSCREEN][BOOT-IDLE] start=0x800219E0 step=4 pc=0x800219EC instr=0x0C00AB2D v0=0x00000000 a0=0x00000000 ra=0x800E32E4 sp=0x801FFF78 f=0
[BLACKSCREEN][STATE-309C-FN] #4 fn=0x8002ACB4 a0=0x00000000 v0=0x00000000 state=0x00000000 ra=0x800219F4 sp=0x801FFF78 f=0
[BLACKSCREEN][BOOT-UNBLOCK] #2 force 0x8002ACB4 -> v0=1 ra=0x800219F4 sp=0x801FFF78 f=0
[BLACKSCREEN][BOOT-IDLE] start=0x800219E0 step=5 pc=0x800219F4 instr=0x00021400 v0=0x00000001 a0=0x00000000 ra=0x800219F4 sp=0x801FFF78 f=0
[BLACKSCREEN][BOOT-IDLE] start=0x800219E0 step=6 pc=0x800219F8 instr=0x00021403 v0=0x00010000 a0=0x00000000 ra=0x800219F4 sp=0x801FFF78 f=0
[BLACKSCREEN][BOOT-IDLE] start=0x800219E0 step=7 pc=0x800219FC instr=0x8FBF0010 v0=0x00000001 a0=0x00000000 ra=0x800219F4 sp=0x801FFF78 f=0
[BLACKSCREEN][BOOT-IDLE] start=0x800219E0 step=8 pc=0x80021A00 instr=0x27BD0018 v0=0x00000001 a0=0x00000000 ra=0x800E32E4 sp=0x801FFF78 f=0
[BLACKSCREEN][BOOT-IDLE] start=0x800219E0 step=9 pc=0x80021A04 instr=0x03E00008 v0=0x00000001 a0=0x00000000 ra=0x800E32E4 sp=0x801FFF90 f=0
[BLACKSCREEN][INTERP] start=0x800219E0 end=0x80021A04 steps=9 reason=jr_ra target=0x800E32E4 ra=0x800E32E4 sp=0x801FFF90 f=0
[BLACKSCREEN][CALL] enter #6 addr=0x800219E0 kseg0=0x800219E0 ra=0x800E3300 sp=0x801FFF90 f=0
[BLACKSCREEN][CALL] stage=before_overlay #6 addr=0x800219E0 ra=0x800E3300 f=0
[BLACKSCREEN][CALL] stage=before_inbinary #6 addr=0x800219E0 ra=0x800E3300 f=0
[BLACKSCREEN][CALL] route=interp #6 addr=0x800219E0 ra=0x800E3300 f=0
[BLACKSCREEN][INTERP] enter start=0x800219E0 instr0=0x27BDFFE8 a0=0x00000000 ra=0x800E3300 sp=0x801FFF90 f=0
[BLACKSCREEN][BOOT-IDLE] start=0x800219E0 step=1 pc=0x800219E0 instr=0x27BDFFE8 v0=0x0000FFFE a0=0x00000000 ra=0x800E3300 sp=0x801FFF90 f=0
[BLACKSCREEN][BOOT-IDLE-CALLER] #3 ra=0x800E3300 g309c=0x00000000 v0=0x0000FFFE a0=0x00000000 sp=0x801FFF90 f=0
[BLACKSCREEN][BOOT-IDLE-CALLER]   pc=0x800E32F0 instr=0x34040001
[BLACKSCREEN][BOOT-IDLE-CALLER]   pc=0x800E32F4 instr=0x34100001
[BLACKSCREEN][BOOT-IDLE-CALLER]   pc=0x800E32F8 instr=0x0C008678
[BLACKSCREEN][BOOT-IDLE-CALLER]   pc=0x800E32FC instr=0x00002021
[BLACKSCREEN][BOOT-IDLE-CALLER]   pc=0x800E3300 instr=0x1450FFFD
[BLACKSCREEN][BOOT-IDLE-CALLER]   pc=0x800E3304 instr=0x00000000
[BLACKSCREEN][BOOT-IDLE-CALLER]   pc=0x800E3308 instr=0x3C04800B
[BLACKSCREEN][BOOT-IDLE-CALLER]   pc=0x800E330C instr=0x2484407C
[BLACKSCREEN][BOOT-IDLE-CALLER]   pc=0x800E3310 instr=0x3C06800C
[BLACKSCREEN][BOOT-IDLE] start=0x800219E0 step=2 pc=0x800219E4 instr=0xAFBF0010 v0=0x0000FFFE a0=0x00000000 ra=0x800E3300 sp=0x801FFF78 f=0
[BLACKSCREEN][BOOT-IDLE] start=0x800219E0 step=3 pc=0x800219E8 instr=0x00042400 v0=0x0000FFFE a0=0x00000000 ra=0x800E3300 sp=0x801FFF78 f=0
[BLACKSCREEN][BOOT-IDLE] start=0x800219E0 step=4 pc=0x800219EC instr=0x0C00AB2D v0=0x0000FFFE a0=0x00000000 ra=0x800E3300 sp=0x801FFF78 f=0
[BLACKSCREEN][STATE-309C-FN] #5 fn=0x8002ACB4 a0=0x00000000 v0=0x0000FFFE state=0x00000000 ra=0x800219F4 sp=0x801FFF78 f=0
[BLACKSCREEN][BOOT-UNBLOCK] #3 force 0x8002ACB4 -> v0=1 ra=0x800219F4 sp=0x801FFF78 f=0
[BLACKSCREEN][BOOT-IDLE] start=0x800219E0 step=5 pc=0x800219F4 instr=0x00021400 v0=0x00000001 a0=0x00000000 ra=0x800219F4 sp=0x801FFF78 f=0
[BLACKSCREEN][BOOT-IDLE] start=0x800219E0 step=6 pc=0x800219F8 instr=0x00021403 v0=0x00010000 a0=0x00000000 ra=0x800219F4 sp=0x801FFF78 f=0
[BLACKSCREEN][BOOT-IDLE] start=0x800219E0 step=7 pc=0x800219FC instr=0x8FBF0010 v0=0x00000001 a0=0x00000000 ra=0x800219F4 sp=0x801FFF78 f=0
[BLACKSCREEN][BOOT-IDLE] start=0x800219E0 step=8 pc=0x80021A00 instr=0x27BD0018 v0=0x00000001 a0=0x00000000 ra=0x800E3300 sp=0x801FFF78 f=0
[BLACKSCREEN][BOOT-IDLE] start=0x800219E0 step=9 pc=0x80021A04 instr=0x03E00008 v0=0x00000001 a0=0x00000000 ra=0x800E3300 sp=0x801FFF90 f=0
[BLACKSCREEN][INTERP] start=0x800219E0 end=0x80021A04 steps=9 reason=jr_ra target=0x800E3300 ra=0x800E3300 sp=0x801FFF90 f=0
[BLACKSCREEN][CALL] enter #7 addr=0x800219E0 kseg0=0x800219E0 ra=0x800E3348 sp=0x801FFF90 f=0
[BLACKSCREEN][CALL] stage=before_overlay #7 addr=0x800219E0 ra=0x800E3348 f=0
[BLACKSCREEN][CALL] stage=before_inbinary #7 addr=0x800219E0 ra=0x800E3348 f=0
[BLACKSCREEN][CALL] route=interp #7 addr=0x800219E0 ra=0x800E3348 f=0
[BLACKSCREEN][INTERP] enter start=0x800219E0 instr0=0x27BDFFE8 a0=0x00000000 ra=0x800E3348 sp=0x801FFF90 f=0
[BLACKSCREEN][BOOT-IDLE] start=0x800219E0 step=1 pc=0x800219E0 instr=0x27BDFFE8 v0=0x00000001 a0=0x00000000 ra=0x800E3348 sp=0x801FFF90 f=0
[BLACKSCREEN][BOOT-IDLE-CALLER] #4 ra=0x800E3348 g309c=0x00000000 v0=0x00000001 a0=0x00000000 sp=0x801FFF90 f=0
[BLACKSCREEN][BOOT-IDLE-CALLER]   pc=0x800E3338 instr=0x04400034
[BLACKSCREEN][BOOT-IDLE-CALLER]   pc=0x800E333C instr=0x34100001
[BLACKSCREEN][BOOT-IDLE-CALLER]   pc=0x800E3340 instr=0x0C008678
[BLACKSCREEN][BOOT-IDLE-CALLER]   pc=0x800E3344 instr=0x00002021
[BLACKSCREEN][BOOT-IDLE-CALLER]   pc=0x800E3348 instr=0x1450FFFD
[BLACKSCREEN][BOOT-IDLE-CALLER]   pc=0x800E334C instr=0x00000000
[BLACKSCREEN][BOOT-IDLE-CALLER]   pc=0x800E3350 instr=0x0C008474
[BLACKSCREEN][BOOT-IDLE-CALLER]   pc=0x800E3354 instr=0x34040002
[BLACKSCREEN][BOOT-IDLE-CALLER]   pc=0x800E3358 instr=0x34100001
[BLACKSCREEN][BOOT-IDLE] start=0x800219E0 step=2 pc=0x800219E4 instr=0xAFBF0010 v0=0x00000001 a0=0x00000000 ra=0x800E3348 sp=0x801FFF78 f=0
[BLACKSCREEN][BOOT-IDLE] start=0x800219E0 step=3 pc=0x800219E8 instr=0x00042400 v0=0x00000001 a0=0x00000000 ra=0x800E3348 sp=0x801FFF78 f=0
[BLACKSCREEN][BOOT-IDLE] start=0x800219E0 step=4 pc=0x800219EC instr=0x0C00AB2D v0=0x00000001 a0=0x00000000 ra=0x800E3348 sp=0x801FFF78 f=0
[BLACKSCREEN][STATE-309C-FN] #6 fn=0x8002ACB4 a0=0x00000000 v0=0x00000001 state=0x00000000 ra=0x800219F4 sp=0x801FFF78 f=0
[BLACKSCREEN][BOOT-UNBLOCK] #4 force 0x8002ACB4 -> v0=1 ra=0x800219F4 sp=0x801FFF78 f=0
[BLACKSCREEN][BOOT-IDLE] start=0x800219E0 step=5 pc=0x800219F4 instr=0x00021400 v0=0x00000001 a0=0x00000000 ra=0x800219F4 sp=0x801FFF78 f=0
[BLACKSCREEN][BOOT-IDLE] start=0x800219E0 step=6 pc=0x800219F8 instr=0x00021403 v0=0x00010000 a0=0x00000000 ra=0x800219F4 sp=0x801FFF78 f=0
[BLACKSCREEN][BOOT-IDLE] start=0x800219E0 step=7 pc=0x800219FC instr=0x8FBF0010 v0=0x00000001 a0=0x00000000 ra=0x800219F4 sp=0x801FFF78 f=0
[BLACKSCREEN][BOOT-IDLE] start=0x800219E0 step=8 pc=0x80021A00 instr=0x27BD0018 v0=0x00000001 a0=0x00000000 ra=0x800E3348 sp=0x801FFF78 f=0
[BLACKSCREEN][BOOT-IDLE] start=0x800219E0 step=9 pc=0x80021A04 instr=0x03E00008 v0=0x00000001 a0=0x00000000 ra=0x800E3348 sp=0x801FFF90 f=0
[BLACKSCREEN][INTERP] start=0x800219E0 end=0x80021A04 steps=9 reason=jr_ra target=0x800E3348 ra=0x800E3348 sp=0x801FFF90 f=0
[BLACKSCREEN][CALL] enter #8 addr=0x800219E0 kseg0=0x800219E0 ra=0x800E3364 sp=0x801FFF90 f=0
[BLACKSCREEN][CALL] stage=before_overlay #8 addr=0x800219E0 ra=0x800E3364 f=0
[BLACKSCREEN][CALL] stage=before_inbinary #8 addr=0x800219E0 ra=0x800E3364 f=0
[BLACKSCREEN][CALL] route=interp #8 addr=0x800219E0 ra=0x800E3364 f=0
[BLACKSCREEN][INTERP] enter start=0x800219E0 instr0=0x27BDFFE8 a0=0x00000000 ra=0x800E3364 sp=0x801FFF90 f=0
[BLACKSCREEN][BOOT-IDLE] start=0x800219E0 step=1 pc=0x800219E0 instr=0x27BDFFE8 v0=0x0000FFFD a0=0x00000000 ra=0x800E3364 sp=0x801FFF90 f=0
[BLACKSCREEN][BOOT-IDLE-CALLER] #5 ra=0x800E3364 g309c=0x00000000 v0=0x0000FFFD a0=0x00000000 sp=0x801FFF90 f=0
[BLACKSCREEN][BOOT-IDLE-CALLER]   pc=0x800E3354 instr=0x34040002
[BLACKSCREEN][BOOT-IDLE-CALLER]   pc=0x800E3358 instr=0x34100001
[BLACKSCREEN][BOOT-IDLE-CALLER]   pc=0x800E335C instr=0x0C008678
[BLACKSCREEN][BOOT-IDLE-CALLER]   pc=0x800E3360 instr=0x00002021
[BLACKSCREEN][BOOT-IDLE-CALLER]   pc=0x800E3364 instr=0x1450FFFD
[BLACKSCREEN][BOOT-IDLE-CALLER]   pc=0x800E3368 instr=0x00000000
[BLACKSCREEN][BOOT-IDLE-CALLER]   pc=0x800E336C instr=0x3C04800C
[BLACKSCREEN][BOOT-IDLE-CALLER]   pc=0x800E3370 instr=0x2484807C
[BLACKSCREEN][BOOT-IDLE-CALLER]   pc=0x800E3374 instr=0x3C06800C
[BLACKSCREEN][BOOT-IDLE] start=0x800219E0 step=2 pc=0x800219E4 instr=0xAFBF0010 v0=0x0000FFFD a0=0x00000000 ra=0x800E3364 sp=0x801FFF78 f=0
[BLACKSCREEN][BOOT-IDLE] start=0x800219E0 step=3 pc=0x800219E8 instr=0x00042400 v0=0x0000FFFD a0=0x00000000 ra=0x800E3364 sp=0x801FFF78 f=0
[BLACKSCREEN][BOOT-IDLE] start=0x800219E0 step=4 pc=0x800219EC instr=0x0C00AB2D v0=0x0000FFFD a0=0x00000000 ra=0x800E3364 sp=0x801FFF78 f=0
[BLACKSCREEN][STATE-309C-FN] #7 fn=0x8002ACB4 a0=0x00000000 v0=0x0000FFFD state=0x00000000 ra=0x800219F4 sp=0x801FFF78 f=0
[BLACKSCREEN][BOOT-UNBLOCK] #5 force 0x8002ACB4 -> v0=1 ra=0x800219F4 sp=0x801FFF78 f=0
[BLACKSCREEN][BOOT-IDLE] start=0x800219E0 step=5 pc=0x800219F4 instr=0x00021400 v0=0x00000001 a0=0x00000000 ra=0x800219F4 sp=0x801FFF78 f=0
[BLACKSCREEN][BOOT-IDLE] start=0x800219E0 step=6 pc=0x800219F8 instr=0x00021403 v0=0x00010000 a0=0x00000000 ra=0x800219F4 sp=0x801FFF78 f=0
[BLACKSCREEN][BOOT-IDLE] start=0x800219E0 step=7 pc=0x800219FC instr=0x8FBF0010 v0=0x00000001 a0=0x00000000 ra=0x800219F4 sp=0x801FFF78 f=0
[BLACKSCREEN][BOOT-IDLE] start=0x800219E0 step=8 pc=0x80021A00 instr=0x27BD0018 v0=0x00000001 a0=0x00000000 ra=0x800E3364 sp=0x801FFF78 f=0
[BLACKSCREEN][BOOT-IDLE] start=0x800219E0 step=9 pc=0x80021A04 instr=0x03E00008 v0=0x00000001 a0=0x00000000 ra=0x800E3364 sp=0x801FFF90 f=0
[BLACKSCREEN][INTERP] start=0x800219E0 end=0x80021A04 steps=9 reason=jr_ra target=0x800E3364 ra=0x800E3364 sp=0x801FFF90 f=0
[BLACKSCREEN][CALL] enter #9 addr=0x800219E0 kseg0=0x800219E0 ra=0x800E33AC sp=0x801FFF90 f=0
[BLACKSCREEN][CALL] stage=before_overlay #9 addr=0x800219E0 ra=0x800E33AC f=0
[BLACKSCREEN][CALL] stage=before_inbinary #9 addr=0x800219E0 ra=0x800E33AC f=0
[BLACKSCREEN][CALL] route=interp #9 addr=0x800219E0 ra=0x800E33AC f=0
[BLACKSCREEN][INTERP] enter start=0x800219E0 instr0=0x27BDFFE8 a0=0x00000000 ra=0x800E33AC sp=0x801FFF90 f=0
[BLACKSCREEN][BOOT-IDLE] start=0x800219E0 step=1 pc=0x800219E0 instr=0x27BDFFE8 v0=0x00000002 a0=0x00000000 ra=0x800E33AC sp=0x801FFF90 f=0
[BLACKSCREEN][BOOT-IDLE-CALLER] #6 ra=0x800E33AC g309c=0x00000000 v0=0x00000002 a0=0x00000000 sp=0x801FFF90 f=0
[BLACKSCREEN][BOOT-IDLE-CALLER]   pc=0x800E339C instr=0x0440001B
[BLACKSCREEN][BOOT-IDLE-CALLER]   pc=0x800E33A0 instr=0x34100001
[BLACKSCREEN][BOOT-IDLE-CALLER]   pc=0x800E33A4 instr=0x0C008678
[BLACKSCREEN][BOOT-IDLE-CALLER]   pc=0x800E33A8 instr=0x00002021
[BLACKSCREEN][BOOT-IDLE-CALLER]   pc=0x800E33AC instr=0x1450FFFD
[BLACKSCREEN][BOOT-IDLE-CALLER]   pc=0x800E33B0 instr=0x00000000
[BLACKSCREEN][BOOT-IDLE-CALLER]   pc=0x800E33B4 instr=0x0C008474
[BLACKSCREEN][BOOT-IDLE-CALLER]   pc=0x800E33B8 instr=0x34040003
[BLACKSCREEN][BOOT-IDLE-CALLER]   pc=0x800E33BC instr=0x34100001
[BLACKSCREEN][BOOT-IDLE] start=0x800219E0 step=2 pc=0x800219E4 instr=0xAFBF0010 v0=0x00000002 a0=0x00000000 ra=0x800E33AC sp=0x801FFF78 f=0
[BLACKSCREEN][BOOT-IDLE] start=0x800219E0 step=3 pc=0x800219E8 instr=0x00042400 v0=0x00000002 a0=0x00000000 ra=0x800E33AC sp=0x801FFF78 f=0
[BLACKSCREEN][BOOT-IDLE] start=0x800219E0 step=4 pc=0x800219EC instr=0x0C00AB2D v0=0x00000002 a0=0x00000000 ra=0x800E33AC sp=0x801FFF78 f=0
[BLACKSCREEN][STATE-309C-FN] #8 fn=0x8002ACB4 a0=0x00000000 v0=0x00000002 state=0x00000000 ra=0x800219F4 sp=0x801FFF78 f=0
[BLACKSCREEN][BOOT-UNBLOCK] #6 force 0x8002ACB4 -> v0=1 ra=0x800219F4 sp=0x801FFF78 f=0
[BLACKSCREEN][BOOT-IDLE] start=0x800219E0 step=5 pc=0x800219F4 instr=0x00021400 v0=0x00000001 a0=0x00000000 ra=0x800219F4 sp=0x801FFF78 f=0
[BLACKSCREEN][BOOT-IDLE] start=0x800219E0 step=6 pc=0x800219F8 instr=0x00021403 v0=0x00010000 a0=0x00000000 ra=0x800219F4 sp=0x801FFF78 f=0
[BLACKSCREEN][BOOT-IDLE] start=0x800219E0 step=7 pc=0x800219FC instr=0x8FBF0010 v0=0x00000001 a0=0x00000000 ra=0x800219F4 sp=0x801FFF78 f=0
[BLACKSCREEN][BOOT-IDLE] start=0x800219E0 step=8 pc=0x80021A00 instr=0x27BD0018 v0=0x00000001 a0=0x00000000 ra=0x800E33AC sp=0x801FFF78 f=0
[BLACKSCREEN][BOOT-IDLE] start=0x800219E0 step=9 pc=0x80021A04 instr=0x03E00008 v0=0x00000001 a0=0x00000000 ra=0x800E33AC sp=0x801FFF90 f=0
[BLACKSCREEN][INTERP] start=0x800219E0 end=0x80021A04 steps=9 reason=jr_ra target=0x800E33AC ra=0x800E33AC sp=0x801FFF90 f=0
[BLACKSCREEN][CALL] enter #10 addr=0x800219E0 kseg0=0x800219E0 ra=0x800E33C8 sp=0x801FFF90 f=0
[BLACKSCREEN][CALL] stage=before_overlay #10 addr=0x800219E0 ra=0x800E33C8 f=0
[BLACKSCREEN][CALL] stage=before_inbinary #10 addr=0x800219E0 ra=0x800E33C8 f=0
[BLACKSCREEN][CALL] route=interp #10 addr=0x800219E0 ra=0x800E33C8 f=0
[BLACKSCREEN][INTERP] enter start=0x800219E0 instr0=0x27BDFFE8 a0=0x00000000 ra=0x800E33C8 sp=0x801FFF90 f=0
[BLACKSCREEN][BOOT-IDLE] start=0x800219E0 step=1 pc=0x800219E0 instr=0x27BDFFE8 v0=0x0000FFFC a0=0x00000000 ra=0x800E33C8 sp=0x801FFF90 f=0
[BLACKSCREEN][BOOT-IDLE-CALLER] #7 ra=0x800E33C8 g309c=0x00000000 v0=0x0000FFFC a0=0x00000000 sp=0x801FFF90 f=0
[BLACKSCREEN][BOOT-IDLE-CALLER]   pc=0x800E33B8 instr=0x34040003
[BLACKSCREEN][BOOT-IDLE-CALLER]   pc=0x800E33BC instr=0x34100001
[BLACKSCREEN][BOOT-IDLE-CALLER]   pc=0x800E33C0 instr=0x0C008678
[BLACKSCREEN][BOOT-IDLE-CALLER]   pc=0x800E33C4 instr=0x00002021
[BLACKSCREEN][BOOT-IDLE-CALLER]   pc=0x800E33C8 instr=0x1450FFFD
[BLACKSCREEN][BOOT-IDLE-CALLER]   pc=0x800E33CC instr=0x00000000
[BLACKSCREEN][BOOT-IDLE-CALLER]   pc=0x800E33D0 instr=0x3C04800B
[BLACKSCREEN][BOOT-IDLE-CALLER]   pc=0x800E33D4 instr=0x2484607C
[BLACKSCREEN][BOOT-IDLE-CALLER]   pc=0x800E33D8 instr=0x3C06800C
[BLACKSCREEN][BOOT-IDLE] start=0x800219E0 step=2 pc=0x800219E4 instr=0xAFBF0010 v0=0x0000FFFC a0=0x00000000 ra=0x800E33C8 sp=0x801FFF78 f=0
[BLACKSCREEN][BOOT-IDLE] start=0x800219E0 step=3 pc=0x800219E8 instr=0x00042400 v0=0x0000FFFC a0=0x00000000 ra=0x800E33C8 sp=0x801FFF78 f=0
[BLACKSCREEN][BOOT-IDLE] start=0x800219E0 step=4 pc=0x800219EC instr=0x0C00AB2D v0=0x0000FFFC a0=0x00000000 ra=0x800E33C8 sp=0x801FFF78 f=0
[BLACKSCREEN][STATE-309C-FN] #9 fn=0x8002ACB4 a0=0x00000000 v0=0x0000FFFC state=0x00000000 ra=0x800219F4 sp=0x801FFF78 f=0
[BLACKSCREEN][BOOT-UNBLOCK] #7 force 0x8002ACB4 -> v0=1 ra=0x800219F4 sp=0x801FFF78 f=0
[BLACKSCREEN][BOOT-IDLE] start=0x800219E0 step=5 pc=0x800219F4 instr=0x00021400 v0=0x00000001 a0=0x00000000 ra=0x800219F4 sp=0x801FFF78 f=0
[BLACKSCREEN][BOOT-IDLE] start=0x800219E0 step=6 pc=0x800219F8 instr=0x00021403 v0=0x00010000 a0=0x00000000 ra=0x800219F4 sp=0x801FFF78 f=0
[BLACKSCREEN][BOOT-IDLE] start=0x800219E0 step=7 pc=0x800219FC instr=0x8FBF0010 v0=0x00000001 a0=0x00000000 ra=0x800219F4 sp=0x801FFF78 f=0
[BLACKSCREEN][BOOT-IDLE] start=0x800219E0 step=8 pc=0x80021A00 instr=0x27BD0018 v0=0x00000001 a0=0x00000000 ra=0x800E33C8 sp=0x801FFF78 f=0
[BLACKSCREEN][BOOT-IDLE] start=0x800219E0 step=9 pc=0x80021A04 instr=0x03E00008 v0=0x00000001 a0=0x00000000 ra=0x800E33C8 sp=0x801FFF90 f=0
[BLACKSCREEN][INTERP] start=0x800219E0 end=0x80021A04 steps=9 reason=jr_ra target=0x800E33C8 ra=0x800E33C8 sp=0x801FFF90 f=0
[BLACKSCREEN][CALL] enter #11 addr=0x800219E0 kseg0=0x800219E0 ra=0x800E341C sp=0x801FFF90 f=0
[BLACKSCREEN][CALL] stage=before_overlay #11 addr=0x800219E0 ra=0x800E341C f=0
[BLACKSCREEN][CALL] stage=before_inbinary #11 addr=0x800219E0 ra=0x800E341C f=0
[BLACKSCREEN][CALL] route=interp #11 addr=0x800219E0 ra=0x800E341C f=0
[BLACKSCREEN][INTERP] enter start=0x800219E0 instr0=0x27BDFFE8 a0=0x00000000 ra=0x800E341C sp=0x801FFF90 f=0
[BLACKSCREEN][BOOT-IDLE] start=0x800219E0 step=1 pc=0x800219E0 instr=0x27BDFFE8 v0=0x00000003 a0=0x00000000 ra=0x800E341C sp=0x801FFF90 f=0
[BLACKSCREEN][BOOT-IDLE-CALLER] #8 ra=0x800E341C g309c=0x00000000 v0=0x00000003 a0=0x00000000 sp=0x801FFF90 f=0
[BLACKSCREEN][BOOT-IDLE-CALLER]   pc=0x800E340C instr=0x08038D16
[BLACKSCREEN][BOOT-IDLE-CALLER]   pc=0x800E3410 instr=0x2402FFFF
[BLACKSCREEN][BOOT-IDLE-CALLER]   pc=0x800E3414 instr=0x0C008678
[BLACKSCREEN][BOOT-IDLE-CALLER]   pc=0x800E3418 instr=0x00002021
[BLACKSCREEN][BOOT-IDLE-CALLER]   pc=0x800E341C instr=0x1450FFFD
[BLACKSCREEN][BOOT-IDLE-CALLER]   pc=0x800E3420 instr=0x00000000
[BLACKSCREEN][BOOT-IDLE-CALLER]   pc=0x800E3424 instr=0x3C04800C
[BLACKSCREEN][BOOT-IDLE-CALLER]   pc=0x800E3428 instr=0x2484C37D
[BLACKSCREEN][BOOT-IDLE-CALLER]   pc=0x800E342C instr=0x0C04C7AF
[BLACKSCREEN][BOOT-IDLE] start=0x800219E0 step=2 pc=0x800219E4 instr=0xAFBF0010 v0=0x00000003 a0=0x00000000 ra=0x800E341C sp=0x801FFF78 f=0
[BLACKSCREEN][BOOT-IDLE] start=0x800219E0 step=3 pc=0x800219E8 instr=0x00042400 v0=0x00000003 a0=0x00000000 ra=0x800E341C sp=0x801FFF78 f=0
[BLACKSCREEN][BOOT-IDLE] start=0x800219E0 step=4 pc=0x800219EC instr=0x0C00AB2D v0=0x00000003 a0=0x00000000 ra=0x800E341C sp=0x801FFF78 f=0
[BLACKSCREEN][STATE-309C-FN] #10 fn=0x8002ACB4 a0=0x00000000 v0=0x00000003 state=0x00000000 ra=0x800219F4 sp=0x801FFF78 f=0
[BLACKSCREEN][BOOT-UNBLOCK] #8 force 0x8002ACB4 -> v0=1 ra=0x800219F4 sp=0x801FFF78 f=0
[BLACKSCREEN][BOOT-IDLE] start=0x800219E0 step=5 pc=0x800219F4 instr=0x00021400 v0=0x00000001 a0=0x00000000 ra=0x800219F4 sp=0x801FFF78 f=0
[BLACKSCREEN][BOOT-IDLE] start=0x800219E0 step=6 pc=0x800219F8 instr=0x00021403 v0=0x00010000 a0=0x00000000 ra=0x800219F4 sp=0x801FFF78 f=0
[BLACKSCREEN][BOOT-IDLE] start=0x800219E0 step=7 pc=0x800219FC instr=0x8FBF0010 v0=0x00000001 a0=0x00000000 ra=0x800219F4 sp=0x801FFF78 f=0
[BLACKSCREEN][BOOT-IDLE] start=0x800219E0 step=8 pc=0x80021A00 instr=0x27BD0018 v0=0x00000001 a0=0x00000000 ra=0x800E341C sp=0x801FFF78 f=0
[BLACKSCREEN][BOOT-IDLE] start=0x800219E0 step=9 pc=0x80021A04 instr=0x03E00008 v0=0x00000001 a0=0x00000000 ra=0x800E341C sp=0x801FFF90 f=0
[BLACKSCREEN][INTERP] start=0x800219E0 end=0x80021A04 steps=9 reason=jr_ra target=0x800E341C ra=0x800E341C sp=0x801FFF90 f=0
[BLACKSCREEN][GPU-EVENT] #6 kind=GP1 value=0x03000000 aux0=0x00000000 aux1=0x00000000 ra=0x800128F8 sp=0x801FFF90 f=0
[BLACKSCREEN][GPU-EVENT] chain 0x80014528 0x80014528 0x80012894 0x80012894 0x8001134C 0x8001134C 0x80011FF4 0x80011FF4 0x800120BC 0x800120BC
[BLACKSCREEN][MMIO] GP1 write #4 value=0x03000000 ra=0x800128F8 sp=0x801FFF90 f=0
[BLACKSCREEN][CALL] enter #12 addr=0x80015308 kseg0=0x80015308 ra=0x800E3DDC sp=0x801FFEB8 f=0
[BLACKSCREEN][GPU-EVENT] #7 kind=GP1 value=0x05000000 aux0=0x00000000 aux1=0x00000000 ra=0x800130A4 sp=0x801FFE90 f=0
[BLACKSCREEN][GPU-EVENT] chain 0x80014528 0x80014528 0x80012FE4 0x80012FE4 0x80014670 0x80014670 0x80013648 0x80013648 0x80012E8C 0x80012E8C
[BLACKSCREEN][MMIO] GP1 write #5 value=0x05000000 ra=0x800130A4 sp=0x801FFE90 f=0
[BLACKSCREEN][GPU-EVENT] #8 kind=GP1 value=0x08000000 aux0=0x00000000 aux1=0x00000000 ra=0x800133B0 sp=0x801FFE90 f=0
[BLACKSCREEN][GPU-EVENT] chain 0x80014528 0x80014528 0x80016054 0x80016054 0x80014528 0x80014528 0x80012FE4 0x80012FE4 0x80014670 0x80014670
[BLACKSCREEN][MMIO] GP1 write #6 value=0x08000000 ra=0x800133B0 sp=0x801FFE90 f=0
[BLACKSCREEN][BIOS-A0] #4 fn=0x2F a0=0x00000000 a1=0x0000007C a2=0x0000007C ra=0x800E4100 sp=0x801FFEB8 f=0
[BLACKSCREEN][CALL] enter #13 addr=0x80015308 kseg0=0x80015308 ra=0x800E3DDC sp=0x801FFE08 f=0
[BLACKSCREEN][GPU-EVENT] #9 kind=GP1 value=0x05000100 aux0=0x00000000 aux1=0x00000000 ra=0x800130A4 sp=0x801FFDE0 f=0
[BLACKSCREEN][GPU-EVENT] chain 0x80014528 0x80014528 0x80012FE4 0x80012FE4 0x80014670 0x80014670 0x80013648 0x80013648 0x80012E8C 0x80012E8C
[BLACKSCREEN][MMIO] GP1 write #7 value=0x05000100 ra=0x800130A4 sp=0x801FFDE0 f=0
[BLACKSCREEN][GPU-EVENT] #10 kind=GP1 value=0x08000000 aux0=0x00000000 aux1=0x00000000 ra=0x800133B0 sp=0x801FFDE0 f=0
[BLACKSCREEN][GPU-EVENT] chain 0x80014528 0x80014528 0x80016054 0x80016054 0x80014528 0x80014528 0x80012FE4 0x80012FE4 0x80014670 0x80014670
[BLACKSCREEN][MMIO] GP1 write #8 value=0x08000000 ra=0x800133B0 sp=0x801FFDE0 f=0
[BLACKSCREEN][BIOS-A0] #5 fn=0x2F a0=0x00000001 a1=0x0000007C a2=0x0000007C ra=0x800E4100 sp=0x801FFE08 f=0
[BLACKSCREEN][CALL] enter #14 addr=0x80015308 kseg0=0x80015308 ra=0x800E3DDC sp=0x801FFD58 f=0
[BLACKSCREEN][GPU-EVENT] #11 kind=GP1 value=0x05000000 aux0=0x00000000 aux1=0x00000000 ra=0x800130A4 sp=0x801FFD30 f=0
[BLACKSCREEN][GPU-EVENT] chain 0x80014528 0x80014528 0x80012FE4 0x80012FE4 0x80014670 0x80014670 0x80013648 0x80013648 0x80012E8C 0x80012E8C
[BLACKSCREEN][MMIO] GP1 write #9 value=0x05000000 ra=0x800130A4 sp=0x801FFD30 f=0
[BLACKSCREEN][GPU-EVENT] #12 kind=GP1 value=0x08000000 aux0=0x00000000 aux1=0x00000000 ra=0x800133B0 sp=0x801FFD30 f=0
[BLACKSCREEN][GPU-EVENT] chain 0x80014528 0x80014528 0x80016054 0x80016054 0x80014528 0x80014528 0x80012FE4 0x80012FE4 0x80014670 0x80014670
[BLACKSCREEN][MMIO] GP1 write #10 value=0x08000000 ra=0x800133B0 sp=0x801FFD30 f=0
[BLACKSCREEN][BIOS-A0] #6 fn=0x2F a0=0x00000002 a1=0x0000007C a2=0x0000007C ra=0x800E4100 sp=0x801FFD58 f=0
[BLACKSCREEN][CALL] enter #15 addr=0x80015308 kseg0=0x80015308 ra=0x800E3DDC sp=0x801FFCA8 f=0
[BLACKSCREEN][GPU-EVENT] #13 kind=GP1 value=0x05000100 aux0=0x00000000 aux1=0x00000000 ra=0x800130A4 sp=0x801FFC80 f=0
[BLACKSCREEN][GPU-EVENT] chain 0x80014528 0x80014528 0x80012FE4 0x80012FE4 0x80014670 0x80014670 0x80013648 0x80013648 0x80012E8C 0x80012E8C
[BLACKSCREEN][MMIO] GP1 write #11 value=0x05000100 ra=0x800130A4 sp=0x801FFC80 f=0
[BLACKSCREEN][GPU-EVENT] #14 kind=GP1 value=0x08000000 aux0=0x00000000 aux1=0x00000000 ra=0x800133B0 sp=0x801FFC80 f=0
[BLACKSCREEN][GPU-EVENT] chain 0x80014528 0x80014528 0x80016054 0x80016054 0x80014528 0x80014528 0x80012FE4 0x80012FE4 0x80014670 0x80014670
[BLACKSCREEN][MMIO] GP1 write #12 value=0x08000000 ra=0x800133B0 sp=0x801FFC80 f=0
[BLACKSCREEN][BIOS-A0] #7 fn=0x2F a0=0x00000003 a1=0x0000007C a2=0x0000007C ra=0x800E4100 sp=0x801FFCA8 f=0
[BLACKSCREEN][CALL] enter #16 addr=0x80015308 kseg0=0x80015308 ra=0x800E3DDC sp=0x801FFBF8 f=0
[BLACKSCREEN][GPU-EVENT] #15 kind=GP1 value=0x05000000 aux0=0x00000000 aux1=0x00000000 ra=0x800130A4 sp=0x801FFBD0 f=0
[BLACKSCREEN][GPU-EVENT] chain 0x80014528 0x80014528 0x80012FE4 0x80012FE4 0x80014670 0x80014670 0x80013648 0x80013648 0x80012E8C 0x80012E8C
[BLACKSCREEN][MMIO] GP1 write #13 value=0x05000000 ra=0x800130A4 sp=0x801FFBD0 f=0
[BLACKSCREEN][GPU-EVENT] #16 kind=GP1 value=0x08000000 aux0=0x00000000 aux1=0x00000000 ra=0x800133B0 sp=0x801FFBD0 f=0
[BLACKSCREEN][GPU-EVENT] chain 0x80014528 0x80014528 0x80016054 0x80016054 0x80014528 0x80014528 0x80012FE4 0x80012FE4 0x80014670 0x80014670
[BLACKSCREEN][MMIO] GP1 write #14 value=0x08000000 ra=0x800133B0 sp=0x801FFBD0 f=0
[BLACKSCREEN][BIOS-A0] #8 fn=0x2F a0=0x00000004 a1=0x0000007C a2=0x0000007C ra=0x800E4100 sp=0x801FFBF8 f=0
[BLACKSCREEN][CALL] enter #17 addr=0x80015308 kseg0=0x80015308 ra=0x800E3DDC sp=0x801FFB48 f=0
[BLACKSCREEN][GPU-EVENT] #17 kind=GP1 value=0x05000100 aux0=0x00000000 aux1=0x00000000 ra=0x800130A4 sp=0x801FFB20 f=0
[BLACKSCREEN][GPU-EVENT] chain 0x80014528 0x80014528 0x80012FE4 0x80012FE4 0x80014670 0x80014670 0x80013648 0x80013648 0x80012E8C 0x80012E8C
[BLACKSCREEN][MMIO] GP1 write #15 value=0x05000100 ra=0x800130A4 sp=0x801FFB20 f=0
[BLACKSCREEN][GPU-EVENT] #18 kind=GP1 value=0x08000000 aux0=0x00000000 aux1=0x00000000 ra=0x800133B0 sp=0x801FFB20 f=0
[BLACKSCREEN][GPU-EVENT] chain 0x80014528 0x80014528 0x80016054 0x80016054 0x80014528 0x80014528 0x80012FE4 0x80012FE4 0x80014670 0x80014670
[BLACKSCREEN][MMIO] GP1 write #16 value=0x08000000 ra=0x800133B0 sp=0x801FFB20 f=0
[BLACKSCREEN][BIOS-A0] #9 fn=0x2F a0=0x00000005 a1=0x0000007C a2=0x0000007C ra=0x800E4100 sp=0x801FFB48 f=0
[BLACKSCREEN][CALL] enter #18 addr=0x80015308 kseg0=0x80015308 ra=0x800E3DDC sp=0x801FFA98 f=0
[BLACKSCREEN][GPU-EVENT] #19 kind=GP1 value=0x05000000 aux0=0x00000000 aux1=0x00000000 ra=0x800130A4 sp=0x801FFA70 f=0
[BLACKSCREEN][GPU-EVENT] chain 0x80014528 0x80014528 0x80012FE4 0x80012FE4 0x80014670 0x80014670 0x80013648 0x80013648 0x80012E8C 0x80012E8C
[BLACKSCREEN][MMIO] GP1 write #17 value=0x05000000 ra=0x800130A4 sp=0x801FFA70 f=0
[BLACKSCREEN][GPU-EVENT] #20 kind=GP1 value=0x08000000 aux0=0x00000000 aux1=0x00000000 ra=0x800133B0 sp=0x801FFA70 f=0
[BLACKSCREEN][GPU-EVENT] chain 0x80014528 0x80014528 0x80016054 0x80016054 0x80014528 0x80014528 0x80012FE4 0x80012FE4 0x80014670 0x80014670
[BLACKSCREEN][MMIO] GP1 write #18 value=0x08000000 ra=0x800133B0 sp=0x801FFA70 f=0
[BLACKSCREEN][BIOS-A0] #10 fn=0x2F a0=0x00000006 a1=0x0000007C a2=0x0000007C ra=0x800E4100 sp=0x801FFA98 f=0
[BLACKSCREEN][CALL] enter #19 addr=0x80015308 kseg0=0x80015308 ra=0x800E3DDC sp=0x801FF9E8 f=0
[BLACKSCREEN][GPU-EVENT] #21 kind=GP1 value=0x05000100 aux0=0x00000000 aux1=0x00000000 ra=0x800130A4 sp=0x801FF9C0 f=0
[BLACKSCREEN][GPU-EVENT] chain 0x80014528 0x80014528 0x80012FE4 0x80012FE4 0x80014670 0x80014670 0x80013648 0x80013648 0x80012E8C 0x80012E8C
[BLACKSCREEN][MMIO] GP1 write #19 value=0x05000100 ra=0x800130A4 sp=0x801FF9C0 f=0
[BLACKSCREEN][GPU-EVENT] #22 kind=GP1 value=0x08000000 aux0=0x00000000 aux1=0x00000000 ra=0x800133B0 sp=0x801FF9C0 f=0
[BLACKSCREEN][GPU-EVENT] chain 0x80014528 0x80014528 0x80016054 0x80016054 0x80014528 0x80014528 0x80012FE4 0x80012FE4 0x80014670 0x80014670
[BLACKSCREEN][MMIO] GP1 write #20 value=0x08000000 ra=0x800133B0 sp=0x801FF9C0 f=0
[BLACKSCREEN][BIOS-A0] #11 fn=0x2F a0=0x00000007 a1=0x0000007C a2=0x0000007C ra=0x800E4100 sp=0x801FF9E8 f=0
[BLACKSCREEN][CALL] enter #20 addr=0x80015308 kseg0=0x80015308 ra=0x800E3DDC sp=0x801FF938 f=0
[BLACKSCREEN][GPU-EVENT] #23 kind=GP1 value=0x05000000 aux0=0x00000000 aux1=0x00000000 ra=0x800130A4 sp=0x801FF910 f=0
[BLACKSCREEN][GPU-EVENT] chain 0x80014528 0x80014528 0x80012FE4 0x80012FE4 0x80014670 0x80014670 0x80013648 0x80013648 0x80012E8C 0x80012E8C
[BLACKSCREEN][MMIO] GP1 write #21 value=0x05000000 ra=0x800130A4 sp=0x801FF910 f=0
[BLACKSCREEN][GPU-EVENT] #24 kind=GP1 value=0x08000000 aux0=0x00000000 aux1=0x00000000 ra=0x800133B0 sp=0x801FF910 f=0
[BLACKSCREEN][GPU-EVENT] chain 0x80014528 0x80014528 0x80016054 0x80016054 0x80014528 0x80014528 0x80012FE4 0x80012FE4 0x80014670 0x80014670
[BLACKSCREEN][MMIO] GP1 write #22 value=0x08000000 ra=0x800133B0 sp=0x801FF910 f=0
[BLACKSCREEN][BIOS-A0] #12 fn=0x2F a0=0x00000008 a1=0x0000007C a2=0x0000007C ra=0x800E4100 sp=0x801FF938 f=0
[BLACKSCREEN][CALL] enter #21 addr=0x80015308 kseg0=0x80015308 ra=0x800E3DDC sp=0x801FF888 f=0
[BLACKSCREEN][GPU-EVENT] #25 kind=GP1 value=0x05000100 aux0=0x00000000 aux1=0x00000000 ra=0x800130A4 sp=0x801FF860 f=0
[BLACKSCREEN][GPU-EVENT] chain 0x80014528 0x80014528 0x80012FE4 0x80012FE4 0x80014670 0x80014670 0x80013648 0x80013648 0x80012E8C 0x80012E8C
[BLACKSCREEN][MMIO] GP1 write #23 value=0x05000100 ra=0x800130A4 sp=0x801FF860 f=0
[BLACKSCREEN][GPU-EVENT] #26 kind=GP1 value=0x08000000 aux0=0x00000000 aux1=0x00000000 ra=0x800133B0 sp=0x801FF860 f=0
[BLACKSCREEN][GPU-EVENT] chain 0x80014528 0x80014528 0x80016054 0x80016054 0x80014528 0x80014528 0x80012FE4 0x80012FE4 0x80014670 0x80014670
[BLACKSCREEN][MMIO] GP1 write #24 value=0x08000000 ra=0x800133B0 sp=0x801FF860 f=0
[BLACKSCREEN][BIOS-A0] #13 fn=0x2F a0=0x00000009 a1=0x0000007C a2=0x0000007C ra=0x800E4100 sp=0x801FF888 f=0
[BLACKSCREEN][CALL] enter #22 addr=0x80015308 kseg0=0x80015308 ra=0x800E3DDC sp=0x801FF7D8 f=0
[BLACKSCREEN][GPU-EVENT] #27 kind=GP1 value=0x05000000 aux0=0x00000000 aux1=0x00000000 ra=0x800130A4 sp=0x801FF7B0 f=0
[BLACKSCREEN][GPU-EVENT] chain 0x80014528 0x80014528 0x80012FE4 0x80012FE4 0x80014670 0x80014670 0x80013648 0x80013648 0x80012E8C 0x80012E8C
[BLACKSCREEN][MMIO] GP1 write #25 value=0x05000000 ra=0x800130A4 sp=0x801FF7B0 f=0
[BLACKSCREEN][GPU-EVENT] #28 kind=GP1 value=0x08000000 aux0=0x00000000 aux1=0x00000000 ra=0x800133B0 sp=0x801FF7B0 f=0
[BLACKSCREEN][GPU-EVENT] chain 0x80014528 0x80014528 0x80016054 0x80016054 0x80014528 0x80014528 0x80012FE4 0x80012FE4 0x80014670 0x80014670
[BLACKSCREEN][MMIO] GP1 write #26 value=0x08000000 ra=0x800133B0 sp=0x801FF7B0 f=0
[BLACKSCREEN][BIOS-A0] #14 fn=0x2F a0=0x0000000A a1=0x0000007C a2=0x0000007C ra=0x800E4100 sp=0x801FF7D8 f=0
[BLACKSCREEN][CALL] enter #23 addr=0x80015308 kseg0=0x80015308 ra=0x800E3DDC sp=0x801FF728 f=0
[BLACKSCREEN][GPU-EVENT] #29 kind=GP1 value=0x05000100 aux0=0x00000000 aux1=0x00000000 ra=0x800130A4 sp=0x801FF700 f=0
[BLACKSCREEN][GPU-EVENT] chain 0x80014528 0x80014528 0x80012FE4 0x80012FE4 0x80014670 0x80014670 0x80013648 0x80013648 0x80012E8C 0x80012E8C
[BLACKSCREEN][MMIO] GP1 write #27 value=0x05000100 ra=0x800130A4 sp=0x801FF700 f=0
[BLACKSCREEN][GPU-EVENT] #30 kind=GP1 value=0x08000000 aux0=0x00000000 aux1=0x00000000 ra=0x800133B0 sp=0x801FF700 f=0
[BLACKSCREEN][GPU-EVENT] chain 0x80014528 0x80014528 0x80016054 0x80016054 0x80014528 0x80014528 0x80012FE4 0x80012FE4 0x80014670 0x80014670
[BLACKSCREEN][MMIO] GP1 write #28 value=0x08000000 ra=0x800133B0 sp=0x801FF700 f=0
[BLACKSCREEN][BIOS-A0] #15 fn=0x2F a0=0x0000000B a1=0x0000007C a2=0x0000007C ra=0x800E4100 sp=0x801FF728 f=0
[BLACKSCREEN][CALL] enter #24 addr=0x80015308 kseg0=0x80015308 ra=0x800E3DDC sp=0x801FF678 f=0
[BLACKSCREEN][GPU-EVENT] #31 kind=GP1 value=0x05000000 aux0=0x00000000 aux1=0x00000000 ra=0x800130A4 sp=0x801FF650 f=0
[BLACKSCREEN][GPU-EVENT] chain 0x80014528 0x80014528 0x80012FE4 0x80012FE4 0x80014670 0x80014670 0x80013648 0x80013648 0x80012E8C 0x80012E8C
[BLACKSCREEN][MMIO] GP1 write #29 value=0x05000000 ra=0x800130A4 sp=0x801FF650 f=0
[BLACKSCREEN][GPU-EVENT] #32 kind=GP1 value=0x08000000 aux0=0x00000000 aux1=0x00000000 ra=0x800133B0 sp=0x801FF650 f=0
[BLACKSCREEN][GPU-EVENT] chain 0x80014528 0x80014528 0x80016054 0x80016054 0x80014528 0x80014528 0x80012FE4 0x80012FE4 0x80014670 0x80014670
[BLACKSCREEN][MMIO] GP1 write #30 value=0x08000000 ra=0x800133B0 sp=0x801FF650 f=0
[BLACKSCREEN][BIOS-A0] #16 fn=0x2F a0=0x0000000C a1=0x0000007C a2=0x0000007C ra=0x800E4100 sp=0x801FF678 f=0
[BLACKSCREEN][CALL] enter #25 addr=0x80015308 kseg0=0x80015308 ra=0x800E3DDC sp=0x801FF5C8 f=0
[BLACKSCREEN][GPU-EVENT] #33 kind=GP1 value=0x05000100 aux0=0x00000000 aux1=0x00000000 ra=0x800130A4 sp=0x801FF5A0 f=0
[BLACKSCREEN][GPU-EVENT] chain 0x80014528 0x80014528 0x80012FE4 0x80012FE4 0x80014670 0x80014670 0x80013648 0x80013648 0x80012E8C 0x80012E8C
[BLACKSCREEN][GPU-EVENT] #34 kind=GP1 value=0x08000000 aux0=0x00000000 aux1=0x00000000 ra=0x800133B0 sp=0x801FF5A0 f=0
[BLACKSCREEN][GPU-EVENT] chain 0x80014528 0x80014528 0x80016054 0x80016054 0x80014528 0x80014528 0x80012FE4 0x80012FE4 0x80014670 0x80014670
[BLACKSCREEN][BIOS-A0] #17 fn=0x2F a0=0x0000000D a1=0x0000007C a2=0x0000007C ra=0x800E4100 sp=0x801FF5C8 f=0
[BLACKSCREEN][CALL] enter #26 addr=0x80015308 kseg0=0x80015308 ra=0x800E3DDC sp=0x801FF518 f=0
[BLACKSCREEN][GPU-EVENT] #35 kind=GP1 value=0x05000000 aux0=0x00000000 aux1=0x00000000 ra=0x800130A4 sp=0x801FF4F0 f=0
[BLACKSCREEN][GPU-EVENT] chain 0x80014528 0x80014528 0x80012FE4 0x80012FE4 0x80014670 0x80014670 0x80013648 0x80013648 0x80012E8C 0x80012E8C
[BLACKSCREEN][GPU-EVENT] #36 kind=GP1 value=0x08000000 aux0=0x00000000 aux1=0x00000000 ra=0x800133B0 sp=0x801FF4F0 f=0
[BLACKSCREEN][GPU-EVENT] chain 0x80014528 0x80014528 0x80016054 0x80016054 0x80014528 0x80014528 0x80012FE4 0x80012FE4 0x80014670 0x80014670
[BLACKSCREEN][BIOS-A0] #18 fn=0x2F a0=0x0000000E a1=0x0000007C a2=0x0000007C ra=0x800E4100 sp=0x801FF518 f=0
[BLACKSCREEN][CALL] enter #27 addr=0x80015308 kseg0=0x80015308 ra=0x800E3DDC sp=0x801FF468 f=0
[BLACKSCREEN][GPU-EVENT] #37 kind=GP1 value=0x05000100 aux0=0x00000000 aux1=0x00000000 ra=0x800130A4 sp=0x801FF440 f=0
[BLACKSCREEN][GPU-EVENT] chain 0x80014528 0x80014528 0x80012FE4 0x80012FE4 0x80014670 0x80014670 0x80013648 0x80013648 0x80012E8C 0x80012E8C
[BLACKSCREEN][GPU-EVENT] #38 kind=GP1 value=0x08000000 aux0=0x00000000 aux1=0x00000000 ra=0x800133B0 sp=0x801FF440 f=0
[BLACKSCREEN][GPU-EVENT] chain 0x80014528 0x80014528 0x80016054 0x80016054 0x80014528 0x80014528 0x80012FE4 0x80012FE4 0x80014670 0x80014670
[BLACKSCREEN][BIOS-A0] #19 fn=0x2F a0=0x0000000F a1=0x0000007C a2=0x0000007C ra=0x800E4100 sp=0x801FF468 f=0
[BLACKSCREEN][CALL] enter #28 addr=0x80015308 kseg0=0x80015308 ra=0x800E3DDC sp=0x801FF3B8 f=0
[BLACKSCREEN][GPU-EVENT] #39 kind=GP1 value=0x05000000 aux0=0x00000000 aux1=0x00000000 ra=0x800130A4 sp=0x801FF390 f=0
[BLACKSCREEN][GPU-EVENT] chain 0x80014528 0x80014528 0x80012FE4 0x80012FE4 0x80014670 0x80014670 0x80013648 0x80013648 0x80012E8C 0x80012E8C
[BLACKSCREEN][GPU-EVENT] #40 kind=GP1 value=0x08000000 aux0=0x00000000 aux1=0x00000000 ra=0x800133B0 sp=0x801FF390 f=0
[BLACKSCREEN][GPU-EVENT] chain 0x80014528 0x80014528 0x80016054 0x80016054 0x80014528 0x80014528 0x80012FE4 0x80012FE4 0x80014670 0x80014670
[BLACKSCREEN][BIOS-A0] #20 fn=0x2F a0=0x00000010 a1=0x0000007C a2=0x0000007C ra=0x800E4100 sp=0x801FF3B8 f=0
[BLACKSCREEN][CALL] enter #29 addr=0x80015308 kseg0=0x80015308 ra=0x800E3DDC sp=0x801FF308 f=0
[BLACKSCREEN][GPU-EVENT] #41 kind=GP1 value=0x05000100 aux0=0x00000000 aux1=0x00000000 ra=0x800130A4 sp=0x801FF2E0 f=0
[BLACKSCREEN][GPU-EVENT] chain 0x80014528 0x80014528 0x80012FE4 0x80012FE4 0x80014670 0x80014670 0x80013648 0x80013648 0x80012E8C 0x80012E8C
[BLACKSCREEN][GPU-EVENT] #42 kind=GP1 value=0x08000000 aux0=0x00000000 aux1=0x00000000 ra=0x800133B0 sp=0x801FF2E0 f=0
[BLACKSCREEN][GPU-EVENT] chain 0x80014528 0x80014528 0x80016054 0x80016054 0x80014528 0x80014528 0x80012FE4 0x80012FE4 0x80014670 0x80014670
[BLACKSCREEN][BIOS-A0] #21 fn=0x2F a0=0x00000011 a1=0x0000007C a2=0x0000007C ra=0x800E4100 sp=0x801FF308 f=0
[BLACKSCREEN][CALL] enter #30 addr=0x80015308 kseg0=0x80015308 ra=0x800E3DDC sp=0x801FF258 f=0
[BLACKSCREEN][GPU-EVENT] #43 kind=GP1 value=0x05000000 aux0=0x00000000 aux1=0x00000000 ra=0x800130A4 sp=0x801FF230 f=0
[BLACKSCREEN][GPU-EVENT] chain 0x80014528 0x80014528 0x80012FE4 0x80012FE4 0x80014670 0x80014670 0x80013648 0x80013648 0x80012E8C 0x80012E8C
[BLACKSCREEN][GPU-EVENT] #44 kind=GP1 value=0x08000000 aux0=0x00000000 aux1=0x00000000 ra=0x800133B0 sp=0x801FF230 f=0
[BLACKSCREEN][GPU-EVENT] chain 0x80014528 0x80014528 0x80016054 0x80016054 0x80014528 0x80014528 0x80012FE4 0x80012FE4 0x80014670 0x80014670
[BLACKSCREEN][BIOS-A0] #22 fn=0x2F a0=0x00000012 a1=0x0000007C a2=0x0000007C ra=0x800E4100 sp=0x801FF258 f=0
[BLACKSCREEN][CALL] enter #31 addr=0x80015308 kseg0=0x80015308 ra=0x800E3DDC sp=0x801FF1A8 f=0
[BLACKSCREEN][GPU-EVENT] #45 kind=GP1 value=0x05000100 aux0=0x00000000 aux1=0x00000000 ra=0x800130A4 sp=0x801FF180 f=0
[BLACKSCREEN][GPU-EVENT] chain 0x80014528 0x80014528 0x80012FE4 0x80012FE4 0x80014670 0x80014670 0x80013648 0x80013648 0x80012E8C 0x80012E8C
[BLACKSCREEN][GPU-EVENT] #46 kind=GP1 value=0x08000000 aux0=0x00000000 aux1=0x00000000 ra=0x800133B0 sp=0x801FF180 f=0
[BLACKSCREEN][GPU-EVENT] chain 0x80014528 0x80014528 0x80016054 0x80016054 0x80014528 0x80014528 0x80012FE4 0x80012FE4 0x80014670 0x80014670
[BLACKSCREEN][BIOS-A0] #23 fn=0x2F a0=0x00000013 a1=0x0000007C a2=0x0000007C ra=0x800E4100 sp=0x801FF1A8 f=0
[BLACKSCREEN][CALL] enter #32 addr=0x80015308 kseg0=0x80015308 ra=0x800E3DDC sp=0x801FF0F8 f=0
[BLACKSCREEN][GPU-EVENT] #47 kind=GP1 value=0x05000000 aux0=0x00000000 aux1=0x00000000 ra=0x800130A4 sp=0x801FF0D0 f=0
[BLACKSCREEN][GPU-EVENT] chain 0x80014528 0x80014528 0x80012FE4 0x80012FE4 0x80014670 0x80014670 0x80013648 0x80013648 0x80012E8C 0x80012E8C
[BLACKSCREEN][GPU-EVENT] #48 kind=GP1 value=0x08000000 aux0=0x00000000 aux1=0x00000000 ra=0x800133B0 sp=0x801FF0D0 f=0
[BLACKSCREEN][GPU-EVENT] chain 0x80014528 0x80014528 0x80016054 0x80016054 0x80014528 0x80014528 0x80012FE4 0x80012FE4 0x80014670 0x80014670
[BLACKSCREEN][BIOS-A0] #24 fn=0x2F a0=0x00000014 a1=0x0000007C a2=0x0000007C ra=0x800E4100 sp=0x801FF0F8 f=0
[BLACKSCREEN][CALL] enter #33 addr=0x80015308 kseg0=0x80015308 ra=0x800E3DDC sp=0x801FF048 f=0
[BLACKSCREEN][GPU-EVENT] #49 kind=GP1 value=0x05000100 aux0=0x00000000 aux1=0x00000000 ra=0x800130A4 sp=0x801FF020 f=0
[BLACKSCREEN][GPU-EVENT] chain 0x80014528 0x80014528 0x80012FE4 0x80012FE4 0x80014670 0x80014670 0x80013648 0x80013648 0x80012E8C 0x80012E8C
[BLACKSCREEN][GPU-EVENT] #50 kind=GP1 value=0x08000000 aux0=0x00000000 aux1=0x00000000 ra=0x800133B0 sp=0x801FF020 f=0
[BLACKSCREEN][GPU-EVENT] chain 0x80014528 0x80014528 0x80016054 0x80016054 0x80014528 0x80014528 0x80012FE4 0x80012FE4 0x80014670 0x80014670
[BLACKSCREEN][BIOS-A0] #25 fn=0x2F a0=0x00000015 a1=0x0000007C a2=0x0000007C ra=0x800E4100 sp=0x801FF048 f=0
[BLACKSCREEN][CALL] enter #34 addr=0x80015308 kseg0=0x80015308 ra=0x800E3DDC sp=0x801FEF98 f=0
[BLACKSCREEN][GPU-EVENT] #51 kind=GP1 value=0x05000000 aux0=0x00000000 aux1=0x00000000 ra=0x800130A4 sp=0x801FEF70 f=0
[BLACKSCREEN][GPU-EVENT] chain 0x80014528 0x80014528 0x80012FE4 0x80012FE4 0x80014670 0x80014670 0x80013648 0x80013648 0x80012E8C 0x80012E8C
[BLACKSCREEN][GPU-EVENT] #52 kind=GP1 value=0x08000000 aux0=0x00000000 aux1=0x00000000 ra=0x800133B0 sp=0x801FEF70 f=0
[BLACKSCREEN][GPU-EVENT] chain 0x80014528 0x80014528 0x80016054 0x80016054 0x80014528 0x80014528 0x80012FE4 0x80012FE4 0x80014670 0x80014670
[BLACKSCREEN][BIOS-A0] #26 fn=0x2F a0=0x00000016 a1=0x0000007C a2=0x0000007C ra=0x800E4100 sp=0x801FEF98 f=0
[BLACKSCREEN][CALL] enter #35 addr=0x80015308 kseg0=0x80015308 ra=0x800E3DDC sp=0x801FEEE8 f=0
[BLACKSCREEN][GPU-EVENT] #53 kind=GP1 value=0x05000100 aux0=0x00000000 aux1=0x00000000 ra=0x800130A4 sp=0x801FEEC0 f=0
[BLACKSCREEN][GPU-EVENT] chain 0x80014528 0x80014528 0x80012FE4 0x80012FE4 0x80014670 0x80014670 0x80013648 0x80013648 0x80012E8C 0x80012E8C
[BLACKSCREEN][GPU-EVENT] #54 kind=GP1 value=0x08000000 aux0=0x00000000 aux1=0x00000000 ra=0x800133B0 sp=0x801FEEC0 f=0
[BLACKSCREEN][GPU-EVENT] chain 0x80014528 0x80014528 0x80016054 0x80016054 0x80014528 0x80014528 0x80012FE4 0x80012FE4 0x80014670 0x80014670
[BLACKSCREEN][BIOS-A0] #27 fn=0x2F a0=0x00000017 a1=0x0000007C a2=0x0000007C ra=0x800E4100 sp=0x801FEEE8 f=0
[BLACKSCREEN][CALL] enter #36 addr=0x80015308 kseg0=0x80015308 ra=0x800E3DDC sp=0x801FEE38 f=0
[BLACKSCREEN][GPU-EVENT] #55 kind=GP1 value=0x05000000 aux0=0x00000000 aux1=0x00000000 ra=0x800130A4 sp=0x801FEE10 f=0
[BLACKSCREEN][GPU-EVENT] chain 0x80014528 0x80014528 0x80012FE4 0x80012FE4 0x80014670 0x80014670 0x80013648 0x80013648 0x80012E8C 0x80012E8C
[BLACKSCREEN][GPU-EVENT] #56 kind=GP1 value=0x08000000 aux0=0x00000000 aux1=0x00000000 ra=0x800133B0 sp=0x801FEE10 f=0
[BLACKSCREEN][GPU-EVENT] chain 0x80014528 0x80014528 0x80016054 0x80016054 0x80014528 0x80014528 0x80012FE4 0x80012FE4 0x80014670 0x80014670
[BLACKSCREEN][BIOS-A0] #28 fn=0x2F a0=0x00000018 a1=0x0000007C a2=0x0000007C ra=0x800E4100 sp=0x801FEE38 f=0
[BLACKSCREEN][CALL] enter #37 addr=0x80015308 kseg0=0x80015308 ra=0x800E3DDC sp=0x801FED88 f=0
[BLACKSCREEN][GPU-EVENT] #57 kind=GP1 value=0x05000100 aux0=0x00000000 aux1=0x00000000 ra=0x800130A4 sp=0x801FED60 f=0
[BLACKSCREEN][GPU-EVENT] chain 0x80014528 0x80014528 0x80012FE4 0x80012FE4 0x80014670 0x80014670 0x80013648 0x80013648 0x80012E8C 0x80012E8C
[BLACKSCREEN][GPU-EVENT] #58 kind=GP1 value=0x08000000 aux0=0x00000000 aux1=0x00000000 ra=0x800133B0 sp=0x801FED60 f=0
[BLACKSCREEN][GPU-EVENT] chain 0x80014528 0x80014528 0x80016054 0x80016054 0x80014528 0x80014528 0x80012FE4 0x80012FE4 0x80014670 0x80014670
[BLACKSCREEN][BIOS-A0] #29 fn=0x2F a0=0x00000019 a1=0x0000007C a2=0x0000007C ra=0x800E4100 sp=0x801FED88 f=0
[BLACKSCREEN][CALL] enter #38 addr=0x80015308 kseg0=0x80015308 ra=0x800E3DDC sp=0x801FECD8 f=0
[BLACKSCREEN][GPU-EVENT] #59 kind=GP1 value=0x05000000 aux0=0x00000000 aux1=0x00000000 ra=0x800130A4 sp=0x801FECB0 f=0
[BLACKSCREEN][GPU-EVENT] chain 0x80014528 0x80014528 0x80012FE4 0x80012FE4 0x80014670 0x80014670 0x80013648 0x80013648 0x80012E8C 0x80012E8C
[BLACKSCREEN][GPU-EVENT] #60 kind=GP1 value=0x08000000 aux0=0x00000000 aux1=0x00000000 ra=0x800133B0 sp=0x801FECB0 f=0
[BLACKSCREEN][GPU-EVENT] chain 0x80014528 0x80014528 0x80016054 0x80016054 0x80014528 0x80014528 0x80012FE4 0x80012FE4 0x80014670 0x80014670
[BLACKSCREEN][BIOS-A0] #30 fn=0x2F a0=0x0000001A a1=0x0000007C a2=0x0000007C ra=0x800E4100 sp=0x801FECD8 f=0
[BLACKSCREEN][CALL] enter #39 addr=0x80015308 kseg0=0x80015308 ra=0x800E3DDC sp=0x801FEC28 f=0
[BLACKSCREEN][GPU-EVENT] #61 kind=GP1 value=0x05000100 aux0=0x00000000 aux1=0x00000000 ra=0x800130A4 sp=0x801FEC00 f=0
[BLACKSCREEN][GPU-EVENT] chain 0x80014528 0x80014528 0x80012FE4 0x80012FE4 0x80014670 0x80014670 0x80013648 0x80013648 0x80012E8C 0x80012E8C
[BLACKSCREEN][GPU-EVENT] #62 kind=GP1 value=0x08000000 aux0=0x00000000 aux1=0x00000000 ra=0x800133B0 sp=0x801FEC00 f=0
[BLACKSCREEN][GPU-EVENT] chain 0x80014528 0x80014528 0x80016054 0x80016054 0x80014528 0x80014528 0x80012FE4 0x80012FE4 0x80014670 0x80014670
[BLACKSCREEN][BIOS-A0] #31 fn=0x2F a0=0x0000001B a1=0x0000007C a2=0x0000007C ra=0x800E4100 sp=0x801FEC28 f=0
[BLACKSCREEN][CALL] enter #40 addr=0x80015308 kseg0=0x80015308 ra=0x800E3DDC sp=0x801FEB78 f=0
[BLACKSCREEN][GPU-EVENT] #63 kind=GP1 value=0x05000000 aux0=0x00000000 aux1=0x00000000 ra=0x800130A4 sp=0x801FEB50 f=0
[BLACKSCREEN][GPU-EVENT] chain 0x80014528 0x80014528 0x80012FE4 0x80012FE4 0x80014670 0x80014670 0x80013648 0x80013648 0x80012E8C 0x80012E8C
[BLACKSCREEN][GPU-EVENT] #64 kind=GP1 value=0x08000000 aux0=0x00000000 aux1=0x00000000 ra=0x800133B0 sp=0x801FEB50 f=0
[BLACKSCREEN][GPU-EVENT] chain 0x80014528 0x80014528 0x80016054 0x80016054 0x80014528 0x80014528 0x80012FE4 0x80012FE4 0x80014670 0x80014670
[BLACKSCREEN][BIOS-A0] #32 fn=0x2F a0=0x0000001C a1=0x0000007C a2=0x0000007C ra=0x800E4100 sp=0x801FEB78 f=0
[BLACKSCREEN][CALL] enter #41 addr=0x80015308 kseg0=0x80015308 ra=0x800E3DDC sp=0x801FEAC8 f=0
[BLACKSCREEN][GPU-EVENT] #65 kind=GP1 value=0x05000100 aux0=0x00000000 aux1=0x00000000 ra=0x800130A4 sp=0x801FEAA0 f=0
[BLACKSCREEN][GPU-EVENT] chain 0x80014528 0x80014528 0x80012FE4 0x80012FE4 0x80014670 0x80014670 0x80013648 0x80013648 0x80012E8C 0x80012E8C
[BLACKSCREEN][GPU-EVENT] #66 kind=GP1 value=0x08000000 aux0=0x00000000 aux1=0x00000000 ra=0x800133B0 sp=0x801FEAA0 f=0
[BLACKSCREEN][GPU-EVENT] chain 0x80014528 0x80014528 0x80016054 0x80016054 0x80014528 0x80014528 0x80012FE4 0x80012FE4 0x80014670 0x80014670
[BLACKSCREEN][BIOS-A0] #33 fn=0x2F a0=0x0000001D a1=0x0000007C a2=0x0000007C ra=0x800E4100 sp=0x801FEAC8 f=0
[BLACKSCREEN][CALL] enter #42 addr=0x80015308 kseg0=0x80015308 ra=0x800E3DDC sp=0x801FEA18 f=0
[BLACKSCREEN][GPU-EVENT] #67 kind=GP1 value=0x05000000 aux0=0x00000000 aux1=0x00000000 ra=0x800130A4 sp=0x801FE9F0 f=0
[BLACKSCREEN][GPU-EVENT] chain 0x80014528 0x80014528 0x80012FE4 0x80012FE4 0x80014670 0x80014670 0x80013648 0x80013648 0x80012E8C 0x80012E8C
[BLACKSCREEN][GPU-EVENT] #68 kind=GP1 value=0x08000000 aux0=0x00000000 aux1=0x00000000 ra=0x800133B0 sp=0x801FE9F0 f=0
[BLACKSCREEN][GPU-EVENT] chain 0x80014528 0x80014528 0x80016054 0x80016054 0x80014528 0x80014528 0x80012FE4 0x80012FE4 0x80014670 0x80014670
[BLACKSCREEN][BIOS-A0] #34 fn=0x2F a0=0x0000001E a1=0x0000007C a2=0x0000007C ra=0x800E4100 sp=0x801FEA18 f=0
[BLACKSCREEN][CALL] enter #43 addr=0x80015308 kseg0=0x80015308 ra=0x800E3DDC sp=0x801FE968 f=0
[BLACKSCREEN][GPU-EVENT] #69 kind=GP1 value=0x05000100 aux0=0x00000000 aux1=0x00000000 ra=0x800130A4 sp=0x801FE940 f=0
[BLACKSCREEN][GPU-EVENT] chain 0x80014528 0x80014528 0x80012FE4 0x80012FE4 0x80014670 0x80014670 0x80013648 0x80013648 0x80012E8C 0x80012E8C
[BLACKSCREEN][GPU-EVENT] #70 kind=GP1 value=0x08000000 aux0=0x00000000 aux1=0x00000000 ra=0x800133B0 sp=0x801FE940 f=0
[BLACKSCREEN][GPU-EVENT] chain 0x80014528 0x80014528 0x80016054 0x80016054 0x80014528 0x80014528 0x80012FE4 0x80012FE4 0x80014670 0x80014670
[BLACKSCREEN][BIOS-A0] #35 fn=0x2F a0=0x0000001F a1=0x0000007C a2=0x0000007C ra=0x800E4100 sp=0x801FE968 f=0
[BLACKSCREEN][CALL] enter #44 addr=0x80015308 kseg0=0x80015308 ra=0x800E3DDC sp=0x801FE8B8 f=0
[BLACKSCREEN][GPU-EVENT] #71 kind=GP1 value=0x05000000 aux0=0x00000000 aux1=0x00000000 ra=0x800130A4 sp=0x801FE890 f=0
[BLACKSCREEN][GPU-EVENT] chain 0x80014528 0x80014528 0x80012FE4 0x80012FE4 0x80014670 0x80014670 0x80013648 0x80013648 0x80012E8C 0x80012E8C
[BLACKSCREEN][GPU-EVENT] #72 kind=GP1 value=0x08000000 aux0=0x00000000 aux1=0x00000000 ra=0x800133B0 sp=0x801FE890 f=0
[BLACKSCREEN][GPU-EVENT] chain 0x80014528 0x80014528 0x80016054 0x80016054 0x80014528 0x80014528 0x80012FE4 0x80012FE4 0x80014670 0x80014670
[BLACKSCREEN][BIOS-A0] #36 fn=0x2F a0=0x00000020 a1=0x0000007C a2=0x0000007C ra=0x800E4100 sp=0x801FE8B8 f=0
[BLACKSCREEN][CALL] enter #45 addr=0x80015308 kseg0=0x80015308 ra=0x800E3DDC sp=0x801FE808 f=0
[BLACKSCREEN][GPU-EVENT] #73 kind=GP1 value=0x05000100 aux0=0x00000000 aux1=0x00000000 ra=0x800130A4 sp=0x801FE7E0 f=0
[BLACKSCREEN][GPU-EVENT] chain 0x80014528 0x80014528 0x80012FE4 0x80012FE4 0x80014670 0x80014670 0x80013648 0x80013648 0x80012E8C 0x80012E8C
[BLACKSCREEN][GPU-EVENT] #74 kind=GP1 value=0x08000000 aux0=0x00000000 aux1=0x00000000 ra=0x800133B0 sp=0x801FE7E0 f=0
[BLACKSCREEN][GPU-EVENT] chain 0x80014528 0x80014528 0x80016054 0x80016054 0x80014528 0x80014528 0x80012FE4 0x80012FE4 0x80014670 0x80014670
[BLACKSCREEN][BIOS-A0] #37 fn=0x2F a0=0x00000021 a1=0x0000007C a2=0x0000007C ra=0x800E4100 sp=0x801FE808 f=0
[BLACKSCREEN][CALL] enter #46 addr=0x80015308 kseg0=0x80015308 ra=0x800E3DDC sp=0x801FE758 f=0
[BLACKSCREEN][GPU-EVENT] #75 kind=GP1 value=0x05000000 aux0=0x00000000 aux1=0x00000000 ra=0x800130A4 sp=0x801FE730 f=0
[BLACKSCREEN][GPU-EVENT] chain 0x80014528 0x80014528 0x80012FE4 0x80012FE4 0x80014670 0x80014670 0x80013648 0x80013648 0x80012E8C 0x80012E8C
[BLACKSCREEN][GPU-EVENT] #76 kind=GP1 value=0x08000000 aux0=0x00000000 aux1=0x00000000 ra=0x800133B0 sp=0x801FE730 f=0
[BLACKSCREEN][GPU-EVENT] chain 0x80014528 0x80014528 0x80016054 0x80016054 0x80014528 0x80014528 0x80012FE4 0x80012FE4 0x80014670 0x80014670
[BLACKSCREEN][BIOS-A0] #38 fn=0x2F a0=0x00000022 a1=0x0000007C a2=0x0000007C ra=0x800E4100 sp=0x801FE758 f=0
[BLACKSCREEN][CALL] enter #47 addr=0x80015308 kseg0=0x80015308 ra=0x800E3DDC sp=0x801FE6A8 f=0
[BLACKSCREEN][GPU-EVENT] #77 kind=GP1 value=0x05000100 aux0=0x00000000 aux1=0x00000000 ra=0x800130A4 sp=0x801FE680 f=0
[BLACKSCREEN][GPU-EVENT] chain 0x80014528 0x80014528 0x80012FE4 0x80012FE4 0x80014670 0x80014670 0x80013648 0x80013648 0x80012E8C 0x80012E8C
[BLACKSCREEN][GPU-EVENT] #78 kind=GP1 value=0x08000000 aux0=0x00000000 aux1=0x00000000 ra=0x800133B0 sp=0x801FE680 f=0
[BLACKSCREEN][GPU-EVENT] chain 0x80014528 0x80014528 0x80016054 0x80016054 0x80014528 0x80014528 0x80012FE4 0x80012FE4 0x80014670 0x80014670
[BLACKSCREEN][BIOS-A0] #39 fn=0x2F a0=0x00000023 a1=0x0000007C a2=0x0000007C ra=0x800E4100 sp=0x801FE6A8 f=0
[BLACKSCREEN][CALL] enter #48 addr=0x80015308 kseg0=0x80015308 ra=0x800E3DDC sp=0x801FE5F8 f=0
[BLACKSCREEN][GPU-EVENT] #79 kind=GP1 value=0x05000000 aux0=0x00000000 aux1=0x00000000 ra=0x800130A4 sp=0x801FE5D0 f=0
[BLACKSCREEN][GPU-EVENT] chain 0x80014528 0x80014528 0x80012FE4 0x80012FE4 0x80014670 0x80014670 0x80013648 0x80013648 0x80012E8C 0x80012E8C
[BLACKSCREEN][GPU-EVENT] #80 kind=GP1 value=0x08000000 aux0=0x00000000 aux1=0x00000000 ra=0x800133B0 sp=0x801FE5D0 f=0
[BLACKSCREEN][GPU-EVENT] chain 0x80014528 0x80014528 0x80016054 0x80016054 0x80014528 0x80014528 0x80012FE4 0x80012FE4 0x80014670 0x80014670
[BLACKSCREEN][BIOS-A0] #40 fn=0x2F a0=0x00000024 a1=0x0000007C a2=0x0000007C ra=0x800E4100 sp=0x801FE5F8 f=0
[BLACKSCREEN][CALL] enter #49 addr=0x80015308 kseg0=0x80015308 ra=0x800E3DDC sp=0x801FE548 f=0
[BLACKSCREEN][GPU-EVENT] #81 kind=GP1 value=0x05000100 aux0=0x00000000 aux1=0x00000000 ra=0x800130A4 sp=0x801FE520 f=0
[BLACKSCREEN][GPU-EVENT] chain 0x80014528 0x80014528 0x80012FE4 0x80012FE4 0x80014670 0x80014670 0x80013648 0x80013648 0x80012E8C 0x80012E8C
[BLACKSCREEN][GPU-EVENT] #82 kind=GP1 value=0x08000000 aux0=0x00000000 aux1=0x00000000 ra=0x800133B0 sp=0x801FE520 f=0
[BLACKSCREEN][GPU-EVENT] chain 0x80014528 0x80014528 0x80016054 0x80016054 0x80014528 0x80014528 0x80012FE4 0x80012FE4 0x80014670 0x80014670
[BLACKSCREEN][BIOS-A0] #41 fn=0x2F a0=0x00000025 a1=0x0000007C a2=0x0000007C ra=0x800E4100 sp=0x801FE548 f=0
[BLACKSCREEN][CALL] enter #50 addr=0x80015308 kseg0=0x80015308 ra=0x800E3DDC sp=0x801FE498 f=0
[BLACKSCREEN][GPU-EVENT] #83 kind=GP1 value=0x05000000 aux0=0x00000000 aux1=0x00000000 ra=0x800130A4 sp=0x801FE470 f=0
[BLACKSCREEN][GPU-EVENT] chain 0x80014528 0x80014528 0x80012FE4 0x80012FE4 0x80014670 0x80014670 0x80013648 0x80013648 0x80012E8C 0x80012E8C
[BLACKSCREEN][GPU-EVENT] #84 kind=GP1 value=0x08000000 aux0=0x00000000 aux1=0x00000000 ra=0x800133B0 sp=0x801FE470 f=0
[BLACKSCREEN][GPU-EVENT] chain 0x80014528 0x80014528 0x80016054 0x80016054 0x80014528 0x80014528 0x80012FE4 0x80012FE4 0x80014670 0x80014670
[BLACKSCREEN][BIOS-A0] #42 fn=0x2F a0=0x00000026 a1=0x0000007C a2=0x0000007C ra=0x800E4100 sp=0x801FE498 f=0
[BLACKSCREEN][CALL] enter #51 addr=0x80015308 kseg0=0x80015308 ra=0x800E3DDC sp=0x801FE3E8 f=0
[BLACKSCREEN][GPU-EVENT] #85 kind=GP1 value=0x05000100 aux0=0x00000000 aux1=0x00000000 ra=0x800130A4 sp=0x801FE3C0 f=0
[BLACKSCREEN][GPU-EVENT] chain 0x80014528 0x80014528 0x80012FE4 0x80012FE4 0x80014670 0x80014670 0x80013648 0x80013648 0x80012E8C 0x80012E8C
[BLACKSCREEN][GPU-EVENT] #86 kind=GP1 value=0x08000000 aux0=0x00000000 aux1=0x00000000 ra=0x800133B0 sp=0x801FE3C0 f=0
[BLACKSCREEN][GPU-EVENT] chain 0x80014528 0x80014528 0x80016054 0x80016054 0x80014528 0x80014528 0x80012FE4 0x80012FE4 0x80014670 0x80014670
[BLACKSCREEN][BIOS-A0] #43 fn=0x2F a0=0x00000027 a1=0x0000007C a2=0x0000007C ra=0x800E4100 sp=0x801FE3E8 f=0
[BLACKSCREEN][CALL] enter #52 addr=0x80015308 kseg0=0x80015308 ra=0x800E3DDC sp=0x801FE338 f=0
[BLACKSCREEN][GPU-EVENT] #87 kind=GP1 value=0x05000000 aux0=0x00000000 aux1=0x00000000 ra=0x800130A4 sp=0x801FE310 f=0
[BLACKSCREEN][GPU-EVENT] chain 0x80014528 0x80014528 0x80012FE4 0x80012FE4 0x80014670 0x80014670 0x80013648 0x80013648 0x80012E8C 0x80012E8C
[BLACKSCREEN][GPU-EVENT] #88 kind=GP1 value=0x08000000 aux0=0x00000000 aux1=0x00000000 ra=0x800133B0 sp=0x801FE310 f=0
[BLACKSCREEN][GPU-EVENT] chain 0x80014528 0x80014528 0x80016054 0x80016054 0x80014528 0x80014528 0x80012FE4 0x80012FE4 0x80014670 0x80014670
[BLACKSCREEN][BIOS-A0] #44 fn=0x2F a0=0x00000028 a1=0x0000007C a2=0x0000007C ra=0x800E4100 sp=0x801FE338 f=0
[BLACKSCREEN][CALL] enter #53 addr=0x80015308 kseg0=0x80015308 ra=0x800E3DDC sp=0x801FE288 f=0
[BLACKSCREEN][GPU-EVENT] #89 kind=GP1 value=0x05000100 aux0=0x00000000 aux1=0x00000000 ra=0x800130A4 sp=0x801FE260 f=0
[BLACKSCREEN][GPU-EVENT] chain 0x80014528 0x80014528 0x80012FE4 0x80012FE4 0x80014670 0x80014670 0x80013648 0x80013648 0x80012E8C 0x80012E8C
[BLACKSCREEN][GPU-EVENT] #90 kind=GP1 value=0x08000000 aux0=0x00000000 aux1=0x00000000 ra=0x800133B0 sp=0x801FE260 f=0
[BLACKSCREEN][GPU-EVENT] chain 0x80014528 0x80014528 0x80016054 0x80016054 0x80014528 0x80014528 0x80012FE4 0x80012FE4 0x80014670 0x80014670
[BLACKSCREEN][BIOS-A0] #45 fn=0x2F a0=0x00000029 a1=0x0000007C a2=0x0000007C ra=0x800E4100 sp=0x801FE288 f=0
[BLACKSCREEN][CALL] enter #54 addr=0x80015308 kseg0=0x80015308 ra=0x800E3DDC sp=0x801FE1D8 f=0
[BLACKSCREEN][GPU-EVENT] #91 kind=GP1 value=0x05000000 aux0=0x00000000 aux1=0x00000000 ra=0x800130A4 sp=0x801FE1B0 f=0
[BLACKSCREEN][GPU-EVENT] chain 0x80014528 0x80014528 0x80012FE4 0x80012FE4 0x80014670 0x80014670 0x80013648 0x80013648 0x80012E8C 0x80012E8C
[BLACKSCREEN][GPU-EVENT] #92 kind=GP1 value=0x08000000 aux0=0x00000000 aux1=0x00000000 ra=0x800133B0 sp=0x801FE1B0 f=0
[BLACKSCREEN][GPU-EVENT] chain 0x80014528 0x80014528 0x80016054 0x80016054 0x80014528 0x80014528 0x80012FE4 0x80012FE4 0x80014670 0x80014670
[BLACKSCREEN][BIOS-A0] #46 fn=0x2F a0=0x0000002A a1=0x0000007C a2=0x0000007C ra=0x800E4100 sp=0x801FE1D8 f=0
[BLACKSCREEN][CALL] enter #55 addr=0x80015308 kseg0=0x80015308 ra=0x800E3DDC sp=0x801FE128 f=0
[BLACKSCREEN][GPU-EVENT] #93 kind=GP1 value=0x05000100 aux0=0x00000000 aux1=0x00000000 ra=0x800130A4 sp=0x801FE100 f=0
[BLACKSCREEN][GPU-EVENT] chain 0x80014528 0x80014528 0x80012FE4 0x80012FE4 0x80014670 0x80014670 0x80013648 0x80013648 0x80012E8C 0x80012E8C
[BLACKSCREEN][GPU-EVENT] #94 kind=GP1 value=0x08000000 aux0=0x00000000 aux1=0x00000000 ra=0x800133B0 sp=0x801FE100 f=0
[BLACKSCREEN][GPU-EVENT] chain 0x80014528 0x80014528 0x80016054 0x80016054 0x80014528 0x80014528 0x80012FE4 0x80012FE4 0x80014670 0x80014670
[BLACKSCREEN][BIOS-A0] #47 fn=0x2F a0=0x0000002B a1=0x0000007C a2=0x0000007C ra=0x800E4100 sp=0x801FE128 f=0
[BLACKSCREEN][CALL] enter #56 addr=0x80015308 kseg0=0x80015308 ra=0x800E3DDC sp=0x801FE078 f=0
[BLACKSCREEN][GPU-EVENT] #95 kind=GP1 value=0x05000000 aux0=0x00000000 aux1=0x00000000 ra=0x800130A4 sp=0x801FE050 f=0
[BLACKSCREEN][GPU-EVENT] chain 0x80014528 0x80014528 0x80012FE4 0x80012FE4 0x80014670 0x80014670 0x80013648 0x80013648 0x80012E8C 0x80012E8C
[BLACKSCREEN][GPU-EVENT] #96 kind=GP1 value=0x08000000 aux0=0x00000000 aux1=0x00000000 ra=0x800133B0 sp=0x801FE050 f=0
[BLACKSCREEN][GPU-EVENT] chain 0x80014528 0x80014528 0x80016054 0x80016054 0x80014528 0x80014528 0x80012FE4 0x80012FE4 0x80014670 0x80014670
[BLACKSCREEN][BIOS-A0] #48 fn=0x2F a0=0x0000002C a1=0x0000007C a2=0x0000007C ra=0x800E4100 sp=0x801FE078 f=0
[BLACKSCREEN][CALL] enter #57 addr=0x80015308 kseg0=0x80015308 ra=0x800E3DDC sp=0x801FDFC8 f=0
[BLACKSCREEN][GPU-EVENT] #97 kind=GP1 value=0x05000100 aux0=0x00000000 aux1=0x00000000 ra=0x800130A4 sp=0x801FDFA0 f=0
[BLACKSCREEN][GPU-EVENT] chain 0x80014528 0x80014528 0x80012FE4 0x80012FE4 0x80014670 0x80014670 0x80013648 0x80013648 0x80012E8C 0x80012E8C
[BLACKSCREEN][GPU-EVENT] #98 kind=GP1 value=0x08000000 aux0=0x00000000 aux1=0x00000000 ra=0x800133B0 sp=0x801FDFA0 f=0
[BLACKSCREEN][GPU-EVENT] chain 0x80014528 0x80014528 0x80016054 0x80016054 0x80014528 0x80014528 0x80012FE4 0x80012FE4 0x80014670 0x80014670
[BLACKSCREEN][BIOS-A0] #49 fn=0x2F a0=0x0000002D a1=0x0000007C a2=0x0000007C ra=0x800E4100 sp=0x801FDFC8 f=0
[BLACKSCREEN][CALL] enter #58 addr=0x80015308 kseg0=0x80015308 ra=0x800E3DDC sp=0x801FDF18 f=0
[BLACKSCREEN][GPU-EVENT] #99 kind=GP1 value=0x05000000 aux0=0x00000000 aux1=0x00000000 ra=0x800130A4 sp=0x801FDEF0 f=0
[BLACKSCREEN][GPU-EVENT] chain 0x80014528 0x80014528 0x80012FE4 0x80012FE4 0x80014670 0x80014670 0x80013648 0x80013648 0x80012E8C 0x80012E8C
[BLACKSCREEN][GPU-EVENT] #100 kind=GP1 value=0x08000000 aux0=0x00000000 aux1=0x00000000 ra=0x800133B0 sp=0x801FDEF0 f=0
[BLACKSCREEN][GPU-EVENT] chain 0x80014528 0x80014528 0x80016054 0x80016054 0x80014528 0x80014528 0x80012FE4 0x80012FE4 0x80014670 0x80014670
[BLACKSCREEN][BIOS-A0] #50 fn=0x2F a0=0x0000002E a1=0x0000007C a2=0x0000007C ra=0x800E4100 sp=0x801FDF18 f=0
[BLACKSCREEN][CALL] enter #59 addr=0x80015308 kseg0=0x80015308 ra=0x800E3DDC sp=0x801FDE68 f=0
[BLACKSCREEN][GPU-EVENT] #101 kind=GP1 value=0x05000100 aux0=0x00000000 aux1=0x00000000 ra=0x800130A4 sp=0x801FDE40 f=0
[BLACKSCREEN][GPU-EVENT] chain 0x80014528 0x80014528 0x80012FE4 0x80012FE4 0x80014670 0x80014670 0x80013648 0x80013648 0x80012E8C 0x80012E8C
[BLACKSCREEN][GPU-EVENT] #102 kind=GP1 value=0x08000000 aux0=0x00000000 aux1=0x00000000 ra=0x800133B0 sp=0x801FDE40 f=0
[BLACKSCREEN][GPU-EVENT] chain 0x80014528 0x80014528 0x80016054 0x80016054 0x80014528 0x80014528 0x80012FE4 0x80012FE4 0x80014670 0x80014670
[BLACKSCREEN][BIOS-A0] #51 fn=0x2F a0=0x0000002F a1=0x0000007C a2=0x0000007C ra=0x800E4100 sp=0x801FDE68 f=0
[BLACKSCREEN][CALL] enter #60 addr=0x80015308 kseg0=0x80015308 ra=0x800E3DDC sp=0x801FDDB8 f=0
[BLACKSCREEN][GPU-EVENT] #103 kind=GP1 value=0x05000000 aux0=0x00000000 aux1=0x00000000 ra=0x800130A4 sp=0x801FDD90 f=0
[BLACKSCREEN][GPU-EVENT] chain 0x80014528 0x80014528 0x80012FE4 0x80012FE4 0x80014670 0x80014670 0x80013648 0x80013648 0x80012E8C 0x80012E8C
[BLACKSCREEN][GPU-EVENT] #104 kind=GP1 value=0x08000000 aux0=0x00000000 aux1=0x00000000 ra=0x800133B0 sp=0x801FDD90 f=0
[BLACKSCREEN][GPU-EVENT] chain 0x80014528 0x80014528 0x80016054 0x80016054 0x80014528 0x80014528 0x80012FE4 0x80012FE4 0x80014670 0x80014670
[BLACKSCREEN][BIOS-A0] #52 fn=0x2F a0=0x00000030 a1=0x0000007C a2=0x0000007C ra=0x800E4100 sp=0x801FDDB8 f=0
[BLACKSCREEN][CALL] enter #61 addr=0x80015308 kseg0=0x80015308 ra=0x800E3DDC sp=0x801FDD08 f=0
[BLACKSCREEN][GPU-EVENT] #105 kind=GP1 value=0x05000100 aux0=0x00000000 aux1=0x00000000 ra=0x800130A4 sp=0x801FDCE0 f=0
[BLACKSCREEN][GPU-EVENT] chain 0x80014528 0x80014528 0x80012FE4 0x80012FE4 0x80014670 0x80014670 0x80013648 0x80013648 0x80012E8C 0x80012E8C
[BLACKSCREEN][GPU-EVENT] #106 kind=GP1 value=0x08000000 aux0=0x00000000 aux1=0x00000000 ra=0x800133B0 sp=0x801FDCE0 f=0
[BLACKSCREEN][GPU-EVENT] chain 0x80014528 0x80014528 0x80016054 0x80016054 0x80014528 0x80014528 0x80012FE4 0x80012FE4 0x80014670 0x80014670
[BLACKSCREEN][BIOS-A0] #53 fn=0x2F a0=0x00000031 a1=0x0000007C a2=0x0000007C ra=0x800E4100 sp=0x801FDD08 f=0
[BLACKSCREEN][CALL] enter #62 addr=0x80015308 kseg0=0x80015308 ra=0x800E3DDC sp=0x801FDC58 f=0
[BLACKSCREEN][GPU-EVENT] #107 kind=GP1 value=0x05000000 aux0=0x00000000 aux1=0x00000000 ra=0x800130A4 sp=0x801FDC30 f=0
[BLACKSCREEN][GPU-EVENT] chain 0x80014528 0x80014528 0x80012FE4 0x80012FE4 0x80014670 0x80014670 0x80013648 0x80013648 0x80012E8C 0x80012E8C
[BLACKSCREEN][GPU-EVENT] #108 kind=GP1 value=0x08000000 aux0=0x00000000 aux1=0x00000000 ra=0x800133B0 sp=0x801FDC30 f=0
[BLACKSCREEN][GPU-EVENT] chain 0x80014528 0x80014528 0x80016054 0x80016054 0x80014528 0x80014528 0x80012FE4 0x80012FE4 0x80014670 0x80014670
[BLACKSCREEN][BIOS-A0] #54 fn=0x2F a0=0x00000032 a1=0x0000007C a2=0x0000007C ra=0x800E4100 sp=0x801FDC58 f=0
[BLACKSCREEN][CALL] enter #63 addr=0x80015308 kseg0=0x80015308 ra=0x800E3DDC sp=0x801FDBA8 f=0
[BLACKSCREEN][GPU-EVENT] #109 kind=GP1 value=0x05000100 aux0=0x00000000 aux1=0x00000000 ra=0x800130A4 sp=0x801FDB80 f=0
[BLACKSCREEN][GPU-EVENT] chain 0x80014528 0x80014528 0x80012FE4 0x80012FE4 0x80014670 0x80014670 0x80013648 0x80013648 0x80012E8C 0x80012E8C
[BLACKSCREEN][GPU-EVENT] #110 kind=GP1 value=0x08000000 aux0=0x00000000 aux1=0x00000000 ra=0x800133B0 sp=0x801FDB80 f=0
[BLACKSCREEN][GPU-EVENT] chain 0x80014528 0x80014528 0x80016054 0x80016054 0x80014528 0x80014528 0x80012FE4 0x80012FE4 0x80014670 0x80014670
[BLACKSCREEN][BIOS-A0] #55 fn=0x2F a0=0x00000033 a1=0x0000007C a2=0x0000007C ra=0x800E4100 sp=0x801FDBA8 f=0
[BLACKSCREEN][CALL] enter #64 addr=0x80015308 kseg0=0x80015308 ra=0x800E3DDC sp=0x801FDAF8 f=0
[BLACKSCREEN][GPU-EVENT] #111 kind=GP1 value=0x05000000 aux0=0x00000000 aux1=0x00000000 ra=0x800130A4 sp=0x801FDAD0 f=0
[BLACKSCREEN][GPU-EVENT] chain 0x80014528 0x80014528 0x80012FE4 0x80012FE4 0x80014670 0x80014670 0x80013648 0x80013648 0x80012E8C 0x80012E8C
[BLACKSCREEN][GPU-EVENT] #112 kind=GP1 value=0x08000000 aux0=0x00000000 aux1=0x00000000 ra=0x800133B0 sp=0x801FDAD0 f=0
[BLACKSCREEN][GPU-EVENT] chain 0x80014528 0x80014528 0x80016054 0x80016054 0x80014528 0x80014528 0x80012FE4 0x80012FE4 0x80014670 0x80014670
[BLACKSCREEN][BIOS-A0] #56 fn=0x2F a0=0x00000034 a1=0x0000007C a2=0x0000007C ra=0x800E4100 sp=0x801FDAF8 f=0
[BLACKSCREEN][CALL] enter #65 addr=0x80015308 kseg0=0x80015308 ra=0x800E3DDC sp=0x801FDA48 f=0
[BLACKSCREEN][GPU-EVENT] #113 kind=GP1 value=0x05000100 aux0=0x00000000 aux1=0x00000000 ra=0x800130A4 sp=0x801FDA20 f=0
[BLACKSCREEN][GPU-EVENT] chain 0x80014528 0x80014528 0x80012FE4 0x80012FE4 0x80014670 0x80014670 0x80013648 0x80013648 0x80012E8C 0x80012E8C
[BLACKSCREEN][GPU-EVENT] #114 kind=GP1 value=0x08000000 aux0=0x00000000 aux1=0x00000000 ra=0x800133B0 sp=0x801FDA20 f=0
[BLACKSCREEN][GPU-EVENT] chain 0x80014528 0x80014528 0x80016054 0x80016054 0x80014528 0x80014528 0x80012FE4 0x80012FE4 0x80014670 0x80014670
[BLACKSCREEN][BIOS-A0] #57 fn=0x2F a0=0x00000035 a1=0x0000007C a2=0x0000007C ra=0x800E4100 sp=0x801FDA48 f=0
[BLACKSCREEN][CALL] enter #66 addr=0x80015308 kseg0=0x80015308 ra=0x800E3DDC sp=0x801FD998 f=0
[BLACKSCREEN][GPU-EVENT] #115 kind=GP1 value=0x05000000 aux0=0x00000000 aux1=0x00000000 ra=0x800130A4 sp=0x801FD970 f=0
[BLACKSCREEN][GPU-EVENT] chain 0x80014528 0x80014528 0x80012FE4 0x80012FE4 0x80014670 0x80014670 0x80013648 0x80013648 0x80012E8C 0x80012E8C
[BLACKSCREEN][GPU-EVENT] #116 kind=GP1 value=0x08000000 aux0=0x00000000 aux1=0x00000000 ra=0x800133B0 sp=0x801FD970 f=0
[BLACKSCREEN][GPU-EVENT] chain 0x80014528 0x80014528 0x80016054 0x80016054 0x80014528 0x80014528 0x80012FE4 0x80012FE4 0x80014670 0x80014670
[BLACKSCREEN][BIOS-A0] #58 fn=0x2F a0=0x00000036 a1=0x0000007C a2=0x0000007C ra=0x800E4100 sp=0x801FD998 f=0
[BLACKSCREEN][CALL] enter #67 addr=0x80015308 kseg0=0x80015308 ra=0x800E3DDC sp=0x801FD8E8 f=0
[BLACKSCREEN][GPU-EVENT] #117 kind=GP1 value=0x05000100 aux0=0x00000000 aux1=0x00000000 ra=0x800130A4 sp=0x801FD8C0 f=0
[BLACKSCREEN][GPU-EVENT] chain 0x80014528 0x80014528 0x80012FE4 0x80012FE4 0x80014670 0x80014670 0x80013648 0x80013648 0x80012E8C 0x80012E8C
[BLACKSCREEN][GPU-EVENT] #118 kind=GP1 value=0x08000000 aux0=0x00000000 aux1=0x00000000 ra=0x800133B0 sp=0x801FD8C0 f=0
[BLACKSCREEN][GPU-EVENT] chain 0x80014528 0x80014528 0x80016054 0x80016054 0x80014528 0x80014528 0x80012FE4 0x80012FE4 0x80014670 0x80014670
[BLACKSCREEN][BIOS-A0] #59 fn=0x2F a0=0x00000037 a1=0x0000007C a2=0x0000007C ra=0x800E4100 sp=0x801FD8E8 f=0
[BLACKSCREEN][CALL] enter #68 addr=0x80015308 kseg0=0x80015308 ra=0x800E3DDC sp=0x801FD838 f=0
[BLACKSCREEN][GPU-EVENT] #119 kind=GP1 value=0x05000000 aux0=0x00000000 aux1=0x00000000 ra=0x800130A4 sp=0x801FD810 f=0
[BLACKSCREEN][GPU-EVENT] chain 0x80014528 0x80014528 0x80012FE4 0x80012FE4 0x80014670 0x80014670 0x80013648 0x80013648 0x80012E8C 0x80012E8C
[BLACKSCREEN][GPU-EVENT] #120 kind=GP1 value=0x08000000 aux0=0x00000000 aux1=0x00000000 ra=0x800133B0 sp=0x801FD810 f=0
[BLACKSCREEN][GPU-EVENT] chain 0x80014528 0x80014528 0x80016054 0x80016054 0x80014528 0x80014528 0x80012FE4 0x80012FE4 0x80014670 0x80014670
[BLACKSCREEN][BIOS-A0] #60 fn=0x2F a0=0x00000038 a1=0x0000007C a2=0x0000007C ra=0x800E4100 sp=0x801FD838 f=0
[BLACKSCREEN][CALL] enter #69 addr=0x80015308 kseg0=0x80015308 ra=0x800E3DDC sp=0x801FD788 f=0
[BLACKSCREEN][BIOS-A0] #61 fn=0x2F a0=0x00000039 a1=0x0000007C a2=0x0000007C ra=0x800E4100 sp=0x801FD788 f=0
[BLACKSCREEN][CALL] enter #70 addr=0x80015308 kseg0=0x80015308 ra=0x800E3DDC sp=0x801FD6D8 f=0
[BLACKSCREEN][INTERP] start=0x80010DFC end=0x80011124 steps=413467 reason=invalid_target target=0x00000000 a0=0x00000000 ra=0x00000000 sp=0x801FD6F0 f=0
[CALLEE-FIX] #1 f0 call_by_address(0x80010DFC) sp:801FFF00->801FD6F0 s0:00000000->00000000 s1:00000000->1F800024 — restoring
[BLACKSCREEN] Bootstrap entry 0x80010DFC returned
[BLACKSCREEN] Castlevania pump fallback disabled by env PSX_CASTLE_PUMP_ENTRY=off
[BLACKSCREEN][NO-GPU-EVENT] #1 tag=main_present f=1 ra=0x00000000 sp=0x801FD6F0
[BLACKSCREEN][NO-GPU-EVENT] chain 0x80131F28 0x8001D374 0x8001D374 0x801324B4 0x80131FCC 0x8002A024 0x8002A024 0x801353A0 0x80133FCC 0x80134F50 0x80135D8C 0x80135C2C
[BLACKSCREEN][RendererPresent] present=1 f=1 disp=(0,0 256x240) vis=256x240 uv=(0.000,0.000)-(1.000,1.000)
[frame 1]
[BLACKSCREEN][NO-GPU-EVENT] #2 tag=main_present f=2 ra=0x00000000 sp=0x801FD6F0
[BLACKSCREEN][NO-GPU-EVENT] chain 0x80131F28 0x8001D374 0x8001D374 0x801324B4 0x80131FCC 0x8002A024 0x8002A024 0x801353A0 0x80133FCC 0x80134F50 0x80135D8C 0x80135C2C
[BLACKSCREEN][RendererPresent] present=2 f=2 disp=(0,0 256x240) vis=256x240 uv=(0.000,0.000)-(1.000,1.000)
[frame 2]
[BLACKSCREEN][NO-GPU-EVENT] #3 tag=main_present f=3 ra=0x00000000 sp=0x801FD6F0
[BLACKSCREEN][NO-GPU-EVENT] chain 0x80131F28 0x8001D374 0x8001D374 0x801324B4 0x80131FCC 0x8002A024 0x8002A024 0x801353A0 0x80133FCC 0x80134F50 0x80135D8C 0x80135C2C
[BLACKSCREEN][RendererPresent] present=3 f=3 disp=(0,0 256x240) vis=256x240 uv=(0.000,0.000)-(1.000,1.000)
[frame 3]
[BLACKSCREEN][NO-GPU-EVENT] #4 tag=main_present f=4 ra=0x00000000 sp=0x801FD6F0
[BLACKSCREEN][NO-GPU-EVENT] chain 0x80131F28 0x8001D374 0x8001D374 0x801324B4 0x80131FCC 0x8002A024 0x8002A024 0x801353A0 0x80133FCC 0x80134F50 0x80135D8C 0x80135C2C
[BLACKSCREEN][RendererPresent] present=4 f=4 disp=(0,0 256x240) vis=256x240 uv=(0.000,0.000)-(1.000,1.000)
[frame 4]
[BLACKSCREEN][NO-GPU-EVENT] #5 tag=main_present f=5 ra=0x00000000 sp=0x801FD6F0
[BLACKSCREEN][NO-GPU-EVENT] chain 0x80131F28 0x8001D374 0x8001D374 0x801324B4 0x80131FCC 0x8002A024 0x8002A024 0x801353A0 0x80133FCC 0x80134F50 0x80135D8C 0x80135C2C
[BLACKSCREEN][RendererPresent] present=5 f=5 disp=(0,0 256x240) vis=256x240 uv=(0.000,0.000)-(1.000,1.000)
[frame 5]
[BLACKSCREEN][NO-GPU-EVENT] #6 tag=main_present f=6 ra=0x00000000 sp=0x801FD6F0
[BLACKSCREEN][NO-GPU-EVENT] chain 0x80131F28 0x8001D374 0x8001D374 0x801324B4 0x80131FCC 0x8002A024 0x8002A024 0x801353A0 0x80133FCC 0x80134F50 0x80135D8C 0x80135C2C
[BLACKSCREEN][RendererPresent] present=6 f=6 disp=(0,0 256x240) vis=256x240 uv=(0.000,0.000)-(1.000,1.000)
[BLACKSCREEN][NO-GPU-EVENT] #7 tag=main_present f=7 ra=0x00000000 sp=0x801FD6F0
[BLACKSCREEN][NO-GPU-EVENT] chain 0x80131F28 0x8001D374 0x8001D374 0x801324B4 0x80131FCC 0x8002A024 0x8002A024 0x801353A0 0x80133FCC 0x80134F50 0x80135D8C 0x80135C2C
[BLACKSCREEN][RendererPresent] present=7 f=7 disp=(0,0 256x240) vis=256x240 uv=(0.000,0.000)-(1.000,1.000)
[BLACKSCREEN][NO-GPU-EVENT] #8 tag=main_present f=8 ra=0x00000000 sp=0x801FD6F0
[BLACKSCREEN][NO-GPU-EVENT] chain 0x80131F28 0x8001D374 0x8001D374 0x801324B4 0x80131FCC 0x8002A024 0x8002A024 0x801353A0 0x80133FCC 0x80134F50 0x80135D8C 0x80135C2C
[BLACKSCREEN][RendererPresent] present=8 f=8 disp=(0,0 256x240) vis=256x240 uv=(0.000,0.000)-(1.000,1.000)
[BLACKSCREEN][NO-GPU-EVENT] #9 tag=main_present f=9 ra=0x00000000 sp=0x801FD6F0
[BLACKSCREEN][NO-GPU-EVENT] chain 0x80131F28 0x8001D374 0x8001D374 0x801324B4 0x80131FCC 0x8002A024 0x8002A024 0x801353A0 0x80133FCC 0x80134F50 0x80135D8C 0x80135C2C
[BLACKSCREEN][RendererPresent] present=9 f=9 disp=(0,0 256x240) vis=256x240 uv=(0.000,0.000)-(1.000,1.000)
[BLACKSCREEN][NO-GPU-EVENT] #10 tag=main_present f=10 ra=0x00000000 sp=0x801FD6F0
[BLACKSCREEN][NO-GPU-EVENT] chain 0x80131F28 0x8001D374 0x8001D374 0x801324B4 0x80131FCC 0x8002A024 0x8002A024 0x801353A0 0x80133FCC 0x80134F50 0x80135D8C 0x80135C2C
[BLACKSCREEN][RendererPresent] present=10 f=10 disp=(0,0 256x240) vis=256x240 uv=(0.000,0.000)-(1.000,1.000)
[BLACKSCREEN][NO-GPU-EVENT] #11 tag=main_present f=11 ra=0x00000000 sp=0x801FD6F0
[BLACKSCREEN][NO-GPU-EVENT] chain 0x80131F28 0x8001D374 0x8001D374 0x801324B4 0x80131FCC 0x8002A024 0x8002A024 0x801353A0 0x80133FCC 0x80134F50 0x80135D8C 0x80135C2C
[BLACKSCREEN][RendererPresent] present=11 f=11 disp=(0,0 256x240) vis=256x240 uv=(0.000,0.000)-(1.000,1.000)
[BLACKSCREEN][NO-GPU-EVENT] #12 tag=main_present f=12 ra=0x00000000 sp=0x801FD6F0
[BLACKSCREEN][NO-GPU-EVENT] chain 0x80131F28 0x8001D374 0x8001D374 0x801324B4 0x80131FCC 0x8002A024 0x8002A024 0x801353A0 0x80133FCC 0x80134F50 0x80135D8C 0x80135C2C
[BLACKSCREEN][RendererPresent] present=12 f=12 disp=(0,0 256x240) vis=256x240 uv=(0.000,0.000)-(1.000,1.000)
[BLACKSCREEN][NO-GPU-EVENT] #13 tag=main_present f=13 ra=0x00000000 sp=0x801FD6F0
[BLACKSCREEN][NO-GPU-EVENT] chain 0x80131F28 0x8001D374 0x8001D374 0x801324B4 0x80131FCC 0x8002A024 0x8002A024 0x801353A0 0x80133FCC 0x80134F50 0x80135D8C 0x80135C2C
[BLACKSCREEN][RendererPresent] present=13 f=13 disp=(0,0 256x240) vis=256x240 uv=(0.000,0.000)-(1.000,1.000)
[BLACKSCREEN][NO-GPU-EVENT] #14 tag=main_present f=14 ra=0x00000000 sp=0x801FD6F0
[BLACKSCREEN][NO-GPU-EVENT] chain 0x80131F28 0x8001D374 0x8001D374 0x801324B4 0x80131FCC 0x8002A024 0x8002A024 0x801353A0 0x80133FCC 0x80134F50 0x80135D8C 0x80135C2C
[BLACKSCREEN][RendererPresent] present=14 f=14 disp=(0,0 256x240) vis=256x240 uv=(0.000,0.000)-(1.000,1.000)
[BLACKSCREEN][NO-GPU-EVENT] #15 tag=main_present f=15 ra=0x00000000 sp=0x801FD6F0
[BLACKSCREEN][NO-GPU-EVENT] chain 0x80131F28 0x8001D374 0x8001D374 0x801324B4 0x80131FCC 0x8002A024 0x8002A024 0x801353A0 0x80133FCC 0x80134F50 0x80135D8C 0x80135C2C
[BLACKSCREEN][RendererPresent] present=15 f=15 disp=(0,0 256x240) vis=256x240 uv=(0.000,0.000)-(1.000,1.000)
[BLACKSCREEN][NO-GPU-EVENT] #16 tag=main_present f=16 ra=0x00000000 sp=0x801FD6F0
[BLACKSCREEN][NO-GPU-EVENT] chain 0x80131F28 0x8001D374 0x8001D374 0x801324B4 0x80131FCC 0x8002A024 0x8002A024 0x801353A0 0x80133FCC 0x80134F50 0x80135D8C 0x80135C2C
[BLACKSCREEN][RendererPresent] present=16 f=16 disp=(0,0 256x240) vis=256x240 uv=(0.000,0.000)-(1.000,1.000)
[BLACKSCREEN][NO-GPU-EVENT] #17 tag=main_present f=17 ra=0x00000000 sp=0x801FD6F0
[BLACKSCREEN][NO-GPU-EVENT] chain 0x80131F28 0x8001D374 0x8001D374 0x801324B4 0x80131FCC 0x8002A024 0x8002A024 0x801353A0 0x80133FCC 0x80134F50 0x80135D8C 0x80135C2C
[BLACKSCREEN][RendererPresent] present=17 f=17 disp=(0,0 256x240) vis=256x240 uv=(0.000,0.000)-(1.000,1.000)
[BLACKSCREEN][NO-GPU-EVENT] #18 tag=main_present f=18 ra=0x00000000 sp=0x801FD6F0
[BLACKSCREEN][NO-GPU-EVENT] chain 0x80131F28 0x8001D374 0x8001D374 0x801324B4 0x80131FCC 0x8002A024 0x8002A024 0x801353A0 0x80133FCC 0x80134F50 0x80135D8C 0x80135C2C
[BLACKSCREEN][RendererPresent] present=18 f=18 disp=(0,0 256x240) vis=256x240 uv=(0.000,0.000)-(1.000,1.000)
[BLACKSCREEN][NO-GPU-EVENT] #19 tag=main_present f=19 ra=0x00000000 sp=0x801FD6F0
[BLACKSCREEN][NO-GPU-EVENT] chain 0x80131F28 0x8001D374 0x8001D374 0x801324B4 0x80131FCC 0x8002A024 0x8002A024 0x801353A0 0x80133FCC 0x80134F50 0x80135D8C 0x80135C2C
[BLACKSCREEN][RendererPresent] present=19 f=19 disp=(0,0 256x240) vis=256x240 uv=(0.000,0.000)-(1.000,1.000)
[BLACKSCREEN][NO-GPU-EVENT] #20 tag=main_present f=20 ra=0x00000000 sp=0x801FD6F0
[BLACKSCREEN][NO-GPU-EVENT] chain 0x80131F28 0x8001D374 0x8001D374 0x801324B4 0x80131FCC 0x8002A024 0x8002A024 0x801353A0 0x80133FCC 0x80134F50 0x80135D8C 0x80135C2C
[BLACKSCREEN][RendererPresent] present=20 f=20 disp=(0,0 256x240) vis=256x240 uv=(0.000,0.000)-(1.000,1.000)
[BLACKSCREEN][NO-GPU-EVENT] #21 tag=main_present f=21 ra=0x00000000 sp=0x801FD6F0
[BLACKSCREEN][NO-GPU-EVENT] chain 0x80131F28 0x8001D374 0x8001D374 0x801324B4 0x80131FCC 0x8002A024 0x8002A024 0x801353A0 0x80133FCC 0x80134F50 0x80135D8C 0x80135C2C
[BLACKSCREEN][NO-GPU-EVENT] #22 tag=main_present f=22 ra=0x00000000 sp=0x801FD6F0
[BLACKSCREEN][NO-GPU-EVENT] chain 0x80131F28 0x8001D374 0x8001D374 0x801324B4 0x80131FCC 0x8002A024 0x8002A024 0x801353A0 0x80133FCC 0x80134F50 0x80135D8C 0x80135C2C
[BLACKSCREEN][NO-GPU-EVENT] #23 tag=main_present f=23 ra=0x00000000 sp=0x801FD6F0
[BLACKSCREEN][NO-GPU-EVENT] chain 0x80131F28 0x8001D374 0x8001D374 0x801324B4 0x80131FCC 0x8002A024 0x8002A024 0x801353A0 0x80133FCC 0x80134F50 0x80135D8C 0x80135C2C
[BLACKSCREEN][NO-GPU-EVENT] #24 tag=main_present f=24 ra=0x00000000 sp=0x801FD6F0
[BLACKSCREEN][NO-GPU-EVENT] chain 0x80131F28 0x8001D374 0x8001D374 0x801324B4 0x80131FCC 0x8002A024 0x8002A024 0x801353A0 0x80133FCC 0x80134F50 0x80135D8C 0x80135C2C
[BLACKSCREEN][NO-GPU-EVENT] #25 tag=main_present f=25 ra=0x00000000 sp=0x801FD6F0
[BLACKSCREEN][NO-GPU-EVENT] chain 0x80131F28 0x8001D374 0x8001D374 0x801324B4 0x80131FCC 0x8002A024 0x8002A024 0x801353A0 0x80133FCC 0x80134F50 0x80135D8C 0x80135C2C
[BLACKSCREEN][NO-GPU-EVENT] #26 tag=main_present f=26 ra=0x00000000 sp=0x801FD6F0
[BLACKSCREEN][NO-GPU-EVENT] chain 0x80131F28 0x8001D374 0x8001D374 0x801324B4 0x80131FCC 0x8002A024 0x8002A024 0x801353A0 0x80133FCC 0x80134F50 0x80135D8C 0x80135C2C
[BLACKSCREEN][NO-GPU-EVENT] #27 tag=main_present f=27 ra=0x00000000 sp=0x801FD6F0
[BLACKSCREEN][NO-GPU-EVENT] chain 0x80131F28 0x8001D374 0x8001D374 0x801324B4 0x80131FCC 0x8002A024 0x8002A024 0x801353A0 0x80133FCC 0x80134F50 0x80135D8C 0x80135C2C
[BLACKSCREEN][NO-GPU-EVENT] #28 tag=main_present f=28 ra=0x00000000 sp=0x801FD6F0
[BLACKSCREEN][NO-GPU-EVENT] chain 0x80131F28 0x8001D374 0x8001D374 0x801324B4 0x80131FCC 0x8002A024 0x8002A024 0x801353A0 0x80133FCC 0x80134F50 0x80135D8C 0x80135C2C
[BLACKSCREEN][NO-GPU-EVENT] #29 tag=main_present f=29 ra=0x00000000 sp=0x801FD6F0
[BLACKSCREEN][NO-GPU-EVENT] chain 0x80131F28 0x8001D374 0x8001D374 0x801324B4 0x80131FCC 0x8002A024 0x8002A024 0x801353A0 0x80133FCC 0x80134F50 0x80135D8C 0x80135C2C
[BLACKSCREEN][NO-GPU-EVENT] #30 tag=main_present f=30 ra=0x00000000 sp=0x801FD6F0
[BLACKSCREEN][NO-GPU-EVENT] chain 0x80131F28 0x8001D374 0x8001D374 0x801324B4 0x80131FCC 0x8002A024 0x8002A024 0x801353A0 0x80133FCC 0x80134F50 0x80135D8C 0x80135C2C
[BLACKSCREEN][NO-GPU-EVENT] #31 tag=main_present f=31 ra=0x00000000 sp=0x801FD6F0
[BLACKSCREEN][NO-GPU-EVENT] chain 0x80131F28 0x8001D374 0x8001D374 0x801324B4 0x80131FCC 0x8002A024 0x8002A024 0x801353A0 0x80133FCC 0x80134F50 0x80135D8C 0x80135C2C
[BLACKSCREEN][NO-GPU-EVENT] #32 tag=main_present f=32 ra=0x00000000 sp=0x801FD6F0
[BLACKSCREEN][NO-GPU-EVENT] chain 0x80131F28 0x8001D374 0x8001D374 0x801324B4 0x80131FCC 0x8002A024 0x8002A024 0x801353A0 0x80133FCC 0x80134F50 0x80135D8C 0x80135C2C
[BLACKSCREEN][NO-GPU-EVENT] #33 tag=main_present f=33 ra=0x00000000 sp=0x801FD6F0
[BLACKSCREEN][NO-GPU-EVENT] chain 0x80131F28 0x8001D374 0x8001D374 0x801324B4 0x80131FCC 0x8002A024 0x8002A024 0x801353A0 0x80133FCC 0x80134F50 0x80135D8C 0x80135C2C
[BLACKSCREEN][NO-GPU-EVENT] #34 tag=main_present f=34 ra=0x00000000 sp=0x801FD6F0
[BLACKSCREEN][NO-GPU-EVENT] chain 0x80131F28 0x8001D374 0x8001D374 0x801324B4 0x80131FCC 0x8002A024 0x8002A024 0x801353A0 0x80133FCC 0x80134F50 0x80135D8C 0x80135C2C
[BLACKSCREEN][NO-GPU-EVENT] #35 tag=main_present f=35 ra=0x00000000 sp=0x801FD6F0
[BLACKSCREEN][NO-GPU-EVENT] chain 0x80131F28 0x8001D374 0x8001D374 0x801324B4 0x80131FCC 0x8002A024 0x8002A024 0x801353A0 0x80133FCC 0x80134F50 0x80135D8C 0x80135C2C
[BLACKSCREEN][NO-GPU-EVENT] #36 tag=main_present f=36 ra=0x00000000 sp=0x801FD6F0
[BLACKSCREEN][NO-GPU-EVENT] chain 0x80131F28 0x8001D374 0x8001D374 0x801324B4 0x80131FCC 0x8002A024 0x8002A024 0x801353A0 0x80133FCC 0x80134F50 0x80135D8C 0x80135C2C
[BLACKSCREEN][NO-GPU-EVENT] #37 tag=main_present f=37 ra=0x00000000 sp=0x801FD6F0
[BLACKSCREEN][NO-GPU-EVENT] chain 0x80131F28 0x8001D374 0x8001D374 0x801324B4 0x80131FCC 0x8002A024 0x8002A024 0x801353A0 0x80133FCC 0x80134F50 0x80135D8C 0x80135C2C
[BLACKSCREEN][NO-GPU-EVENT] #38 tag=main_present f=38 ra=0x00000000 sp=0x801FD6F0
[BLACKSCREEN][NO-GPU-EVENT] chain 0x80131F28 0x8001D374 0x8001D374 0x801324B4 0x80131FCC 0x8002A024 0x8002A024 0x801353A0 0x80133FCC 0x80134F50 0x80135D8C 0x80135C2C
[BLACKSCREEN][NO-GPU-EVENT] #39 tag=main_present f=39 ra=0x00000000 sp=0x801FD6F0
[BLACKSCREEN][NO-GPU-EVENT] chain 0x80131F28 0x8001D374 0x8001D374 0x801324B4 0x80131FCC 0x8002A024 0x8002A024 0x801353A0 0x80133FCC 0x80134F50 0x80135D8C 0x80135C2C
[BLACKSCREEN][NO-GPU-EVENT] #40 tag=main_present f=40 ra=0x00000000 sp=0x801FD6F0
[BLACKSCREEN][NO-GPU-EVENT] chain 0x80131F28 0x8001D374 0x8001D374 0x801324B4 0x80131FCC 0x8002A024 0x8002A024 0x801353A0 0x80133FCC 0x80134F50 0x80135D8C 0x80135C2C
[frame 60]
[BLACKSCREEN][NO-GPU-EVENT] #120 tag=main_present f=120 ra=0x00000000 sp=0x801FD6F0
[BLACKSCREEN][NO-GPU-EVENT] chain 0x80131F28 0x8001D374 0x8001D374 0x801324B4 0x80131FCC 0x8002A024 0x8002A024 0x801353A0 0x80133FCC 0x80134F50 0x80135D8C 0x80135C2C
[frame 120]
[frame 180]
[frame 240]
[BLACKSCREEN][RendererPresent] present=300 f=300 disp=(0,0 256x240) vis=256x240 uv=(0.000,0.000)-(1.000,1.000)
[frame 300]
[AutoShot] saved C:/temp/game_shot_01.png
[AutoVRAM] saved C:/temp/game_vram.png
[frame 360]
[frame 420]
[frame 480]
[frame 540]
[BLACKSCREEN][RendererPresent] present=600 f=600 disp=(0,0 256x240) vis=256x240 uv=(0.000,0.000)-(1.000,1.000)
[frame 600]
[frame 660]
[frame 720]
[frame 780]
[frame 840]
[BLACKSCREEN][RendererPresent] present=900 f=900 disp=(0,0 256x240) vis=256x240 uv=(0.000,0.000)-(1.000,1.000)
[frame 900]
[AutoShot] saved C:/temp/game_shot_02.png
[frame 960]
[frame 1020]
[frame 1080]
[frame 1140]
[BLACKSCREEN][RendererPresent] present=1200 f=1200 disp=(0,0 256x240) vis=256x240 uv=(0.000,0.000)-(1.000,1.000)
[frame 1200]
[frame 1260]
[frame 1320]
[frame 1380]
[frame 1440]
[BLACKSCREEN][RendererPresent] present=1500 f=1500 disp=(0,0 256x240) vis=256x240 uv=(0.000,0.000)-(1.000,1.000)
[frame 1500]
[frame 1560]
[frame 1620]
[frame 1680]
[frame 1740]
[BLACKSCREEN][RendererPresent] present=1800 f=1800 disp=(0,0 256x240) vis=256x240 uv=(0.000,0.000)-(1.000,1.000)
[frame 1800]
[frame 1860]
[frame 1920]
