PSXRecomp - PlayStation 1 Static Recompiler
============================================

Parsing PS1-EXE: isos/SLUS_000.67
✓ Successfully parsed PS1-EXE!

PS1-EXE Header Info:
  Entry Point:    0x80010DFC
  Load Address:   0x80010000
  Code Size:      561152 bytes (548 KB)
  End Address:    0x80099000
  Global Pointer: 0x00000000
  Stack Pointer:  0x801FFFF0

Disassembly at Entry Point (0x80010DFC):
---------------------------------------
  80010DFC:  3C028003  lui         $v0, 0x8003
  80010E00:  244239E4  addiu       $v0, $v0, 0x39E4
  80010E04:  3C03800A  lui         $v1, 0x800A
  80010E08:  246388A0  addiu       $v1, $v1, -0x7760
  80010E0C:  AC400000  sw          $zero, 0x0($v0)
  80010E10:  24420004  addiu       $v0, $v0, 0x4
  80010E14:  0043082B  sltu        $at, $v0, $v1
  80010E18:  1420FFFC  bnez        $at, . + 4 + (-0x4 << 2)
  80010E1C:  00000000  nop
  80010E20:  24020004  addiu       $v0, $zero, 0x4
  80010E24:  00000000  nop
  80010E28:  00000000  nop
  80010E2C:  00000000  nop
  80010E30:  00000000  nop
  80010E34:  3C048001  lui         $a0, 0x8001
  80010E38:  24840EA8  addiu       $a0, $a0, 0xEA8
  80010E3C:  00822021  addu        $a0, $a0, $v0
  80010E40:  8C820000  lw          $v0, 0x0($a0)
  80010E44:  3C088000  lui         $t0, 0x8000
  80010E48:  0048E825  or          $sp, $v0, $t0

✓ Disassembly complete!

Analyzing instruction frequency...
Total instructions: 140288

=== Top 20 Most Common Instructions ===

Rank  Instruction   Count       Percentage
-----------------------------------------------------
   1  nop               108777  77.54%
   2  lui                 2733   1.95%
   3  lw                  2600   1.85%
   4  addu                2514   1.79%
   5  addiu               1955   1.39%
   6  sll                 1836   1.31%
   7  jal                 1817   1.30%
   8  sw                  1764   1.26%
   9  j                   1180   0.84%
  10  ori                 1125   0.80%
  11  scd                  942   0.67%
  12  sh                   712   0.51%
  13  andi                 695   0.50%
  14  INVALID              670   0.48%
  15  beqz                 636   0.45%
  16  sra                  627   0.45%
  17  jr                   565   0.40%
  18  bnez                 555   0.40%
  19  lbu                  531   0.38%
  20  lb                   521   0.37%

Performing function analysis...

=== Function Boundary Detection ===

Scanning 548 KB of code for function returns...
✓ Found 481 jr $ra instructions
✓ Found 267 function prologues
✓ Scanned 140288 total instructions

Analyzing function boundaries...
✓ Identified 481 unique functions from jr $ra scan
Following JAL call targets to discover additional functions...
✓ Identified 535 unique functions (54 call-discovered)

Adding 3 forced entry point(s)...
  Forced entry 0x8006B58C added
  Forced entry 0x800191E0 added
  Forced entry 0x8001A954 added


=== Function Analysis Summary ===

Total Functions: 538
Code Coverage:   548 KB analyzed
With Prologue:   263 (48.9%)
With Epilogue:   481 (89.4%)
Complete:        262 (48.7%)

First 20 Functions:
---------------------------------------
  80010000-80010DF4   3572 bytes  func_80010000
  80010DF4-80010EB8    196 bytes  func_80010DF4
  80010EB8-8001112C    628 bytes  func_80010EB8 (frame=24)
  8001112C-80011218    236 bytes  func_8001112C (frame=48)
  80011218-80011280    104 bytes  func_80011218 (frame=40)
  80011280-80011310    144 bytes  func_80011280 (frame=24)
  80011310-8001134C     60 bytes  func_80011310
  8001134C-8001138C     64 bytes  func_8001134C
  8001138C-80011438    172 bytes  func_8001138C (frame=48)
  80011438-800116FC    708 bytes  func_80011438 (frame=64)
  800116FC-8001196C    624 bytes  func_800116FC (frame=72)
  8001196C-80011D54   1000 bytes  func_8001196C (frame=568)
  80011D54-80011DEC    152 bytes  func_80011D54 (frame=40)
  80011DEC-80011E04     24 bytes  func_80011DEC
  80011E04-80011EA0    156 bytes  func_80011E04 (frame=32)
  80011EA0-80011EE0     64 bytes  func_80011EA0 (frame=24)
  80011EE0-80011EFC     28 bytes  func_80011EE0
  80011EFC-80011